policy = ctxtape  params = 330  sigma0 = 1.0  es = sep_cma_es
fitness = dense
running with 8 worker processes
running 50 generations, 5 emitters x 20 solutions = 100 evals/gen
gen   1/50  filled=  30/400  obj_max=164.9  obj_mean=13.56  qd_score=406.8  (11.8s, gen_max_obj=164.9)
gen   2/50  filled=  43/400  obj_max=174.2  obj_mean=15.80  qd_score=679.3  (9.7s, gen_max_obj=174.2)
gen   3/50  filled=  47/400  obj_max=174.2  obj_mean=15.88  qd_score=746.2  (9.7s, gen_max_obj=17.0)
gen   4/50  filled=  49/400  obj_max=174.2  obj_mean=15.69  qd_score=769.0  (10.9s, gen_max_obj=15.2)
gen   5/50  filled=  50/400  obj_max=174.2  obj_mean=15.57  qd_score=778.7  (9.4s, gen_max_obj=14.4)
gen   6/50  filled=  50/400  obj_max=174.2  obj_mean=15.66  qd_score=783.1  (9.3s, gen_max_obj=11.0)
gen   7/50  filled=  51/400  obj_max=174.2  obj_mean=15.48  qd_score=789.6  (9.2s, gen_max_obj=14.3)
gen   8/50  filled=  53/400  obj_max=174.2  obj_mean=15.02  qd_score=796.0  (9.2s, gen_max_obj=172.4)
gen   9/50  filled=  54/400  obj_max=174.2  obj_mean=14.80  qd_score=799.3  (9.3s, gen_max_obj=11.8)
gen  10/50  filled=  55/400  obj_max=174.2  obj_mean=14.65  qd_score=805.7  (9.4s, gen_max_obj=13.6)
gen  11/50  filled=  57/400  obj_max=174.2  obj_mean=16.99  qd_score=968.2  (9.1s, gen_max_obj=171.2)
gen  12/50  filled=  58/400  obj_max=174.2  obj_mean=19.41  qd_score=1125.6  (9.3s, gen_max_obj=170.8)
gen  13/50  filled=  59/400  obj_max=174.2  obj_mean=19.16  qd_score=1130.4  (9.4s, gen_max_obj=11.5)
gen  14/50  filled=  59/400  obj_max=174.2  obj_mean=19.18  qd_score=1131.6  (9.2s, gen_max_obj=11.2)
gen  15/50  filled=  59/400  obj_max=174.2  obj_mean=19.18  qd_score=1131.6  (9.2s, gen_max_obj=16.1)
gen  16/50  filled=  59/400  obj_max=174.2  obj_mean=19.18  qd_score=1131.6  (9.2s, gen_max_obj=8.9)
gen  17/50  filled=  59/400  obj_max=174.2  obj_mean=19.18  qd_score=1131.6  (9.6s, gen_max_obj=8.6)
gen  18/50  filled=  59/400  obj_max=174.2  obj_mean=19.18  qd_score=1131.6  (9.4s, gen_max_obj=5.3)
gen  19/50  filled=  59/400  obj_max=174.2  obj_mean=19.18  qd_score=1131.6  (9.3s, gen_max_obj=8.3)
gen  20/50  filled=  59/400  obj_max=174.2  obj_mean=19.18  qd_score=1131.7  (9.1s, gen_max_obj=7.0)
gen  21/50  filled=  59/400  obj_max=174.2  obj_mean=19.18  qd_score=1131.7  (9.1s, gen_max_obj=5.9)
gen  22/50  filled=  59/400  obj_max=174.2  obj_mean=19.18  qd_score=1131.7  (9.1s, gen_max_obj=4.3)
gen  23/50  filled=  59/400  obj_max=174.2  obj_mean=19.18  qd_score=1131.7  (9.7s, gen_max_obj=6.0)
gen  24/50  filled=  60/400  obj_max=174.2  obj_mean=18.91  qd_score=1134.5  (9.3s, gen_max_obj=7.9)
gen  25/50  filled=  60/400  obj_max=174.2  obj_mean=18.91  qd_score=1134.5  (9.0s, gen_max_obj=7.1)
gen  26/50  filled=  60/400  obj_max=174.2  obj_mean=18.91  qd_score=1134.5  (8.9s, gen_max_obj=7.0)
gen  27/50  filled=  60/400  obj_max=174.2  obj_mean=18.91  qd_score=1134.5  (9.0s, gen_max_obj=7.6)
gen  28/50  filled=  60/400  obj_max=174.2  obj_mean=18.91  qd_score=1134.5  (8.9s, gen_max_obj=5.2)
gen  29/50  filled=  60/400  obj_max=174.2  obj_mean=18.91  qd_score=1134.5  (8.9s, gen_max_obj=4.9)
gen  30/50  filled=  60/400  obj_max=174.2  obj_mean=18.91  qd_score=1134.5  (9.2s, gen_max_obj=5.7)
gen  31/50  filled=  60/400  obj_max=174.2  obj_mean=18.91  qd_score=1134.5  (9.1s, gen_max_obj=5.1)
gen  32/50  filled=  60/400  obj_max=174.2  obj_mean=18.91  qd_score=1134.5  (9.0s, gen_max_obj=3.6)
gen  33/50  filled=  60/400  obj_max=174.2  obj_mean=18.91  qd_score=1134.5  (9.0s, gen_max_obj=8.7)
gen  34/50  filled=  60/400  obj_max=174.2  obj_mean=18.91  qd_score=1134.5  (9.0s, gen_max_obj=4.4)
gen  35/50  filled=  60/400  obj_max=174.2  obj_mean=18.91  qd_score=1134.5  (9.8s, gen_max_obj=3.7)
gen  36/50  filled=  60/400  obj_max=174.2  obj_mean=18.91  qd_score=1134.5  (9.3s, gen_max_obj=4.3)
gen  37/50  filled=  60/400  obj_max=174.2  obj_mean=18.91  qd_score=1134.5  (9.3s, gen_max_obj=5.5)
gen  38/50  filled=  60/400  obj_max=174.2  obj_mean=18.91  qd_score=1134.5  (9.0s, gen_max_obj=5.6)
gen  39/50  filled=  60/400  obj_max=174.2  obj_mean=18.91  qd_score=1134.5  (9.0s, gen_max_obj=4.6)
gen  40/50  filled=  60/400  obj_max=174.2  obj_mean=18.91  qd_score=1134.5  (9.0s, gen_max_obj=5.1)
gen  41/50  filled=  60/400  obj_max=174.2  obj_mean=18.91  qd_score=1134.5  (9.0s, gen_max_obj=5.2)
gen  42/50  filled=  60/400  obj_max=174.2  obj_mean=18.91  qd_score=1134.5  (9.1s, gen_max_obj=5.4)
gen  43/50  filled=  60/400  obj_max=174.2  obj_mean=18.91  qd_score=1134.5  (9.0s, gen_max_obj=4.3)
gen  44/50  filled=  60/400  obj_max=174.2  obj_mean=18.91  qd_score=1134.5  (9.1s, gen_max_obj=4.3)
gen  45/50  filled=  60/400  obj_max=174.2  obj_mean=18.91  qd_score=1134.5  (9.4s, gen_max_obj=6.3)
gen  46/50  filled=  60/400  obj_max=174.2  obj_mean=18.91  qd_score=1134.5  (9.4s, gen_max_obj=4.2)
gen  47/50  filled=  60/400  obj_max=174.2  obj_mean=18.91  qd_score=1134.5  (9.4s, gen_max_obj=4.1)
gen  48/50  filled=  60/400  obj_max=174.2  obj_mean=18.91  qd_score=1134.5  (9.5s, gen_max_obj=4.5)
gen  49/50  filled=  60/400  obj_max=174.2  obj_mean=18.91  qd_score=1134.5  (9.1s, gen_max_obj=8.0)
gen  50/50  filled=  60/400  obj_max=174.2  obj_mean=18.91  qd_score=1134.5  (8.9s, gen_max_obj=3.7)

total: 465.4s
saved archive to archive_ctxtape.npz (60 elites)
