policy = layout  params = 3751  sigma0 = 0.5  es = sep_cma_es
fitness = dense
archive = 20x20 = 400 cells
running with 8 worker processes
running 100 generations, 5 emitters x 20 solutions = 100 evals/gen
gen   1/100  filled=   2/400  obj_max=1107.6  obj_mean=798.39  qd_score=1596.8  (8.9s, gen_max_obj=1107.6)
gen   2/100  filled=   2/400  obj_max=1107.6  obj_mean=949.13  qd_score=1898.3  (6.4s, gen_max_obj=1004.8)
gen   3/100  filled=   2/400  obj_max=1308.2  obj_mean=1049.44  qd_score=2098.9  (6.4s, gen_max_obj=1308.2)
gen   4/100  filled=   2/400  obj_max=1308.2  obj_mean=1159.14  qd_score=2318.3  (6.4s, gen_max_obj=1010.1)
gen   5/100  filled=   2/400  obj_max=1308.2  obj_mean=1159.14  qd_score=2318.3  (6.5s, gen_max_obj=1106.9)
gen   6/100  filled=   2/400  obj_max=1308.2  obj_mean=1159.14  qd_score=2318.3  (6.5s, gen_max_obj=928.4)
gen   7/100  filled=   2/400  obj_max=1308.2  obj_mean=1159.14  qd_score=2318.3  (6.5s, gen_max_obj=1149.8)
gen   8/100  filled=   2/400  obj_max=1308.2  obj_mean=1159.14  qd_score=2318.3  (6.6s, gen_max_obj=1261.3)
gen   9/100  filled=   2/400  obj_max=1308.2  obj_mean=1238.09  qd_score=2476.2  (6.7s, gen_max_obj=1168.0)
gen  10/100  filled=   2/400  obj_max=1365.9  obj_mean=1266.94  qd_score=2533.9  (6.7s, gen_max_obj=1365.9)
gen  11/100  filled=   2/400  obj_max=1365.9  obj_mean=1266.94  qd_score=2533.9  (6.7s, gen_max_obj=1189.2)
gen  12/100  filled=   2/400  obj_max=1365.9  obj_mean=1266.94  qd_score=2533.9  (6.8s, gen_max_obj=1192.3)
gen  13/100  filled=   2/400  obj_max=1365.9  obj_mean=1358.13  qd_score=2716.3  (7.2s, gen_max_obj=1350.4)
gen  14/100  filled=   2/400  obj_max=1365.9  obj_mean=1358.13  qd_score=2716.3  (6.7s, gen_max_obj=1227.4)
gen  15/100  filled=   2/400  obj_max=1371.0  obj_mean=1368.45  qd_score=2736.9  (6.7s, gen_max_obj=1371.0)
gen  16/100  filled=   2/400  obj_max=1371.0  obj_mean=1368.45  qd_score=2736.9  (6.7s, gen_max_obj=1054.6)
gen  17/100  filled=   2/400  obj_max=1371.0  obj_mean=1368.45  qd_score=2736.9  (6.9s, gen_max_obj=1202.5)
gen  18/100  filled=   2/400  obj_max=1371.0  obj_mean=1368.45  qd_score=2736.9  (6.7s, gen_max_obj=990.8)
gen  19/100  filled=   2/400  obj_max=1371.0  obj_mean=1368.45  qd_score=2736.9  (6.9s, gen_max_obj=1168.0)
gen  20/100  filled=   2/400  obj_max=1371.0  obj_mean=1368.45  qd_score=2736.9  (6.8s, gen_max_obj=1026.9)
gen  21/100  filled=   2/400  obj_max=1371.0  obj_mean=1368.45  qd_score=2736.9  (6.7s, gen_max_obj=1210.8)
gen  22/100  filled=   2/400  obj_max=1371.0  obj_mean=1368.45  qd_score=2736.9  (6.7s, gen_max_obj=1050.2)
gen  23/100  filled=   2/400  obj_max=1371.0  obj_mean=1368.45  qd_score=2736.9  (6.7s, gen_max_obj=1308.2)
gen  24/100  filled=   2/400  obj_max=1371.0  obj_mean=1368.45  qd_score=2736.9  (6.7s, gen_max_obj=1309.9)
gen  25/100  filled=   2/400  obj_max=1371.0  obj_mean=1368.45  qd_score=2736.9  (6.9s, gen_max_obj=1267.0)
gen  26/100  filled=   2/400  obj_max=1371.0  obj_mean=1368.45  qd_score=2736.9  (6.8s, gen_max_obj=1185.9)
gen  27/100  filled=   2/400  obj_max=1371.0  obj_mean=1368.45  qd_score=2736.9  (6.7s, gen_max_obj=1353.4)
gen  28/100  filled=   2/400  obj_max=1371.0  obj_mean=1368.45  qd_score=2736.9  (6.7s, gen_max_obj=1162.9)
gen  29/100  filled=   2/400  obj_max=1371.0  obj_mean=1368.45  qd_score=2736.9  (6.7s, gen_max_obj=1169.3)
gen  30/100  filled=   2/400  obj_max=1371.0  obj_mean=1368.45  qd_score=2736.9  (6.7s, gen_max_obj=1146.1)
gen  31/100  filled=   2/400  obj_max=1371.0  obj_mean=1368.45  qd_score=2736.9  (6.8s, gen_max_obj=1212.7)
gen  32/100  filled=   2/400  obj_max=1755.8  obj_mean=1560.86  qd_score=3121.7  (6.8s, gen_max_obj=1755.8)
gen  33/100  filled=   2/400  obj_max=1755.8  obj_mean=1560.86  qd_score=3121.7  (6.7s, gen_max_obj=1229.5)
gen  34/100  filled=   2/400  obj_max=1755.8  obj_mean=1560.86  qd_score=3121.7  (6.8s, gen_max_obj=1170.5)
gen  35/100  filled=   2/400  obj_max=1755.8  obj_mean=1560.86  qd_score=3121.7  (6.8s, gen_max_obj=1266.2)
gen  36/100  filled=   2/400  obj_max=1755.8  obj_mean=1560.86  qd_score=3121.7  (6.7s, gen_max_obj=1106.9)
gen  37/100  filled=   2/400  obj_max=1755.8  obj_mean=1571.98  qd_score=3144.0  (6.8s, gen_max_obj=1388.2)
gen  38/100  filled=   2/400  obj_max=1755.8  obj_mean=1580.79  qd_score=3161.6  (6.9s, gen_max_obj=1494.1)
gen  39/100  filled=   2/400  obj_max=1755.8  obj_mean=1661.76  qd_score=3323.5  (7.0s, gen_max_obj=1567.7)
gen  40/100  filled=   2/400  obj_max=1755.8  obj_mean=1661.76  qd_score=3323.5  (6.8s, gen_max_obj=1531.8)
gen  41/100  filled=   2/400  obj_max=1755.8  obj_mean=1661.76  qd_score=3323.5  (6.7s, gen_max_obj=1710.8)
gen  42/100  filled=   2/400  obj_max=1755.8  obj_mean=1663.01  qd_score=3326.0  (6.6s, gen_max_obj=1570.2)
gen  43/100  filled=   2/400  obj_max=1755.8  obj_mean=1663.01  qd_score=3326.0  (6.6s, gen_max_obj=1531.3)
gen  44/100  filled=   2/400  obj_max=1885.4  obj_mean=1820.63  qd_score=3641.3  (7.0s, gen_max_obj=1885.4)
gen  45/100  filled=   2/400  obj_max=1885.4  obj_mean=1820.63  qd_score=3641.3  (6.5s, gen_max_obj=1591.1)
gen  46/100  filled=   2/400  obj_max=1885.4  obj_mean=1820.63  qd_score=3641.3  (6.5s, gen_max_obj=1373.1)
gen  47/100  filled=   2/400  obj_max=1885.4  obj_mean=1820.63  qd_score=3641.3  (6.7s, gen_max_obj=1645.9)
gen  48/100  filled=   2/400  obj_max=1885.4  obj_mean=1820.63  qd_score=3641.3  (6.6s, gen_max_obj=1527.5)
gen  49/100  filled=   2/400  obj_max=1885.4  obj_mean=1820.63  qd_score=3641.3  (6.5s, gen_max_obj=1545.9)
gen  50/100  filled=   2/400  obj_max=1885.4  obj_mean=1820.63  qd_score=3641.3  (6.5s, gen_max_obj=1490.7)
gen  51/100  filled=   2/400  obj_max=1885.4  obj_mean=1820.63  qd_score=3641.3  (6.6s, gen_max_obj=1568.2)
gen  52/100  filled=   2/400  obj_max=1885.4  obj_mean=1820.63  qd_score=3641.3  (6.9s, gen_max_obj=1527.7)
gen  53/100  filled=   2/400  obj_max=1885.4  obj_mean=1820.63  qd_score=3641.3  (6.5s, gen_max_obj=1722.3)
gen  54/100  filled=   2/400  obj_max=1885.4  obj_mean=1820.63  qd_score=3641.3  (6.4s, gen_max_obj=1409.7)
gen  55/100  filled=   2/400  obj_max=1885.4  obj_mean=1820.63  qd_score=3641.3  (6.8s, gen_max_obj=1387.9)
gen  56/100  filled=   2/400  obj_max=1885.4  obj_mean=1820.63  qd_score=3641.3  (7.0s, gen_max_obj=1589.7)
gen  57/100  filled=   2/400  obj_max=1885.4  obj_mean=1820.63  qd_score=3641.3  (6.5s, gen_max_obj=1491.8)
gen  58/100  filled=   2/400  obj_max=1885.4  obj_mean=1820.63  qd_score=3641.3  (6.4s, gen_max_obj=1566.7)
gen  59/100  filled=   2/400  obj_max=1885.4  obj_mean=1820.63  qd_score=3641.3  (6.5s, gen_max_obj=1632.2)
gen  60/100  filled=   2/400  obj_max=1885.4  obj_mean=1820.63  qd_score=3641.3  (6.4s, gen_max_obj=1446.7)
gen  61/100  filled=   2/400  obj_max=1885.4  obj_mean=1820.63  qd_score=3641.3  (907.5s, gen_max_obj=1548.6)
gen  62/100  filled=   2/400  obj_max=1885.4  obj_mean=1820.63  qd_score=3641.3  (7.2s, gen_max_obj=1432.5)
gen  63/100  filled=   2/400  obj_max=1885.4  obj_mean=1820.63  qd_score=3641.3  (6.3s, gen_max_obj=1869.9)
gen  64/100  filled=   2/400  obj_max=1885.4  obj_mean=1820.63  qd_score=3641.3  (5.9s, gen_max_obj=1590.6)
gen  65/100  filled=   2/400  obj_max=1885.4  obj_mean=1820.63  qd_score=3641.3  (5.9s, gen_max_obj=1754.9)
gen  66/100  filled=   2/400  obj_max=1885.4  obj_mean=1848.27  qd_score=3696.5  (5.9s, gen_max_obj=1811.1)
gen  67/100  filled=   2/400  obj_max=1885.4  obj_mean=1848.27  qd_score=3696.5  (7.5s, gen_max_obj=1492.9)
gen  68/100  filled=   2/400  obj_max=1885.4  obj_mean=1848.27  qd_score=3696.5  (160.7s, gen_max_obj=1370.3)
gen  69/100  filled=   2/400  obj_max=1885.4  obj_mean=1848.27  qd_score=3696.5  (5.9s, gen_max_obj=1627.4)
gen  70/100  filled=   2/400  obj_max=1885.4  obj_mean=1848.27  qd_score=3696.5  (6.0s, gen_max_obj=1569.3)
gen  71/100  filled=   2/400  obj_max=1930.0  obj_mean=1870.53  qd_score=3741.1  (5.9s, gen_max_obj=1930.0)
gen  72/100  filled=   2/400  obj_max=1930.0  obj_mean=1870.53  qd_score=3741.1  (5.9s, gen_max_obj=1527.7)
gen  73/100  filled=   2/400  obj_max=1930.0  obj_mean=1870.53  qd_score=3741.1  (5.9s, gen_max_obj=1309.2)
gen  74/100  filled=   2/400  obj_max=1930.0  obj_mean=1870.53  qd_score=3741.1  (8.2s, gen_max_obj=1550.2)
gen  75/100  filled=   2/400  obj_max=1930.0  obj_mean=1870.53  qd_score=3741.1  (15.6s, gen_max_obj=1746.0)
gen  76/100  filled=   2/400  obj_max=1930.0  obj_mean=1870.53  qd_score=3741.1  (5.9s, gen_max_obj=1628.4)
gen  77/100  filled=   2/400  obj_max=1970.8  obj_mean=1950.39  qd_score=3900.8  (8.2s, gen_max_obj=1970.8)
gen  78/100  filled=   2/400  obj_max=1970.8  obj_mean=1950.39  qd_score=3900.8  (5.9s, gen_max_obj=1687.1)
gen  79/100  filled=   2/400  obj_max=1970.8  obj_mean=1950.39  qd_score=3900.8  (6.0s, gen_max_obj=1623.8)
gen  80/100  filled=   2/400  obj_max=1970.8  obj_mean=1950.39  qd_score=3900.8  (6.1s, gen_max_obj=1644.4)
gen  81/100  filled=   2/400  obj_max=1970.8  obj_mean=1950.39  qd_score=3900.8  (6.1s, gen_max_obj=1469.9)
gen  82/100  filled=   2/400  obj_max=1970.8  obj_mean=1950.39  qd_score=3900.8  (6.1s, gen_max_obj=1604.2)
gen  83/100  filled=   2/400  obj_max=1970.8  obj_mean=1950.39  qd_score=3900.8  (32.3s, gen_max_obj=1652.5)
gen  84/100  filled=   2/400  obj_max=1970.8  obj_mean=1950.39  qd_score=3900.8  (8.5s, gen_max_obj=1648.9)
gen  85/100  filled=   2/400  obj_max=1970.8  obj_mean=1950.39  qd_score=3900.8  (5.9s, gen_max_obj=1609.5)
gen  86/100  filled=   2/400  obj_max=1970.8  obj_mean=1950.39  qd_score=3900.8  (6.0s, gen_max_obj=1648.1)
gen  87/100  filled=   2/400  obj_max=1970.8  obj_mean=1950.39  qd_score=3900.8  (6.0s, gen_max_obj=1733.3)
gen  88/100  filled=   2/400  obj_max=1987.0  obj_mean=1978.89  qd_score=3957.8  (6.1s, gen_max_obj=1987.0)
gen  89/100  filled=   2/400  obj_max=1987.0  obj_mean=1978.89  qd_score=3957.8  (6.1s, gen_max_obj=1653.3)
gen  90/100  filled=   2/400  obj_max=1987.0  obj_mean=1978.89  qd_score=3957.8  (43.6s, gen_max_obj=1708.3)
gen  91/100  filled=   2/400  obj_max=1987.0  obj_mean=1978.89  qd_score=3957.8  (5.9s, gen_max_obj=1911.6)
gen  92/100  filled=   2/400  obj_max=1987.0  obj_mean=1978.89  qd_score=3957.8  (8.2s, gen_max_obj=1849.2)
gen  93/100  filled=   2/400  obj_max=1987.0  obj_mean=1978.89  qd_score=3957.8  (5.8s, gen_max_obj=1632.0)
gen  94/100  filled=   2/400  obj_max=1987.0  obj_mean=1978.89  qd_score=3957.8  (8.2s, gen_max_obj=1732.3)
gen  95/100  filled=   2/400  obj_max=2007.5  obj_mean=1989.18  qd_score=3978.4  (6.0s, gen_max_obj=2007.5)
gen  96/100  filled=   2/400  obj_max=2007.5  obj_mean=1989.18  qd_score=3978.4  (6.1s, gen_max_obj=1725.2)
gen  97/100  filled=   2/400  obj_max=2007.5  obj_mean=1989.18  qd_score=3978.4  (6.2s, gen_max_obj=1771.2)
gen  98/100  filled=   2/400  obj_max=2106.8  obj_mean=2038.79  qd_score=4077.6  (192.7s, gen_max_obj=2106.8)
gen  99/100  filled=   2/400  obj_max=2106.8  obj_mean=2078.74  qd_score=4157.5  (5.8s, gen_max_obj=2050.7)
gen 100/100  filled=   2/400  obj_max=2106.8  obj_mean=2078.74  qd_score=4157.5  (5.9s, gen_max_obj=1708.5)

total: 1973.4s
saved archive to archive_layout_density.npz (2 elites)
