policy = layout  params = 3751  sigma0 = 0.5  es = sep_cma_es
fitness = dense
archive = 20x20 = 400 cells
running with 8 worker processes
running 100 generations, 5 emitters x 20 solutions = 100 evals/gen
gen   1/100  filled=   8/400  obj_max=967.6  obj_mean=600.11  qd_score=4800.8  (8.5s, gen_max_obj=967.6)
gen   2/100  filled=   9/400  obj_max=967.6  obj_mean=666.38  qd_score=5997.4  (5.9s, gen_max_obj=964.5)
gen   3/100  filled=   9/400  obj_max=1304.5  obj_mean=766.35  qd_score=6897.1  (6.0s, gen_max_obj=1304.5)
gen   4/100  filled=   9/400  obj_max=1304.5  obj_mean=852.43  qd_score=7671.9  (6.0s, gen_max_obj=1129.9)
gen   5/100  filled=   9/400  obj_max=1485.1  obj_mean=998.42  qd_score=8985.8  (6.1s, gen_max_obj=1485.1)
gen   6/100  filled=   9/400  obj_max=1485.1  obj_mean=1013.99  qd_score=9125.9  (6.2s, gen_max_obj=1186.8)
gen   7/100  filled=  10/400  obj_max=1485.1  obj_mean=960.63  qd_score=9606.3  (6.2s, gen_max_obj=942.3)
gen   8/100  filled=  11/400  obj_max=1485.1  obj_mean=914.32  qd_score=10057.6  (6.3s, gen_max_obj=926.0)
gen   9/100  filled=  11/400  obj_max=1485.1  obj_mean=914.32  qd_score=10057.6  (6.3s, gen_max_obj=1183.4)
gen  10/100  filled=  11/400  obj_max=1485.1  obj_mean=941.82  qd_score=10360.1  (6.4s, gen_max_obj=1305.8)
gen  11/100  filled=  11/400  obj_max=1485.1  obj_mean=941.82  qd_score=10360.1  (6.5s, gen_max_obj=1229.2)
gen  12/100  filled=  11/400  obj_max=1485.1  obj_mean=941.82  qd_score=10360.1  (6.5s, gen_max_obj=1266.0)
gen  13/100  filled=  11/400  obj_max=1485.1  obj_mean=941.82  qd_score=10360.1  (6.6s, gen_max_obj=1228.0)
gen  14/100  filled=  11/400  obj_max=1748.0  obj_mean=987.57  qd_score=10863.3  (6.7s, gen_max_obj=1748.0)
gen  15/100  filled=  11/400  obj_max=1748.0  obj_mean=987.63  qd_score=10863.9  (7.0s, gen_max_obj=1306.4)
gen  16/100  filled=  11/400  obj_max=1748.0  obj_mean=999.65  qd_score=10996.2  (6.6s, gen_max_obj=1300.9)
gen  17/100  filled=  11/400  obj_max=1748.0  obj_mean=1030.63  qd_score=11336.9  (6.5s, gen_max_obj=1221.6)
gen  18/100  filled=  11/400  obj_max=1748.0  obj_mean=1083.15  qd_score=11914.6  (6.5s, gen_max_obj=1208.8)
gen  19/100  filled=  11/400  obj_max=1748.0  obj_mean=1114.54  qd_score=12260.0  (6.5s, gen_max_obj=1309.5)
gen  20/100  filled=  12/400  obj_max=1748.0  obj_mean=1083.69  qd_score=13004.3  (6.5s, gen_max_obj=1170.1)
gen  21/100  filled=  13/400  obj_max=1748.0  obj_mean=1086.34  qd_score=14122.4  (6.5s, gen_max_obj=1287.9)
gen  22/100  filled=  13/400  obj_max=1748.0  obj_mean=1086.34  qd_score=14122.4  (6.5s, gen_max_obj=1109.7)
gen  23/100  filled=  14/400  obj_max=1748.0  obj_mean=1085.49  qd_score=15196.8  (6.6s, gen_max_obj=1270.8)
gen  24/100  filled=  15/400  obj_max=1748.0  obj_mean=1137.50  qd_score=17062.5  (6.6s, gen_max_obj=1369.6)
gen  25/100  filled=  15/400  obj_max=1748.0  obj_mean=1183.97  qd_score=17759.6  (6.7s, gen_max_obj=1389.4)
gen  26/100  filled=  15/400  obj_max=1748.0  obj_mean=1183.97  qd_score=17759.6  (6.6s, gen_max_obj=1165.2)
gen  27/100  filled=  15/400  obj_max=1748.0  obj_mean=1183.97  qd_score=17759.6  (6.7s, gen_max_obj=1262.3)
gen  28/100  filled=  15/400  obj_max=1748.0  obj_mean=1183.97  qd_score=17759.6  (6.5s, gen_max_obj=1302.7)
gen  29/100  filled=  15/400  obj_max=1748.0  obj_mean=1183.97  qd_score=17759.6  (6.5s, gen_max_obj=1287.8)
gen  30/100  filled=  15/400  obj_max=1748.0  obj_mean=1183.97  qd_score=17759.6  (6.5s, gen_max_obj=1223.3)
gen  31/100  filled=  15/400  obj_max=1748.0  obj_mean=1188.19  qd_score=17822.8  (6.6s, gen_max_obj=1227.2)
gen  32/100  filled=  15/400  obj_max=1748.0  obj_mean=1221.67  qd_score=18325.0  (6.5s, gen_max_obj=1466.3)
gen  33/100  filled=  15/400  obj_max=1748.0  obj_mean=1221.67  qd_score=18325.0  (6.6s, gen_max_obj=1309.4)
gen  34/100  filled=  15/400  obj_max=1748.0  obj_mean=1221.67  qd_score=18325.0  (6.5s, gen_max_obj=1463.6)
gen  35/100  filled=  15/400  obj_max=1748.0  obj_mean=1221.67  qd_score=18325.0  (6.5s, gen_max_obj=1226.1)
gen  36/100  filled=  15/400  obj_max=1748.0  obj_mean=1250.57  qd_score=18758.5  (6.5s, gen_max_obj=1244.5)
gen  37/100  filled=  15/400  obj_max=1964.5  obj_mean=1283.78  qd_score=19256.7  (6.5s, gen_max_obj=1964.5)
gen  38/100  filled=  15/400  obj_max=1964.5  obj_mean=1286.51  qd_score=19297.6  (6.6s, gen_max_obj=1328.9)
gen  39/100  filled=  15/400  obj_max=1964.5  obj_mean=1286.51  qd_score=19297.6  (6.6s, gen_max_obj=1384.8)
gen  40/100  filled=  15/400  obj_max=1964.5  obj_mean=1303.96  qd_score=19559.4  (6.5s, gen_max_obj=1467.9)
gen  41/100  filled=  15/400  obj_max=1964.5  obj_mean=1305.44  qd_score=19581.6  (6.6s, gen_max_obj=1629.3)
gen  42/100  filled=  15/400  obj_max=1964.5  obj_mean=1309.23  qd_score=19638.5  (6.6s, gen_max_obj=1426.6)
gen  43/100  filled=  15/400  obj_max=1964.5  obj_mean=1328.12  qd_score=19921.8  (6.6s, gen_max_obj=1446.4)
gen  44/100  filled=  15/400  obj_max=1964.5  obj_mean=1328.12  qd_score=19921.8  (6.5s, gen_max_obj=1362.7)
gen  45/100  filled=  15/400  obj_max=1964.5  obj_mean=1350.61  qd_score=20259.2  (6.4s, gen_max_obj=1666.2)
gen  46/100  filled=  16/400  obj_max=1964.5  obj_mean=1296.42  qd_score=20742.7  (6.4s, gen_max_obj=1626.0)
gen  47/100  filled=  16/400  obj_max=1964.5  obj_mean=1303.96  qd_score=20863.3  (6.4s, gen_max_obj=1547.2)
gen  48/100  filled=  16/400  obj_max=1964.5  obj_mean=1321.57  qd_score=21145.2  (6.4s, gen_max_obj=1668.0)
gen  49/100  filled=  16/400  obj_max=1964.5  obj_mean=1334.23  qd_score=21347.7  (6.4s, gen_max_obj=1667.3)
gen  50/100  filled=  16/400  obj_max=1964.5  obj_mean=1347.88  qd_score=21566.0  (6.4s, gen_max_obj=1283.6)
gen  51/100  filled=  16/400  obj_max=1964.5  obj_mean=1354.40  qd_score=21670.4  (6.3s, gen_max_obj=1589.4)
gen  52/100  filled=  16/400  obj_max=1964.5  obj_mean=1357.15  qd_score=21714.4  (6.3s, gen_max_obj=1626.2)
gen  53/100  filled=  16/400  obj_max=1964.5  obj_mean=1376.92  qd_score=22030.7  (6.3s, gen_max_obj=1704.0)
gen  54/100  filled=  17/400  obj_max=1964.5  obj_mean=1353.65  qd_score=23012.1  (6.3s, gen_max_obj=1405.2)
gen  55/100  filled=  17/400  obj_max=1964.5  obj_mean=1353.65  qd_score=23012.1  (6.4s, gen_max_obj=1328.6)
gen  56/100  filled=  18/400  obj_max=1964.5  obj_mean=1311.98  qd_score=23615.6  (6.3s, gen_max_obj=1505.7)
gen  57/100  filled=  18/400  obj_max=2255.2  obj_mean=1357.91  qd_score=24442.3  (6.3s, gen_max_obj=2255.2)
gen  58/100  filled=  18/400  obj_max=2255.2  obj_mean=1404.74  qd_score=25285.2  (6.3s, gen_max_obj=1844.7)
gen  59/100  filled=  18/400  obj_max=2255.2  obj_mean=1404.74  qd_score=25285.2  (6.3s, gen_max_obj=1405.4)
gen  60/100  filled=  18/400  obj_max=2255.2  obj_mean=1407.83  qd_score=25341.0  (6.4s, gen_max_obj=1481.8)
gen  61/100  filled=  18/400  obj_max=2255.2  obj_mean=1407.83  qd_score=25341.0  (6.5s, gen_max_obj=1410.3)
gen  62/100  filled=  18/400  obj_max=2255.2  obj_mean=1408.98  qd_score=25361.6  (6.5s, gen_max_obj=1632.2)
gen  63/100  filled=  18/400  obj_max=2255.2  obj_mean=1408.98  qd_score=25361.6  (6.4s, gen_max_obj=1667.1)
gen  64/100  filled=  18/400  obj_max=2255.2  obj_mean=1408.98  qd_score=25361.6  (6.4s, gen_max_obj=1609.9)
gen  65/100  filled=  18/400  obj_max=2255.2  obj_mean=1408.98  qd_score=25361.6  (6.4s, gen_max_obj=1511.9)
gen  66/100  filled=  18/400  obj_max=2255.2  obj_mean=1416.76  qd_score=25501.7  (6.3s, gen_max_obj=1711.0)
gen  67/100  filled=  18/400  obj_max=2255.2  obj_mean=1419.35  qd_score=25548.2  (6.3s, gen_max_obj=1749.0)
gen  68/100  filled=  18/400  obj_max=2255.2  obj_mean=1436.53  qd_score=25857.6  (6.4s, gen_max_obj=2011.4)
gen  69/100  filled=  18/400  obj_max=2255.2  obj_mean=1436.53  qd_score=25857.6  (6.4s, gen_max_obj=1590.5)
gen  70/100  filled=  18/400  obj_max=2255.2  obj_mean=1436.53  qd_score=25857.6  (6.4s, gen_max_obj=1608.3)
gen  71/100  filled=  18/400  obj_max=2255.2  obj_mean=1436.53  qd_score=25857.6  (7.4s, gen_max_obj=1570.5)
gen  72/100  filled=  19/400  obj_max=2255.2  obj_mean=1401.20  qd_score=26622.8  (6.7s, gen_max_obj=1850.4)
gen  73/100  filled=  19/400  obj_max=2255.2  obj_mean=1406.25  qd_score=26718.8  (6.4s, gen_max_obj=1912.2)
gen  74/100  filled=  19/400  obj_max=2255.2  obj_mean=1426.47  qd_score=27103.0  (6.4s, gen_max_obj=1628.7)
gen  75/100  filled=  19/400  obj_max=2255.2  obj_mean=1436.76  qd_score=27298.4  (6.4s, gen_max_obj=1652.3)
gen  76/100  filled=  19/400  obj_max=2255.2  obj_mean=1436.76  qd_score=27298.4  (6.4s, gen_max_obj=1788.7)
gen  77/100  filled=  19/400  obj_max=2255.2  obj_mean=1436.76  qd_score=27298.4  (6.4s, gen_max_obj=1585.6)
gen  78/100  filled=  19/400  obj_max=2255.2  obj_mean=1436.76  qd_score=27298.4  (6.4s, gen_max_obj=1813.7)
gen  79/100  filled=  19/400  obj_max=2255.2  obj_mean=1448.24  qd_score=27516.5  (6.5s, gen_max_obj=1967.0)
gen  80/100  filled=  19/400  obj_max=2255.2  obj_mean=1448.24  qd_score=27516.5  (6.6s, gen_max_obj=1911.6)
gen  81/100  filled=  19/400  obj_max=2255.2  obj_mean=1448.24  qd_score=27516.5  (6.4s, gen_max_obj=1724.7)
gen  82/100  filled=  19/400  obj_max=2255.2  obj_mean=1448.24  qd_score=27516.5  (6.4s, gen_max_obj=1628.2)
gen  83/100  filled=  19/400  obj_max=2255.2  obj_mean=1448.24  qd_score=27516.5  (6.4s, gen_max_obj=1750.2)
gen  84/100  filled=  19/400  obj_max=2255.2  obj_mean=1449.64  qd_score=27543.2  (6.4s, gen_max_obj=1991.7)
gen  85/100  filled=  19/400  obj_max=2255.2  obj_mean=1451.72  qd_score=27582.6  (6.4s, gen_max_obj=1728.8)
gen  86/100  filled=  19/400  obj_max=2255.2  obj_mean=1451.72  qd_score=27582.6  (6.4s, gen_max_obj=1849.5)
gen  87/100  filled=  19/400  obj_max=2255.2  obj_mean=1464.33  qd_score=27822.3  (6.4s, gen_max_obj=1909.8)
gen  88/100  filled=  19/400  obj_max=2255.2  obj_mean=1464.33  qd_score=27822.3  (6.4s, gen_max_obj=1868.8)
gen  89/100  filled=  19/400  obj_max=2255.2  obj_mean=1475.17  qd_score=28028.3  (6.4s, gen_max_obj=2010.7)
gen  90/100  filled=  19/400  obj_max=2255.2  obj_mean=1475.17  qd_score=28028.3  (6.3s, gen_max_obj=1630.2)
gen  91/100  filled=  19/400  obj_max=2255.2  obj_mean=1487.78  qd_score=28267.8  (6.4s, gen_max_obj=1910.9)
gen  92/100  filled=  19/400  obj_max=2255.2  obj_mean=1498.58  qd_score=28472.9  (6.4s, gen_max_obj=1933.3)
gen  93/100  filled=  19/400  obj_max=2255.2  obj_mean=1498.58  qd_score=28472.9  (6.3s, gen_max_obj=1867.9)
gen  94/100  filled=  19/400  obj_max=2255.2  obj_mean=1545.13  qd_score=29357.5  (6.4s, gen_max_obj=2211.8)
gen  95/100  filled=  19/400  obj_max=2255.2  obj_mean=1545.13  qd_score=29357.5  (6.3s, gen_max_obj=1950.5)
gen  96/100  filled=  19/400  obj_max=2255.2  obj_mean=1548.15  qd_score=29414.9  (6.4s, gen_max_obj=1971.5)
gen  97/100  filled=  19/400  obj_max=2255.2  obj_mean=1593.53  qd_score=30277.1  (6.4s, gen_max_obj=2251.6)
gen  98/100  filled=  19/400  obj_max=2255.2  obj_mean=1593.53  qd_score=30277.1  (6.3s, gen_max_obj=1685.0)
gen  99/100  filled=  19/400  obj_max=2255.2  obj_mean=1607.05  qd_score=30534.0  (6.4s, gen_max_obj=2006.7)
gen 100/100  filled=  19/400  obj_max=2255.2  obj_mean=1607.05  qd_score=30534.0  (6.4s, gen_max_obj=1765.4)

total: 645.8s
saved archive to archive_layout_resind.npz (19 elites)
