# started 2026-06-04 09:39:36  policy=tape gens=50 save=results/desc_tape_600_resind_zoomed.npz
gen   1/50  filled=  74/1600  obj_max=880.0  obj_mean=202.83  qd_score=15009.1  (66.7s, gen_max_obj=880.0)
gen   2/50  filled= 109/1600  obj_max=994.6  obj_mean=231.10  qd_score=25190.1  (60.8s, gen_max_obj=994.6)
gen   3/50  filled= 139/1600  obj_max=994.6  obj_mean=240.56  qd_score=33437.6  (60.6s, gen_max_obj=877.7)
gen   4/50  filled= 158/1600  obj_max=994.6  obj_mean=235.41  qd_score=37194.6  (62.4s, gen_max_obj=711.8)
gen   5/50  filled= 180/1600  obj_max=994.6  obj_mean=234.87  qd_score=42277.5  (60.9s, gen_max_obj=876.5)
gen   6/50  filled= 198/1600  obj_max=994.6  obj_mean=242.13  qd_score=47942.7  (61.9s, gen_max_obj=822.3)
gen   7/50  filled= 213/1600  obj_max=994.6  obj_mean=237.88  qd_score=50669.2  (61.7s, gen_max_obj=704.4)
gen   8/50  filled= 228/1600  obj_max=994.6  obj_mean=233.41  qd_score=53218.4  (61.4s, gen_max_obj=686.8)
gen   9/50  filled= 241/1600  obj_max=994.6  obj_mean=234.10  qd_score=56418.3  (63.9s, gen_max_obj=698.4)
gen  10/50  filled= 251/1600  obj_max=994.6  obj_mean=234.25  qd_score=58796.6  (64.4s, gen_max_obj=701.2)
gen  11/50  filled= 263/1600  obj_max=994.6  obj_mean=228.64  qd_score=60131.3  (65.3s, gen_max_obj=394.3)
gen  12/50  filled= 273/1600  obj_max=994.6  obj_mean=232.36  qd_score=63433.2  (66.6s, gen_max_obj=696.0)
gen  13/50  filled= 280/1600  obj_max=994.6  obj_mean=231.79  qd_score=64899.8  (63.4s, gen_max_obj=702.2)
gen  14/50  filled= 283/1600  obj_max=994.6  obj_mean=237.51  qd_score=67216.5  (63.8s, gen_max_obj=754.7)
gen  15/50  filled= 287/1600  obj_max=994.6  obj_mean=239.91  qd_score=68852.9  (61.5s, gen_max_obj=778.9)
gen  16/50  filled= 295/1600  obj_max=994.6  obj_mean=239.49  qd_score=70648.5  (62.9s, gen_max_obj=685.8)
gen  17/50  filled= 303/1600  obj_max=994.6  obj_mean=243.72  qd_score=73845.8  (65.6s, gen_max_obj=690.5)
gen  18/50  filled= 309/1600  obj_max=994.6  obj_mean=242.54  qd_score=74945.2  (60.5s, gen_max_obj=684.8)
gen  19/50  filled= 314/1600  obj_max=994.6  obj_mean=241.41  qd_score=75803.7  (59.9s, gen_max_obj=306.4)
gen  20/50  filled= 319/1600  obj_max=994.6  obj_mean=239.24  qd_score=76316.0  (60.5s, gen_max_obj=271.7)
gen  21/50  filled= 326/1600  obj_max=994.6  obj_mean=239.66  qd_score=78130.7  (60.6s, gen_max_obj=685.1)
gen  22/50  filled= 330/1600  obj_max=994.6  obj_mean=239.08  qd_score=78896.1  (63.4s, gen_max_obj=674.7)
gen  23/50  filled= 331/1600  obj_max=994.6  obj_mean=239.17  qd_score=79166.0  (61.7s, gen_max_obj=283.5)
gen  24/50  filled= 335/1600  obj_max=994.6  obj_mean=242.18  qd_score=81130.6  (72.0s, gen_max_obj=685.4)
gen  25/50  filled= 336/1600  obj_max=994.6  obj_mean=242.75  qd_score=81563.4  (62.3s, gen_max_obj=680.4)
gen  26/50  filled= 341/1600  obj_max=994.6  obj_mean=239.80  qd_score=81772.7  (60.0s, gen_max_obj=192.6)
gen  27/50  filled= 341/1600  obj_max=994.6  obj_mean=244.20  qd_score=83272.0  (64.2s, gen_max_obj=687.5)
gen  28/50  filled= 344/1600  obj_max=994.6  obj_mean=242.44  qd_score=83399.5  (67.1s, gen_max_obj=235.0)
gen  29/50  filled= 349/1600  obj_max=994.6  obj_mean=240.81  qd_score=84042.5  (78.5s, gen_max_obj=357.1)
gen  30/50  filled= 353/1600  obj_max=994.6  obj_mean=238.51  qd_score=84194.9  (71.5s, gen_max_obj=192.4)
gen  31/50  filled= 356/1600  obj_max=994.6  obj_mean=237.18  qd_score=84437.8  (71.6s, gen_max_obj=274.4)
gen  32/50  filled= 359/1600  obj_max=994.6  obj_mean=235.55  qd_score=84562.9  (71.7s, gen_max_obj=44.5)
gen  33/50  filled= 359/1600  obj_max=994.6  obj_mean=237.00  qd_score=85082.1  (72.6s, gen_max_obj=244.3)
gen  34/50  filled= 364/1600  obj_max=994.6  obj_mean=235.06  qd_score=85563.1  (72.4s, gen_max_obj=201.0)
gen  35/50  filled= 366/1600  obj_max=994.6  obj_mean=234.35  qd_score=85772.2  (72.5s, gen_max_obj=211.6)
gen  36/50  filled= 367/1600  obj_max=994.6  obj_mean=233.81  qd_score=85806.5  (70.2s, gen_max_obj=184.6)
gen  37/50  filled= 370/1600  obj_max=994.6  obj_mean=233.13  qd_score=86259.5  (71.1s, gen_max_obj=234.7)
gen  38/50  filled= 372/1600  obj_max=994.6  obj_mean=232.37  qd_score=86443.4  (74.6s, gen_max_obj=173.0)
gen  39/50  filled= 376/1600  obj_max=994.6  obj_mean=230.27  qd_score=86581.1  (75.4s, gen_max_obj=42.1)
gen  40/50  filled= 377/1600  obj_max=994.6  obj_mean=231.86  qd_score=87411.3  (59.2s, gen_max_obj=670.5)
gen  41/50  filled= 379/1600  obj_max=994.6  obj_mean=231.13  qd_score=87599.8  (63.4s, gen_max_obj=155.1)
gen  42/50  filled= 383/1600  obj_max=994.6  obj_mean=229.41  qd_score=87864.0  (65.5s, gen_max_obj=198.3)
gen  43/50  filled= 385/1600  obj_max=994.6  obj_mean=228.40  qd_score=87933.0  (58.5s, gen_max_obj=49.1)
gen  44/50  filled= 385/1600  obj_max=994.6  obj_mean=228.40  qd_score=87933.0  (52.3s, gen_max_obj=36.8)
gen  45/50  filled= 388/1600  obj_max=994.6  obj_mean=226.86  qd_score=88020.9  (51.9s, gen_max_obj=192.7)
gen  46/50  filled= 389/1600  obj_max=994.6  obj_mean=226.77  qd_score=88214.5  (52.3s, gen_max_obj=190.6)
gen  47/50  filled= 390/1600  obj_max=994.6  obj_mean=226.27  qd_score=88245.9  (52.6s, gen_max_obj=40.5)
gen  48/50  filled= 390/1600  obj_max=994.6  obj_mean=226.28  qd_score=88248.1  (53.4s, gen_max_obj=187.1)
gen  49/50  filled= 391/1600  obj_max=994.6  obj_mean=228.54  qd_score=89358.7  (53.1s, gen_max_obj=771.1)
gen  50/50  filled= 394/1600  obj_max=994.6  obj_mean=227.00  qd_score=89437.2  (53.3s, gen_max_obj=35.1)
# finished 2026-06-04 10:32:39  wall=3183.7s
