# started 2026-06-04 11:18:09  policy=tape gens=50 save=results/desc_tape_600_roadind_zoomed.npz
gen   1/50  filled=  79/1600  obj_max=777.8  obj_mean=183.74  qd_score=14515.7  (56.7s, gen_max_obj=777.8)
gen   2/50  filled= 147/1600  obj_max=1202.2  obj_mean=216.14  qd_score=31772.5  (54.0s, gen_max_obj=1202.2)
gen   3/50  filled= 192/1600  obj_max=1202.2  obj_mean=200.67  qd_score=38527.8  (54.2s, gen_max_obj=888.8)
gen   4/50  filled= 225/1600  obj_max=1202.2  obj_mean=206.95  qd_score=46564.8  (53.8s, gen_max_obj=829.5)
gen   5/50  filled= 251/1600  obj_max=1202.2  obj_mean=209.43  qd_score=52568.1  (53.0s, gen_max_obj=868.6)
gen   6/50  filled= 273/1600  obj_max=1202.2  obj_mean=208.34  qd_score=56875.8  (53.4s, gen_max_obj=865.8)
gen   7/50  filled= 294/1600  obj_max=1202.2  obj_mean=208.61  qd_score=61331.2  (53.1s, gen_max_obj=863.6)
gen   8/50  filled= 309/1600  obj_max=1202.2  obj_mean=213.82  qd_score=66071.5  (54.1s, gen_max_obj=792.0)
gen   9/50  filled= 322/1600  obj_max=1202.2  obj_mean=219.25  qd_score=70596.9  (53.9s, gen_max_obj=859.4)
gen  10/50  filled= 333/1600  obj_max=1202.2  obj_mean=215.07  qd_score=71619.5  (53.7s, gen_max_obj=226.6)
gen  11/50  filled= 345/1600  obj_max=1202.2  obj_mean=214.54  qd_score=74017.0  (53.4s, gen_max_obj=863.4)
gen  12/50  filled= 356/1600  obj_max=1202.2  obj_mean=211.38  qd_score=75251.9  (53.6s, gen_max_obj=247.1)
gen  13/50  filled= 366/1600  obj_max=1202.2  obj_mean=212.67  qd_score=77835.6  (53.4s, gen_max_obj=692.3)
gen  14/50  filled= 377/1600  obj_max=1202.2  obj_mean=211.39  qd_score=79695.0  (53.9s, gen_max_obj=690.2)
gen  15/50  filled= 381/1600  obj_max=1202.2  obj_mean=212.16  qd_score=80832.2  (53.9s, gen_max_obj=693.2)
gen  16/50  filled= 386/1600  obj_max=1202.2  obj_mean=211.04  qd_score=81462.0  (53.1s, gen_max_obj=211.2)
gen  17/50  filled= 393/1600  obj_max=1202.2  obj_mean=209.41  qd_score=82299.5  (53.4s, gen_max_obj=265.0)
gen  18/50  filled= 399/1600  obj_max=1202.2  obj_mean=208.29  qd_score=83108.3  (53.3s, gen_max_obj=688.0)
gen  19/50  filled= 403/1600  obj_max=1202.2  obj_mean=206.96  qd_score=83406.0  (53.3s, gen_max_obj=227.0)
gen  20/50  filled= 408/1600  obj_max=1202.2  obj_mean=205.32  qd_score=83769.6  (54.7s, gen_max_obj=210.4)
gen  21/50  filled= 412/1600  obj_max=1202.2  obj_mean=207.02  qd_score=85293.2  (53.2s, gen_max_obj=679.2)
gen  22/50  filled= 413/1600  obj_max=1202.2  obj_mean=208.47  qd_score=86099.7  (53.1s, gen_max_obj=680.0)
gen  23/50  filled= 420/1600  obj_max=1202.2  obj_mean=208.10  qd_score=87400.9  (52.8s, gen_max_obj=769.7)
gen  24/50  filled= 423/1600  obj_max=1202.2  obj_mean=207.24  qd_score=87663.7  (52.9s, gen_max_obj=233.8)
gen  25/50  filled= 426/1600  obj_max=1202.2  obj_mean=209.45  qd_score=89227.7  (53.4s, gen_max_obj=840.7)
gen  26/50  filled= 426/1600  obj_max=1202.2  obj_mean=210.55  qd_score=89696.1  (53.4s, gen_max_obj=296.6)
gen  27/50  filled= 429/1600  obj_max=1202.2  obj_mean=212.24  qd_score=91052.2  (53.0s, gen_max_obj=680.2)
gen  28/50  filled= 433/1600  obj_max=1202.2  obj_mean=210.93  qd_score=91332.9  (52.9s, gen_max_obj=671.8)
gen  29/50  filled= 435/1600  obj_max=1202.2  obj_mean=211.89  qd_score=92171.5  (53.4s, gen_max_obj=699.0)
gen  30/50  filled= 439/1600  obj_max=1202.2  obj_mean=211.45  qd_score=92826.4  (53.3s, gen_max_obj=723.9)
gen  31/50  filled= 439/1600  obj_max=1202.2  obj_mean=211.49  qd_score=92843.3  (53.8s, gen_max_obj=234.9)
gen  32/50  filled= 443/1600  obj_max=1202.2  obj_mean=210.87  qd_score=93413.9  (52.9s, gen_max_obj=467.2)
gen  33/50  filled= 443/1600  obj_max=1202.2  obj_mean=210.90  qd_score=93427.1  (53.0s, gen_max_obj=42.0)
gen  34/50  filled= 446/1600  obj_max=1202.2  obj_mean=209.71  qd_score=93532.2  (53.4s, gen_max_obj=266.2)
gen  35/50  filled= 449/1600  obj_max=1202.2  obj_mean=208.82  qd_score=93761.6  (53.3s, gen_max_obj=320.2)
gen  36/50  filled= 453/1600  obj_max=1202.2  obj_mean=207.23  qd_score=93876.2  (53.4s, gen_max_obj=40.0)
gen  37/50  filled= 454/1600  obj_max=1202.2  obj_mean=207.90  qd_score=94384.8  (53.9s, gen_max_obj=673.6)
gen  38/50  filled= 454/1600  obj_max=1202.2  obj_mean=208.24  qd_score=94540.9  (52.7s, gen_max_obj=193.8)
gen  39/50  filled= 454/1600  obj_max=1202.2  obj_mean=208.86  qd_score=94823.3  (53.0s, gen_max_obj=190.0)
gen  40/50  filled= 454/1600  obj_max=1202.2  obj_mean=210.06  qd_score=95367.1  (53.4s, gen_max_obj=757.0)
gen  41/50  filled= 454/1600  obj_max=1202.2  obj_mean=210.77  qd_score=95689.2  (52.4s, gen_max_obj=334.1)
gen  42/50  filled= 455/1600  obj_max=1202.2  obj_mean=212.20  qd_score=96550.4  (53.4s, gen_max_obj=352.5)
gen  43/50  filled= 458/1600  obj_max=1202.2  obj_mean=211.27  qd_score=96760.3  (53.8s, gen_max_obj=187.2)
gen  44/50  filled= 460/1600  obj_max=1202.2  obj_mean=210.50  qd_score=96828.3  (53.0s, gen_max_obj=192.9)
gen  45/50  filled= 460/1600  obj_max=1202.2  obj_mean=210.50  qd_score=96828.3  (52.7s, gen_max_obj=37.3)
gen  46/50  filled= 462/1600  obj_max=1202.2  obj_mean=210.02  qd_score=97027.6  (52.8s, gen_max_obj=189.8)
gen  47/50  filled= 463/1600  obj_max=1202.2  obj_mean=209.64  qd_score=97064.9  (52.8s, gen_max_obj=186.6)
gen  48/50  filled= 465/1600  obj_max=1202.2  obj_mean=208.90  qd_score=97137.3  (53.2s, gen_max_obj=35.4)
gen  49/50  filled= 466/1600  obj_max=1202.2  obj_mean=208.53  qd_score=97175.3  (53.2s, gen_max_obj=36.2)
gen  50/50  filled= 466/1600  obj_max=1202.2  obj_mean=208.85  qd_score=97322.6  (52.9s, gen_max_obj=188.0)
# finished 2026-06-04 12:02:39  wall=2670.2s
