# started 2026-06-04 10:32:41  policy=tape gens=50 save=results/desc_tape_600_toolspread.npz
gen   1/50  filled=   3/1600  obj_max=777.8  obj_mean=653.15  qd_score=1959.4  (57.6s, gen_max_obj=777.8)
gen   2/50  filled=   7/1600  obj_max=1203.8  obj_mean=446.60  qd_score=3126.2  (55.2s, gen_max_obj=1203.8)
gen   3/50  filled=   9/1600  obj_max=1203.8  obj_mean=588.01  qd_score=5292.1  (55.0s, gen_max_obj=874.9)
gen   4/50  filled=  14/1600  obj_max=1203.8  obj_mean=579.12  qd_score=8107.7  (55.4s, gen_max_obj=865.0)
gen   5/50  filled=  14/1600  obj_max=1203.8  obj_mean=606.73  qd_score=8494.2  (58.7s, gen_max_obj=859.9)
gen   6/50  filled=  14/1600  obj_max=1203.8  obj_mean=640.43  qd_score=8966.0  (55.3s, gen_max_obj=861.6)
gen   7/50  filled=  15/1600  obj_max=1203.8  obj_mean=612.49  qd_score=9187.3  (55.3s, gen_max_obj=701.3)
gen   8/50  filled=  16/1600  obj_max=1203.8  obj_mean=621.11  qd_score=9937.8  (55.1s, gen_max_obj=920.0)
gen   9/50  filled=  16/1600  obj_max=1203.8  obj_mean=663.25  qd_score=10612.0  (57.1s, gen_max_obj=726.0)
gen  10/50  filled=  17/1600  obj_max=1203.8  obj_mean=630.79  qd_score=10723.4  (55.4s, gen_max_obj=780.3)
gen  11/50  filled=  17/1600  obj_max=1203.8  obj_mean=658.70  qd_score=11198.0  (54.5s, gen_max_obj=823.0)
gen  12/50  filled=  18/1600  obj_max=1203.8  obj_mean=633.37  qd_score=11400.7  (55.1s, gen_max_obj=689.3)
gen  13/50  filled=  18/1600  obj_max=1203.8  obj_mean=650.63  qd_score=11711.3  (54.9s, gen_max_obj=732.0)
gen  14/50  filled=  19/1600  obj_max=1203.8  obj_mean=638.58  qd_score=12133.0  (54.5s, gen_max_obj=690.8)
gen  15/50  filled=  19/1600  obj_max=1203.8  obj_mean=652.89  qd_score=12405.0  (54.0s, gen_max_obj=950.9)
gen  16/50  filled=  19/1600  obj_max=1203.8  obj_mean=685.88  qd_score=13031.6  (54.5s, gen_max_obj=682.5)
gen  17/50  filled=  20/1600  obj_max=1203.8  obj_mean=656.59  qd_score=13131.8  (54.8s, gen_max_obj=731.7)
gen  18/50  filled=  20/1600  obj_max=1203.8  obj_mean=656.65  qd_score=13132.9  (54.4s, gen_max_obj=724.2)
gen  19/50  filled=  21/1600  obj_max=1203.8  obj_mean=657.29  qd_score=13803.0  (55.3s, gen_max_obj=688.9)
gen  20/50  filled=  22/1600  obj_max=1203.8  obj_mean=629.26  qd_score=13843.8  (54.2s, gen_max_obj=683.2)
gen  21/50  filled=  22/1600  obj_max=1203.8  obj_mean=660.70  qd_score=14535.4  (53.9s, gen_max_obj=727.5)
gen  22/50  filled=  22/1600  obj_max=1203.8  obj_mean=660.83  qd_score=14538.2  (53.8s, gen_max_obj=679.0)
gen  23/50  filled=  22/1600  obj_max=1203.8  obj_mean=660.83  qd_score=14538.2  (54.2s, gen_max_obj=201.1)
gen  24/50  filled=  23/1600  obj_max=1203.8  obj_mean=634.85  qd_score=14601.5  (54.0s, gen_max_obj=717.4)
gen  25/50  filled=  23/1600  obj_max=1203.8  obj_mean=635.15  qd_score=14608.5  (54.8s, gen_max_obj=677.9)
gen  26/50  filled=  23/1600  obj_max=1203.8  obj_mean=635.15  qd_score=14608.5  (54.3s, gen_max_obj=683.9)
gen  27/50  filled=  23/1600  obj_max=1203.8  obj_mean=641.78  qd_score=14761.0  (53.8s, gen_max_obj=281.7)
gen  28/50  filled=  23/1600  obj_max=1203.8  obj_mean=648.87  qd_score=14923.9  (53.5s, gen_max_obj=674.1)
gen  29/50  filled=  24/1600  obj_max=1203.8  obj_mean=623.22  qd_score=14957.3  (54.2s, gen_max_obj=669.0)
gen  30/50  filled=  24/1600  obj_max=1203.8  obj_mean=643.23  qd_score=15437.5  (54.1s, gen_max_obj=674.0)
gen  31/50  filled=  25/1600  obj_max=1203.8  obj_mean=619.95  qd_score=15498.7  (54.1s, gen_max_obj=233.1)
gen  32/50  filled=  25/1600  obj_max=1203.8  obj_mean=620.05  qd_score=15501.3  (53.7s, gen_max_obj=44.5)
gen  33/50  filled=  25/1600  obj_max=1203.8  obj_mean=637.73  qd_score=15943.1  (54.3s, gen_max_obj=687.8)
gen  34/50  filled=  25/1600  obj_max=1203.8  obj_mean=637.89  qd_score=15947.3  (53.8s, gen_max_obj=677.2)
gen  35/50  filled=  26/1600  obj_max=1203.8  obj_mean=614.50  qd_score=15977.0  (53.8s, gen_max_obj=668.3)
gen  36/50  filled=  26/1600  obj_max=1203.8  obj_mean=614.72  qd_score=15982.7  (54.6s, gen_max_obj=200.4)
gen  37/50  filled=  27/1600  obj_max=1203.8  obj_mean=592.92  qd_score=16008.9  (54.1s, gen_max_obj=43.5)
gen  38/50  filled=  28/1600  obj_max=1203.8  obj_mean=573.03  qd_score=16044.8  (53.7s, gen_max_obj=36.5)
gen  39/50  filled=  28/1600  obj_max=1203.8  obj_mean=573.03  qd_score=16044.8  (53.9s, gen_max_obj=190.3)
gen  40/50  filled=  28/1600  obj_max=1203.8  obj_mean=601.74  qd_score=16848.6  (54.1s, gen_max_obj=415.6)
gen  41/50  filled=  28/1600  obj_max=1203.8  obj_mean=601.74  qd_score=16848.6  (53.5s, gen_max_obj=192.1)
gen  42/50  filled=  28/1600  obj_max=1203.8  obj_mean=607.37  qd_score=17006.5  (53.9s, gen_max_obj=193.7)
gen  43/50  filled=  28/1600  obj_max=1203.8  obj_mean=607.52  qd_score=17010.6  (54.1s, gen_max_obj=39.1)
gen  44/50  filled=  28/1600  obj_max=1203.8  obj_mean=607.52  qd_score=17010.6  (53.3s, gen_max_obj=251.6)
gen  45/50  filled=  28/1600  obj_max=1203.8  obj_mean=612.96  qd_score=17162.8  (53.6s, gen_max_obj=189.8)
gen  46/50  filled=  29/1600  obj_max=1203.8  obj_mean=597.85  qd_score=17337.6  (53.7s, gen_max_obj=507.1)
gen  47/50  filled=  29/1600  obj_max=1203.8  obj_mean=597.85  qd_score=17337.6  (55.1s, gen_max_obj=38.8)
gen  48/50  filled=  29/1600  obj_max=1203.8  obj_mean=597.85  qd_score=17337.6  (54.3s, gen_max_obj=37.2)
gen  49/50  filled=  29/1600  obj_max=1203.8  obj_mean=597.85  qd_score=17337.6  (53.7s, gen_max_obj=187.7)
gen  50/50  filled=  29/1600  obj_max=1203.8  obj_mean=597.85  qd_score=17337.6  (53.4s, gen_max_obj=196.5)
# finished 2026-06-04 11:18:07  wall=2725.4s
