=== descriptor experiments start: Thu Jun  4 09:39:34 EDT 2026 ===

==== tape_600_resind_zoomed :: Thu Jun  4 09:39:34 EDT 2026 ====
args: --policy tape --gens 50 --emitters 5 --batch 20 --n-actions 600 --ticks-per-action 100 --fitness varied --measures res_ind --archive-dims 40,40 --archive-ranges-from results/longer_tape_600_resind.npz --archive-ranges-pad 0.1
policy = tape  params = 1800  sigma0 = 1.0  es = cma_es
fitness = varied
archive ranges = ((0.18364421327249908, 1.0269356290565261), (-0.04151193599565125, 0.4566312859521637)) (from results/longer_tape_600_resind.npz envelope + 10% pad)
archive = 40x40 = 1600 cells
logging generations to results/desc_tape_600_resind_zoomed.log
running with 8 worker processes
running 50 generations, 5 emitters x 20 solutions = 100 evals/gen
/Users/juliantogelius/Library/Python/3.9/lib/python/site-packages/ribs/emitters/opt/_cma_es.py:299: RuntimeWarning: divide by zero encountered in matmul
  z = np.matmul(self.cov.invsqrt, y)
/Users/juliantogelius/Library/Python/3.9/lib/python/site-packages/ribs/emitters/opt/_cma_es.py:299: RuntimeWarning: overflow encountered in matmul
  z = np.matmul(self.cov.invsqrt, y)
/Users/juliantogelius/Library/Python/3.9/lib/python/site-packages/ribs/emitters/opt/_cma_es.py:299: RuntimeWarning: invalid value encountered in matmul
  z = np.matmul(self.cov.invsqrt, y)
/Users/juliantogelius/Library/Python/3.9/lib/python/site-packages/ribs/emitters/opt/_cma_es.py:299: RuntimeWarning: divide by zero encountered in matmul
  z = np.matmul(self.cov.invsqrt, y)
/Users/juliantogelius/Library/Python/3.9/lib/python/site-packages/ribs/emitters/opt/_cma_es.py:299: RuntimeWarning: overflow encountered in matmul
  z = np.matmul(self.cov.invsqrt, y)
/Users/juliantogelius/Library/Python/3.9/lib/python/site-packages/ribs/emitters/opt/_cma_es.py:299: RuntimeWarning: invalid value encountered in matmul
  z = np.matmul(self.cov.invsqrt, y)
gen   1/50  filled=  74/1600  obj_max=880.0  obj_mean=202.83  qd_score=15009.1  (66.7s, gen_max_obj=880.0)
gen   2/50  filled= 109/1600  obj_max=994.6  obj_mean=231.10  qd_score=25190.1  (60.8s, gen_max_obj=994.6)
gen   3/50  filled= 139/1600  obj_max=994.6  obj_mean=240.56  qd_score=33437.6  (60.6s, gen_max_obj=877.7)
gen   4/50  filled= 158/1600  obj_max=994.6  obj_mean=235.41  qd_score=37194.6  (62.4s, gen_max_obj=711.8)
gen   5/50  filled= 180/1600  obj_max=994.6  obj_mean=234.87  qd_score=42277.5  (60.9s, gen_max_obj=876.5)
gen   6/50  filled= 198/1600  obj_max=994.6  obj_mean=242.13  qd_score=47942.7  (61.9s, gen_max_obj=822.3)
gen   7/50  filled= 213/1600  obj_max=994.6  obj_mean=237.88  qd_score=50669.2  (61.7s, gen_max_obj=704.4)
gen   8/50  filled= 228/1600  obj_max=994.6  obj_mean=233.41  qd_score=53218.4  (61.4s, gen_max_obj=686.8)
gen   9/50  filled= 241/1600  obj_max=994.6  obj_mean=234.10  qd_score=56418.3  (63.9s, gen_max_obj=698.4)
gen  10/50  filled= 251/1600  obj_max=994.6  obj_mean=234.25  qd_score=58796.6  (64.4s, gen_max_obj=701.2)
gen  11/50  filled= 263/1600  obj_max=994.6  obj_mean=228.64  qd_score=60131.3  (65.3s, gen_max_obj=394.3)
gen  12/50  filled= 273/1600  obj_max=994.6  obj_mean=232.36  qd_score=63433.2  (66.6s, gen_max_obj=696.0)
gen  13/50  filled= 280/1600  obj_max=994.6  obj_mean=231.79  qd_score=64899.8  (63.4s, gen_max_obj=702.2)
gen  14/50  filled= 283/1600  obj_max=994.6  obj_mean=237.51  qd_score=67216.5  (63.8s, gen_max_obj=754.7)
gen  15/50  filled= 287/1600  obj_max=994.6  obj_mean=239.91  qd_score=68852.9  (61.5s, gen_max_obj=778.9)
gen  16/50  filled= 295/1600  obj_max=994.6  obj_mean=239.49  qd_score=70648.5  (62.9s, gen_max_obj=685.8)
gen  17/50  filled= 303/1600  obj_max=994.6  obj_mean=243.72  qd_score=73845.8  (65.6s, gen_max_obj=690.5)
gen  18/50  filled= 309/1600  obj_max=994.6  obj_mean=242.54  qd_score=74945.2  (60.5s, gen_max_obj=684.8)
gen  19/50  filled= 314/1600  obj_max=994.6  obj_mean=241.41  qd_score=75803.7  (59.9s, gen_max_obj=306.4)
gen  20/50  filled= 319/1600  obj_max=994.6  obj_mean=239.24  qd_score=76316.0  (60.5s, gen_max_obj=271.7)
gen  21/50  filled= 326/1600  obj_max=994.6  obj_mean=239.66  qd_score=78130.7  (60.6s, gen_max_obj=685.1)
gen  22/50  filled= 330/1600  obj_max=994.6  obj_mean=239.08  qd_score=78896.1  (63.4s, gen_max_obj=674.7)
gen  23/50  filled= 331/1600  obj_max=994.6  obj_mean=239.17  qd_score=79166.0  (61.7s, gen_max_obj=283.5)
gen  24/50  filled= 335/1600  obj_max=994.6  obj_mean=242.18  qd_score=81130.6  (72.0s, gen_max_obj=685.4)
gen  25/50  filled= 336/1600  obj_max=994.6  obj_mean=242.75  qd_score=81563.4  (62.3s, gen_max_obj=680.4)
gen  26/50  filled= 341/1600  obj_max=994.6  obj_mean=239.80  qd_score=81772.7  (60.0s, gen_max_obj=192.6)
gen  27/50  filled= 341/1600  obj_max=994.6  obj_mean=244.20  qd_score=83272.0  (64.2s, gen_max_obj=687.5)
gen  28/50  filled= 344/1600  obj_max=994.6  obj_mean=242.44  qd_score=83399.5  (67.1s, gen_max_obj=235.0)
gen  29/50  filled= 349/1600  obj_max=994.6  obj_mean=240.81  qd_score=84042.5  (78.5s, gen_max_obj=357.1)
gen  30/50  filled= 353/1600  obj_max=994.6  obj_mean=238.51  qd_score=84194.9  (71.5s, gen_max_obj=192.4)
gen  31/50  filled= 356/1600  obj_max=994.6  obj_mean=237.18  qd_score=84437.8  (71.6s, gen_max_obj=274.4)
gen  32/50  filled= 359/1600  obj_max=994.6  obj_mean=235.55  qd_score=84562.9  (71.7s, gen_max_obj=44.5)
gen  33/50  filled= 359/1600  obj_max=994.6  obj_mean=237.00  qd_score=85082.1  (72.6s, gen_max_obj=244.3)
gen  34/50  filled= 364/1600  obj_max=994.6  obj_mean=235.06  qd_score=85563.1  (72.4s, gen_max_obj=201.0)
gen  35/50  filled= 366/1600  obj_max=994.6  obj_mean=234.35  qd_score=85772.2  (72.5s, gen_max_obj=211.6)
gen  36/50  filled= 367/1600  obj_max=994.6  obj_mean=233.81  qd_score=85806.5  (70.2s, gen_max_obj=184.6)
gen  37/50  filled= 370/1600  obj_max=994.6  obj_mean=233.13  qd_score=86259.5  (71.1s, gen_max_obj=234.7)
gen  38/50  filled= 372/1600  obj_max=994.6  obj_mean=232.37  qd_score=86443.4  (74.6s, gen_max_obj=173.0)
gen  39/50  filled= 376/1600  obj_max=994.6  obj_mean=230.27  qd_score=86581.1  (75.4s, gen_max_obj=42.1)
gen  40/50  filled= 377/1600  obj_max=994.6  obj_mean=231.86  qd_score=87411.3  (59.2s, gen_max_obj=670.5)
gen  41/50  filled= 379/1600  obj_max=994.6  obj_mean=231.13  qd_score=87599.8  (63.4s, gen_max_obj=155.1)
gen  42/50  filled= 383/1600  obj_max=994.6  obj_mean=229.41  qd_score=87864.0  (65.5s, gen_max_obj=198.3)
gen  43/50  filled= 385/1600  obj_max=994.6  obj_mean=228.40  qd_score=87933.0  (58.5s, gen_max_obj=49.1)
gen  44/50  filled= 385/1600  obj_max=994.6  obj_mean=228.40  qd_score=87933.0  (52.3s, gen_max_obj=36.8)
gen  45/50  filled= 388/1600  obj_max=994.6  obj_mean=226.86  qd_score=88020.9  (51.9s, gen_max_obj=192.7)
gen  46/50  filled= 389/1600  obj_max=994.6  obj_mean=226.77  qd_score=88214.5  (52.3s, gen_max_obj=190.6)
gen  47/50  filled= 390/1600  obj_max=994.6  obj_mean=226.27  qd_score=88245.9  (52.6s, gen_max_obj=40.5)
gen  48/50  filled= 390/1600  obj_max=994.6  obj_mean=226.28  qd_score=88248.1  (53.4s, gen_max_obj=187.1)
gen  49/50  filled= 391/1600  obj_max=994.6  obj_mean=228.54  qd_score=89358.7  (53.1s, gen_max_obj=771.1)
gen  50/50  filled= 394/1600  obj_max=994.6  obj_mean=227.00  qd_score=89437.2  (53.3s, gen_max_obj=35.1)

total: 3183.7s
saved archive to results/desc_tape_600_resind_zoomed.npz (394 elites)

==== tape_600_toolspread :: Thu Jun  4 10:32:40 EDT 2026 ====
args: --policy tape --gens 50 --emitters 5 --batch 20 --n-actions 600 --ticks-per-action 100 --fitness varied --measures tool_spread --archive-dims 40,40
policy = tape  params = 1800  sigma0 = 1.0  es = cma_es
fitness = varied
archive = 40x40 = 1600 cells
logging generations to results/desc_tape_600_toolspread.log
running with 8 worker processes
running 50 generations, 5 emitters x 20 solutions = 100 evals/gen
/Users/juliantogelius/Library/Python/3.9/lib/python/site-packages/ribs/emitters/opt/_cma_es.py:299: RuntimeWarning: divide by zero encountered in matmul
  z = np.matmul(self.cov.invsqrt, y)
/Users/juliantogelius/Library/Python/3.9/lib/python/site-packages/ribs/emitters/opt/_cma_es.py:299: RuntimeWarning: overflow encountered in matmul
  z = np.matmul(self.cov.invsqrt, y)
/Users/juliantogelius/Library/Python/3.9/lib/python/site-packages/ribs/emitters/opt/_cma_es.py:299: RuntimeWarning: invalid value encountered in matmul
  z = np.matmul(self.cov.invsqrt, y)
/Users/juliantogelius/Library/Python/3.9/lib/python/site-packages/ribs/emitters/opt/_cma_es.py:299: RuntimeWarning: divide by zero encountered in matmul
  z = np.matmul(self.cov.invsqrt, y)
/Users/juliantogelius/Library/Python/3.9/lib/python/site-packages/ribs/emitters/opt/_cma_es.py:299: RuntimeWarning: overflow encountered in matmul
  z = np.matmul(self.cov.invsqrt, y)
/Users/juliantogelius/Library/Python/3.9/lib/python/site-packages/ribs/emitters/opt/_cma_es.py:299: RuntimeWarning: invalid value encountered in matmul
  z = np.matmul(self.cov.invsqrt, y)
gen   1/50  filled=   3/1600  obj_max=777.8  obj_mean=653.15  qd_score=1959.4  (57.6s, gen_max_obj=777.8)
gen   2/50  filled=   7/1600  obj_max=1203.8  obj_mean=446.60  qd_score=3126.2  (55.2s, gen_max_obj=1203.8)
gen   3/50  filled=   9/1600  obj_max=1203.8  obj_mean=588.01  qd_score=5292.1  (55.0s, gen_max_obj=874.9)
gen   4/50  filled=  14/1600  obj_max=1203.8  obj_mean=579.12  qd_score=8107.7  (55.4s, gen_max_obj=865.0)
gen   5/50  filled=  14/1600  obj_max=1203.8  obj_mean=606.73  qd_score=8494.2  (58.7s, gen_max_obj=859.9)
gen   6/50  filled=  14/1600  obj_max=1203.8  obj_mean=640.43  qd_score=8966.0  (55.3s, gen_max_obj=861.6)
gen   7/50  filled=  15/1600  obj_max=1203.8  obj_mean=612.49  qd_score=9187.3  (55.3s, gen_max_obj=701.3)
gen   8/50  filled=  16/1600  obj_max=1203.8  obj_mean=621.11  qd_score=9937.8  (55.1s, gen_max_obj=920.0)
gen   9/50  filled=  16/1600  obj_max=1203.8  obj_mean=663.25  qd_score=10612.0  (57.1s, gen_max_obj=726.0)
gen  10/50  filled=  17/1600  obj_max=1203.8  obj_mean=630.79  qd_score=10723.4  (55.4s, gen_max_obj=780.3)
gen  11/50  filled=  17/1600  obj_max=1203.8  obj_mean=658.70  qd_score=11198.0  (54.5s, gen_max_obj=823.0)
gen  12/50  filled=  18/1600  obj_max=1203.8  obj_mean=633.37  qd_score=11400.7  (55.1s, gen_max_obj=689.3)
gen  13/50  filled=  18/1600  obj_max=1203.8  obj_mean=650.63  qd_score=11711.3  (54.9s, gen_max_obj=732.0)
gen  14/50  filled=  19/1600  obj_max=1203.8  obj_mean=638.58  qd_score=12133.0  (54.5s, gen_max_obj=690.8)
gen  15/50  filled=  19/1600  obj_max=1203.8  obj_mean=652.89  qd_score=12405.0  (54.0s, gen_max_obj=950.9)
gen  16/50  filled=  19/1600  obj_max=1203.8  obj_mean=685.88  qd_score=13031.6  (54.5s, gen_max_obj=682.5)
gen  17/50  filled=  20/1600  obj_max=1203.8  obj_mean=656.59  qd_score=13131.8  (54.8s, gen_max_obj=731.7)
gen  18/50  filled=  20/1600  obj_max=1203.8  obj_mean=656.65  qd_score=13132.9  (54.4s, gen_max_obj=724.2)
gen  19/50  filled=  21/1600  obj_max=1203.8  obj_mean=657.29  qd_score=13803.0  (55.3s, gen_max_obj=688.9)
gen  20/50  filled=  22/1600  obj_max=1203.8  obj_mean=629.26  qd_score=13843.8  (54.2s, gen_max_obj=683.2)
gen  21/50  filled=  22/1600  obj_max=1203.8  obj_mean=660.70  qd_score=14535.4  (53.9s, gen_max_obj=727.5)
gen  22/50  filled=  22/1600  obj_max=1203.8  obj_mean=660.83  qd_score=14538.2  (53.8s, gen_max_obj=679.0)
gen  23/50  filled=  22/1600  obj_max=1203.8  obj_mean=660.83  qd_score=14538.2  (54.2s, gen_max_obj=201.1)
gen  24/50  filled=  23/1600  obj_max=1203.8  obj_mean=634.85  qd_score=14601.5  (54.0s, gen_max_obj=717.4)
gen  25/50  filled=  23/1600  obj_max=1203.8  obj_mean=635.15  qd_score=14608.5  (54.8s, gen_max_obj=677.9)
gen  26/50  filled=  23/1600  obj_max=1203.8  obj_mean=635.15  qd_score=14608.5  (54.3s, gen_max_obj=683.9)
gen  27/50  filled=  23/1600  obj_max=1203.8  obj_mean=641.78  qd_score=14761.0  (53.8s, gen_max_obj=281.7)
gen  28/50  filled=  23/1600  obj_max=1203.8  obj_mean=648.87  qd_score=14923.9  (53.5s, gen_max_obj=674.1)
gen  29/50  filled=  24/1600  obj_max=1203.8  obj_mean=623.22  qd_score=14957.3  (54.2s, gen_max_obj=669.0)
gen  30/50  filled=  24/1600  obj_max=1203.8  obj_mean=643.23  qd_score=15437.5  (54.1s, gen_max_obj=674.0)
gen  31/50  filled=  25/1600  obj_max=1203.8  obj_mean=619.95  qd_score=15498.7  (54.1s, gen_max_obj=233.1)
gen  32/50  filled=  25/1600  obj_max=1203.8  obj_mean=620.05  qd_score=15501.3  (53.7s, gen_max_obj=44.5)
gen  33/50  filled=  25/1600  obj_max=1203.8  obj_mean=637.73  qd_score=15943.1  (54.3s, gen_max_obj=687.8)
gen  34/50  filled=  25/1600  obj_max=1203.8  obj_mean=637.89  qd_score=15947.3  (53.8s, gen_max_obj=677.2)
gen  35/50  filled=  26/1600  obj_max=1203.8  obj_mean=614.50  qd_score=15977.0  (53.8s, gen_max_obj=668.3)
gen  36/50  filled=  26/1600  obj_max=1203.8  obj_mean=614.72  qd_score=15982.7  (54.6s, gen_max_obj=200.4)
gen  37/50  filled=  27/1600  obj_max=1203.8  obj_mean=592.92  qd_score=16008.9  (54.1s, gen_max_obj=43.5)
gen  38/50  filled=  28/1600  obj_max=1203.8  obj_mean=573.03  qd_score=16044.8  (53.7s, gen_max_obj=36.5)
gen  39/50  filled=  28/1600  obj_max=1203.8  obj_mean=573.03  qd_score=16044.8  (53.9s, gen_max_obj=190.3)
gen  40/50  filled=  28/1600  obj_max=1203.8  obj_mean=601.74  qd_score=16848.6  (54.1s, gen_max_obj=415.6)
gen  41/50  filled=  28/1600  obj_max=1203.8  obj_mean=601.74  qd_score=16848.6  (53.5s, gen_max_obj=192.1)
gen  42/50  filled=  28/1600  obj_max=1203.8  obj_mean=607.37  qd_score=17006.5  (53.9s, gen_max_obj=193.7)
gen  43/50  filled=  28/1600  obj_max=1203.8  obj_mean=607.52  qd_score=17010.6  (54.1s, gen_max_obj=39.1)
gen  44/50  filled=  28/1600  obj_max=1203.8  obj_mean=607.52  qd_score=17010.6  (53.3s, gen_max_obj=251.6)
gen  45/50  filled=  28/1600  obj_max=1203.8  obj_mean=612.96  qd_score=17162.8  (53.6s, gen_max_obj=189.8)
gen  46/50  filled=  29/1600  obj_max=1203.8  obj_mean=597.85  qd_score=17337.6  (53.7s, gen_max_obj=507.1)
gen  47/50  filled=  29/1600  obj_max=1203.8  obj_mean=597.85  qd_score=17337.6  (55.1s, gen_max_obj=38.8)
gen  48/50  filled=  29/1600  obj_max=1203.8  obj_mean=597.85  qd_score=17337.6  (54.3s, gen_max_obj=37.2)
gen  49/50  filled=  29/1600  obj_max=1203.8  obj_mean=597.85  qd_score=17337.6  (53.7s, gen_max_obj=187.7)
gen  50/50  filled=  29/1600  obj_max=1203.8  obj_mean=597.85  qd_score=17337.6  (53.4s, gen_max_obj=196.5)

total: 2725.4s
saved archive to results/desc_tape_600_toolspread.npz (29 elites)

==== tape_600_roadind_zoomed :: Thu Jun  4 11:18:07 EDT 2026 ====
args: --policy tape --gens 50 --emitters 5 --batch 20 --n-actions 600 --ticks-per-action 100 --fitness varied --measures road_ind --archive-dims 40,40 --archive-ranges-from results/overnight_tape_600_varied.npz --archive-ranges-pad 0.1
policy = tape  params = 1800  sigma0 = 1.0  es = cma_es
fitness = varied
archive ranges = ((0.0032602267584373942, 0.06013750021694398), (-0.016730959595871925, 0.4543784699158201)) (from results/overnight_tape_600_varied.npz envelope + 10% pad)
archive = 40x40 = 1600 cells
logging generations to results/desc_tape_600_roadind_zoomed.log
running with 8 worker processes
running 50 generations, 5 emitters x 20 solutions = 100 evals/gen
/Users/juliantogelius/Library/Python/3.9/lib/python/site-packages/ribs/emitters/opt/_cma_es.py:299: RuntimeWarning: divide by zero encountered in matmul
  z = np.matmul(self.cov.invsqrt, y)
/Users/juliantogelius/Library/Python/3.9/lib/python/site-packages/ribs/emitters/opt/_cma_es.py:299: RuntimeWarning: overflow encountered in matmul
  z = np.matmul(self.cov.invsqrt, y)
/Users/juliantogelius/Library/Python/3.9/lib/python/site-packages/ribs/emitters/opt/_cma_es.py:299: RuntimeWarning: invalid value encountered in matmul
  z = np.matmul(self.cov.invsqrt, y)
/Users/juliantogelius/Library/Python/3.9/lib/python/site-packages/ribs/emitters/opt/_cma_es.py:299: RuntimeWarning: divide by zero encountered in matmul
  z = np.matmul(self.cov.invsqrt, y)
/Users/juliantogelius/Library/Python/3.9/lib/python/site-packages/ribs/emitters/opt/_cma_es.py:299: RuntimeWarning: overflow encountered in matmul
  z = np.matmul(self.cov.invsqrt, y)
/Users/juliantogelius/Library/Python/3.9/lib/python/site-packages/ribs/emitters/opt/_cma_es.py:299: RuntimeWarning: invalid value encountered in matmul
  z = np.matmul(self.cov.invsqrt, y)
gen   1/50  filled=  79/1600  obj_max=777.8  obj_mean=183.74  qd_score=14515.7  (56.7s, gen_max_obj=777.8)
gen   2/50  filled= 147/1600  obj_max=1202.2  obj_mean=216.14  qd_score=31772.5  (54.0s, gen_max_obj=1202.2)
gen   3/50  filled= 192/1600  obj_max=1202.2  obj_mean=200.67  qd_score=38527.8  (54.2s, gen_max_obj=888.8)
gen   4/50  filled= 225/1600  obj_max=1202.2  obj_mean=206.95  qd_score=46564.8  (53.8s, gen_max_obj=829.5)
gen   5/50  filled= 251/1600  obj_max=1202.2  obj_mean=209.43  qd_score=52568.1  (53.0s, gen_max_obj=868.6)
gen   6/50  filled= 273/1600  obj_max=1202.2  obj_mean=208.34  qd_score=56875.8  (53.4s, gen_max_obj=865.8)
gen   7/50  filled= 294/1600  obj_max=1202.2  obj_mean=208.61  qd_score=61331.2  (53.1s, gen_max_obj=863.6)
gen   8/50  filled= 309/1600  obj_max=1202.2  obj_mean=213.82  qd_score=66071.5  (54.1s, gen_max_obj=792.0)
gen   9/50  filled= 322/1600  obj_max=1202.2  obj_mean=219.25  qd_score=70596.9  (53.9s, gen_max_obj=859.4)
gen  10/50  filled= 333/1600  obj_max=1202.2  obj_mean=215.07  qd_score=71619.5  (53.7s, gen_max_obj=226.6)
gen  11/50  filled= 345/1600  obj_max=1202.2  obj_mean=214.54  qd_score=74017.0  (53.4s, gen_max_obj=863.4)
gen  12/50  filled= 356/1600  obj_max=1202.2  obj_mean=211.38  qd_score=75251.9  (53.6s, gen_max_obj=247.1)
gen  13/50  filled= 366/1600  obj_max=1202.2  obj_mean=212.67  qd_score=77835.6  (53.4s, gen_max_obj=692.3)
gen  14/50  filled= 377/1600  obj_max=1202.2  obj_mean=211.39  qd_score=79695.0  (53.9s, gen_max_obj=690.2)
gen  15/50  filled= 381/1600  obj_max=1202.2  obj_mean=212.16  qd_score=80832.2  (53.9s, gen_max_obj=693.2)
gen  16/50  filled= 386/1600  obj_max=1202.2  obj_mean=211.04  qd_score=81462.0  (53.1s, gen_max_obj=211.2)
gen  17/50  filled= 393/1600  obj_max=1202.2  obj_mean=209.41  qd_score=82299.5  (53.4s, gen_max_obj=265.0)
gen  18/50  filled= 399/1600  obj_max=1202.2  obj_mean=208.29  qd_score=83108.3  (53.3s, gen_max_obj=688.0)
gen  19/50  filled= 403/1600  obj_max=1202.2  obj_mean=206.96  qd_score=83406.0  (53.3s, gen_max_obj=227.0)
gen  20/50  filled= 408/1600  obj_max=1202.2  obj_mean=205.32  qd_score=83769.6  (54.7s, gen_max_obj=210.4)
gen  21/50  filled= 412/1600  obj_max=1202.2  obj_mean=207.02  qd_score=85293.2  (53.2s, gen_max_obj=679.2)
gen  22/50  filled= 413/1600  obj_max=1202.2  obj_mean=208.47  qd_score=86099.7  (53.1s, gen_max_obj=680.0)
gen  23/50  filled= 420/1600  obj_max=1202.2  obj_mean=208.10  qd_score=87400.9  (52.8s, gen_max_obj=769.7)
gen  24/50  filled= 423/1600  obj_max=1202.2  obj_mean=207.24  qd_score=87663.7  (52.9s, gen_max_obj=233.8)
gen  25/50  filled= 426/1600  obj_max=1202.2  obj_mean=209.45  qd_score=89227.7  (53.4s, gen_max_obj=840.7)
gen  26/50  filled= 426/1600  obj_max=1202.2  obj_mean=210.55  qd_score=89696.1  (53.4s, gen_max_obj=296.6)
gen  27/50  filled= 429/1600  obj_max=1202.2  obj_mean=212.24  qd_score=91052.2  (53.0s, gen_max_obj=680.2)
gen  28/50  filled= 433/1600  obj_max=1202.2  obj_mean=210.93  qd_score=91332.9  (52.9s, gen_max_obj=671.8)
gen  29/50  filled= 435/1600  obj_max=1202.2  obj_mean=211.89  qd_score=92171.5  (53.4s, gen_max_obj=699.0)
gen  30/50  filled= 439/1600  obj_max=1202.2  obj_mean=211.45  qd_score=92826.4  (53.3s, gen_max_obj=723.9)
gen  31/50  filled= 439/1600  obj_max=1202.2  obj_mean=211.49  qd_score=92843.3  (53.8s, gen_max_obj=234.9)
gen  32/50  filled= 443/1600  obj_max=1202.2  obj_mean=210.87  qd_score=93413.9  (52.9s, gen_max_obj=467.2)
gen  33/50  filled= 443/1600  obj_max=1202.2  obj_mean=210.90  qd_score=93427.1  (53.0s, gen_max_obj=42.0)
gen  34/50  filled= 446/1600  obj_max=1202.2  obj_mean=209.71  qd_score=93532.2  (53.4s, gen_max_obj=266.2)
gen  35/50  filled= 449/1600  obj_max=1202.2  obj_mean=208.82  qd_score=93761.6  (53.3s, gen_max_obj=320.2)
gen  36/50  filled= 453/1600  obj_max=1202.2  obj_mean=207.23  qd_score=93876.2  (53.4s, gen_max_obj=40.0)
gen  37/50  filled= 454/1600  obj_max=1202.2  obj_mean=207.90  qd_score=94384.8  (53.9s, gen_max_obj=673.6)
gen  38/50  filled= 454/1600  obj_max=1202.2  obj_mean=208.24  qd_score=94540.9  (52.7s, gen_max_obj=193.8)
gen  39/50  filled= 454/1600  obj_max=1202.2  obj_mean=208.86  qd_score=94823.3  (53.0s, gen_max_obj=190.0)
gen  40/50  filled= 454/1600  obj_max=1202.2  obj_mean=210.06  qd_score=95367.1  (53.4s, gen_max_obj=757.0)
gen  41/50  filled= 454/1600  obj_max=1202.2  obj_mean=210.77  qd_score=95689.2  (52.4s, gen_max_obj=334.1)
gen  42/50  filled= 455/1600  obj_max=1202.2  obj_mean=212.20  qd_score=96550.4  (53.4s, gen_max_obj=352.5)
gen  43/50  filled= 458/1600  obj_max=1202.2  obj_mean=211.27  qd_score=96760.3  (53.8s, gen_max_obj=187.2)
gen  44/50  filled= 460/1600  obj_max=1202.2  obj_mean=210.50  qd_score=96828.3  (53.0s, gen_max_obj=192.9)
gen  45/50  filled= 460/1600  obj_max=1202.2  obj_mean=210.50  qd_score=96828.3  (52.7s, gen_max_obj=37.3)
gen  46/50  filled= 462/1600  obj_max=1202.2  obj_mean=210.02  qd_score=97027.6  (52.8s, gen_max_obj=189.8)
gen  47/50  filled= 463/1600  obj_max=1202.2  obj_mean=209.64  qd_score=97064.9  (52.8s, gen_max_obj=186.6)
gen  48/50  filled= 465/1600  obj_max=1202.2  obj_mean=208.90  qd_score=97137.3  (53.2s, gen_max_obj=35.4)
gen  49/50  filled= 466/1600  obj_max=1202.2  obj_mean=208.53  qd_score=97175.3  (53.2s, gen_max_obj=36.2)
gen  50/50  filled= 466/1600  obj_max=1202.2  obj_mean=208.85  qd_score=97322.6  (52.9s, gen_max_obj=188.0)

total: 2670.2s
saved archive to results/desc_tape_600_roadind_zoomed.npz (466 elites)

=== descriptor experiments end: Thu Jun  4 12:02:39 EDT 2026 ===
