=== entropy_count start: Wed Jun  3 00:56:31 EDT 2026 ===

==== rich_deepconv_growth_80g :: Wed Jun  3 00:56:31 EDT 2026 ====
args: --policy rich_deepconv --policy-channels 16,32 --gens 80 --emitters 5 --batch 20 --n-actions 100 --ticks-per-action 100 --fitness growth
policy = rich_deepconv  params = 12452  sigma0 = 0.2  es = sep_cma_es
fitness = growth
archive = 40x40 = 1600 cells
running with 8 worker processes
running 80 generations, 5 emitters x 20 solutions = 100 evals/gen
gen   1/80  filled=   8/1600  obj_max=27.5  obj_mean=11.60  qd_score=92.8  (50.7s, gen_max_obj=27.5)
gen   2/80  filled=  16/1600  obj_max=31.2  obj_mean=10.58  qd_score=169.3  (51.4s, gen_max_obj=31.2)
gen   3/80  filled=  21/1600  obj_max=54.2  obj_mean=10.93  qd_score=229.6  (52.2s, gen_max_obj=54.2)
gen   4/80  filled=  27/1600  obj_max=54.2  obj_mean=12.01  qd_score=324.4  (52.4s, gen_max_obj=43.8)
gen   5/80  filled=  34/1600  obj_max=67.0  obj_mean=13.23  qd_score=449.7  (51.8s, gen_max_obj=67.0)
gen   6/80  filled=  36/1600  obj_max=67.0  obj_mean=13.04  qd_score=469.6  (52.7s, gen_max_obj=40.3)
gen   7/80  filled=  39/1600  obj_max=67.0  obj_mean=12.58  qd_score=490.7  (52.5s, gen_max_obj=24.0)
gen   8/80  filled=  45/1600  obj_max=67.0  obj_mean=11.96  qd_score=538.4  (53.2s, gen_max_obj=28.7)
gen   9/80  filled=  49/1600  obj_max=67.0  obj_mean=11.61  qd_score=569.0  (53.4s, gen_max_obj=35.6)
gen  10/80  filled=  55/1600  obj_max=67.0  obj_mean=11.60  qd_score=638.2  (53.2s, gen_max_obj=49.6)
gen  11/80  filled=  60/1600  obj_max=67.0  obj_mean=12.57  qd_score=754.1  (53.9s, gen_max_obj=35.3)
gen  12/80  filled=  62/1600  obj_max=67.0  obj_mean=12.63  qd_score=783.0  (53.1s, gen_max_obj=28.7)
gen  13/80  filled=  66/1600  obj_max=67.0  obj_mean=12.47  qd_score=823.2  (53.1s, gen_max_obj=40.3)
gen  14/80  filled=  72/1600  obj_max=67.0  obj_mean=12.54  qd_score=903.2  (53.5s, gen_max_obj=25.5)
gen  15/80  filled=  78/1600  obj_max=67.0  obj_mean=12.25  qd_score=955.1  (53.3s, gen_max_obj=60.0)
gen  16/80  filled=  81/1600  obj_max=67.0  obj_mean=13.35  qd_score=1081.2  (54.2s, gen_max_obj=62.3)
gen  17/80  filled=  84/1600  obj_max=67.0  obj_mean=13.68  qd_score=1149.5  (52.9s, gen_max_obj=39.1)
gen  18/80  filled=  87/1600  obj_max=79.7  obj_mean=13.92  qd_score=1211.0  (53.0s, gen_max_obj=79.7)
gen  19/80  filled=  91/1600  obj_max=79.7  obj_mean=14.88  qd_score=1354.4  (53.2s, gen_max_obj=54.0)
gen  20/80  filled=  93/1600  obj_max=79.7  obj_mean=15.00  qd_score=1395.2  (53.1s, gen_max_obj=38.1)
gen  21/80  filled=  97/1600  obj_max=79.7  obj_mean=14.93  qd_score=1448.0  (53.8s, gen_max_obj=29.8)
gen  22/80  filled=  99/1600  obj_max=79.7  obj_mean=14.79  qd_score=1464.2  (53.4s, gen_max_obj=15.7)
gen  23/80  filled= 107/1600  obj_max=79.7  obj_mean=14.77  qd_score=1580.9  (53.1s, gen_max_obj=29.6)
gen  24/80  filled= 114/1600  obj_max=79.7  obj_mean=14.86  qd_score=1694.6  (53.2s, gen_max_obj=70.4)
gen  25/80  filled= 122/1600  obj_max=79.7  obj_mean=14.56  qd_score=1775.7  (53.1s, gen_max_obj=23.9)
gen  26/80  filled= 128/1600  obj_max=79.7  obj_mean=14.41  qd_score=1843.9  (53.9s, gen_max_obj=23.9)
gen  27/80  filled= 134/1600  obj_max=79.7  obj_mean=14.82  qd_score=1985.3  (53.3s, gen_max_obj=77.0)
gen  28/80  filled= 142/1600  obj_max=79.7  obj_mean=14.80  qd_score=2101.4  (53.4s, gen_max_obj=62.3)
gen  29/80  filled= 152/1600  obj_max=79.7  obj_mean=14.46  qd_score=2198.5  (52.9s, gen_max_obj=39.7)
gen  30/80  filled= 163/1600  obj_max=79.7  obj_mean=15.29  qd_score=2492.2  (53.3s, gen_max_obj=71.2)
gen  31/80  filled= 171/1600  obj_max=79.7  obj_mean=15.56  qd_score=2661.4  (53.4s, gen_max_obj=48.3)
gen  32/80  filled= 181/1600  obj_max=99.6  obj_mean=15.68  qd_score=2837.4  (54.5s, gen_max_obj=99.6)
gen  33/80  filled= 188/1600  obj_max=102.5  obj_mean=16.86  qd_score=3170.4  (53.6s, gen_max_obj=102.5)
gen  34/80  filled= 194/1600  obj_max=102.5  obj_mean=17.16  qd_score=3329.8  (53.3s, gen_max_obj=66.8)
gen  35/80  filled= 198/1600  obj_max=102.5  obj_mean=17.41  qd_score=3446.7  (53.3s, gen_max_obj=83.2)
gen  36/80  filled= 206/1600  obj_max=102.5  obj_mean=18.25  qd_score=3758.8  (53.5s, gen_max_obj=101.8)
gen  37/80  filled= 218/1600  obj_max=102.5  obj_mean=18.31  qd_score=3991.7  (53.2s, gen_max_obj=86.7)
gen  38/80  filled= 223/1600  obj_max=102.5  obj_mean=18.54  qd_score=4133.7  (53.6s, gen_max_obj=96.0)
gen  39/80  filled= 231/1600  obj_max=102.5  obj_mean=18.87  qd_score=4358.7  (53.5s, gen_max_obj=82.0)
gen  40/80  filled= 242/1600  obj_max=102.5  obj_mean=19.13  qd_score=4629.2  (53.2s, gen_max_obj=90.2)
gen  41/80  filled= 251/1600  obj_max=109.7  obj_mean=20.40  qd_score=5121.6  (53.1s, gen_max_obj=109.7)
gen  42/80  filled= 256/1600  obj_max=109.7  obj_mean=21.94  qd_score=5616.5  (53.3s, gen_max_obj=101.8)
gen  43/80  filled= 264/1600  obj_max=118.0  obj_mean=23.09  qd_score=6094.9  (53.6s, gen_max_obj=118.0)
gen  44/80  filled= 271/1600  obj_max=118.0  obj_mean=24.81  qd_score=6724.1  (53.3s, gen_max_obj=118.0)
gen  45/80  filled= 275/1600  obj_max=118.9  obj_mean=25.43  qd_score=6994.3  (53.6s, gen_max_obj=118.9)
gen  46/80  filled= 285/1600  obj_max=118.9  obj_mean=26.27  qd_score=7487.6  (53.4s, gen_max_obj=118.0)
gen  47/80  filled= 290/1600  obj_max=118.9  obj_mean=27.33  qd_score=7924.8  (53.0s, gen_max_obj=118.0)
gen  48/80  filled= 294/1600  obj_max=118.9  obj_mean=28.78  qd_score=8462.4  (53.3s, gen_max_obj=116.8)
gen  49/80  filled= 297/1600  obj_max=118.9  obj_mean=29.55  qd_score=8777.1  (53.9s, gen_max_obj=116.8)
gen  50/80  filled= 303/1600  obj_max=118.9  obj_mean=29.68  qd_score=8992.5  (53.4s, gen_max_obj=118.0)
gen  51/80  filled= 304/1600  obj_max=118.9  obj_mean=30.01  qd_score=9124.4  (53.5s, gen_max_obj=118.0)
gen  52/80  filled= 309/1600  obj_max=118.9  obj_mean=30.19  qd_score=9327.5  (53.1s, gen_max_obj=118.0)
gen  53/80  filled= 312/1600  obj_max=118.9  obj_mean=30.48  qd_score=9508.8  (53.2s, gen_max_obj=118.0)
gen  54/80  filled= 316/1600  obj_max=118.9  obj_mean=31.01  qd_score=9798.8  (53.4s, gen_max_obj=118.0)
gen  55/80  filled= 321/1600  obj_max=118.9  obj_mean=31.67  qd_score=10165.4  (53.9s, gen_max_obj=118.0)
gen  56/80  filled= 326/1600  obj_max=118.9  obj_mean=32.38  qd_score=10556.2  (53.5s, gen_max_obj=118.0)
gen  57/80  filled= 333/1600  obj_max=118.9  obj_mean=32.44  qd_score=10803.7  (53.5s, gen_max_obj=118.0)
gen  58/80  filled= 336/1600  obj_max=118.9  obj_mean=32.62  qd_score=10959.7  (53.6s, gen_max_obj=118.0)
gen  59/80  filled= 338/1600  obj_max=118.9  obj_mean=32.86  qd_score=11105.2  (53.1s, gen_max_obj=118.0)
gen  60/80  filled= 339/1600  obj_max=118.9  obj_mean=33.48  qd_score=11350.4  (53.6s, gen_max_obj=118.9)
gen  61/80  filled= 340/1600  obj_max=118.9  obj_mean=33.97  qd_score=11551.1  (53.2s, gen_max_obj=118.9)
gen  62/80  filled= 342/1600  obj_max=118.9  obj_mean=34.38  qd_score=11758.0  (53.8s, gen_max_obj=118.0)
gen  63/80  filled= 342/1600  obj_max=118.9  obj_mean=34.87  qd_score=11926.4  (53.4s, gen_max_obj=118.0)
gen  64/80  filled= 342/1600  obj_max=118.9  obj_mean=35.61  qd_score=12180.2  (53.5s, gen_max_obj=118.0)
gen  65/80  filled= 343/1600  obj_max=118.9  obj_mean=35.69  qd_score=12243.3  (53.2s, gen_max_obj=118.9)
gen  66/80  filled= 344/1600  obj_max=118.9  obj_mean=36.64  qd_score=12605.7  (54.0s, gen_max_obj=118.8)
gen  67/80  filled= 346/1600  obj_max=118.9  obj_mean=37.18  qd_score=12863.9  (53.3s, gen_max_obj=118.0)
gen  68/80  filled= 347/1600  obj_max=118.9  obj_mean=37.88  qd_score=13142.7  (53.5s, gen_max_obj=118.0)
gen  69/80  filled= 348/1600  obj_max=118.9  obj_mean=38.43  qd_score=13375.4  (53.3s, gen_max_obj=118.9)
gen  70/80  filled= 348/1600  obj_max=118.9  obj_mean=39.18  qd_score=13635.8  (53.7s, gen_max_obj=118.9)
gen  71/80  filled= 349/1600  obj_max=118.9  obj_mean=39.58  qd_score=13813.6  (53.3s, gen_max_obj=118.9)
gen  72/80  filled= 354/1600  obj_max=119.9  obj_mean=39.61  qd_score=14023.1  (54.1s, gen_max_obj=119.9)
gen  73/80  filled= 355/1600  obj_max=119.9  obj_mean=40.06  qd_score=14222.2  (53.1s, gen_max_obj=118.9)
gen  74/80  filled= 358/1600  obj_max=119.9  obj_mean=40.43  qd_score=14474.6  (53.5s, gen_max_obj=118.8)
gen  75/80  filled= 359/1600  obj_max=119.9  obj_mean=40.75  qd_score=14630.3  (53.3s, gen_max_obj=118.0)
gen  76/80  filled= 362/1600  obj_max=119.9  obj_mean=41.32  qd_score=14956.4  (53.3s, gen_max_obj=118.9)
gen  77/80  filled= 369/1600  obj_max=119.9  obj_mean=41.78  qd_score=15418.2  (53.0s, gen_max_obj=118.0)
gen  78/80  filled= 371/1600  obj_max=119.9  obj_mean=42.18  qd_score=15647.1  (53.8s, gen_max_obj=118.8)
gen  79/80  filled= 375/1600  obj_max=119.9  obj_mean=42.01  qd_score=15755.3  (53.3s, gen_max_obj=118.0)
gen  80/80  filled= 377/1600  obj_max=119.9  obj_mean=42.25  qd_score=15929.0  (53.4s, gen_max_obj=118.0)

total: 4262.7s
saved archive to results/ec_rich_deepconv_growth_80g.npz (377 elites)

==== rich_deepconv_pop_80g :: Wed Jun  3 02:07:35 EDT 2026 ====
args: --policy rich_deepconv --policy-channels 16,32 --gens 80 --emitters 5 --batch 20 --n-actions 100 --ticks-per-action 100 --fitness pop
policy = rich_deepconv  params = 12452  sigma0 = 0.2  es = sep_cma_es
fitness = pop
archive = 40x40 = 1600 cells
running with 8 worker processes
running 80 generations, 5 emitters x 20 solutions = 100 evals/gen
gen   1/80  filled=   8/1600  obj_max=0.0  obj_mean=0.00  qd_score=0.0  (55.5s, gen_max_obj=0.0)
gen   2/80  filled=  13/1600  obj_max=0.0  obj_mean=0.00  qd_score=0.0  (53.0s, gen_max_obj=0.0)
gen   3/80  filled=  18/1600  obj_max=0.0  obj_mean=0.00  qd_score=0.0  (54.5s, gen_max_obj=0.0)
gen   4/80  filled=  21/1600  obj_max=0.0  obj_mean=0.00  qd_score=0.0  (53.6s, gen_max_obj=0.0)
gen   5/80  filled=  23/1600  obj_max=0.0  obj_mean=0.00  qd_score=0.0  (53.1s, gen_max_obj=0.0)
gen   6/80  filled=  29/1600  obj_max=0.0  obj_mean=0.00  qd_score=0.0  (53.1s, gen_max_obj=0.0)
gen   7/80  filled=  37/1600  obj_max=0.0  obj_mean=0.00  qd_score=0.0  (53.2s, gen_max_obj=0.0)
gen   8/80  filled=  42/1600  obj_max=0.0  obj_mean=0.00  qd_score=0.0  (53.4s, gen_max_obj=0.0)
gen   9/80  filled=  51/1600  obj_max=0.0  obj_mean=0.00  qd_score=0.0  (54.1s, gen_max_obj=0.0)
gen  10/80  filled=  59/1600  obj_max=0.0  obj_mean=0.00  qd_score=0.0  (53.2s, gen_max_obj=0.0)
gen  11/80  filled=  62/1600  obj_max=0.0  obj_mean=0.00  qd_score=0.0  (53.1s, gen_max_obj=0.0)
gen  12/80  filled=  68/1600  obj_max=0.0  obj_mean=0.00  qd_score=0.0  (53.3s, gen_max_obj=0.0)
gen  13/80  filled=  74/1600  obj_max=0.0  obj_mean=0.00  qd_score=0.0  (53.1s, gen_max_obj=0.0)
gen  14/80  filled=  81/1600  obj_max=0.0  obj_mean=0.00  qd_score=0.0  (53.4s, gen_max_obj=0.0)
gen  15/80  filled=  85/1600  obj_max=0.0  obj_mean=0.00  qd_score=0.0  (53.3s, gen_max_obj=0.0)
gen  16/80  filled=  90/1600  obj_max=0.0  obj_mean=0.00  qd_score=0.0  (53.3s, gen_max_obj=0.0)
gen  17/80  filled=  92/1600  obj_max=0.0  obj_mean=0.00  qd_score=0.0  (53.4s, gen_max_obj=0.0)
gen  18/80  filled=  94/1600  obj_max=0.0  obj_mean=0.00  qd_score=0.0  (53.0s, gen_max_obj=0.0)
gen  19/80  filled=  96/1600  obj_max=0.0  obj_mean=0.00  qd_score=0.0  (53.8s, gen_max_obj=0.0)
gen  20/80  filled=  97/1600  obj_max=0.0  obj_mean=0.00  qd_score=0.0  (53.8s, gen_max_obj=0.0)
gen  21/80  filled=  98/1600  obj_max=0.0  obj_mean=0.00  qd_score=0.0  (53.8s, gen_max_obj=0.0)
gen  22/80  filled=  99/1600  obj_max=0.0  obj_mean=0.00  qd_score=0.0  (53.5s, gen_max_obj=0.0)
gen  23/80  filled= 109/1600  obj_max=0.0  obj_mean=0.00  qd_score=0.0  (53.3s, gen_max_obj=0.0)
gen  24/80  filled= 119/1600  obj_max=0.0  obj_mean=0.00  qd_score=0.0  (53.2s, gen_max_obj=0.0)
gen  25/80  filled= 127/1600  obj_max=0.0  obj_mean=0.00  qd_score=0.0  (52.9s, gen_max_obj=0.0)
gen  26/80  filled= 138/1600  obj_max=0.0  obj_mean=0.00  qd_score=0.0  (53.1s, gen_max_obj=0.0)
gen  27/80  filled= 145/1600  obj_max=0.0  obj_mean=0.00  qd_score=0.0  (53.4s, gen_max_obj=0.0)
gen  28/80  filled= 147/1600  obj_max=0.0  obj_mean=0.00  qd_score=0.0  (53.4s, gen_max_obj=0.0)
gen  29/80  filled= 153/1600  obj_max=0.0  obj_mean=0.00  qd_score=0.0  (53.3s, gen_max_obj=0.0)
gen  30/80  filled= 155/1600  obj_max=0.0  obj_mean=0.00  qd_score=0.0  (53.1s, gen_max_obj=0.0)
gen  31/80  filled= 159/1600  obj_max=0.0  obj_mean=0.00  qd_score=0.0  (53.3s, gen_max_obj=0.0)
gen  32/80  filled= 165/1600  obj_max=0.0  obj_mean=0.00  qd_score=0.0  (54.4s, gen_max_obj=0.0)
gen  33/80  filled= 167/1600  obj_max=0.0  obj_mean=0.00  qd_score=0.0  (53.0s, gen_max_obj=0.0)
gen  34/80  filled= 171/1600  obj_max=0.0  obj_mean=0.00  qd_score=0.0  (53.5s, gen_max_obj=0.0)
gen  35/80  filled= 178/1600  obj_max=0.0  obj_mean=0.00  qd_score=0.0  (53.0s, gen_max_obj=0.0)
gen  36/80  filled= 186/1600  obj_max=0.0  obj_mean=0.00  qd_score=0.0  (53.0s, gen_max_obj=0.0)
gen  37/80  filled= 192/1600  obj_max=0.0  obj_mean=0.00  qd_score=0.0  (53.2s, gen_max_obj=0.0)
gen  38/80  filled= 198/1600  obj_max=0.0  obj_mean=0.00  qd_score=0.0  (53.9s, gen_max_obj=0.0)
gen  39/80  filled= 212/1600  obj_max=0.0  obj_mean=0.00  qd_score=0.0  (53.1s, gen_max_obj=0.0)
gen  40/80  filled= 224/1600  obj_max=0.0  obj_mean=0.00  qd_score=0.0  (53.4s, gen_max_obj=0.0)
gen  41/80  filled= 232/1600  obj_max=0.0  obj_mean=0.00  qd_score=0.0  (53.2s, gen_max_obj=0.0)
gen  42/80  filled= 241/1600  obj_max=0.0  obj_mean=0.00  qd_score=0.0  (53.0s, gen_max_obj=0.0)
gen  43/80  filled= 250/1600  obj_max=0.0  obj_mean=0.00  qd_score=0.0  (53.3s, gen_max_obj=0.0)
gen  44/80  filled= 256/1600  obj_max=0.0  obj_mean=0.00  qd_score=0.0  (53.7s, gen_max_obj=0.0)
gen  45/80  filled= 260/1600  obj_max=0.0  obj_mean=0.00  qd_score=0.0  (53.3s, gen_max_obj=0.0)
gen  46/80  filled= 264/1600  obj_max=0.0  obj_mean=0.00  qd_score=0.0  (53.1s, gen_max_obj=0.0)
gen  47/80  filled= 265/1600  obj_max=0.0  obj_mean=0.00  qd_score=0.0  (53.2s, gen_max_obj=0.0)
gen  48/80  filled= 267/1600  obj_max=0.0  obj_mean=0.00  qd_score=0.0  (53.2s, gen_max_obj=0.0)
gen  49/80  filled= 268/1600  obj_max=0.0  obj_mean=0.00  qd_score=0.0  (53.6s, gen_max_obj=0.0)
gen  50/80  filled= 269/1600  obj_max=0.0  obj_mean=0.00  qd_score=0.0  (53.4s, gen_max_obj=0.0)
gen  51/80  filled= 275/1600  obj_max=0.0  obj_mean=0.00  qd_score=0.0  (53.1s, gen_max_obj=0.0)
gen  52/80  filled= 275/1600  obj_max=0.0  obj_mean=0.00  qd_score=0.0  (53.3s, gen_max_obj=0.0)
gen  53/80  filled= 275/1600  obj_max=0.0  obj_mean=0.00  qd_score=0.0  (53.3s, gen_max_obj=0.0)
gen  54/80  filled= 277/1600  obj_max=0.0  obj_mean=0.00  qd_score=0.0  (53.2s, gen_max_obj=0.0)
gen  55/80  filled= 278/1600  obj_max=0.0  obj_mean=0.00  qd_score=0.0  (53.3s, gen_max_obj=0.0)
gen  56/80  filled= 279/1600  obj_max=0.0  obj_mean=0.00  qd_score=0.0  (53.3s, gen_max_obj=0.0)
gen  57/80  filled= 280/1600  obj_max=0.0  obj_mean=0.00  qd_score=0.0  (53.5s, gen_max_obj=0.0)
gen  58/80  filled= 281/1600  obj_max=0.0  obj_mean=0.00  qd_score=0.0  (53.2s, gen_max_obj=0.0)
gen  59/80  filled= 281/1600  obj_max=0.0  obj_mean=0.00  qd_score=0.0  (53.5s, gen_max_obj=0.0)
gen  60/80  filled= 282/1600  obj_max=0.0  obj_mean=0.00  qd_score=0.0  (53.0s, gen_max_obj=0.0)
gen  61/80  filled= 284/1600  obj_max=0.0  obj_mean=0.00  qd_score=0.0  (53.9s, gen_max_obj=0.0)
gen  62/80  filled= 285/1600  obj_max=0.0  obj_mean=0.00  qd_score=0.0  (53.1s, gen_max_obj=0.0)
gen  63/80  filled= 285/1600  obj_max=0.0  obj_mean=0.00  qd_score=0.0  (53.5s, gen_max_obj=0.0)
gen  64/80  filled= 286/1600  obj_max=0.0  obj_mean=0.00  qd_score=0.0  (53.1s, gen_max_obj=0.0)
gen  65/80  filled= 286/1600  obj_max=0.0  obj_mean=0.00  qd_score=0.0  (53.1s, gen_max_obj=0.0)
gen  66/80  filled= 289/1600  obj_max=0.0  obj_mean=0.00  qd_score=0.0  (53.9s, gen_max_obj=0.0)
gen  67/80  filled= 290/1600  obj_max=0.0  obj_mean=0.00  qd_score=0.0  (53.3s, gen_max_obj=0.0)
gen  68/80  filled= 292/1600  obj_max=0.0  obj_mean=0.00  qd_score=0.0  (53.3s, gen_max_obj=0.0)
gen  69/80  filled= 294/1600  obj_max=0.0  obj_mean=0.00  qd_score=0.0  (53.6s, gen_max_obj=0.0)
gen  70/80  filled= 294/1600  obj_max=0.0  obj_mean=0.00  qd_score=0.0  (53.5s, gen_max_obj=0.0)
gen  71/80  filled= 295/1600  obj_max=0.0  obj_mean=0.00  qd_score=0.0  (53.9s, gen_max_obj=0.0)
gen  72/80  filled= 295/1600  obj_max=0.0  obj_mean=0.00  qd_score=0.0  (53.7s, gen_max_obj=0.0)
gen  73/80  filled= 297/1600  obj_max=0.0  obj_mean=0.00  qd_score=0.0  (53.0s, gen_max_obj=0.0)
gen  74/80  filled= 300/1600  obj_max=0.0  obj_mean=0.00  qd_score=0.0  (53.2s, gen_max_obj=0.0)
gen  75/80  filled= 302/1600  obj_max=0.0  obj_mean=0.00  qd_score=0.0  (53.3s, gen_max_obj=0.0)
gen  76/80  filled= 304/1600  obj_max=0.0  obj_mean=0.00  qd_score=0.0  (53.4s, gen_max_obj=0.0)
gen  77/80  filled= 305/1600  obj_max=0.0  obj_mean=0.00  qd_score=0.0  (53.5s, gen_max_obj=0.0)
gen  78/80  filled= 306/1600  obj_max=0.0  obj_mean=0.00  qd_score=0.0  (53.5s, gen_max_obj=0.0)
gen  79/80  filled= 306/1600  obj_max=0.0  obj_mean=0.00  qd_score=0.0  (53.1s, gen_max_obj=0.0)
gen  80/80  filled= 306/1600  obj_max=0.0  obj_mean=0.00  qd_score=0.0  (53.5s, gen_max_obj=0.0)

total: 4271.2s
saved archive to results/ec_rich_deepconv_pop_80g.npz (306 elites)

==== tape_300_growth :: Wed Jun  3 03:18:48 EDT 2026 ====
args: --policy tape --gens 50 --emitters 5 --batch 20 --n-actions 300 --ticks-per-action 100 --fitness growth
policy = tape  params = 900  sigma0 = 1.0  es = cma_es
fitness = growth
archive = 40x40 = 1600 cells
running with 8 worker processes
running 50 generations, 5 emitters x 20 solutions = 100 evals/gen
/Users/juliantogelius/Library/Python/3.9/lib/python/site-packages/ribs/emitters/opt/_cma_es.py:299: RuntimeWarning: divide by zero encountered in matmul
  z = np.matmul(self.cov.invsqrt, y)
/Users/juliantogelius/Library/Python/3.9/lib/python/site-packages/ribs/emitters/opt/_cma_es.py:299: RuntimeWarning: overflow encountered in matmul
  z = np.matmul(self.cov.invsqrt, y)
/Users/juliantogelius/Library/Python/3.9/lib/python/site-packages/ribs/emitters/opt/_cma_es.py:299: RuntimeWarning: invalid value encountered in matmul
  z = np.matmul(self.cov.invsqrt, y)
/Users/juliantogelius/Library/Python/3.9/lib/python/site-packages/ribs/emitters/opt/_cma_es.py:299: RuntimeWarning: divide by zero encountered in matmul
  z = np.matmul(self.cov.invsqrt, y)
/Users/juliantogelius/Library/Python/3.9/lib/python/site-packages/ribs/emitters/opt/_cma_es.py:299: RuntimeWarning: overflow encountered in matmul
  z = np.matmul(self.cov.invsqrt, y)
/Users/juliantogelius/Library/Python/3.9/lib/python/site-packages/ribs/emitters/opt/_cma_es.py:299: RuntimeWarning: invalid value encountered in matmul
  z = np.matmul(self.cov.invsqrt, y)
gen   1/50  filled=  23/1600  obj_max=697.1  obj_mean=111.44  qd_score=2563.2  (28.3s, gen_max_obj=697.1)
gen   2/50  filled=  32/1600  obj_max=697.1  obj_mean=139.07  qd_score=4450.2  (26.0s, gen_max_obj=696.4)
gen   3/50  filled=  37/1600  obj_max=697.1  obj_mean=147.22  qd_score=5447.0  (25.7s, gen_max_obj=695.7)
gen   4/50  filled=  45/1600  obj_max=697.1  obj_mean=141.51  qd_score=6367.7  (25.7s, gen_max_obj=303.8)
gen   5/50  filled=  55/1600  obj_max=697.1  obj_mean=141.53  qd_score=7784.0  (25.6s, gen_max_obj=361.1)
gen   6/50  filled=  60/1600  obj_max=697.1  obj_mean=150.17  qd_score=9010.4  (26.1s, gen_max_obj=687.7)
gen   7/50  filled=  69/1600  obj_max=697.1  obj_mean=139.21  qd_score=9605.3  (25.7s, gen_max_obj=242.8)
gen   8/50  filled=  73/1600  obj_max=697.1  obj_mean=158.40  qd_score=11563.0  (25.4s, gen_max_obj=684.9)
gen   9/50  filled=  81/1600  obj_max=697.1  obj_mean=146.68  qd_score=11881.4  (25.8s, gen_max_obj=48.0)
gen  10/50  filled=  85/1600  obj_max=697.1  obj_mean=149.63  qd_score=12718.7  (26.1s, gen_max_obj=259.6)
gen  11/50  filled=  96/1600  obj_max=701.2  obj_mean=143.64  qd_score=13789.3  (25.8s, gen_max_obj=701.2)
gen  12/50  filled= 103/1600  obj_max=701.2  obj_mean=150.43  qd_score=15494.6  (25.8s, gen_max_obj=683.2)
gen  13/50  filled= 107/1600  obj_max=701.2  obj_mean=147.55  qd_score=15787.5  (26.0s, gen_max_obj=195.0)
gen  14/50  filled= 113/1600  obj_max=701.2  obj_mean=144.58  qd_score=16337.2  (26.0s, gen_max_obj=199.0)
gen  15/50  filled= 118/1600  obj_max=701.2  obj_mean=139.98  qd_score=16517.8  (26.6s, gen_max_obj=45.7)
gen  16/50  filled= 125/1600  obj_max=701.2  obj_mean=135.36  qd_score=16920.1  (26.7s, gen_max_obj=194.1)
gen  17/50  filled= 134/1600  obj_max=701.2  obj_mean=131.86  qd_score=17669.6  (25.9s, gen_max_obj=362.0)
gen  18/50  filled= 139/1600  obj_max=701.2  obj_mean=135.15  qd_score=18786.5  (26.3s, gen_max_obj=672.0)
gen  19/50  filled= 146/1600  obj_max=701.2  obj_mean=130.17  qd_score=19005.1  (25.9s, gen_max_obj=37.2)
gen  20/50  filled= 152/1600  obj_max=701.2  obj_mean=126.15  qd_score=19175.4  (25.9s, gen_max_obj=39.3)
gen  21/50  filled= 159/1600  obj_max=701.2  obj_mean=121.96  qd_score=19392.4  (26.1s, gen_max_obj=38.2)
gen  22/50  filled= 166/1600  obj_max=701.2  obj_mean=119.05  qd_score=19761.7  (25.8s, gen_max_obj=190.3)
gen  23/50  filled= 173/1600  obj_max=701.2  obj_mean=116.21  qd_score=20103.5  (26.1s, gen_max_obj=192.4)
gen  24/50  filled= 177/1600  obj_max=701.2  obj_mean=115.10  qd_score=20373.6  (25.9s, gen_max_obj=188.4)
gen  25/50  filled= 184/1600  obj_max=701.2  obj_mean=113.60  qd_score=20902.1  (25.9s, gen_max_obj=357.5)
gen  26/50  filled= 188/1600  obj_max=701.2  obj_mean=112.67  qd_score=21181.6  (26.0s, gen_max_obj=213.2)
gen  27/50  filled= 193/1600  obj_max=701.2  obj_mean=112.16  qd_score=21646.7  (25.9s, gen_max_obj=352.9)
gen  28/50  filled= 197/1600  obj_max=701.2  obj_mean=110.42  qd_score=21753.3  (25.9s, gen_max_obj=33.3)
gen  29/50  filled= 200/1600  obj_max=701.2  obj_mean=109.95  qd_score=21990.3  (25.9s, gen_max_obj=193.4)
gen  30/50  filled= 206/1600  obj_max=701.2  obj_mean=107.46  qd_score=22137.3  (26.4s, gen_max_obj=35.5)
gen  31/50  filled= 208/1600  obj_max=701.2  obj_mean=106.76  qd_score=22205.1  (25.7s, gen_max_obj=38.8)
gen  32/50  filled= 209/1600  obj_max=701.2  obj_mean=107.92  qd_score=22555.3  (25.9s, gen_max_obj=357.4)
gen  33/50  filled= 214/1600  obj_max=701.2  obj_mean=105.95  qd_score=22673.6  (25.8s, gen_max_obj=30.1)
gen  34/50  filled= 216/1600  obj_max=701.2  obj_mean=105.19  qd_score=22720.9  (25.8s, gen_max_obj=31.2)
gen  35/50  filled= 223/1600  obj_max=701.2  obj_mean=102.64  qd_score=22889.4  (25.9s, gen_max_obj=29.1)
gen  36/50  filled= 228/1600  obj_max=701.2  obj_mean=100.94  qd_score=23013.9  (25.8s, gen_max_obj=31.5)
gen  37/50  filled= 233/1600  obj_max=701.2  obj_mean=99.25  qd_score=23124.5  (25.8s, gen_max_obj=29.7)
gen  38/50  filled= 235/1600  obj_max=701.2  obj_mean=99.47  qd_score=23375.7  (26.1s, gen_max_obj=230.1)
gen  39/50  filled= 237/1600  obj_max=701.2  obj_mean=98.88  qd_score=23435.3  (26.0s, gen_max_obj=30.6)
gen  40/50  filled= 240/1600  obj_max=701.2  obj_mean=99.49  qd_score=23878.1  (25.9s, gen_max_obj=387.3)
gen  41/50  filled= 241/1600  obj_max=701.2  obj_mean=99.17  qd_score=23899.8  (25.8s, gen_max_obj=184.1)
gen  42/50  filled= 244/1600  obj_max=701.2  obj_mean=98.24  qd_score=23969.4  (26.3s, gen_max_obj=29.1)
gen  43/50  filled= 245/1600  obj_max=701.2  obj_mean=97.96  qd_score=24001.0  (25.9s, gen_max_obj=27.2)
gen  44/50  filled= 248/1600  obj_max=701.2  obj_mean=99.61  qd_score=24703.8  (25.9s, gen_max_obj=668.2)
gen  45/50  filled= 251/1600  obj_max=701.2  obj_mean=98.65  qd_score=24761.2  (25.9s, gen_max_obj=29.4)
/Users/juliantogelius/Library/Python/3.9/lib/python/site-packages/ribs/emitters/opt/_cma_es.py:73: RuntimeWarning: divide by zero encountered in matmul
  self.invsqrt = (
/Users/juliantogelius/Library/Python/3.9/lib/python/site-packages/ribs/emitters/opt/_cma_es.py:73: RuntimeWarning: overflow encountered in matmul
  self.invsqrt = (
/Users/juliantogelius/Library/Python/3.9/lib/python/site-packages/ribs/emitters/opt/_cma_es.py:73: RuntimeWarning: invalid value encountered in matmul
  self.invsqrt = (
gen  46/50  filled= 251/1600  obj_max=701.2  obj_mean=99.35  qd_score=24936.2  (25.9s, gen_max_obj=184.8)
gen  47/50  filled= 252/1600  obj_max=701.2  obj_mean=99.04  qd_score=24957.4  (25.8s, gen_max_obj=26.1)
gen  48/50  filled= 255/1600  obj_max=701.2  obj_mean=98.06  qd_score=25006.5  (25.8s, gen_max_obj=25.9)
gen  49/50  filled= 259/1600  obj_max=701.2  obj_mean=96.90  qd_score=25096.6  (25.8s, gen_max_obj=26.3)
gen  50/50  filled= 264/1600  obj_max=701.2  obj_mean=95.44  qd_score=25196.2  (25.8s, gen_max_obj=26.9)

total: 1298.7s
saved archive to results/ec_tape_300_growth.npz (264 elites)

==== rich_deepconv_small_growth_120g :: Wed Jun  3 03:40:28 EDT 2026 ====
args: --policy rich_deepconv --policy-channels 8,16 --gens 120 --emitters 5 --batch 20 --n-actions 100 --ticks-per-action 100 --fitness growth
policy = rich_deepconv  params = 5084  sigma0 = 0.2  es = sep_cma_es
fitness = growth
archive = 40x40 = 1600 cells
running with 8 worker processes
running 120 generations, 5 emitters x 20 solutions = 100 evals/gen
gen   1/120  filled=   7/1600  obj_max=13.6  obj_mean=7.87  qd_score=55.1  (35.5s, gen_max_obj=13.6)
gen   2/120  filled=  11/1600  obj_max=24.1  obj_mean=7.86  qd_score=86.5  (33.1s, gen_max_obj=24.1)
gen   3/120  filled=  14/1600  obj_max=106.4  obj_mean=16.39  qd_score=229.5  (33.5s, gen_max_obj=106.4)
gen   4/120  filled=  19/1600  obj_max=106.4  obj_mean=15.77  qd_score=299.6  (32.7s, gen_max_obj=83.2)
gen   5/120  filled=  23/1600  obj_max=106.4  obj_mean=14.49  qd_score=333.3  (32.6s, gen_max_obj=87.8)
gen   6/120  filled=  28/1600  obj_max=106.4  obj_mean=15.22  qd_score=426.1  (32.5s, gen_max_obj=41.5)
gen   7/120  filled=  36/1600  obj_max=106.4  obj_mean=15.01  qd_score=540.2  (32.5s, gen_max_obj=42.6)
gen   8/120  filled=  40/1600  obj_max=106.4  obj_mean=15.74  qd_score=629.6  (32.4s, gen_max_obj=35.6)
gen   9/120  filled=  43/1600  obj_max=106.4  obj_mean=15.82  qd_score=680.4  (32.6s, gen_max_obj=68.1)
gen  10/120  filled=  46/1600  obj_max=106.4  obj_mean=15.54  qd_score=714.7  (32.7s, gen_max_obj=28.7)
gen  11/120  filled=  52/1600  obj_max=106.4  obj_mean=16.15  qd_score=839.6  (32.4s, gen_max_obj=74.8)
gen  12/120  filled=  60/1600  obj_max=118.0  obj_mean=17.68  qd_score=1060.8  (32.9s, gen_max_obj=118.0)
gen  13/120  filled=  67/1600  obj_max=118.0  obj_mean=16.93  qd_score=1134.1  (32.6s, gen_max_obj=96.0)
gen  14/120  filled=  68/1600  obj_max=118.0  obj_mean=18.11  qd_score=1231.6  (32.3s, gen_max_obj=118.0)
gen  15/120  filled=  70/1600  obj_max=118.0  obj_mean=19.01  qd_score=1330.7  (32.5s, gen_max_obj=118.0)
gen  16/120  filled=  81/1600  obj_max=118.0  obj_mean=19.99  qd_score=1618.9  (32.7s, gen_max_obj=118.0)
gen  17/120  filled=  85/1600  obj_max=118.0  obj_mean=21.47  qd_score=1824.6  (32.6s, gen_max_obj=118.0)
gen  18/120  filled=  89/1600  obj_max=118.0  obj_mean=20.95  qd_score=1864.9  (32.7s, gen_max_obj=118.0)
gen  19/120  filled=  94/1600  obj_max=118.0  obj_mean=21.33  qd_score=2004.7  (32.5s, gen_max_obj=118.0)
gen  20/120  filled=  98/1600  obj_max=118.0  obj_mean=21.40  qd_score=2096.7  (32.7s, gen_max_obj=118.0)
gen  21/120  filled= 102/1600  obj_max=118.0  obj_mean=22.85  qd_score=2330.9  (33.0s, gen_max_obj=118.0)
gen  22/120  filled= 107/1600  obj_max=118.9  obj_mean=25.04  qd_score=2678.9  (32.4s, gen_max_obj=118.9)
gen  23/120  filled= 110/1600  obj_max=118.9  obj_mean=26.65  qd_score=2931.1  (32.6s, gen_max_obj=118.0)
gen  24/120  filled= 116/1600  obj_max=118.9  obj_mean=29.24  qd_score=3392.1  (32.7s, gen_max_obj=118.9)
gen  25/120  filled= 124/1600  obj_max=118.9  obj_mean=29.81  qd_score=3696.0  (32.7s, gen_max_obj=118.0)
gen  26/120  filled= 135/1600  obj_max=118.9  obj_mean=30.25  qd_score=4083.7  (32.7s, gen_max_obj=118.9)
gen  27/120  filled= 147/1600  obj_max=118.9  obj_mean=29.34  qd_score=4312.6  (32.6s, gen_max_obj=118.9)
gen  28/120  filled= 154/1600  obj_max=118.9  obj_mean=29.42  qd_score=4530.4  (33.0s, gen_max_obj=118.0)
gen  29/120  filled= 161/1600  obj_max=118.9  obj_mean=28.74  qd_score=4627.1  (32.6s, gen_max_obj=118.9)
gen  30/120  filled= 171/1600  obj_max=118.9  obj_mean=28.28  qd_score=4835.6  (32.9s, gen_max_obj=118.0)
gen  31/120  filled= 185/1600  obj_max=118.9  obj_mean=27.14  qd_score=5021.7  (33.0s, gen_max_obj=118.0)
gen  32/120  filled= 198/1600  obj_max=118.9  obj_mean=26.94  qd_score=5333.7  (32.9s, gen_max_obj=118.0)
gen  33/120  filled= 203/1600  obj_max=118.9  obj_mean=27.03  qd_score=5487.7  (32.7s, gen_max_obj=118.0)
gen  34/120  filled= 209/1600  obj_max=118.9  obj_mean=27.17  qd_score=5678.7  (32.8s, gen_max_obj=118.0)
gen  35/120  filled= 217/1600  obj_max=118.9  obj_mean=27.14  qd_score=5888.6  (32.8s, gen_max_obj=118.0)
gen  36/120  filled= 224/1600  obj_max=118.9  obj_mean=27.87  qd_score=6242.4  (32.6s, gen_max_obj=118.0)
gen  37/120  filled= 229/1600  obj_max=118.9  obj_mean=28.16  qd_score=6449.1  (32.7s, gen_max_obj=118.0)
gen  38/120  filled= 234/1600  obj_max=118.9  obj_mean=28.87  qd_score=6756.4  (32.7s, gen_max_obj=118.0)
gen  39/120  filled= 237/1600  obj_max=118.9  obj_mean=28.72  qd_score=6805.6  (32.7s, gen_max_obj=118.0)
gen  40/120  filled= 241/1600  obj_max=118.9  obj_mean=29.06  qd_score=7002.6  (33.1s, gen_max_obj=118.0)
gen  41/120  filled= 249/1600  obj_max=118.9  obj_mean=29.21  qd_score=7273.2  (32.8s, gen_max_obj=118.9)
gen  42/120  filled= 254/1600  obj_max=118.9  obj_mean=30.02  qd_score=7624.0  (32.6s, gen_max_obj=118.0)
gen  43/120  filled= 256/1600  obj_max=118.9  obj_mean=30.36  qd_score=7771.7  (32.7s, gen_max_obj=118.0)
gen  44/120  filled= 263/1600  obj_max=118.9  obj_mean=30.60  qd_score=8047.9  (32.7s, gen_max_obj=118.9)
gen  45/120  filled= 270/1600  obj_max=118.9  obj_mean=30.25  qd_score=8167.2  (32.8s, gen_max_obj=118.9)
gen  46/120  filled= 274/1600  obj_max=118.9  obj_mean=30.39  qd_score=8327.9  (33.0s, gen_max_obj=118.0)
gen  47/120  filled= 277/1600  obj_max=118.9  obj_mean=30.67  qd_score=8495.9  (32.8s, gen_max_obj=118.0)
gen  48/120  filled= 280/1600  obj_max=118.9  obj_mean=30.91  qd_score=8655.9  (32.7s, gen_max_obj=118.0)
gen  49/120  filled= 281/1600  obj_max=118.9  obj_mean=31.61  qd_score=8882.7  (33.2s, gen_max_obj=118.9)
gen  50/120  filled= 284/1600  obj_max=118.9  obj_mean=31.57  qd_score=8964.8  (32.8s, gen_max_obj=118.0)
gen  51/120  filled= 285/1600  obj_max=118.9  obj_mean=31.92  qd_score=9098.6  (32.6s, gen_max_obj=118.0)
gen  52/120  filled= 287/1600  obj_max=118.9  obj_mean=31.87  qd_score=9147.2  (32.8s, gen_max_obj=118.0)
gen  53/120  filled= 291/1600  obj_max=118.9  obj_mean=31.77  qd_score=9244.3  (32.5s, gen_max_obj=118.0)
gen  54/120  filled= 296/1600  obj_max=118.9  obj_mean=32.34  qd_score=9573.5  (33.1s, gen_max_obj=118.0)
gen  55/120  filled= 298/1600  obj_max=118.9  obj_mean=32.56  qd_score=9701.7  (33.1s, gen_max_obj=118.0)
gen  56/120  filled= 301/1600  obj_max=118.9  obj_mean=32.50  qd_score=9783.0  (32.9s, gen_max_obj=118.0)
gen  57/120  filled= 307/1600  obj_max=118.9  obj_mean=32.33  qd_score=9926.0  (32.8s, gen_max_obj=118.0)
gen  58/120  filled= 314/1600  obj_max=118.9  obj_mean=32.12  qd_score=10086.5  (32.7s, gen_max_obj=118.0)
gen  59/120  filled= 317/1600  obj_max=118.9  obj_mean=32.05  qd_score=10158.4  (32.9s, gen_max_obj=118.0)
gen  60/120  filled= 322/1600  obj_max=118.9  obj_mean=31.75  qd_score=10222.6  (32.7s, gen_max_obj=118.9)
gen  61/120  filled= 328/1600  obj_max=118.9  obj_mean=31.41  qd_score=10303.9  (32.8s, gen_max_obj=116.8)
gen  62/120  filled= 333/1600  obj_max=118.9  obj_mean=31.37  qd_score=10445.8  (32.6s, gen_max_obj=118.0)
gen  63/120  filled= 334/1600  obj_max=118.9  obj_mean=31.35  qd_score=10471.4  (32.7s, gen_max_obj=118.0)
gen  64/120  filled= 339/1600  obj_max=118.9  obj_mean=31.09  qd_score=10538.7  (32.7s, gen_max_obj=118.0)
gen  65/120  filled= 341/1600  obj_max=118.9  obj_mean=31.18  qd_score=10633.2  (32.9s, gen_max_obj=118.0)
gen  66/120  filled= 344/1600  obj_max=118.9  obj_mean=31.07  qd_score=10688.6  (32.7s, gen_max_obj=118.0)
gen  67/120  filled= 344/1600  obj_max=118.9  obj_mean=31.29  qd_score=10764.9  (32.9s, gen_max_obj=109.1)
gen  68/120  filled= 346/1600  obj_max=118.9  obj_mean=31.22  qd_score=10800.8  (33.2s, gen_max_obj=118.9)
gen  69/120  filled= 347/1600  obj_max=118.9  obj_mean=31.40  qd_score=10894.2  (32.8s, gen_max_obj=118.0)
gen  70/120  filled= 347/1600  obj_max=118.9  obj_mean=31.59  qd_score=10962.3  (32.6s, gen_max_obj=118.0)
gen  71/120  filled= 348/1600  obj_max=118.9  obj_mean=31.58  qd_score=10988.2  (32.7s, gen_max_obj=118.0)
gen  72/120  filled= 350/1600  obj_max=118.9  obj_mean=31.64  qd_score=11074.1  (32.8s, gen_max_obj=118.9)
gen  73/120  filled= 352/1600  obj_max=118.9  obj_mean=31.98  qd_score=11256.0  (32.6s, gen_max_obj=116.8)
gen  74/120  filled= 353/1600  obj_max=118.9  obj_mean=31.95  qd_score=11278.4  (32.8s, gen_max_obj=118.0)
gen  75/120  filled= 353/1600  obj_max=118.9  obj_mean=31.99  qd_score=11291.7  (32.6s, gen_max_obj=118.0)
gen  76/120  filled= 353/1600  obj_max=118.9  obj_mean=32.12  qd_score=11338.4  (32.6s, gen_max_obj=118.0)
gen  77/120  filled= 353/1600  obj_max=118.9  obj_mean=32.30  qd_score=11401.5  (33.2s, gen_max_obj=118.0)
gen  78/120  filled= 354/1600  obj_max=118.9  obj_mean=32.26  qd_score=11421.8  (32.6s, gen_max_obj=118.0)
gen  79/120  filled= 354/1600  obj_max=118.9  obj_mean=32.27  qd_score=11425.3  (32.8s, gen_max_obj=118.0)
gen  80/120  filled= 354/1600  obj_max=118.9  obj_mean=32.28  qd_score=11428.6  (32.9s, gen_max_obj=118.0)
gen  81/120  filled= 356/1600  obj_max=118.9  obj_mean=32.20  qd_score=11463.2  (32.6s, gen_max_obj=118.0)
gen  82/120  filled= 356/1600  obj_max=118.9  obj_mean=32.20  qd_score=11463.6  (32.9s, gen_max_obj=118.0)
gen  83/120  filled= 356/1600  obj_max=118.9  obj_mean=32.20  qd_score=11463.9  (33.5s, gen_max_obj=118.0)
gen  84/120  filled= 356/1600  obj_max=118.9  obj_mean=32.23  qd_score=11473.8  (33.1s, gen_max_obj=118.0)
gen  85/120  filled= 356/1600  obj_max=118.9  obj_mean=32.23  qd_score=11475.3  (32.4s, gen_max_obj=118.0)
gen  86/120  filled= 356/1600  obj_max=118.9  obj_mean=32.24  qd_score=11477.0  (32.9s, gen_max_obj=28.5)
gen  87/120  filled= 356/1600  obj_max=118.9  obj_mean=32.26  qd_score=11482.9  (32.5s, gen_max_obj=63.3)
gen  88/120  filled= 356/1600  obj_max=118.9  obj_mean=32.26  qd_score=11483.2  (32.7s, gen_max_obj=25.7)
gen  89/120  filled= 356/1600  obj_max=118.9  obj_mean=32.27  qd_score=11487.8  (32.4s, gen_max_obj=27.6)
gen  90/120  filled= 356/1600  obj_max=118.9  obj_mean=32.27  qd_score=11488.6  (32.5s, gen_max_obj=41.2)
gen  91/120  filled= 356/1600  obj_max=118.9  obj_mean=32.27  qd_score=11488.9  (32.5s, gen_max_obj=28.8)
gen  92/120  filled= 356/1600  obj_max=118.9  obj_mean=32.28  qd_score=11493.1  (32.6s, gen_max_obj=39.0)
gen  93/120  filled= 356/1600  obj_max=118.9  obj_mean=32.29  qd_score=11493.7  (32.8s, gen_max_obj=30.8)
gen  94/120  filled= 356/1600  obj_max=118.9  obj_mean=32.29  qd_score=11493.8  (32.5s, gen_max_obj=36.0)
gen  95/120  filled= 356/1600  obj_max=118.9  obj_mean=32.31  qd_score=11501.2  (32.6s, gen_max_obj=29.4)
gen  96/120  filled= 356/1600  obj_max=118.9  obj_mean=32.32  qd_score=11504.2  (32.8s, gen_max_obj=31.1)
gen  97/120  filled= 356/1600  obj_max=118.9  obj_mean=32.32  qd_score=11504.2  (32.8s, gen_max_obj=57.5)
gen  98/120  filled= 356/1600  obj_max=118.9  obj_mean=32.32  qd_score=11504.6  (32.6s, gen_max_obj=72.7)
gen  99/120  filled= 356/1600  obj_max=118.9  obj_mean=32.33  qd_score=11508.4  (32.5s, gen_max_obj=51.9)
gen 100/120  filled= 356/1600  obj_max=118.9  obj_mean=32.33  qd_score=11508.8  (32.5s, gen_max_obj=20.3)
gen 101/120  filled= 356/1600  obj_max=118.9  obj_mean=32.34  qd_score=11511.9  (32.9s, gen_max_obj=78.6)
gen 102/120  filled= 356/1600  obj_max=118.9  obj_mean=32.34  qd_score=11511.9  (32.4s, gen_max_obj=13.2)
gen 103/120  filled= 356/1600  obj_max=118.9  obj_mean=32.34  qd_score=11514.4  (32.5s, gen_max_obj=41.8)
gen 104/120  filled= 356/1600  obj_max=118.9  obj_mean=32.35  qd_score=11517.4  (32.7s, gen_max_obj=44.5)
gen 105/120  filled= 356/1600  obj_max=118.9  obj_mean=32.35  qd_score=11517.4  (32.8s, gen_max_obj=38.0)
gen 106/120  filled= 356/1600  obj_max=118.9  obj_mean=32.35  qd_score=11517.4  (32.6s, gen_max_obj=19.5)
gen 107/120  filled= 356/1600  obj_max=118.9  obj_mean=32.36  qd_score=11518.5  (32.4s, gen_max_obj=20.9)
gen 108/120  filled= 356/1600  obj_max=118.9  obj_mean=32.36  qd_score=11518.5  (32.7s, gen_max_obj=22.1)
gen 109/120  filled= 356/1600  obj_max=118.9  obj_mean=32.36  qd_score=11518.5  (32.5s, gen_max_obj=17.1)
gen 110/120  filled= 356/1600  obj_max=118.9  obj_mean=32.36  qd_score=11518.5  (32.5s, gen_max_obj=18.2)
gen 111/120  filled= 356/1600  obj_max=118.9  obj_mean=32.36  qd_score=11518.5  (32.5s, gen_max_obj=15.2)
gen 112/120  filled= 356/1600  obj_max=118.9  obj_mean=32.36  qd_score=11518.6  (32.5s, gen_max_obj=17.8)
gen 113/120  filled= 356/1600  obj_max=118.9  obj_mean=32.36  qd_score=11519.7  (32.5s, gen_max_obj=25.9)
gen 114/120  filled= 356/1600  obj_max=118.9  obj_mean=32.36  qd_score=11519.7  (33.0s, gen_max_obj=21.1)
gen 115/120  filled= 356/1600  obj_max=118.9  obj_mean=32.36  qd_score=11519.7  (32.6s, gen_max_obj=52.3)
gen 116/120  filled= 356/1600  obj_max=118.9  obj_mean=32.37  qd_score=11522.9  (32.7s, gen_max_obj=46.8)
gen 117/120  filled= 356/1600  obj_max=118.9  obj_mean=32.37  qd_score=11522.9  (32.4s, gen_max_obj=27.9)
gen 118/120  filled= 356/1600  obj_max=118.9  obj_mean=32.37  qd_score=11522.9  (32.5s, gen_max_obj=20.1)
gen 119/120  filled= 356/1600  obj_max=118.9  obj_mean=32.37  qd_score=11523.0  (32.7s, gen_max_obj=13.0)
gen 120/120  filled= 356/1600  obj_max=118.9  obj_mean=32.37  qd_score=11523.0  (32.7s, gen_max_obj=12.6)

total: 3929.0s
saved archive to results/ec_rich_deepconv_small_growth_120g.npz (356 elites)

=== entropy_count end: Wed Jun  3 04:45:59 EDT 2026 ===
