policy = layout  params = 3751  sigma0 = 0.5  es = sep_cma_es
fitness = dense
archive = 20x20 = 400 cells
running with 8 worker processes
running 200 generations, 5 emitters x 20 solutions = 100 evals/gen
# started 2026-06-03 14:33:29  policy=layout gens=200 save=results/exp_2026-06-03_layout_ticks200k.npz
# started 2026-06-03 16:32:07  policy=layout gens=200 save=results/exp_2026-06-03_layout_ticks200k.npz
# started 2026-06-03 16:32:38  policy=layout gens=3 save=results/exp_2026-06-03_layout_ticks200k.npz
gen   1/3  filled=   8/400  obj_max=1107.6  obj_mean=669.67  qd_score=5357.4  (10.2s, gen_max_obj=1107.6)
gen   2/3  filled=   9/400  obj_max=1208.2  obj_mean=801.35  qd_score=7212.1  (8.8s, gen_max_obj=1208.2)
gen   3/3  filled=   9/400  obj_max=1484.9  obj_mean=919.22  qd_score=8273.0  (9.1s, gen_max_obj=1484.9)
# finished 2026-06-03 16:33:06  wall=28.2s
# started 2026-06-03 16:37:02  policy=layout gens=200 save=results/exp_2026-06-03_layout_ticks200k.npz
gen   1/200  filled=   8/400  obj_max=822.0  obj_mean=545.96  qd_score=4367.6  (10.5s, gen_max_obj=822.0)
gen   2/200  filled=   8/400  obj_max=945.8  obj_mean=662.02  qd_score=5296.1  (8.8s, gen_max_obj=945.8)
gen   3/200  filled=   8/400  obj_max=1324.6  obj_mean=765.42  qd_score=6123.4  (9.0s, gen_max_obj=1324.6)
gen   4/200  filled=   8/400  obj_max=1324.6  obj_mean=774.65  qd_score=6197.2  (9.3s, gen_max_obj=1268.3)
gen   5/200  filled=   9/400  obj_max=1324.6  obj_mean=806.77  qd_score=7260.9  (9.2s, gen_max_obj=1086.8)
gen   6/200  filled=  10/400  obj_max=1324.6  obj_mean=834.37  qd_score=8343.7  (9.3s, gen_max_obj=1082.8)
gen   7/200  filled=  10/400  obj_max=1324.6  obj_mean=875.13  qd_score=8751.3  (9.3s, gen_max_obj=1089.6)
gen   8/200  filled=  10/400  obj_max=1627.8  obj_mean=973.05  qd_score=9730.5  (9.2s, gen_max_obj=1627.8)
gen   9/200  filled=  11/400  obj_max=1627.8  obj_mean=1004.67  qd_score=11051.4  (9.2s, gen_max_obj=1325.9)
gen  10/200  filled=  12/400  obj_max=1627.8  obj_mean=944.81  qd_score=11337.7  (9.2s, gen_max_obj=1144.5)
gen  11/200  filled=  12/400  obj_max=1627.8  obj_mean=951.52  qd_score=11418.2  (9.2s, gen_max_obj=1207.6)
gen  12/200  filled=  12/400  obj_max=1627.8  obj_mean=985.08  qd_score=11820.9  (9.2s, gen_max_obj=1329.6)
gen  13/200  filled=  12/400  obj_max=1627.8  obj_mean=985.08  qd_score=11820.9  (9.2s, gen_max_obj=1287.0)
gen  14/200  filled=  12/400  obj_max=1627.8  obj_mean=1067.53  qd_score=12810.3  (9.4s, gen_max_obj=1449.2)
gen  15/200  filled=  12/400  obj_max=1627.8  obj_mean=1079.38  qd_score=12952.6  (9.3s, gen_max_obj=1389.1)
gen  16/200  filled=  12/400  obj_max=1627.8  obj_mean=1087.47  qd_score=13049.6  (9.3s, gen_max_obj=1208.9)
gen  17/200  filled=  12/400  obj_max=1627.8  obj_mean=1087.47  qd_score=13049.6  (9.3s, gen_max_obj=1125.8)
gen  18/200  filled=  12/400  obj_max=1627.8  obj_mean=1096.77  qd_score=13161.2  (9.1s, gen_max_obj=1328.0)
gen  19/200  filled=  12/400  obj_max=1627.8  obj_mean=1096.98  qd_score=13163.8  (9.2s, gen_max_obj=1147.1)
gen  20/200  filled=  12/400  obj_max=1627.8  obj_mean=1108.31  qd_score=13299.8  (9.1s, gen_max_obj=1169.4)
gen  21/200  filled=  12/400  obj_max=1627.8  obj_mean=1146.53  qd_score=13758.4  (9.3s, gen_max_obj=1446.7)
gen  22/200  filled=  12/400  obj_max=1627.8  obj_mean=1161.69  qd_score=13940.3  (9.1s, gen_max_obj=1405.9)
gen  23/200  filled=  12/400  obj_max=1627.8  obj_mean=1162.84  qd_score=13954.1  (9.1s, gen_max_obj=1323.5)
gen  24/200  filled=  12/400  obj_max=1627.8  obj_mean=1200.27  qd_score=14403.2  (9.1s, gen_max_obj=1472.4)
gen  25/200  filled=  13/400  obj_max=1627.8  obj_mean=1125.12  qd_score=14626.6  (9.1s, gen_max_obj=1183.4)
gen  26/200  filled=  13/400  obj_max=1627.8  obj_mean=1142.58  qd_score=14853.6  (9.7s, gen_max_obj=1445.7)
gen  27/200  filled=  14/400  obj_max=1627.8  obj_mean=1144.67  qd_score=16025.4  (9.3s, gen_max_obj=1326.1)
gen  28/200  filled=  14/400  obj_max=1627.8  obj_mean=1161.62  qd_score=16262.7  (9.8s, gen_max_obj=1525.7)
gen  29/200  filled=  14/400  obj_max=1627.8  obj_mean=1161.64  qd_score=16263.0  (9.7s, gen_max_obj=1325.1)
gen  30/200  filled=  14/400  obj_max=1627.8  obj_mean=1161.64  qd_score=16263.0  (9.8s, gen_max_obj=1304.1)
gen  31/200  filled=  14/400  obj_max=1848.6  obj_mean=1190.76  qd_score=16670.6  (9.6s, gen_max_obj=1848.6)
gen  32/200  filled=  14/400  obj_max=1848.6  obj_mean=1200.83  qd_score=16811.7  (9.7s, gen_max_obj=1547.0)
gen  33/200  filled=  14/400  obj_max=1848.6  obj_mean=1224.34  qd_score=17140.8  (10.1s, gen_max_obj=1589.1)
gen  34/200  filled=  15/400  obj_max=1848.6  obj_mean=1173.02  qd_score=17595.3  (10.0s, gen_max_obj=1367.4)
gen  35/200  filled=  15/400  obj_max=1848.6  obj_mean=1176.85  qd_score=17652.8  (10.2s, gen_max_obj=1507.4)
gen  36/200  filled=  15/400  obj_max=1848.6  obj_mean=1227.19  qd_score=18407.9  (10.2s, gen_max_obj=1446.0)
gen  37/200  filled=  16/400  obj_max=1848.6  obj_mean=1204.34  qd_score=19269.4  (10.2s, gen_max_obj=1386.5)
gen  38/200  filled=  16/400  obj_max=1848.6  obj_mean=1267.15  qd_score=20274.5  (10.2s, gen_max_obj=1648.7)
gen  39/200  filled=  16/400  obj_max=1848.6  obj_mean=1286.01  qd_score=20576.1  (9.8s, gen_max_obj=1449.1)
gen  40/200  filled=  17/400  obj_max=1848.6  obj_mean=1261.00  qd_score=21436.9  (10.1s, gen_max_obj=1524.1)
gen  41/200  filled=  17/400  obj_max=1848.6  obj_mean=1278.76  qd_score=21738.9  (10.1s, gen_max_obj=1529.3)
gen  42/200  filled=  18/400  obj_max=1848.6  obj_mean=1247.97  qd_score=22463.4  (10.2s, gen_max_obj=1632.3)
gen  43/200  filled=  18/400  obj_max=1848.6  obj_mean=1248.20  qd_score=22467.6  (10.6s, gen_max_obj=1652.9)
gen  44/200  filled=  18/400  obj_max=1848.6  obj_mean=1253.66  qd_score=22565.9  (10.8s, gen_max_obj=1590.5)
gen  45/200  filled=  18/400  obj_max=1848.6  obj_mean=1253.66  qd_score=22565.9  (10.9s, gen_max_obj=1426.4)
gen  46/200  filled=  18/400  obj_max=1848.6  obj_mean=1260.20  qd_score=22683.5  (10.9s, gen_max_obj=1567.5)
gen  47/200  filled=  18/400  obj_max=1848.6  obj_mean=1271.38  qd_score=22884.8  (10.4s, gen_max_obj=1748.2)
gen  48/200  filled=  18/400  obj_max=1848.6  obj_mean=1271.38  qd_score=22884.8  (10.5s, gen_max_obj=1586.7)
gen  49/200  filled=  18/400  obj_max=2187.9  obj_mean=1311.64  qd_score=23609.5  (10.6s, gen_max_obj=2187.9)
gen  50/200  filled=  18/400  obj_max=2187.9  obj_mean=1312.85  qd_score=23631.4  (10.7s, gen_max_obj=1406.4)
gen  51/200  filled=  18/400  obj_max=2187.9  obj_mean=1317.13  qd_score=23708.4  (10.5s, gen_max_obj=1729.9)
gen  52/200  filled=  18/400  obj_max=2187.9  obj_mean=1319.38  qd_score=23748.8  (10.4s, gen_max_obj=1510.6)
gen  53/200  filled=  18/400  obj_max=2187.9  obj_mean=1331.57  qd_score=23968.3  (10.1s, gen_max_obj=1506.0)
gen  54/200  filled=  18/400  obj_max=2187.9  obj_mean=1331.57  qd_score=23968.3  (10.5s, gen_max_obj=1410.3)
gen  55/200  filled=  18/400  obj_max=2187.9  obj_mean=1342.51  qd_score=24165.2  (10.7s, gen_max_obj=1786.0)
gen  56/200  filled=  18/400  obj_max=2187.9  obj_mean=1342.51  qd_score=24165.2  (10.4s, gen_max_obj=1712.0)
gen  57/200  filled=  18/400  obj_max=2187.9  obj_mean=1342.51  qd_score=24165.2  (10.5s, gen_max_obj=1710.1)
gen  58/200  filled=  18/400  obj_max=2187.9  obj_mean=1342.51  qd_score=24165.2  (10.0s, gen_max_obj=1407.5)
gen  59/200  filled=  18/400  obj_max=2187.9  obj_mean=1358.14  qd_score=24446.6  (10.5s, gen_max_obj=1911.2)
gen  60/200  filled=  18/400  obj_max=2187.9  obj_mean=1358.14  qd_score=24446.6  (10.7s, gen_max_obj=1649.9)
gen  61/200  filled=  18/400  obj_max=2187.9  obj_mean=1358.50  qd_score=24453.0  (10.5s, gen_max_obj=1553.3)
gen  62/200  filled=  18/400  obj_max=2187.9  obj_mean=1358.50  qd_score=24453.0  (10.6s, gen_max_obj=1828.7)
gen  63/200  filled=  18/400  obj_max=2187.9  obj_mean=1382.99  qd_score=24893.8  (10.5s, gen_max_obj=1568.8)
gen  64/200  filled=  18/400  obj_max=2187.9  obj_mean=1388.51  qd_score=24993.2  (10.5s, gen_max_obj=1908.8)
gen  65/200  filled=  18/400  obj_max=2187.9  obj_mean=1396.25  qd_score=25132.5  (10.5s, gen_max_obj=1749.7)
gen  66/200  filled=  18/400  obj_max=2187.9  obj_mean=1396.28  qd_score=25133.0  (10.3s, gen_max_obj=1729.9)
gen  67/200  filled=  18/400  obj_max=2187.9  obj_mean=1407.44  qd_score=25333.9  (10.8s, gen_max_obj=1770.5)
gen  68/200  filled=  18/400  obj_max=2187.9  obj_mean=1416.31  qd_score=25493.6  (10.7s, gen_max_obj=1509.6)
gen  69/200  filled=  18/400  obj_max=2187.9  obj_mean=1416.31  qd_score=25493.6  (10.9s, gen_max_obj=1448.3)
gen  70/200  filled=  18/400  obj_max=2187.9  obj_mean=1429.73  qd_score=25735.1  (10.9s, gen_max_obj=1768.7)
gen  71/200  filled=  18/400  obj_max=2187.9  obj_mean=1430.97  qd_score=25757.5  (11.2s, gen_max_obj=1665.8)
gen  72/200  filled=  18/400  obj_max=2187.9  obj_mean=1441.81  qd_score=25952.5  (10.8s, gen_max_obj=2043.6)
gen  73/200  filled=  19/400  obj_max=2187.9  obj_mean=1401.01  qd_score=26619.2  (11.2s, gen_max_obj=2027.9)
gen  74/200  filled=  19/400  obj_max=2187.9  obj_mean=1404.72  qd_score=26689.7  (10.9s, gen_max_obj=2107.5)
gen  75/200  filled=  19/400  obj_max=2187.9  obj_mean=1404.72  qd_score=26689.7  (11.1s, gen_max_obj=1810.2)
gen  76/200  filled=  19/400  obj_max=2190.8  obj_mean=1427.87  qd_score=27129.5  (11.1s, gen_max_obj=2190.8)
gen  77/200  filled=  19/400  obj_max=2190.8  obj_mean=1427.87  qd_score=27129.5  (11.0s, gen_max_obj=1988.2)
gen  78/200  filled=  20/400  obj_max=2190.8  obj_mean=1380.97  qd_score=27619.4  (10.9s, gen_max_obj=1747.1)
gen  79/200  filled=  20/400  obj_max=2190.8  obj_mean=1380.97  qd_score=27619.4  (11.1s, gen_max_obj=1787.7)
gen  80/200  filled=  20/400  obj_max=2190.8  obj_mean=1380.97  qd_score=27619.4  (10.7s, gen_max_obj=2048.8)
gen  81/200  filled=  20/400  obj_max=2190.8  obj_mean=1389.97  qd_score=27799.4  (11.0s, gen_max_obj=1968.9)
gen  82/200  filled=  20/400  obj_max=2190.8  obj_mean=1389.97  qd_score=27799.4  (10.6s, gen_max_obj=2109.4)
gen  83/200  filled=  20/400  obj_max=2190.8  obj_mean=1389.97  qd_score=27799.4  (11.4s, gen_max_obj=1748.3)
gen  84/200  filled=  21/400  obj_max=2190.8  obj_mean=1383.15  qd_score=29046.2  (11.0s, gen_max_obj=1870.2)
gen  85/200  filled=  21/400  obj_max=2190.8  obj_mean=1383.70  qd_score=29057.7  (11.1s, gen_max_obj=1866.2)
gen  86/200  filled=  21/400  obj_max=2190.8  obj_mean=1383.70  qd_score=29057.7  (10.9s, gen_max_obj=1589.8)
gen  87/200  filled=  21/400  obj_max=2190.8  obj_mean=1383.90  qd_score=29061.9  (11.4s, gen_max_obj=1684.9)
gen  88/200  filled=  21/400  obj_max=2190.8  obj_mean=1396.26  qd_score=29321.5  (10.5s, gen_max_obj=2005.3)
gen  89/200  filled=  21/400  obj_max=2190.8  obj_mean=1399.32  qd_score=29385.8  (10.8s, gen_max_obj=2069.6)
gen  90/200  filled=  21/400  obj_max=2190.8  obj_mean=1404.13  qd_score=29486.7  (10.9s, gen_max_obj=2005.3)
gen  91/200  filled=  21/400  obj_max=2190.8  obj_mean=1460.17  qd_score=30663.6  (11.0s, gen_max_obj=1868.6)
gen  92/200  filled=  21/400  obj_max=2190.8  obj_mean=1468.70  qd_score=30842.6  (11.1s, gen_max_obj=1948.6)
gen  93/200  filled=  21/400  obj_max=2190.8  obj_mean=1476.05  qd_score=30997.1  (10.9s, gen_max_obj=2186.0)
gen  94/200  filled=  21/400  obj_max=2190.8  obj_mean=1476.05  qd_score=30997.1  (11.1s, gen_max_obj=1883.9)
gen  95/200  filled=  21/400  obj_max=2190.8  obj_mean=1476.05  qd_score=30997.1  (11.2s, gen_max_obj=1727.8)
gen  96/200  filled=  21/400  obj_max=2190.8  obj_mean=1476.05  qd_score=30997.1  (10.6s, gen_max_obj=1747.3)
gen  97/200  filled=  21/400  obj_max=2190.8  obj_mean=1476.05  qd_score=30997.1  (10.8s, gen_max_obj=1947.0)
gen  98/200  filled=  21/400  obj_max=2190.8  obj_mean=1476.05  qd_score=30997.1  (11.1s, gen_max_obj=1927.8)
gen  99/200  filled=  21/400  obj_max=2190.8  obj_mean=1476.05  qd_score=30997.1  (11.4s, gen_max_obj=1785.7)
gen 100/200  filled=  21/400  obj_max=2190.8  obj_mean=1476.05  qd_score=30997.1  (10.8s, gen_max_obj=2067.4)
gen 101/200  filled=  21/400  obj_max=2190.8  obj_mean=1476.05  qd_score=30997.1  (10.9s, gen_max_obj=1828.0)
gen 102/200  filled=  21/400  obj_max=2190.8  obj_mean=1477.95  qd_score=31037.0  (10.8s, gen_max_obj=1908.9)
gen 103/200  filled=  21/400  obj_max=2190.8  obj_mean=1477.95  qd_score=31037.0  (10.9s, gen_max_obj=1987.3)
gen 104/200  filled=  21/400  obj_max=2190.8  obj_mean=1480.73  qd_score=31095.3  (11.3s, gen_max_obj=2169.3)
gen 105/200  filled=  21/400  obj_max=2190.8  obj_mean=1480.73  qd_score=31095.3  (11.0s, gen_max_obj=2087.4)
gen 106/200  filled=  21/400  obj_max=2190.8  obj_mean=1480.73  qd_score=31095.3  (11.0s, gen_max_obj=1929.6)
gen 107/200  filled=  21/400  obj_max=2190.8  obj_mean=1488.48  qd_score=31258.2  (10.8s, gen_max_obj=1930.7)
gen 108/200  filled=  21/400  obj_max=2190.8  obj_mean=1492.34  qd_score=31339.1  (11.0s, gen_max_obj=2009.1)
gen 109/200  filled=  21/400  obj_max=2190.8  obj_mean=1492.34  qd_score=31339.1  (11.2s, gen_max_obj=2006.6)
gen 110/200  filled=  21/400  obj_max=2190.8  obj_mean=1492.34  qd_score=31339.1  (11.4s, gen_max_obj=1848.6)
gen 111/200  filled=  21/400  obj_max=2190.8  obj_mean=1492.34  qd_score=31339.1  (11.1s, gen_max_obj=2088.0)
gen 112/200  filled=  21/400  obj_max=2190.8  obj_mean=1492.34  qd_score=31339.1  (11.1s, gen_max_obj=2067.0)
gen 113/200  filled=  21/400  obj_max=2190.8  obj_mean=1498.15  qd_score=31461.2  (11.3s, gen_max_obj=2069.0)
gen 114/200  filled=  21/400  obj_max=2190.8  obj_mean=1509.40  qd_score=31697.4  (11.0s, gen_max_obj=1950.6)
gen 115/200  filled=  21/400  obj_max=2190.8  obj_mean=1527.68  qd_score=32081.2  (11.4s, gen_max_obj=1925.3)
gen 116/200  filled=  21/400  obj_max=2190.8  obj_mean=1536.25  qd_score=32261.4  (11.2s, gen_max_obj=1970.4)
gen 117/200  filled=  21/400  obj_max=2190.8  obj_mean=1536.25  qd_score=32261.4  (11.1s, gen_max_obj=2027.2)
gen 118/200  filled=  21/400  obj_max=2190.8  obj_mean=1536.51  qd_score=32266.7  (10.8s, gen_max_obj=1829.9)
gen 119/200  filled=  21/400  obj_max=2190.8  obj_mean=1536.55  qd_score=32267.6  (11.4s, gen_max_obj=1831.3)
gen 120/200  filled=  21/400  obj_max=2190.8  obj_mean=1536.55  qd_score=32267.6  (11.1s, gen_max_obj=1786.8)
gen 121/200  filled=  21/400  obj_max=2190.8  obj_mean=1536.55  qd_score=32267.6  (11.4s, gen_max_obj=1890.0)
gen 122/200  filled=  21/400  obj_max=2190.8  obj_mean=1536.82  qd_score=32273.1  (11.4s, gen_max_obj=2171.4)
gen 123/200  filled=  21/400  obj_max=2190.8  obj_mean=1536.82  qd_score=32273.1  (11.6s, gen_max_obj=1887.5)
gen 124/200  filled=  21/400  obj_max=2190.8  obj_mean=1536.82  qd_score=32273.1  (11.3s, gen_max_obj=1850.2)
gen 125/200  filled=  21/400  obj_max=2190.8  obj_mean=1536.82  qd_score=32273.1  (11.4s, gen_max_obj=1771.0)
gen 126/200  filled=  21/400  obj_max=2211.3  obj_mean=1538.72  qd_score=32313.1  (11.3s, gen_max_obj=2211.3)
gen 127/200  filled=  21/400  obj_max=2211.3  obj_mean=1538.72  qd_score=32313.1  (11.3s, gen_max_obj=1789.6)
gen 128/200  filled=  21/400  obj_max=2211.3  obj_mean=1546.10  qd_score=32468.2  (11.0s, gen_max_obj=1887.8)
gen 129/200  filled=  21/400  obj_max=2430.4  obj_mean=1556.54  qd_score=32687.2  (11.4s, gen_max_obj=2430.4)
gen 130/200  filled=  21/400  obj_max=2430.4  obj_mean=1556.54  qd_score=32687.2  (10.8s, gen_max_obj=1967.8)
gen 131/200  filled=  21/400  obj_max=2430.4  obj_mean=1556.54  qd_score=32687.2  (10.7s, gen_max_obj=1949.0)
gen 132/200  filled=  21/400  obj_max=2430.4  obj_mean=1569.95  qd_score=32969.0  (10.6s, gen_max_obj=2107.9)
gen 133/200  filled=  21/400  obj_max=2430.4  obj_mean=1569.95  qd_score=32969.0  (10.1s, gen_max_obj=1989.7)
gen 134/200  filled=  21/400  obj_max=2430.4  obj_mean=1569.95  qd_score=32969.0  (10.0s, gen_max_obj=1909.7)
gen 135/200  filled=  21/400  obj_max=2430.4  obj_mean=1569.95  qd_score=32969.0  (10.3s, gen_max_obj=2049.7)
gen 136/200  filled=  21/400  obj_max=2430.4  obj_mean=1571.76  qd_score=33007.0  (10.4s, gen_max_obj=1851.1)
gen 137/200  filled=  21/400  obj_max=2430.4  obj_mean=1571.76  qd_score=33007.0  (10.3s, gen_max_obj=1748.3)
gen 138/200  filled=  21/400  obj_max=2430.4  obj_mean=1571.76  qd_score=33007.0  (10.4s, gen_max_obj=1810.7)
gen 139/200  filled=  21/400  obj_max=2430.4  obj_mean=1571.76  qd_score=33007.0  (10.3s, gen_max_obj=1688.6)
gen 140/200  filled=  21/400  obj_max=2430.4  obj_mean=1571.76  qd_score=33007.0  (10.1s, gen_max_obj=1911.0)
gen 141/200  filled=  21/400  obj_max=2430.4  obj_mean=1571.76  qd_score=33007.0  (10.3s, gen_max_obj=2031.1)
gen 142/200  filled=  21/400  obj_max=2430.4  obj_mean=1571.76  qd_score=33007.0  (10.3s, gen_max_obj=2010.1)
gen 143/200  filled=  21/400  obj_max=2430.4  obj_mean=1571.76  qd_score=33007.0  (10.5s, gen_max_obj=2009.1)
gen 144/200  filled=  21/400  obj_max=2430.4  obj_mean=1571.76  qd_score=33007.0  (10.3s, gen_max_obj=1910.9)
gen 145/200  filled=  21/400  obj_max=2430.4  obj_mean=1573.56  qd_score=33044.8  (10.3s, gen_max_obj=1889.0)
gen 146/200  filled=  21/400  obj_max=2430.4  obj_mean=1582.25  qd_score=33227.3  (11.2s, gen_max_obj=2368.4)
gen 147/200  filled=  21/400  obj_max=2430.4  obj_mean=1582.25  qd_score=33227.3  (11.2s, gen_max_obj=2130.8)
gen 148/200  filled=  21/400  obj_max=2430.4  obj_mean=1582.25  qd_score=33227.3  (10.6s, gen_max_obj=2031.0)
gen 149/200  filled=  21/400  obj_max=2430.4  obj_mean=1582.25  qd_score=33227.3  (10.4s, gen_max_obj=1951.0)
gen 150/200  filled=  21/400  obj_max=2430.4  obj_mean=1582.25  qd_score=33227.3  (10.2s, gen_max_obj=2369.7)
gen 151/200  filled=  21/400  obj_max=2430.4  obj_mean=1582.25  qd_score=33227.3  (10.1s, gen_max_obj=1891.4)
gen 152/200  filled=  21/400  obj_max=2430.4  obj_mean=1582.25  qd_score=33227.3  (10.3s, gen_max_obj=2091.6)
gen 153/200  filled=  21/400  obj_max=2430.4  obj_mean=1582.25  qd_score=33227.3  (10.8s, gen_max_obj=1772.0)
gen 154/200  filled=  21/400  obj_max=2430.4  obj_mean=1599.46  qd_score=33588.8  (10.4s, gen_max_obj=1871.2)
gen 155/200  filled=  21/400  obj_max=2430.4  obj_mean=1599.62  qd_score=33591.9  (10.8s, gen_max_obj=1869.2)
gen 156/200  filled=  21/400  obj_max=2430.4  obj_mean=1612.93  qd_score=33871.4  (10.5s, gen_max_obj=2208.2)
gen 157/200  filled=  21/400  obj_max=2430.4  obj_mean=1612.93  qd_score=33871.4  (10.6s, gen_max_obj=2350.4)
gen 158/200  filled=  21/400  obj_max=2430.4  obj_mean=1612.93  qd_score=33871.4  (10.1s, gen_max_obj=1913.7)
gen 159/200  filled=  21/400  obj_max=2430.4  obj_mean=1612.93  qd_score=33871.4  (10.3s, gen_max_obj=1750.9)
gen 160/200  filled=  21/400  obj_max=2430.4  obj_mean=1612.93  qd_score=33871.4  (10.2s, gen_max_obj=1869.8)
gen 161/200  filled=  21/400  obj_max=2430.4  obj_mean=1616.75  qd_score=33951.8  (10.0s, gen_max_obj=1949.6)
gen 162/200  filled=  21/400  obj_max=2430.4  obj_mean=1620.62  qd_score=34032.9  (10.8s, gen_max_obj=1970.2)
gen 163/200  filled=  21/400  obj_max=2430.4  obj_mean=1634.00  qd_score=34314.0  (10.1s, gen_max_obj=1950.2)
gen 164/200  filled=  21/400  obj_max=2430.4  obj_mean=1634.00  qd_score=34314.0  (10.8s, gen_max_obj=1947.2)
gen 165/200  filled=  21/400  obj_max=2430.4  obj_mean=1634.00  qd_score=34314.0  (10.3s, gen_max_obj=2171.4)
gen 166/200  filled=  21/400  obj_max=2430.4  obj_mean=1645.33  qd_score=34551.9  (10.3s, gen_max_obj=2027.0)
gen 167/200  filled=  21/400  obj_max=2430.4  obj_mean=1652.03  qd_score=34692.7  (10.2s, gen_max_obj=2331.6)
gen 168/200  filled=  21/400  obj_max=2430.4  obj_mean=1652.03  qd_score=34692.7  (10.4s, gen_max_obj=1989.9)
gen 169/200  filled=  21/400  obj_max=2431.4  obj_mean=1655.04  qd_score=34755.7  (10.3s, gen_max_obj=2431.4)
gen 170/200  filled=  21/400  obj_max=2431.4  obj_mean=1655.04  qd_score=34755.7  (10.4s, gen_max_obj=1869.5)
gen 171/200  filled=  21/400  obj_max=2431.4  obj_mean=1664.80  qd_score=34960.9  (10.2s, gen_max_obj=2090.9)
gen 172/200  filled=  22/400  obj_max=2431.4  obj_mean=1643.05  qd_score=36147.0  (10.2s, gen_max_obj=2189.3)
gen 173/200  filled=  22/400  obj_max=2529.5  obj_mean=1664.90  qd_score=36627.8  (10.3s, gen_max_obj=2529.5)
gen 174/200  filled=  22/400  obj_max=2529.5  obj_mean=1664.90  qd_score=36627.8  (10.4s, gen_max_obj=1987.9)
gen 175/200  filled=  22/400  obj_max=2529.5  obj_mean=1664.90  qd_score=36627.8  (10.0s, gen_max_obj=1909.3)
gen 176/200  filled=  22/400  obj_max=2529.5  obj_mean=1671.15  qd_score=36765.4  (10.1s, gen_max_obj=1990.2)
gen 177/200  filled=  22/400  obj_max=2529.5  obj_mean=1671.15  qd_score=36765.4  (10.4s, gen_max_obj=1830.2)
gen 178/200  filled=  22/400  obj_max=2529.5  obj_mean=1674.15  qd_score=36831.2  (10.0s, gen_max_obj=2149.8)
gen 179/200  filled=  22/400  obj_max=2529.5  obj_mean=1674.15  qd_score=36831.2  (10.1s, gen_max_obj=2049.1)
gen 180/200  filled=  22/400  obj_max=2529.5  obj_mean=1674.15  qd_score=36831.2  (10.3s, gen_max_obj=2270.0)
gen 181/200  filled=  22/400  obj_max=2529.5  obj_mean=1674.15  qd_score=36831.2  (10.1s, gen_max_obj=2133.0)
gen 182/200  filled=  22/400  obj_max=2529.5  obj_mean=1674.15  qd_score=36831.2  (10.3s, gen_max_obj=1965.8)
gen 183/200  filled=  22/400  obj_max=2529.5  obj_mean=1684.12  qd_score=37050.7  (10.4s, gen_max_obj=2189.6)
gen 184/200  filled=  22/400  obj_max=2529.5  obj_mean=1684.12  qd_score=37050.7  (10.3s, gen_max_obj=2174.4)
gen 185/200  filled=  22/400  obj_max=2529.5  obj_mean=1684.12  qd_score=37050.7  (10.1s, gen_max_obj=2193.7)
gen 186/200  filled=  22/400  obj_max=2529.5  obj_mean=1686.60  qd_score=37105.2  (10.3s, gen_max_obj=2484.9)
gen 187/200  filled=  22/400  obj_max=2529.5  obj_mean=1686.60  qd_score=37105.2  (10.2s, gen_max_obj=1984.6)
gen 188/200  filled=  22/400  obj_max=2529.5  obj_mean=1689.45  qd_score=37167.8  (9.9s, gen_max_obj=2089.9)
gen 189/200  filled=  22/400  obj_max=2529.5  obj_mean=1689.45  qd_score=37167.8  (10.0s, gen_max_obj=2226.6)
gen 190/200  filled=  22/400  obj_max=2529.5  obj_mean=1689.45  qd_score=37167.8  (10.0s, gen_max_obj=2009.8)
gen 191/200  filled=  22/400  obj_max=2529.5  obj_mean=1689.45  qd_score=37167.8  (10.1s, gen_max_obj=2129.2)
gen 192/200  filled=  22/400  obj_max=2529.5  obj_mean=1690.33  qd_score=37187.2  (10.1s, gen_max_obj=1888.2)
gen 193/200  filled=  22/400  obj_max=2529.5  obj_mean=1695.74  qd_score=37306.4  (10.2s, gen_max_obj=1945.8)
gen 194/200  filled=  22/400  obj_max=2529.5  obj_mean=1695.74  qd_score=37306.4  (10.1s, gen_max_obj=2229.3)
gen 195/200  filled=  22/400  obj_max=2529.5  obj_mean=1695.77  qd_score=37306.9  (10.2s, gen_max_obj=1988.0)
gen 196/200  filled=  22/400  obj_max=2529.5  obj_mean=1695.77  qd_score=37306.9  (10.2s, gen_max_obj=2030.0)
gen 197/200  filled=  22/400  obj_max=2529.5  obj_mean=1695.77  qd_score=37306.9  (10.0s, gen_max_obj=1851.4)
gen 198/200  filled=  22/400  obj_max=2529.5  obj_mean=1697.52  qd_score=37345.4  (10.2s, gen_max_obj=2109.2)
gen 199/200  filled=  22/400  obj_max=2529.5  obj_mean=1699.39  qd_score=37386.6  (9.8s, gen_max_obj=2210.3)
gen 200/200  filled=  22/400  obj_max=2529.5  obj_mean=1705.86  qd_score=37528.9  (10.1s, gen_max_obj=2131.6)
# finished 2026-06-03 17:11:43  wall=2080.8s
