# started 2026-06-03 17:11:44  policy=layout gens=500 save=results/exp_2026-06-03_layout_resind_50k_cont500.npz
# init-archive results/exp_2026-06-03_layout_resind_50k.npz
gen   1/500  filled=   5/1600  obj_max=1805.2  obj_mean=1533.87  qd_score=7669.3  (7.2s, gen_max_obj=1805.2)
gen   2/500  filled=   8/1600  obj_max=2167.0  obj_mean=1677.13  qd_score=13417.1  (4.9s, gen_max_obj=2167.0)
gen   3/500  filled=   9/1600  obj_max=2167.0  obj_mean=1647.07  qd_score=14823.6  (5.0s, gen_max_obj=1825.9)
gen   4/500  filled=   9/1600  obj_max=2167.0  obj_mean=1695.90  qd_score=15263.1  (4.9s, gen_max_obj=1845.9)
gen   5/500  filled=   9/1600  obj_max=2167.0  obj_mean=1740.20  qd_score=15661.8  (5.3s, gen_max_obj=1906.8)
gen   6/500  filled=  10/1600  obj_max=2167.0  obj_mean=1674.47  qd_score=16744.7  (5.1s, gen_max_obj=1788.0)
gen   7/500  filled=  10/1600  obj_max=2167.0  obj_mean=1790.32  qd_score=17903.2  (5.2s, gen_max_obj=2088.1)
gen   8/500  filled=  11/1600  obj_max=2167.0  obj_mean=1745.87  qd_score=19204.6  (5.0s, gen_max_obj=1926.8)
gen   9/500  filled=  11/1600  obj_max=2167.0  obj_mean=1746.03  qd_score=19206.3  (5.3s, gen_max_obj=2025.1)
gen  10/500  filled=  11/1600  obj_max=2167.0  obj_mean=1746.03  qd_score=19206.3  (5.1s, gen_max_obj=1865.0)
gen  11/500  filled=  11/1600  obj_max=2167.0  obj_mean=1746.03  qd_score=19206.3  (5.1s, gen_max_obj=2087.1)
gen  12/500  filled=  11/1600  obj_max=2167.0  obj_mean=1801.19  qd_score=19813.1  (5.1s, gen_max_obj=1987.0)
gen  13/500  filled=  12/1600  obj_max=2167.0  obj_mean=1744.86  qd_score=20938.3  (5.1s, gen_max_obj=2126.2)
gen  14/500  filled=  12/1600  obj_max=2167.0  obj_mean=1744.86  qd_score=20938.3  (5.2s, gen_max_obj=1884.5)
gen  15/500  filled=  13/1600  obj_max=2167.0  obj_mean=1710.95  qd_score=22242.3  (5.1s, gen_max_obj=1848.4)
gen  16/500  filled=  13/1600  obj_max=2167.0  obj_mean=1710.95  qd_score=22242.3  (5.1s, gen_max_obj=1924.8)
gen  17/500  filled=  13/1600  obj_max=2167.0  obj_mean=1754.64  qd_score=22810.4  (5.2s, gen_max_obj=1967.0)
gen  18/500  filled=  13/1600  obj_max=2167.0  obj_mean=1769.98  qd_score=23009.7  (5.2s, gen_max_obj=1907.9)
gen  19/500  filled=  13/1600  obj_max=2167.0  obj_mean=1823.84  qd_score=23710.0  (5.1s, gen_max_obj=1965.3)
gen  20/500  filled=  14/1600  obj_max=2167.0  obj_mean=1838.46  qd_score=25738.4  (5.1s, gen_max_obj=2124.4)
gen  21/500  filled=  15/1600  obj_max=2167.0  obj_mean=1798.87  qd_score=26983.1  (5.1s, gen_max_obj=1907.2)
gen  22/500  filled=  15/1600  obj_max=2167.0  obj_mean=1829.60  qd_score=27444.0  (5.1s, gen_max_obj=2146.3)
gen  23/500  filled=  16/1600  obj_max=2167.0  obj_mean=1825.97  qd_score=29215.5  (5.4s, gen_max_obj=1928.4)
gen  24/500  filled=  16/1600  obj_max=2167.0  obj_mean=1825.97  qd_score=29215.5  (5.0s, gen_max_obj=1827.5)
gen  25/500  filled=  16/1600  obj_max=2167.0  obj_mean=1825.97  qd_score=29215.5  (5.2s, gen_max_obj=1845.2)
gen  26/500  filled=  16/1600  obj_max=2167.0  obj_mean=1868.43  qd_score=29894.9  (5.1s, gen_max_obj=2007.8)
gen  27/500  filled=  16/1600  obj_max=2167.0  obj_mean=1890.90  qd_score=30254.4  (5.3s, gen_max_obj=1867.8)
gen  28/500  filled=  16/1600  obj_max=2167.0  obj_mean=1890.90  qd_score=30254.4  (5.0s, gen_max_obj=1907.3)
gen  29/500  filled=  16/1600  obj_max=2167.0  obj_mean=1890.90  qd_score=30254.4  (5.0s, gen_max_obj=1888.2)
gen  30/500  filled=  16/1600  obj_max=2167.0  obj_mean=1890.90  qd_score=30254.4  (5.0s, gen_max_obj=2067.1)
gen  31/500  filled=  16/1600  obj_max=2167.0  obj_mean=1890.90  qd_score=30254.4  (5.4s, gen_max_obj=1942.9)
gen  32/500  filled=  16/1600  obj_max=2167.0  obj_mean=1890.90  qd_score=30254.4  (5.2s, gen_max_obj=1706.0)
gen  33/500  filled=  17/1600  obj_max=2167.0  obj_mean=1830.78  qd_score=31123.2  (5.1s, gen_max_obj=2006.7)
gen  34/500  filled=  18/1600  obj_max=2167.0  obj_mean=1790.39  qd_score=32227.1  (5.3s, gen_max_obj=1867.7)
gen  35/500  filled=  18/1600  obj_max=2167.0  obj_mean=1800.49  qd_score=32408.8  (5.4s, gen_max_obj=1908.8)
gen  36/500  filled=  19/1600  obj_max=2167.0  obj_mean=1799.70  qd_score=34194.4  (5.5s, gen_max_obj=1829.8)
gen  37/500  filled=  19/1600  obj_max=2167.0  obj_mean=1818.57  qd_score=34552.8  (5.2s, gen_max_obj=1848.2)
gen  38/500  filled=  20/1600  obj_max=2167.0  obj_mean=1828.07  qd_score=36561.5  (5.0s, gen_max_obj=2065.1)
gen  39/500  filled=  20/1600  obj_max=2167.0  obj_mean=1830.98  qd_score=36619.6  (5.1s, gen_max_obj=1907.2)
gen  40/500  filled=  20/1600  obj_max=2167.0  obj_mean=1850.15  qd_score=37003.1  (5.1s, gen_max_obj=2048.1)
gen  41/500  filled=  20/1600  obj_max=2205.4  obj_mean=1892.32  qd_score=37846.3  (5.3s, gen_max_obj=2205.4)
gen  42/500  filled=  20/1600  obj_max=2205.4  obj_mean=1892.32  qd_score=37846.3  (5.0s, gen_max_obj=1863.3)
gen  43/500  filled=  20/1600  obj_max=2205.4  obj_mean=1908.29  qd_score=38165.8  (5.2s, gen_max_obj=1886.2)
gen  44/500  filled=  20/1600  obj_max=2205.4  obj_mean=1908.29  qd_score=38165.8  (5.1s, gen_max_obj=1827.3)
gen  45/500  filled=  20/1600  obj_max=2205.4  obj_mean=1908.29  qd_score=38165.8  (5.2s, gen_max_obj=1905.9)
gen  46/500  filled=  20/1600  obj_max=2205.4  obj_mean=1911.20  qd_score=38223.9  (5.0s, gen_max_obj=1885.7)
gen  47/500  filled=  20/1600  obj_max=2205.4  obj_mean=1911.20  qd_score=38223.9  (5.1s, gen_max_obj=1926.6)
gen  48/500  filled=  20/1600  obj_max=2205.4  obj_mean=1917.27  qd_score=38345.3  (5.3s, gen_max_obj=2108.4)
gen  49/500  filled=  20/1600  obj_max=2205.4  obj_mean=1917.27  qd_score=38345.3  (5.2s, gen_max_obj=1868.4)
gen  50/500  filled=  20/1600  obj_max=2205.4  obj_mean=1917.27  qd_score=38345.3  (5.1s, gen_max_obj=1988.4)
gen  51/500  filled=  21/1600  obj_max=2205.4  obj_mean=1899.76  qd_score=39894.9  (5.0s, gen_max_obj=2108.8)
gen  52/500  filled=  22/1600  obj_max=2228.4  obj_mean=1869.30  qd_score=41124.7  (5.3s, gen_max_obj=2228.4)
gen  53/500  filled=  22/1600  obj_max=2228.4  obj_mean=1869.30  qd_score=41124.7  (5.1s, gen_max_obj=1801.3)
gen  54/500  filled=  22/1600  obj_max=2228.4  obj_mean=1869.30  qd_score=41124.7  (4.9s, gen_max_obj=1808.5)
gen  55/500  filled=  22/1600  obj_max=2228.4  obj_mean=1869.43  qd_score=41127.4  (5.0s, gen_max_obj=1904.2)
gen  56/500  filled=  23/1600  obj_max=2228.4  obj_mean=1843.10  qd_score=42391.3  (5.1s, gen_max_obj=1784.9)
gen  57/500  filled=  24/1600  obj_max=2228.4  obj_mean=1829.13  qd_score=43899.1  (5.1s, gen_max_obj=2127.1)
gen  58/500  filled=  24/1600  obj_max=2267.2  obj_mean=1864.82  qd_score=44755.7  (4.8s, gen_max_obj=2267.2)
gen  59/500  filled=  24/1600  obj_max=2267.2  obj_mean=1864.82  qd_score=44755.7  (5.0s, gen_max_obj=1787.0)
gen  60/500  filled=  26/1600  obj_max=2267.2  obj_mean=1844.91  qd_score=47967.6  (4.9s, gen_max_obj=1728.0)
gen  61/500  filled=  26/1600  obj_max=2267.2  obj_mean=1844.91  qd_score=47967.6  (5.0s, gen_max_obj=1944.0)
gen  62/500  filled=  27/1600  obj_max=2267.2  obj_mean=1836.87  qd_score=49595.4  (5.3s, gen_max_obj=1886.5)
gen  63/500  filled=  27/1600  obj_max=2267.2  obj_mean=1847.35  qd_score=49878.3  (5.2s, gen_max_obj=2044.1)
gen  64/500  filled=  27/1600  obj_max=2267.2  obj_mean=1865.04  qd_score=50356.0  (5.1s, gen_max_obj=2148.5)
gen  65/500  filled=  27/1600  obj_max=2267.2  obj_mean=1865.04  qd_score=50356.0  (4.9s, gen_max_obj=1926.6)
gen  66/500  filled=  27/1600  obj_max=2267.2  obj_mean=1875.45  qd_score=50637.0  (5.2s, gen_max_obj=1888.3)
gen  67/500  filled=  29/1600  obj_max=2267.2  obj_mean=1822.42  qd_score=52850.1  (5.0s, gen_max_obj=1868.3)
gen  68/500  filled=  29/1600  obj_max=2267.2  obj_mean=1823.18  qd_score=52872.1  (5.1s, gen_max_obj=1948.3)
gen  69/500  filled=  29/1600  obj_max=2267.2  obj_mean=1851.56  qd_score=53695.3  (5.3s, gen_max_obj=1966.7)
gen  70/500  filled=  30/1600  obj_max=2267.2  obj_mean=1828.05  qd_score=54841.4  (5.4s, gen_max_obj=1947.6)
gen  71/500  filled=  30/1600  obj_max=2267.2  obj_mean=1829.97  qd_score=54899.1  (5.2s, gen_max_obj=1826.3)
gen  72/500  filled=  30/1600  obj_max=2267.2  obj_mean=1838.60  qd_score=55158.1  (5.1s, gen_max_obj=1846.1)
gen  73/500  filled=  30/1600  obj_max=2267.2  obj_mean=1845.22  qd_score=55356.7  (5.1s, gen_max_obj=2007.0)
gen  74/500  filled=  30/1600  obj_max=2267.2  obj_mean=1846.67  qd_score=55400.1  (5.2s, gen_max_obj=2048.4)
gen  75/500  filled=  30/1600  obj_max=2287.2  obj_mean=1855.40  qd_score=55662.0  (5.4s, gen_max_obj=2287.2)
gen  76/500  filled=  30/1600  obj_max=2287.2  obj_mean=1855.40  qd_score=55662.0  (5.3s, gen_max_obj=2007.8)
gen  77/500  filled=  30/1600  obj_max=2287.2  obj_mean=1855.40  qd_score=55662.0  (5.2s, gen_max_obj=1842.9)
gen  78/500  filled=  30/1600  obj_max=2287.2  obj_mean=1855.40  qd_score=55662.0  (5.1s, gen_max_obj=1984.9)
gen  79/500  filled=  30/1600  obj_max=2287.2  obj_mean=1855.40  qd_score=55662.0  (5.4s, gen_max_obj=1864.9)
gen  80/500  filled=  30/1600  obj_max=2287.2  obj_mean=1888.12  qd_score=56643.7  (5.2s, gen_max_obj=1968.4)
gen  81/500  filled=  30/1600  obj_max=2287.2  obj_mean=1888.12  qd_score=56643.7  (5.2s, gen_max_obj=1926.6)
gen  82/500  filled=  30/1600  obj_max=2287.2  obj_mean=1888.12  qd_score=56643.7  (5.4s, gen_max_obj=1803.5)
gen  83/500  filled=  30/1600  obj_max=2287.2  obj_mean=1899.52  qd_score=56985.7  (5.1s, gen_max_obj=2187.9)
gen  84/500  filled=  30/1600  obj_max=2287.2  obj_mean=1899.52  qd_score=56985.7  (5.3s, gen_max_obj=1785.1)
gen  85/500  filled=  30/1600  obj_max=2287.2  obj_mean=1899.52  qd_score=56985.7  (5.2s, gen_max_obj=1908.4)
gen  86/500  filled=  30/1600  obj_max=2287.2  obj_mean=1899.52  qd_score=56985.7  (5.2s, gen_max_obj=1868.6)
gen  87/500  filled=  30/1600  obj_max=2287.2  obj_mean=1899.52  qd_score=56985.7  (5.4s, gen_max_obj=1885.2)
gen  88/500  filled=  30/1600  obj_max=2287.2  obj_mean=1902.07  qd_score=57062.2  (5.4s, gen_max_obj=1986.3)
gen  89/500  filled=  30/1600  obj_max=2287.2  obj_mean=1902.07  qd_score=57062.2  (5.3s, gen_max_obj=1947.6)
gen  90/500  filled=  30/1600  obj_max=2287.2  obj_mean=1902.07  qd_score=57062.2  (5.1s, gen_max_obj=2125.6)
gen  91/500  filled=  30/1600  obj_max=2287.2  obj_mean=1902.07  qd_score=57062.2  (5.1s, gen_max_obj=1808.2)
gen  92/500  filled=  30/1600  obj_max=2287.2  obj_mean=1902.07  qd_score=57062.2  (5.4s, gen_max_obj=1948.9)
gen  93/500  filled=  30/1600  obj_max=2287.2  obj_mean=1906.75  qd_score=57202.6  (5.3s, gen_max_obj=2107.7)
gen  94/500  filled=  30/1600  obj_max=2287.2  obj_mean=1906.75  qd_score=57202.6  (5.2s, gen_max_obj=1909.1)
gen  95/500  filled=  30/1600  obj_max=2287.2  obj_mean=1916.79  qd_score=57503.6  (5.1s, gen_max_obj=2049.8)
gen  96/500  filled=  30/1600  obj_max=2287.2  obj_mean=1916.79  qd_score=57503.6  (5.1s, gen_max_obj=1927.6)
gen  97/500  filled=  30/1600  obj_max=2287.2  obj_mean=1916.79  qd_score=57503.6  (5.1s, gen_max_obj=1808.9)
gen  98/500  filled=  30/1600  obj_max=2287.2  obj_mean=1919.35  qd_score=57580.6  (5.7s, gen_max_obj=2126.7)
gen  99/500  filled=  30/1600  obj_max=2287.2  obj_mean=1919.35  qd_score=57580.6  (5.5s, gen_max_obj=1827.3)
gen 100/500  filled=  30/1600  obj_max=2287.2  obj_mean=1919.35  qd_score=57580.6  (5.4s, gen_max_obj=1828.4)
gen 101/500  filled=  30/1600  obj_max=2287.2  obj_mean=1919.35  qd_score=57580.6  (5.5s, gen_max_obj=1907.6)
gen 102/500  filled=  30/1600  obj_max=2287.2  obj_mean=1919.35  qd_score=57580.6  (5.4s, gen_max_obj=1945.8)
gen 103/500  filled=  30/1600  obj_max=2287.2  obj_mean=1919.35  qd_score=57580.6  (5.6s, gen_max_obj=1849.6)
gen 104/500  filled=  31/1600  obj_max=2287.2  obj_mean=1901.52  qd_score=58947.2  (5.0s, gen_max_obj=1965.8)
gen 105/500  filled=  31/1600  obj_max=2287.2  obj_mean=1914.45  qd_score=59347.9  (5.3s, gen_max_obj=1768.6)
gen 106/500  filled=  31/1600  obj_max=2287.2  obj_mean=1914.45  qd_score=59347.9  (5.2s, gen_max_obj=1828.2)
gen 107/500  filled=  32/1600  obj_max=2287.2  obj_mean=1898.63  qd_score=60756.0  (4.9s, gen_max_obj=1748.6)
gen 108/500  filled=  33/1600  obj_max=2287.2  obj_mean=1869.13  qd_score=61681.2  (5.1s, gen_max_obj=1927.1)
gen 109/500  filled=  33/1600  obj_max=2287.2  obj_mean=1890.41  qd_score=62383.4  (5.0s, gen_max_obj=1928.3)
gen 110/500  filled=  33/1600  obj_max=2287.2  obj_mean=1890.41  qd_score=62383.4  (5.2s, gen_max_obj=1947.8)
gen 111/500  filled=  33/1600  obj_max=2287.2  obj_mean=1890.41  qd_score=62383.4  (5.3s, gen_max_obj=1808.1)
gen 112/500  filled=  33/1600  obj_max=2287.2  obj_mean=1890.41  qd_score=62383.4  (5.1s, gen_max_obj=1948.2)
gen 113/500  filled=  33/1600  obj_max=2287.2  obj_mean=1897.18  qd_score=62606.8  (5.1s, gen_max_obj=1968.8)
gen 114/500  filled=  33/1600  obj_max=2287.2  obj_mean=1897.24  qd_score=62609.0  (5.2s, gen_max_obj=1769.5)
gen 115/500  filled=  33/1600  obj_max=2287.2  obj_mean=1902.68  qd_score=62788.5  (5.1s, gen_max_obj=1907.8)
gen 116/500  filled=  33/1600  obj_max=2287.2  obj_mean=1902.68  qd_score=62788.5  (5.1s, gen_max_obj=1826.3)
gen 117/500  filled=  33/1600  obj_max=2287.2  obj_mean=1902.68  qd_score=62788.5  (5.3s, gen_max_obj=1848.3)
gen 118/500  filled=  34/1600  obj_max=2287.2  obj_mean=1887.39  qd_score=64171.1  (5.3s, gen_max_obj=2069.0)
gen 119/500  filled=  35/1600  obj_max=2287.2  obj_mean=1859.98  qd_score=65099.3  (5.1s, gen_max_obj=1830.2)
gen 120/500  filled=  35/1600  obj_max=2287.2  obj_mean=1859.98  qd_score=65099.3  (5.1s, gen_max_obj=1869.9)
gen 121/500  filled=  35/1600  obj_max=2287.2  obj_mean=1865.57  qd_score=65295.0  (5.1s, gen_max_obj=2228.3)
gen 122/500  filled=  35/1600  obj_max=2287.2  obj_mean=1867.83  qd_score=65374.0  (5.0s, gen_max_obj=2225.4)
gen 123/500  filled=  35/1600  obj_max=2287.2  obj_mean=1878.60  qd_score=65751.1  (5.2s, gen_max_obj=2189.1)
gen 124/500  filled=  35/1600  obj_max=2287.2  obj_mean=1880.40  qd_score=65814.0  (5.4s, gen_max_obj=2011.9)
gen 125/500  filled=  35/1600  obj_max=2287.2  obj_mean=1888.42  qd_score=66094.5  (5.1s, gen_max_obj=1888.8)
gen 126/500  filled=  35/1600  obj_max=2287.2  obj_mean=1888.42  qd_score=66094.5  (5.0s, gen_max_obj=1908.3)
gen 127/500  filled=  35/1600  obj_max=2287.2  obj_mean=1888.42  qd_score=66094.5  (5.2s, gen_max_obj=1787.5)
gen 128/500  filled=  35/1600  obj_max=2287.2  obj_mean=1898.22  qd_score=66437.7  (5.3s, gen_max_obj=2049.8)
gen 129/500  filled=  35/1600  obj_max=2287.2  obj_mean=1920.46  qd_score=67216.0  (5.7s, gen_max_obj=2048.1)
gen 130/500  filled=  35/1600  obj_max=2287.2  obj_mean=1920.46  qd_score=67216.0  (5.0s, gen_max_obj=2005.4)
gen 131/500  filled=  35/1600  obj_max=2287.2  obj_mean=1933.78  qd_score=67682.2  (5.0s, gen_max_obj=2091.1)
gen 132/500  filled=  35/1600  obj_max=2287.2  obj_mean=1949.24  qd_score=68223.4  (5.0s, gen_max_obj=2267.0)
gen 133/500  filled=  35/1600  obj_max=2287.2  obj_mean=1952.71  qd_score=68344.7  (5.3s, gen_max_obj=1987.2)
gen 134/500  filled=  35/1600  obj_max=2287.2  obj_mean=1952.71  qd_score=68344.7  (5.1s, gen_max_obj=1869.7)
gen 135/500  filled=  35/1600  obj_max=2287.2  obj_mean=1962.40  qd_score=68684.0  (5.2s, gen_max_obj=2130.1)
gen 136/500  filled=  35/1600  obj_max=2287.2  obj_mean=1962.40  qd_score=68684.0  (5.0s, gen_max_obj=1990.0)
gen 137/500  filled=  35/1600  obj_max=2287.2  obj_mean=1962.40  qd_score=68684.0  (5.2s, gen_max_obj=1908.9)
gen 138/500  filled=  35/1600  obj_max=2287.2  obj_mean=1964.27  qd_score=68749.3  (5.1s, gen_max_obj=1909.9)
gen 139/500  filled=  35/1600  obj_max=2287.2  obj_mean=1978.00  qd_score=69229.9  (5.0s, gen_max_obj=2228.0)
gen 140/500  filled=  35/1600  obj_max=2308.0  obj_mean=1980.27  qd_score=69309.6  (5.0s, gen_max_obj=2308.0)
gen 141/500  filled=  35/1600  obj_max=2308.0  obj_mean=1980.27  qd_score=69309.6  (4.9s, gen_max_obj=2249.5)
gen 142/500  filled=  35/1600  obj_max=2308.0  obj_mean=1980.27  qd_score=69309.6  (5.2s, gen_max_obj=2168.1)
gen 143/500  filled=  35/1600  obj_max=2308.0  obj_mean=1980.27  qd_score=69309.6  (5.0s, gen_max_obj=1847.9)
gen 144/500  filled=  35/1600  obj_max=2308.0  obj_mean=1980.27  qd_score=69309.6  (5.2s, gen_max_obj=2248.8)
gen 145/500  filled=  35/1600  obj_max=2308.0  obj_mean=1980.27  qd_score=69309.6  (4.9s, gen_max_obj=1910.9)
gen 146/500  filled=  36/1600  obj_max=2308.0  obj_mean=1975.43  qd_score=71115.6  (5.0s, gen_max_obj=2148.0)
gen 147/500  filled=  36/1600  obj_max=2308.0  obj_mean=1976.57  qd_score=71156.4  (5.0s, gen_max_obj=2128.2)
gen 148/500  filled=  36/1600  obj_max=2308.0  obj_mean=1976.57  qd_score=71156.4  (5.2s, gen_max_obj=1830.1)
gen 149/500  filled=  36/1600  obj_max=2308.0  obj_mean=1976.57  qd_score=71156.4  (5.7s, gen_max_obj=1828.2)
gen 150/500  filled=  36/1600  obj_max=2308.0  obj_mean=1976.57  qd_score=71156.4  (5.3s, gen_max_obj=1948.4)
gen 151/500  filled=  36/1600  obj_max=2308.0  obj_mean=1976.57  qd_score=71156.4  (5.4s, gen_max_obj=1906.7)
gen 152/500  filled=  36/1600  obj_max=2308.0  obj_mean=1976.60  qd_score=71157.7  (5.4s, gen_max_obj=2109.6)
gen 153/500  filled=  36/1600  obj_max=2308.0  obj_mean=1977.75  qd_score=71199.1  (5.1s, gen_max_obj=2027.7)
gen 154/500  filled=  36/1600  obj_max=2308.0  obj_mean=1978.30  qd_score=71218.8  (5.0s, gen_max_obj=2248.2)
gen 155/500  filled=  36/1600  obj_max=2308.0  obj_mean=1978.30  qd_score=71218.8  (5.3s, gen_max_obj=2089.0)
gen 156/500  filled=  36/1600  obj_max=2308.0  obj_mean=1978.30  qd_score=71218.8  (5.5s, gen_max_obj=2209.1)
gen 157/500  filled=  36/1600  obj_max=2308.0  obj_mean=1978.30  qd_score=71218.8  (5.6s, gen_max_obj=1908.8)
gen 158/500  filled=  36/1600  obj_max=2308.0  obj_mean=1978.30  qd_score=71218.8  (5.1s, gen_max_obj=1906.1)
gen 159/500  filled=  36/1600  obj_max=2308.0  obj_mean=1986.72  qd_score=71521.9  (5.4s, gen_max_obj=2268.9)
gen 160/500  filled=  36/1600  obj_max=2308.0  obj_mean=1986.72  qd_score=71521.9  (5.9s, gen_max_obj=2069.3)
gen 161/500  filled=  36/1600  obj_max=2308.0  obj_mean=1986.72  qd_score=71521.9  (5.7s, gen_max_obj=2188.6)
gen 162/500  filled=  36/1600  obj_max=2308.0  obj_mean=1986.72  qd_score=71521.9  (5.5s, gen_max_obj=2028.8)
gen 163/500  filled=  36/1600  obj_max=2308.0  obj_mean=1988.88  qd_score=71599.5  (5.5s, gen_max_obj=2265.6)
gen 164/500  filled=  36/1600  obj_max=2308.0  obj_mean=1988.88  qd_score=71599.5  (5.2s, gen_max_obj=2089.1)
gen 165/500  filled=  36/1600  obj_max=2308.0  obj_mean=1988.88  qd_score=71599.5  (5.3s, gen_max_obj=2048.9)
gen 166/500  filled=  36/1600  obj_max=2308.0  obj_mean=1991.04  qd_score=71677.4  (5.2s, gen_max_obj=2088.9)
gen 167/500  filled=  36/1600  obj_max=2308.0  obj_mean=1991.04  qd_score=71677.4  (5.5s, gen_max_obj=2049.7)
gen 168/500  filled=  36/1600  obj_max=2308.0  obj_mean=1992.24  qd_score=71720.7  (5.5s, gen_max_obj=2109.3)
gen 169/500  filled=  36/1600  obj_max=2308.0  obj_mean=1992.24  qd_score=71720.7  (5.3s, gen_max_obj=1889.5)
gen 170/500  filled=  36/1600  obj_max=2308.0  obj_mean=1992.24  qd_score=71720.7  (5.2s, gen_max_obj=1926.6)
gen 171/500  filled=  36/1600  obj_max=2308.0  obj_mean=1992.26  qd_score=71721.4  (5.2s, gen_max_obj=2089.5)
gen 172/500  filled=  36/1600  obj_max=2308.0  obj_mean=1992.26  qd_score=71721.4  (5.7s, gen_max_obj=1988.1)
gen 173/500  filled=  37/1600  obj_max=2308.0  obj_mean=1966.73  qd_score=72768.9  (5.1s, gen_max_obj=1907.7)
gen 174/500  filled=  37/1600  obj_max=2308.0  obj_mean=1966.73  qd_score=72768.9  (5.3s, gen_max_obj=1928.5)
gen 175/500  filled=  37/1600  obj_max=2308.0  obj_mean=1966.73  qd_score=72768.9  (5.1s, gen_max_obj=2167.2)
gen 176/500  filled=  37/1600  obj_max=2308.0  obj_mean=1966.73  qd_score=72768.9  (5.4s, gen_max_obj=2007.1)
gen 177/500  filled=  37/1600  obj_max=2308.0  obj_mean=1967.83  qd_score=72809.5  (5.3s, gen_max_obj=2149.9)
gen 178/500  filled=  37/1600  obj_max=2308.0  obj_mean=1967.83  qd_score=72809.5  (5.4s, gen_max_obj=2126.9)
gen 179/500  filled=  37/1600  obj_max=2308.0  obj_mean=1967.83  qd_score=72809.5  (5.1s, gen_max_obj=2188.1)
gen 180/500  filled=  37/1600  obj_max=2308.0  obj_mean=1969.98  qd_score=72889.2  (5.5s, gen_max_obj=2107.4)
gen 181/500  filled=  38/1600  obj_max=2308.0  obj_mean=1947.80  qd_score=74016.6  (5.1s, gen_max_obj=2208.8)
gen 182/500  filled=  38/1600  obj_max=2347.2  obj_mean=1993.11  qd_score=75738.1  (5.2s, gen_max_obj=2347.2)
gen 183/500  filled=  38/1600  obj_max=2347.2  obj_mean=1993.11  qd_score=75738.1  (5.3s, gen_max_obj=2249.7)
gen 184/500  filled=  38/1600  obj_max=2347.2  obj_mean=1993.11  qd_score=75738.1  (5.6s, gen_max_obj=2188.5)
gen 185/500  filled=  38/1600  obj_max=2347.2  obj_mean=1998.41  qd_score=75939.6  (5.2s, gen_max_obj=2208.6)
gen 186/500  filled=  38/1600  obj_max=2347.2  obj_mean=1998.41  qd_score=75939.6  (5.2s, gen_max_obj=1909.0)
gen 187/500  filled=  38/1600  obj_max=2347.2  obj_mean=1998.93  qd_score=75959.2  (5.1s, gen_max_obj=2048.1)
gen 188/500  filled=  38/1600  obj_max=2347.2  obj_mean=1998.93  qd_score=75959.2  (5.1s, gen_max_obj=2088.2)
gen 189/500  filled=  38/1600  obj_max=2347.2  obj_mean=2006.27  qd_score=76238.3  (5.4s, gen_max_obj=2148.7)
gen 190/500  filled=  38/1600  obj_max=2347.2  obj_mean=2018.39  qd_score=76698.7  (5.2s, gen_max_obj=2088.7)
gen 191/500  filled=  38/1600  obj_max=2347.2  obj_mean=2018.39  qd_score=76698.7  (5.2s, gen_max_obj=1987.9)
gen 192/500  filled=  38/1600  obj_max=2347.2  obj_mean=2018.39  qd_score=76698.7  (5.0s, gen_max_obj=2048.9)
gen 193/500  filled=  38/1600  obj_max=2347.2  obj_mean=2026.30  qd_score=76999.3  (5.1s, gen_max_obj=2168.2)
gen 194/500  filled=  38/1600  obj_max=2347.2  obj_mean=2026.30  qd_score=76999.3  (5.3s, gen_max_obj=2107.9)
gen 195/500  filled=  38/1600  obj_max=2347.2  obj_mean=2026.30  qd_score=76999.3  (5.1s, gen_max_obj=2069.6)
gen 196/500  filled=  38/1600  obj_max=2347.2  obj_mean=2028.91  qd_score=77098.5  (5.3s, gen_max_obj=2168.2)
gen 197/500  filled=  38/1600  obj_max=2347.2  obj_mean=2028.91  qd_score=77098.5  (5.1s, gen_max_obj=1986.4)
gen 198/500  filled=  38/1600  obj_max=2347.2  obj_mean=2031.50  qd_score=77197.2  (5.0s, gen_max_obj=2208.6)
gen 199/500  filled=  38/1600  obj_max=2669.9  obj_mean=2043.64  qd_score=77658.4  (5.1s, gen_max_obj=2669.9)
gen 200/500  filled=  38/1600  obj_max=2669.9  obj_mean=2044.18  qd_score=77679.0  (5.3s, gen_max_obj=2069.9)
gen 201/500  filled=  38/1600  obj_max=2669.9  obj_mean=2044.20  qd_score=77679.4  (5.1s, gen_max_obj=2149.8)
gen 202/500  filled=  38/1600  obj_max=2669.9  obj_mean=2044.20  qd_score=77679.4  (5.3s, gen_max_obj=2110.1)
gen 203/500  filled=  38/1600  obj_max=2669.9  obj_mean=2046.30  qd_score=77759.3  (5.1s, gen_max_obj=2449.7)
gen 204/500  filled=  39/1600  obj_max=2669.9  obj_mean=1997.05  qd_score=77885.0  (5.4s, gen_max_obj=2149.6)
gen 205/500  filled=  39/1600  obj_max=2669.9  obj_mean=2006.26  qd_score=78244.1  (5.0s, gen_max_obj=2429.0)
gen 206/500  filled=  39/1600  obj_max=2669.9  obj_mean=2006.26  qd_score=78244.1  (5.0s, gen_max_obj=1928.0)
gen 207/500  filled=  39/1600  obj_max=2669.9  obj_mean=2006.26  qd_score=78244.1  (5.1s, gen_max_obj=2066.7)
gen 208/500  filled=  39/1600  obj_max=2669.9  obj_mean=2009.35  qd_score=78364.8  (5.3s, gen_max_obj=2288.9)
gen 209/500  filled=  39/1600  obj_max=2669.9  obj_mean=2009.35  qd_score=78364.8  (5.1s, gen_max_obj=1949.5)
gen 210/500  filled=  39/1600  obj_max=2669.9  obj_mean=2014.53  qd_score=78566.5  (5.2s, gen_max_obj=2249.7)
gen 211/500  filled=  39/1600  obj_max=2669.9  obj_mean=2021.15  qd_score=78824.7  (5.0s, gen_max_obj=2308.9)
gen 212/500  filled=  40/1600  obj_max=2669.9  obj_mean=2006.88  qd_score=80275.2  (5.1s, gen_max_obj=2448.9)
gen 213/500  filled=  40/1600  obj_max=2669.9  obj_mean=2006.88  qd_score=80275.2  (5.0s, gen_max_obj=2107.8)
gen 214/500  filled=  41/1600  obj_max=2669.9  obj_mean=2002.06  qd_score=82084.6  (5.2s, gen_max_obj=2147.5)
gen 215/500  filled=  41/1600  obj_max=2669.9  obj_mean=2006.91  qd_score=82283.4  (5.1s, gen_max_obj=2006.5)
gen 216/500  filled=  41/1600  obj_max=2669.9  obj_mean=2006.91  qd_score=82283.4  (5.3s, gen_max_obj=2107.9)
gen 217/500  filled=  41/1600  obj_max=2669.9  obj_mean=2006.91  qd_score=82283.4  (5.0s, gen_max_obj=1867.3)
gen 218/500  filled=  41/1600  obj_max=2669.9  obj_mean=2006.91  qd_score=82283.4  (5.1s, gen_max_obj=2189.8)
gen 219/500  filled=  41/1600  obj_max=2669.9  obj_mean=2006.91  qd_score=82283.4  (5.0s, gen_max_obj=2149.9)
gen 220/500  filled=  41/1600  obj_max=2669.9  obj_mean=2006.91  qd_score=82283.4  (5.4s, gen_max_obj=2030.8)
gen 221/500  filled=  41/1600  obj_max=2669.9  obj_mean=2030.33  qd_score=83243.6  (4.9s, gen_max_obj=2230.0)
gen 222/500  filled=  41/1600  obj_max=2669.9  obj_mean=2030.33  qd_score=83243.6  (5.2s, gen_max_obj=2249.9)
gen 223/500  filled=  41/1600  obj_max=2669.9  obj_mean=2030.33  qd_score=83243.6  (5.8s, gen_max_obj=2167.5)
gen 224/500  filled=  41/1600  obj_max=2669.9  obj_mean=2031.31  qd_score=83283.5  (5.4s, gen_max_obj=2269.9)
gen 225/500  filled=  41/1600  obj_max=2669.9  obj_mean=2031.31  qd_score=83283.5  (5.4s, gen_max_obj=2069.9)
gen 226/500  filled=  41/1600  obj_max=2669.9  obj_mean=2031.31  qd_score=83283.5  (5.2s, gen_max_obj=2169.3)
gen 227/500  filled=  41/1600  obj_max=2669.9  obj_mean=2039.65  qd_score=83625.8  (5.2s, gen_max_obj=2027.4)
gen 228/500  filled=  41/1600  obj_max=2669.9  obj_mean=2041.13  qd_score=83686.4  (5.3s, gen_max_obj=2027.6)
gen 229/500  filled=  41/1600  obj_max=2669.9  obj_mean=2041.13  qd_score=83686.4  (5.4s, gen_max_obj=2110.4)
gen 230/500  filled=  41/1600  obj_max=2669.9  obj_mean=2041.13  qd_score=83686.4  (4.9s, gen_max_obj=2070.3)
gen 231/500  filled=  41/1600  obj_max=2669.9  obj_mean=2043.13  qd_score=83768.5  (4.9s, gen_max_obj=2307.5)
gen 232/500  filled=  41/1600  obj_max=2669.9  obj_mean=2051.91  qd_score=84128.1  (5.0s, gen_max_obj=2007.6)
gen 233/500  filled=  42/1600  obj_max=2669.9  obj_mean=2051.30  qd_score=86154.8  (5.3s, gen_max_obj=2648.6)
gen 234/500  filled=  42/1600  obj_max=2669.9  obj_mean=2051.30  qd_score=86154.8  (5.4s, gen_max_obj=2149.6)
gen 235/500  filled=  42/1600  obj_max=2669.9  obj_mean=2051.30  qd_score=86154.8  (5.2s, gen_max_obj=2029.4)
gen 236/500  filled=  42/1600  obj_max=2669.9  obj_mean=2051.77  qd_score=86174.4  (5.2s, gen_max_obj=2306.8)
gen 237/500  filled=  42/1600  obj_max=2669.9  obj_mean=2051.77  qd_score=86174.4  (5.0s, gen_max_obj=2110.0)
gen 238/500  filled=  42/1600  obj_max=2669.9  obj_mean=2051.77  qd_score=86174.4  (4.9s, gen_max_obj=2049.9)
gen 239/500  filled=  42/1600  obj_max=2669.9  obj_mean=2051.77  qd_score=86174.4  (4.9s, gen_max_obj=2109.6)
gen 240/500  filled=  42/1600  obj_max=2669.9  obj_mean=2051.77  qd_score=86174.4  (5.3s, gen_max_obj=1950.1)
gen 241/500  filled=  42/1600  obj_max=2688.6  obj_mean=2061.31  qd_score=86575.0  (5.2s, gen_max_obj=2688.6)
gen 242/500  filled=  42/1600  obj_max=2688.6  obj_mean=2066.51  qd_score=86793.3  (5.1s, gen_max_obj=2327.9)
gen 243/500  filled=  42/1600  obj_max=2688.6  obj_mean=2066.51  qd_score=86793.3  (4.9s, gen_max_obj=2247.8)
gen 244/500  filled=  42/1600  obj_max=2688.6  obj_mean=2066.51  qd_score=86793.3  (5.2s, gen_max_obj=2267.8)
gen 245/500  filled=  42/1600  obj_max=2688.6  obj_mean=2066.51  qd_score=86793.3  (4.9s, gen_max_obj=2209.0)
gen 246/500  filled=  42/1600  obj_max=2688.6  obj_mean=2066.51  qd_score=86793.3  (5.2s, gen_max_obj=1989.8)
gen 247/500  filled=  42/1600  obj_max=2688.6  obj_mean=2066.51  qd_score=86793.3  (5.0s, gen_max_obj=1908.8)
gen 248/500  filled=  42/1600  obj_max=2688.6  obj_mean=2066.51  qd_score=86793.3  (5.0s, gen_max_obj=1971.3)
gen 249/500  filled=  42/1600  obj_max=2688.6  obj_mean=2066.51  qd_score=86793.3  (5.3s, gen_max_obj=2050.4)
gen 250/500  filled=  42/1600  obj_max=2688.6  obj_mean=2066.51  qd_score=86793.3  (5.1s, gen_max_obj=2107.7)
gen 251/500  filled=  42/1600  obj_max=2688.6  obj_mean=2066.51  qd_score=86793.3  (5.4s, gen_max_obj=2110.3)
gen 252/500  filled=  42/1600  obj_max=2688.6  obj_mean=2066.51  qd_score=86793.3  (5.7s, gen_max_obj=2010.2)
gen 253/500  filled=  42/1600  obj_max=2688.6  obj_mean=2066.51  qd_score=86793.3  (5.7s, gen_max_obj=2029.6)
gen 254/500  filled=  42/1600  obj_max=2688.6  obj_mean=2069.90  qd_score=86935.8  (5.4s, gen_max_obj=2249.8)
gen 255/500  filled=  42/1600  obj_max=2688.6  obj_mean=2071.38  qd_score=86997.8  (5.3s, gen_max_obj=2350.9)
gen 256/500  filled=  42/1600  obj_max=2688.6  obj_mean=2071.38  qd_score=86997.8  (5.2s, gen_max_obj=2190.8)
gen 257/500  filled=  42/1600  obj_max=2688.6  obj_mean=2071.38  qd_score=86997.8  (5.2s, gen_max_obj=2027.0)
gen 258/500  filled=  42/1600  obj_max=2688.6  obj_mean=2071.38  qd_score=86997.8  (5.9s, gen_max_obj=2149.8)
gen 259/500  filled=  42/1600  obj_max=2688.6  obj_mean=2071.38  qd_score=86997.8  (6.5s, gen_max_obj=2046.5)
gen 260/500  filled=  42/1600  obj_max=2688.6  obj_mean=2071.38  qd_score=86997.8  (5.4s, gen_max_obj=1989.9)
gen 261/500  filled=  42/1600  obj_max=2688.6  obj_mean=2071.38  qd_score=86997.8  (5.6s, gen_max_obj=2089.8)
gen 262/500  filled=  42/1600  obj_max=2688.6  obj_mean=2080.01  qd_score=87360.3  (5.7s, gen_max_obj=2589.6)
gen 263/500  filled=  42/1600  obj_max=2688.6  obj_mean=2080.01  qd_score=87360.3  (5.7s, gen_max_obj=2349.9)
gen 264/500  filled=  42/1600  obj_max=2688.6  obj_mean=2080.01  qd_score=87360.3  (5.9s, gen_max_obj=2229.2)
gen 265/500  filled=  42/1600  obj_max=2688.6  obj_mean=2080.01  qd_score=87360.3  (5.5s, gen_max_obj=2049.8)
gen 266/500  filled=  42/1600  obj_max=2688.6  obj_mean=2081.40  qd_score=87418.7  (5.4s, gen_max_obj=2010.7)
gen 267/500  filled=  42/1600  obj_max=2688.6  obj_mean=2081.40  qd_score=87418.7  (5.5s, gen_max_obj=2029.5)
gen 268/500  filled=  42/1600  obj_max=2688.6  obj_mean=2081.40  qd_score=87418.7  (5.3s, gen_max_obj=2167.1)
gen 269/500  filled=  42/1600  obj_max=2688.6  obj_mean=2081.40  qd_score=87418.7  (5.8s, gen_max_obj=2066.7)
gen 270/500  filled=  42/1600  obj_max=2688.6  obj_mean=2081.40  qd_score=87418.7  (5.6s, gen_max_obj=1927.2)
gen 271/500  filled=  42/1600  obj_max=2688.6  obj_mean=2081.40  qd_score=87418.7  (5.2s, gen_max_obj=1986.6)
gen 272/500  filled=  43/1600  obj_max=2688.6  obj_mean=2064.79  qd_score=88785.9  (5.2s, gen_max_obj=1987.0)
gen 273/500  filled=  43/1600  obj_max=2688.6  obj_mean=2064.79  qd_score=88785.9  (5.2s, gen_max_obj=2144.6)
gen 274/500  filled=  43/1600  obj_max=2688.6  obj_mean=2064.79  qd_score=88785.9  (5.6s, gen_max_obj=1966.7)
gen 275/500  filled=  43/1600  obj_max=2688.6  obj_mean=2064.79  qd_score=88785.9  (5.6s, gen_max_obj=2089.8)
gen 276/500  filled=  43/1600  obj_max=2688.6  obj_mean=2064.79  qd_score=88785.9  (5.5s, gen_max_obj=2025.1)
gen 277/500  filled=  44/1600  obj_max=2688.6  obj_mean=2041.59  qd_score=89830.1  (5.4s, gen_max_obj=2026.7)
gen 278/500  filled=  44/1600  obj_max=2688.6  obj_mean=2041.59  qd_score=89830.1  (5.3s, gen_max_obj=1990.4)
gen 279/500  filled=  44/1600  obj_max=2688.6  obj_mean=2052.52  qd_score=90311.1  (6.5s, gen_max_obj=2067.1)
gen 280/500  filled=  44/1600  obj_max=2688.6  obj_mean=2065.75  qd_score=90893.0  (5.5s, gen_max_obj=2225.9)
gen 281/500  filled=  44/1600  obj_max=2688.6  obj_mean=2065.75  qd_score=90893.0  (5.4s, gen_max_obj=1946.5)
gen 282/500  filled=  44/1600  obj_max=2688.6  obj_mean=2065.75  qd_score=90893.0  (5.7s, gen_max_obj=2147.4)
gen 283/500  filled=  44/1600  obj_max=2688.6  obj_mean=2065.75  qd_score=90893.0  (5.3s, gen_max_obj=2030.5)
gen 284/500  filled=  44/1600  obj_max=2688.6  obj_mean=2065.75  qd_score=90893.0  (5.5s, gen_max_obj=2230.7)
gen 285/500  filled=  44/1600  obj_max=2688.6  obj_mean=2065.75  qd_score=90893.0  (5.9s, gen_max_obj=2006.7)
gen 286/500  filled=  44/1600  obj_max=2688.6  obj_mean=2068.48  qd_score=91013.0  (5.6s, gen_max_obj=2027.6)
gen 287/500  filled=  44/1600  obj_max=2688.6  obj_mean=2068.48  qd_score=91013.0  (5.7s, gen_max_obj=1909.8)
gen 288/500  filled=  44/1600  obj_max=2688.6  obj_mean=2082.56  qd_score=91632.5  (5.3s, gen_max_obj=1966.7)
gen 289/500  filled=  44/1600  obj_max=2688.6  obj_mean=2082.56  qd_score=91632.5  (5.4s, gen_max_obj=2089.8)
gen 290/500  filled=  45/1600  obj_max=2688.6  obj_mean=2061.77  qd_score=92779.7  (5.5s, gen_max_obj=2027.1)
gen 291/500  filled=  45/1600  obj_max=2688.6  obj_mean=2061.77  qd_score=92779.7  (5.4s, gen_max_obj=2027.7)
gen 292/500  filled=  45/1600  obj_max=2688.6  obj_mean=2063.10  qd_score=92839.3  (5.4s, gen_max_obj=2090.2)
gen 293/500  filled=  45/1600  obj_max=2688.6  obj_mean=2063.10  qd_score=92839.3  (5.6s, gen_max_obj=1947.5)
gen 294/500  filled=  45/1600  obj_max=2688.6  obj_mean=2063.10  qd_score=92839.3  (5.4s, gen_max_obj=1927.2)
gen 295/500  filled=  45/1600  obj_max=2688.6  obj_mean=2066.71  qd_score=93001.8  (5.4s, gen_max_obj=2107.8)
gen 296/500  filled=  45/1600  obj_max=2688.6  obj_mean=2068.07  qd_score=93063.0  (5.5s, gen_max_obj=2089.7)
gen 297/500  filled=  45/1600  obj_max=2688.6  obj_mean=2086.78  qd_score=93904.9  (5.8s, gen_max_obj=2207.5)
gen 298/500  filled=  45/1600  obj_max=2688.6  obj_mean=2086.78  qd_score=93904.9  (6.0s, gen_max_obj=2147.4)
gen 299/500  filled=  45/1600  obj_max=2688.6  obj_mean=2086.78  qd_score=93904.9  (5.9s, gen_max_obj=2167.2)
gen 300/500  filled=  45/1600  obj_max=2688.6  obj_mean=2088.12  qd_score=93965.3  (6.0s, gen_max_obj=2047.3)
gen 301/500  filled=  45/1600  obj_max=2688.6  obj_mean=2088.12  qd_score=93965.3  (5.5s, gen_max_obj=2006.6)
gen 302/500  filled=  45/1600  obj_max=2688.6  obj_mean=2088.12  qd_score=93965.3  (5.9s, gen_max_obj=2326.9)
gen 303/500  filled=  45/1600  obj_max=2688.6  obj_mean=2088.55  qd_score=93984.6  (5.7s, gen_max_obj=2006.0)
gen 304/500  filled=  45/1600  obj_max=2688.6  obj_mean=2088.55  qd_score=93984.6  (5.8s, gen_max_obj=2049.3)
gen 305/500  filled=  45/1600  obj_max=2688.6  obj_mean=2089.88  qd_score=94044.6  (5.7s, gen_max_obj=2146.6)
gen 306/500  filled=  45/1600  obj_max=2688.6  obj_mean=2091.77  qd_score=94129.6  (5.8s, gen_max_obj=2367.1)
gen 307/500  filled=  45/1600  obj_max=2688.6  obj_mean=2091.77  qd_score=94129.6  (6.4s, gen_max_obj=2170.3)
gen 308/500  filled=  45/1600  obj_max=2688.6  obj_mean=2093.55  qd_score=94209.9  (5.9s, gen_max_obj=2166.9)
gen 309/500  filled=  45/1600  obj_max=2688.6  obj_mean=2094.44  qd_score=94250.0  (5.9s, gen_max_obj=2407.1)
gen 310/500  filled=  45/1600  obj_max=2688.6  obj_mean=2094.44  qd_score=94250.0  (5.9s, gen_max_obj=2029.0)
gen 311/500  filled=  45/1600  obj_max=2688.6  obj_mean=2094.44  qd_score=94250.0  (5.6s, gen_max_obj=2088.7)
gen 312/500  filled=  45/1600  obj_max=2688.6  obj_mean=2094.44  qd_score=94250.0  (5.7s, gen_max_obj=2306.5)
gen 313/500  filled=  45/1600  obj_max=2688.6  obj_mean=2094.44  qd_score=94250.0  (5.6s, gen_max_obj=2086.1)
gen 314/500  filled=  45/1600  obj_max=2688.6  obj_mean=2094.44  qd_score=94250.0  (5.2s, gen_max_obj=2186.5)
gen 315/500  filled=  45/1600  obj_max=2688.6  obj_mean=2094.44  qd_score=94250.0  (5.5s, gen_max_obj=1866.8)
gen 316/500  filled=  45/1600  obj_max=2688.6  obj_mean=2094.44  qd_score=94250.0  (5.5s, gen_max_obj=1946.9)
gen 317/500  filled=  45/1600  obj_max=2688.6  obj_mean=2094.44  qd_score=94250.0  (5.5s, gen_max_obj=2188.5)
gen 318/500  filled=  45/1600  obj_max=2688.6  obj_mean=2094.44  qd_score=94250.0  (5.2s, gen_max_obj=1950.0)
gen 319/500  filled=  46/1600  obj_max=2688.6  obj_mean=2072.98  qd_score=95357.1  (5.3s, gen_max_obj=2147.7)
gen 320/500  filled=  46/1600  obj_max=2688.6  obj_mean=2072.98  qd_score=95357.1  (5.6s, gen_max_obj=2070.4)
gen 321/500  filled=  46/1600  obj_max=2688.6  obj_mean=2072.98  qd_score=95357.1  (5.4s, gen_max_obj=1926.6)
gen 322/500  filled=  46/1600  obj_max=2688.6  obj_mean=2079.10  qd_score=95638.7  (5.7s, gen_max_obj=1909.1)
gen 323/500  filled=  47/1600  obj_max=2688.6  obj_mean=2069.11  qd_score=97248.0  (5.4s, gen_max_obj=1891.4)
gen 324/500  filled=  47/1600  obj_max=2688.6  obj_mean=2069.11  qd_score=97248.0  (5.5s, gen_max_obj=1870.1)
gen 325/500  filled=  47/1600  obj_max=2688.6  obj_mean=2069.11  qd_score=97248.0  (5.0s, gen_max_obj=2029.9)
gen 326/500  filled=  47/1600  obj_max=2688.6  obj_mean=2069.11  qd_score=97248.0  (5.3s, gen_max_obj=2209.8)
gen 327/500  filled=  47/1600  obj_max=2688.6  obj_mean=2069.11  qd_score=97248.0  (5.0s, gen_max_obj=1948.8)
gen 328/500  filled=  47/1600  obj_max=2688.6  obj_mean=2069.11  qd_score=97248.0  (5.1s, gen_max_obj=2029.8)
gen 329/500  filled=  47/1600  obj_max=2688.6  obj_mean=2072.96  qd_score=97429.0  (5.1s, gen_max_obj=2270.6)
gen 330/500  filled=  47/1600  obj_max=2688.6  obj_mean=2072.96  qd_score=97429.0  (5.2s, gen_max_obj=1967.4)
gen 331/500  filled=  47/1600  obj_max=2688.6  obj_mean=2072.96  qd_score=97429.0  (5.3s, gen_max_obj=2330.6)
gen 332/500  filled=  47/1600  obj_max=2688.6  obj_mean=2072.96  qd_score=97429.0  (5.0s, gen_max_obj=2047.1)
gen 333/500  filled=  47/1600  obj_max=2688.6  obj_mean=2072.96  qd_score=97429.0  (5.1s, gen_max_obj=2007.8)
gen 334/500  filled=  47/1600  obj_max=2688.6  obj_mean=2076.87  qd_score=97612.9  (5.4s, gen_max_obj=2110.7)
gen 335/500  filled=  47/1600  obj_max=2688.6  obj_mean=2078.55  qd_score=97692.1  (5.4s, gen_max_obj=2327.3)
gen 336/500  filled=  47/1600  obj_max=2688.6  obj_mean=2078.55  qd_score=97692.1  (5.5s, gen_max_obj=2128.0)
gen 337/500  filled=  47/1600  obj_max=2688.6  obj_mean=2078.55  qd_score=97692.1  (5.4s, gen_max_obj=1989.3)
gen 338/500  filled=  47/1600  obj_max=2688.6  obj_mean=2078.55  qd_score=97692.1  (5.2s, gen_max_obj=2247.3)
gen 339/500  filled=  47/1600  obj_max=2688.6  obj_mean=2078.55  qd_score=97692.1  (5.2s, gen_max_obj=2050.4)
gen 340/500  filled=  47/1600  obj_max=2688.6  obj_mean=2078.55  qd_score=97692.1  (5.5s, gen_max_obj=2009.1)
gen 341/500  filled=  47/1600  obj_max=2688.6  obj_mean=2078.55  qd_score=97692.1  (5.1s, gen_max_obj=2007.6)
gen 342/500  filled=  47/1600  obj_max=2688.6  obj_mean=2088.74  qd_score=98170.8  (5.2s, gen_max_obj=2430.1)
gen 343/500  filled=  47/1600  obj_max=2688.6  obj_mean=2093.08  qd_score=98374.7  (5.1s, gen_max_obj=2291.5)
gen 344/500  filled=  47/1600  obj_max=2688.6  obj_mean=2093.08  qd_score=98374.7  (5.1s, gen_max_obj=2007.1)
gen 345/500  filled=  47/1600  obj_max=2688.6  obj_mean=2093.08  qd_score=98374.7  (5.1s, gen_max_obj=2109.8)
gen 346/500  filled=  47/1600  obj_max=2688.6  obj_mean=2093.08  qd_score=98374.7  (5.4s, gen_max_obj=2110.9)
gen 347/500  filled=  47/1600  obj_max=2688.6  obj_mean=2093.08  qd_score=98374.7  (5.0s, gen_max_obj=2227.3)
gen 348/500  filled=  47/1600  obj_max=2688.6  obj_mean=2093.08  qd_score=98374.7  (5.3s, gen_max_obj=1950.0)
gen 349/500  filled=  47/1600  obj_max=2688.6  obj_mean=2093.08  qd_score=98374.7  (5.1s, gen_max_obj=1950.6)
gen 350/500  filled=  47/1600  obj_max=2688.6  obj_mean=2093.08  qd_score=98374.7  (5.1s, gen_max_obj=2048.4)
gen 351/500  filled=  47/1600  obj_max=2688.6  obj_mean=2093.08  qd_score=98374.7  (5.4s, gen_max_obj=2147.2)
gen 352/500  filled=  47/1600  obj_max=2688.6  obj_mean=2093.08  qd_score=98374.7  (5.5s, gen_max_obj=2048.7)
gen 353/500  filled=  47/1600  obj_max=2688.6  obj_mean=2093.08  qd_score=98374.7  (5.8s, gen_max_obj=2107.1)
gen 354/500  filled=  47/1600  obj_max=2688.6  obj_mean=2093.08  qd_score=98374.7  (5.6s, gen_max_obj=2249.6)
gen 355/500  filled=  47/1600  obj_max=2688.6  obj_mean=2093.08  qd_score=98374.7  (5.4s, gen_max_obj=2129.6)
gen 356/500  filled=  47/1600  obj_max=2688.6  obj_mean=2093.53  qd_score=98395.9  (5.2s, gen_max_obj=2291.1)
gen 357/500  filled=  47/1600  obj_max=2688.6  obj_mean=2094.42  qd_score=98437.7  (5.4s, gen_max_obj=2046.1)
gen 358/500  filled=  47/1600  obj_max=2688.6  obj_mean=2095.26  qd_score=98477.2  (5.2s, gen_max_obj=2107.0)
gen 359/500  filled=  47/1600  obj_max=2688.6  obj_mean=2100.36  qd_score=98717.0  (5.2s, gen_max_obj=2072.1)
gen 360/500  filled=  47/1600  obj_max=2688.6  obj_mean=2100.36  qd_score=98717.0  (5.5s, gen_max_obj=2050.3)
gen 361/500  filled=  47/1600  obj_max=2688.6  obj_mean=2103.24  qd_score=98852.1  (5.4s, gen_max_obj=2048.6)
gen 362/500  filled=  47/1600  obj_max=2688.6  obj_mean=2116.93  qd_score=99495.6  (5.6s, gen_max_obj=2429.7)
gen 363/500  filled=  47/1600  obj_max=2688.6  obj_mean=2118.19  qd_score=99555.0  (5.6s, gen_max_obj=2089.6)
gen 364/500  filled=  47/1600  obj_max=2688.6  obj_mean=2118.19  qd_score=99555.0  (5.2s, gen_max_obj=2128.8)
gen 365/500  filled=  47/1600  obj_max=2688.6  obj_mean=2118.19  qd_score=99555.0  (5.2s, gen_max_obj=2072.6)
gen 366/500  filled=  47/1600  obj_max=2688.6  obj_mean=2118.19  qd_score=99555.0  (5.3s, gen_max_obj=2289.1)
gen 367/500  filled=  47/1600  obj_max=2688.6  obj_mean=2119.05  qd_score=99595.3  (5.1s, gen_max_obj=2267.4)
gen 368/500  filled=  47/1600  obj_max=2688.6  obj_mean=2121.12  qd_score=99692.6  (5.1s, gen_max_obj=2207.9)
gen 369/500  filled=  47/1600  obj_max=2688.6  obj_mean=2121.12  qd_score=99692.6  (5.3s, gen_max_obj=2052.1)
gen 370/500  filled=  47/1600  obj_max=2688.6  obj_mean=2126.25  qd_score=99933.6  (5.6s, gen_max_obj=2228.5)
gen 371/500  filled=  47/1600  obj_max=2688.6  obj_mean=2126.25  qd_score=99933.6  (5.2s, gen_max_obj=2209.5)
gen 372/500  filled=  47/1600  obj_max=2688.6  obj_mean=2126.25  qd_score=99933.6  (5.2s, gen_max_obj=2148.4)
gen 373/500  filled=  47/1600  obj_max=2688.6  obj_mean=2127.92  qd_score=100012.4  (5.1s, gen_max_obj=2309.6)
gen 374/500  filled=  47/1600  obj_max=2688.6  obj_mean=2127.92  qd_score=100012.4  (5.3s, gen_max_obj=2127.3)
gen 375/500  filled=  47/1600  obj_max=2688.6  obj_mean=2127.92  qd_score=100012.4  (5.3s, gen_max_obj=2005.8)
gen 376/500  filled=  47/1600  obj_max=2688.6  obj_mean=2127.92  qd_score=100012.4  (5.2s, gen_max_obj=2187.2)
gen 377/500  filled=  47/1600  obj_max=2688.6  obj_mean=2127.92  qd_score=100012.4  (5.2s, gen_max_obj=1927.3)
gen 378/500  filled=  47/1600  obj_max=2688.6  obj_mean=2127.92  qd_score=100012.4  (5.7s, gen_max_obj=2047.1)
gen 379/500  filled=  47/1600  obj_max=2688.6  obj_mean=2129.19  qd_score=100072.0  (5.1s, gen_max_obj=2127.4)
gen 380/500  filled=  47/1600  obj_max=2688.6  obj_mean=2129.19  qd_score=100072.0  (5.2s, gen_max_obj=1987.6)
gen 381/500  filled=  47/1600  obj_max=2688.6  obj_mean=2129.19  qd_score=100072.0  (5.2s, gen_max_obj=2030.2)
gen 382/500  filled=  47/1600  obj_max=2688.6  obj_mean=2129.19  qd_score=100072.0  (5.2s, gen_max_obj=2147.8)
gen 383/500  filled=  47/1600  obj_max=2688.6  obj_mean=2129.19  qd_score=100072.0  (5.2s, gen_max_obj=2106.8)
gen 384/500  filled=  47/1600  obj_max=2688.6  obj_mean=2129.19  qd_score=100072.0  (5.5s, gen_max_obj=2246.6)
gen 385/500  filled=  47/1600  obj_max=2688.6  obj_mean=2129.19  qd_score=100072.0  (5.0s, gen_max_obj=1967.2)
gen 386/500  filled=  47/1600  obj_max=2688.6  obj_mean=2129.19  qd_score=100072.0  (5.0s, gen_max_obj=2145.1)
gen 387/500  filled=  47/1600  obj_max=2688.6  obj_mean=2129.19  qd_score=100072.0  (5.1s, gen_max_obj=1966.7)
gen 388/500  filled=  47/1600  obj_max=2688.6  obj_mean=2129.20  qd_score=100072.4  (5.0s, gen_max_obj=2029.5)
gen 389/500  filled=  47/1600  obj_max=2688.6  obj_mean=2129.20  qd_score=100072.4  (5.4s, gen_max_obj=2107.7)
gen 390/500  filled=  47/1600  obj_max=2688.6  obj_mean=2130.02  qd_score=100110.7  (5.2s, gen_max_obj=2067.8)
gen 391/500  filled=  47/1600  obj_max=2688.6  obj_mean=2130.02  qd_score=100110.7  (5.3s, gen_max_obj=2029.2)
gen 392/500  filled=  48/1600  obj_max=2688.6  obj_mean=2114.89  qd_score=101514.9  (5.2s, gen_max_obj=2191.4)
gen 393/500  filled=  48/1600  obj_max=2688.6  obj_mean=2114.89  qd_score=101514.9  (5.2s, gen_max_obj=2106.4)
gen 394/500  filled=  48/1600  obj_max=2688.6  obj_mean=2114.89  qd_score=101514.9  (5.3s, gen_max_obj=2011.1)
gen 395/500  filled=  48/1600  obj_max=2688.6  obj_mean=2114.89  qd_score=101514.9  (5.5s, gen_max_obj=2130.4)
gen 396/500  filled=  48/1600  obj_max=2688.6  obj_mean=2116.61  qd_score=101597.4  (5.2s, gen_max_obj=1986.3)
gen 397/500  filled=  48/1600  obj_max=2688.6  obj_mean=2116.61  qd_score=101597.4  (5.2s, gen_max_obj=2086.4)
gen 398/500  filled=  48/1600  obj_max=2688.6  obj_mean=2120.04  qd_score=101762.0  (5.1s, gen_max_obj=2371.5)
gen 399/500  filled=  48/1600  obj_max=2688.6  obj_mean=2120.04  qd_score=101762.0  (5.1s, gen_max_obj=2125.7)
gen 400/500  filled=  48/1600  obj_max=2688.6  obj_mean=2120.04  qd_score=101762.0  (5.4s, gen_max_obj=2029.9)
gen 401/500  filled=  48/1600  obj_max=2688.6  obj_mean=2120.04  qd_score=101762.0  (5.1s, gen_max_obj=2051.3)
gen 402/500  filled=  48/1600  obj_max=2688.6  obj_mean=2120.04  qd_score=101762.0  (5.2s, gen_max_obj=2045.7)
gen 403/500  filled=  48/1600  obj_max=2688.6  obj_mean=2120.04  qd_score=101762.0  (5.3s, gen_max_obj=2206.8)
gen 404/500  filled=  48/1600  obj_max=2688.6  obj_mean=2120.04  qd_score=101762.0  (5.3s, gen_max_obj=2205.1)
gen 405/500  filled=  48/1600  obj_max=2688.6  obj_mean=2120.04  qd_score=101762.0  (5.1s, gen_max_obj=2046.1)
gen 406/500  filled=  48/1600  obj_max=2688.6  obj_mean=2120.40  qd_score=101779.2  (5.4s, gen_max_obj=2225.1)
gen 407/500  filled=  48/1600  obj_max=2688.6  obj_mean=2120.40  qd_score=101779.2  (5.4s, gen_max_obj=1946.1)
gen 408/500  filled=  48/1600  obj_max=2688.6  obj_mean=2120.40  qd_score=101779.2  (5.5s, gen_max_obj=2107.3)
gen 409/500  filled=  48/1600  obj_max=2688.6  obj_mean=2120.40  qd_score=101779.2  (5.6s, gen_max_obj=1924.8)
gen 410/500  filled=  48/1600  obj_max=2688.6  obj_mean=2125.77  qd_score=102037.0  (5.2s, gen_max_obj=2387.6)
gen 411/500  filled=  48/1600  obj_max=2688.6  obj_mean=2126.61  qd_score=102077.2  (5.3s, gen_max_obj=2265.3)
gen 412/500  filled=  48/1600  obj_max=2688.6  obj_mean=2126.61  qd_score=102077.2  (5.1s, gen_max_obj=1964.9)
gen 413/500  filled=  48/1600  obj_max=2688.6  obj_mean=2126.61  qd_score=102077.2  (5.3s, gen_max_obj=2147.7)
gen 414/500  filled=  48/1600  obj_max=2688.6  obj_mean=2126.61  qd_score=102077.2  (5.1s, gen_max_obj=2148.1)
gen 415/500  filled=  48/1600  obj_max=2688.6  obj_mean=2126.61  qd_score=102077.2  (5.2s, gen_max_obj=2227.6)
gen 416/500  filled=  48/1600  obj_max=2688.6  obj_mean=2126.61  qd_score=102077.2  (5.1s, gen_max_obj=2107.1)
gen 417/500  filled=  48/1600  obj_max=2688.6  obj_mean=2127.92  qd_score=102140.0  (5.9s, gen_max_obj=2390.1)
gen 418/500  filled=  48/1600  obj_max=2688.6  obj_mean=2127.92  qd_score=102140.0  (6.4s, gen_max_obj=2044.0)
gen 419/500  filled=  48/1600  obj_max=2688.6  obj_mean=2127.92  qd_score=102140.0  (5.7s, gen_max_obj=1931.8)
gen 420/500  filled=  48/1600  obj_max=2688.6  obj_mean=2127.92  qd_score=102140.0  (6.0s, gen_max_obj=2183.6)
gen 421/500  filled=  48/1600  obj_max=2688.6  obj_mean=2128.70  qd_score=102177.4  (5.3s, gen_max_obj=2245.7)
gen 422/500  filled=  48/1600  obj_max=2688.6  obj_mean=2128.70  qd_score=102177.4  (4.9s, gen_max_obj=2068.1)
gen 423/500  filled=  48/1600  obj_max=2688.6  obj_mean=2128.70  qd_score=102177.4  (4.9s, gen_max_obj=2185.6)
gen 424/500  filled=  48/1600  obj_max=2688.6  obj_mean=2128.70  qd_score=102177.4  (5.2s, gen_max_obj=2228.9)
gen 425/500  filled=  48/1600  obj_max=2688.6  obj_mean=2128.70  qd_score=102177.4  (5.9s, gen_max_obj=2025.4)
gen 426/500  filled=  48/1600  obj_max=2688.6  obj_mean=2128.70  qd_score=102177.4  (6.0s, gen_max_obj=2049.9)
gen 427/500  filled=  48/1600  obj_max=2688.6  obj_mean=2132.48  qd_score=102359.1  (5.2s, gen_max_obj=1965.0)
gen 428/500  filled=  48/1600  obj_max=2688.6  obj_mean=2132.48  qd_score=102359.1  (4.9s, gen_max_obj=2267.0)
gen 429/500  filled=  48/1600  obj_max=2688.6  obj_mean=2134.94  qd_score=102477.3  (4.9s, gen_max_obj=2086.6)
gen 430/500  filled=  48/1600  obj_max=2688.6  obj_mean=2136.94  qd_score=102573.1  (5.0s, gen_max_obj=2386.8)
gen 431/500  filled=  48/1600  obj_max=2688.6  obj_mean=2138.67  qd_score=102656.1  (5.5s, gen_max_obj=2325.9)
gen 432/500  filled=  48/1600  obj_max=2688.6  obj_mean=2139.46  qd_score=102694.3  (5.4s, gen_max_obj=2108.6)
gen 433/500  filled=  48/1600  obj_max=2688.6  obj_mean=2142.38  qd_score=102834.3  (5.2s, gen_max_obj=2089.6)
gen 434/500  filled=  48/1600  obj_max=2688.6  obj_mean=2142.38  qd_score=102834.3  (4.9s, gen_max_obj=2029.0)
gen 435/500  filled=  48/1600  obj_max=2688.6  obj_mean=2142.38  qd_score=102834.3  (5.2s, gen_max_obj=2206.2)
gen 436/500  filled=  48/1600  obj_max=2688.6  obj_mean=2142.38  qd_score=102834.3  (4.9s, gen_max_obj=2306.7)
gen 437/500  filled=  48/1600  obj_max=2688.6  obj_mean=2142.38  qd_score=102834.3  (4.9s, gen_max_obj=2209.1)
gen 438/500  filled=  48/1600  obj_max=2688.6  obj_mean=2147.00  qd_score=103056.0  (4.9s, gen_max_obj=2366.8)
gen 439/500  filled=  48/1600  obj_max=2688.6  obj_mean=2147.40  qd_score=103075.1  (5.0s, gen_max_obj=2225.3)
gen 440/500  filled=  48/1600  obj_max=2688.6  obj_mean=2148.66  qd_score=103135.8  (5.1s, gen_max_obj=2245.4)
gen 441/500  filled=  48/1600  obj_max=2688.6  obj_mean=2148.66  qd_score=103135.8  (4.8s, gen_max_obj=2145.0)
gen 442/500  filled=  48/1600  obj_max=2688.6  obj_mean=2153.68  qd_score=103376.5  (4.9s, gen_max_obj=2245.7)
gen 443/500  filled=  48/1600  obj_max=2688.6  obj_mean=2153.68  qd_score=103376.5  (4.9s, gen_max_obj=2085.4)
gen 444/500  filled=  48/1600  obj_max=2688.6  obj_mean=2153.68  qd_score=103376.5  (5.1s, gen_max_obj=2208.8)
gen 445/500  filled=  48/1600  obj_max=2688.6  obj_mean=2153.68  qd_score=103376.5  (5.1s, gen_max_obj=2125.3)
gen 446/500  filled=  48/1600  obj_max=2688.6  obj_mean=2153.68  qd_score=103376.5  (4.8s, gen_max_obj=2127.1)
gen 447/500  filled=  48/1600  obj_max=2688.6  obj_mean=2153.68  qd_score=103376.5  (4.9s, gen_max_obj=2004.7)
gen 448/500  filled=  48/1600  obj_max=2688.6  obj_mean=2156.18  qd_score=103496.6  (4.9s, gen_max_obj=2487.0)
gen 449/500  filled=  48/1600  obj_max=2688.6  obj_mean=2156.18  qd_score=103496.6  (5.1s, gen_max_obj=2065.3)
gen 450/500  filled=  48/1600  obj_max=2688.6  obj_mean=2156.18  qd_score=103496.6  (4.9s, gen_max_obj=2125.2)
gen 451/500  filled=  48/1600  obj_max=2688.6  obj_mean=2156.18  qd_score=103496.6  (5.2s, gen_max_obj=2105.4)
gen 452/500  filled=  48/1600  obj_max=2688.6  obj_mean=2156.18  qd_score=103496.6  (4.9s, gen_max_obj=2205.6)
gen 453/500  filled=  48/1600  obj_max=2688.6  obj_mean=2156.18  qd_score=103496.6  (4.8s, gen_max_obj=2183.4)
gen 454/500  filled=  48/1600  obj_max=2688.6  obj_mean=2156.18  qd_score=103496.6  (5.1s, gen_max_obj=2165.2)
gen 455/500  filled=  48/1600  obj_max=2688.6  obj_mean=2156.18  qd_score=103496.6  (4.9s, gen_max_obj=2125.6)
gen 456/500  filled=  48/1600  obj_max=2688.6  obj_mean=2156.18  qd_score=103496.6  (4.8s, gen_max_obj=2246.1)
gen 457/500  filled=  48/1600  obj_max=2688.6  obj_mean=2156.18  qd_score=103496.6  (4.9s, gen_max_obj=2144.8)
gen 458/500  filled=  49/1600  obj_max=2688.6  obj_mean=2134.32  qd_score=104581.8  (5.0s, gen_max_obj=2389.2)
gen 459/500  filled=  49/1600  obj_max=2688.6  obj_mean=2149.43  qd_score=105322.0  (5.0s, gen_max_obj=2105.1)
gen 460/500  filled=  49/1600  obj_max=2688.6  obj_mean=2149.43  qd_score=105322.0  (4.9s, gen_max_obj=2171.0)
gen 461/500  filled=  49/1600  obj_max=2688.6  obj_mean=2149.43  qd_score=105322.0  (4.9s, gen_max_obj=2004.9)
gen 462/500  filled=  49/1600  obj_max=2688.6  obj_mean=2150.59  qd_score=105379.0  (5.0s, gen_max_obj=2447.1)
gen 463/500  filled=  49/1600  obj_max=2688.6  obj_mean=2150.59  qd_score=105379.0  (4.8s, gen_max_obj=2186.7)
gen 464/500  filled=  49/1600  obj_max=2688.6  obj_mean=2150.59  qd_score=105379.0  (4.9s, gen_max_obj=2049.1)
gen 465/500  filled=  49/1600  obj_max=2688.6  obj_mean=2150.59  qd_score=105379.0  (4.9s, gen_max_obj=2066.3)
gen 466/500  filled=  49/1600  obj_max=2688.6  obj_mean=2150.59  qd_score=105379.0  (4.9s, gen_max_obj=2164.8)
gen 467/500  filled=  49/1600  obj_max=2688.6  obj_mean=2150.59  qd_score=105379.0  (4.9s, gen_max_obj=2244.6)
gen 468/500  filled=  49/1600  obj_max=2688.6  obj_mean=2154.67  qd_score=105579.1  (4.9s, gen_max_obj=2144.9)
gen 469/500  filled=  49/1600  obj_max=2688.6  obj_mean=2164.53  qd_score=106062.0  (4.9s, gen_max_obj=2669.1)
gen 470/500  filled=  49/1600  obj_max=2688.6  obj_mean=2168.63  qd_score=106262.6  (5.1s, gen_max_obj=2305.1)
gen 471/500  filled=  49/1600  obj_max=2688.6  obj_mean=2172.38  qd_score=106446.6  (5.1s, gen_max_obj=2289.2)
gen 472/500  filled=  49/1600  obj_max=2688.6  obj_mean=2172.38  qd_score=106446.6  (5.3s, gen_max_obj=2148.1)
gen 473/500  filled=  49/1600  obj_max=2688.6  obj_mean=2172.38  qd_score=106446.6  (4.9s, gen_max_obj=2144.6)
gen 474/500  filled=  49/1600  obj_max=2688.6  obj_mean=2172.38  qd_score=106446.6  (5.0s, gen_max_obj=2089.5)
gen 475/500  filled=  49/1600  obj_max=2688.6  obj_mean=2177.24  qd_score=106684.7  (4.9s, gen_max_obj=2167.4)
gen 476/500  filled=  49/1600  obj_max=2688.6  obj_mean=2177.24  qd_score=106684.7  (4.9s, gen_max_obj=2308.8)
gen 477/500  filled=  49/1600  obj_max=2688.6  obj_mean=2177.69  qd_score=106706.7  (5.4s, gen_max_obj=2088.8)
gen 478/500  filled=  49/1600  obj_max=2688.6  obj_mean=2177.69  qd_score=106706.7  (5.0s, gen_max_obj=2109.0)
gen 479/500  filled=  49/1600  obj_max=2688.6  obj_mean=2178.04  qd_score=106723.8  (4.9s, gen_max_obj=2327.0)
gen 480/500  filled=  50/1600  obj_max=2688.6  obj_mean=2168.18  qd_score=108409.1  (5.1s, gen_max_obj=2250.3)
gen 481/500  filled=  50/1600  obj_max=2688.6  obj_mean=2168.18  qd_score=108409.1  (4.9s, gen_max_obj=2270.0)
gen 482/500  filled=  50/1600  obj_max=2688.6  obj_mean=2180.58  qd_score=109029.1  (4.9s, gen_max_obj=2305.3)
gen 483/500  filled=  50/1600  obj_max=2688.6  obj_mean=2181.84  qd_score=109091.9  (4.8s, gen_max_obj=2049.1)
gen 484/500  filled=  51/1600  obj_max=2688.6  obj_mean=2169.75  qd_score=110657.0  (5.0s, gen_max_obj=2107.2)
gen 485/500  filled=  51/1600  obj_max=2688.6  obj_mean=2175.23  qd_score=110936.8  (4.9s, gen_max_obj=2186.6)
gen 486/500  filled=  51/1600  obj_max=2949.9  obj_mean=2195.22  qd_score=111956.3  (4.8s, gen_max_obj=2949.9)
gen 487/500  filled=  51/1600  obj_max=2949.9  obj_mean=2200.68  qd_score=112234.7  (5.1s, gen_max_obj=2206.6)
gen 488/500  filled=  51/1600  obj_max=2949.9  obj_mean=2206.29  qd_score=112520.6  (4.9s, gen_max_obj=2469.1)
gen 489/500  filled=  51/1600  obj_max=2949.9  obj_mean=2208.70  qd_score=112643.5  (4.9s, gen_max_obj=2287.9)
gen 490/500  filled=  51/1600  obj_max=2949.9  obj_mean=2212.63  qd_score=112844.3  (5.0s, gen_max_obj=2207.1)
gen 491/500  filled=  51/1600  obj_max=2949.9  obj_mean=2213.04  qd_score=112865.2  (4.9s, gen_max_obj=2308.8)
gen 492/500  filled=  51/1600  obj_max=2949.9  obj_mean=2217.76  qd_score=113105.7  (5.2s, gen_max_obj=2549.2)
gen 493/500  filled=  51/1600  obj_max=2949.9  obj_mean=2217.76  qd_score=113105.7  (5.4s, gen_max_obj=2186.6)
gen 494/500  filled=  52/1600  obj_max=2949.9  obj_mean=2202.94  qd_score=114553.0  (4.9s, gen_max_obj=2148.8)
gen 495/500  filled=  52/1600  obj_max=2949.9  obj_mean=2202.94  qd_score=114553.0  (4.9s, gen_max_obj=2088.8)
gen 496/500  filled=  52/1600  obj_max=2949.9  obj_mean=2202.94  qd_score=114553.0  (5.0s, gen_max_obj=2209.3)
gen 497/500  filled=  52/1600  obj_max=2949.9  obj_mean=2202.94  qd_score=114553.0  (5.2s, gen_max_obj=2148.8)
gen 498/500  filled=  52/1600  obj_max=2949.9  obj_mean=2202.94  qd_score=114553.0  (4.9s, gen_max_obj=2104.5)
gen 499/500  filled=  52/1600  obj_max=2949.9  obj_mean=2207.16  qd_score=114772.3  (4.9s, gen_max_obj=2249.2)
gen 500/500  filled=  52/1600  obj_max=2949.9  obj_mean=2207.16  qd_score=114772.3  (4.9s, gen_max_obj=2250.9)
# finished 2026-06-03 17:55:25  wall=2621.2s
