=== longer experiments start: Mon Jun  1 09:15:50 EDT 2026 ===

==== tape_800_resind :: Mon Jun  1 09:15:50 EDT 2026 ====
args: --policy tape --gens 50 --emitters 5 --batch 20 --n-actions 800 --ticks-per-action 100 --fitness varied --measures res_ind --n-evals 3
policy = tape  params = 2400  sigma0 = 1.0  es = cma_es
fitness = varied
archive = 40x40 = 1600 cells
running with 8 worker processes
running 50 generations, 5 emitters x 20 solutions = 100 evals/gen
/Users/juliantogelius/Library/Python/3.9/lib/python/site-packages/ribs/emitters/opt/_cma_es.py:299: RuntimeWarning: divide by zero encountered in matmul
  z = np.matmul(self.cov.invsqrt, y)
/Users/juliantogelius/Library/Python/3.9/lib/python/site-packages/ribs/emitters/opt/_cma_es.py:299: RuntimeWarning: overflow encountered in matmul
  z = np.matmul(self.cov.invsqrt, y)
/Users/juliantogelius/Library/Python/3.9/lib/python/site-packages/ribs/emitters/opt/_cma_es.py:299: RuntimeWarning: invalid value encountered in matmul
  z = np.matmul(self.cov.invsqrt, y)
/Users/juliantogelius/Library/Python/3.9/lib/python/site-packages/ribs/emitters/opt/_cma_es.py:299: RuntimeWarning: divide by zero encountered in matmul
  z = np.matmul(self.cov.invsqrt, y)
/Users/juliantogelius/Library/Python/3.9/lib/python/site-packages/ribs/emitters/opt/_cma_es.py:299: RuntimeWarning: overflow encountered in matmul
  z = np.matmul(self.cov.invsqrt, y)
/Users/juliantogelius/Library/Python/3.9/lib/python/site-packages/ribs/emitters/opt/_cma_es.py:299: RuntimeWarning: invalid value encountered in matmul
  z = np.matmul(self.cov.invsqrt, y)
gen   1/50  filled=  47/1600  obj_max=946.9  obj_mean=317.05  qd_score=14901.1  (220.7s, gen_max_obj=946.9)
gen   2/50  filled=  60/1600  obj_max=946.9  obj_mean=392.79  qd_score=23567.3  (227.4s, gen_max_obj=914.9)
gen   3/50  filled=  67/1600  obj_max=946.9  obj_mean=413.88  qd_score=27730.2  (228.0s, gen_max_obj=901.6)
gen   4/50  filled=  83/1600  obj_max=946.9  obj_mean=385.63  qd_score=32007.7  (216.4s, gen_max_obj=768.3)
gen   5/50  filled=  89/1600  obj_max=946.9  obj_mean=394.21  qd_score=35084.8  (215.3s, gen_max_obj=899.2)
gen   6/50  filled=  94/1600  obj_max=946.9  obj_mean=405.86  qd_score=38150.9  (219.4s, gen_max_obj=838.2)
gen   7/50  filled=  98/1600  obj_max=946.9  obj_mean=454.33  qd_score=44524.1  (214.3s, gen_max_obj=873.8)
gen   8/50  filled= 102/1600  obj_max=946.9  obj_mean=456.47  qd_score=46560.4  (215.1s, gen_max_obj=843.1)
gen   9/50  filled= 109/1600  obj_max=946.9  obj_mean=455.86  qd_score=49689.2  (214.7s, gen_max_obj=782.4)
gen  10/50  filled= 113/1600  obj_max=946.9  obj_mean=451.21  qd_score=50986.7  (223.4s, gen_max_obj=782.0)
gen  11/50  filled= 116/1600  obj_max=1096.3  obj_mean=462.31  qd_score=53627.5  (214.3s, gen_max_obj=1096.3)
gen  12/50  filled= 118/1600  obj_max=1096.3  obj_mean=468.77  qd_score=55315.2  (214.3s, gen_max_obj=795.1)
gen  13/50  filled= 125/1600  obj_max=1096.3  obj_mean=464.81  qd_score=58100.6  (215.0s, gen_max_obj=807.7)
gen  14/50  filled= 126/1600  obj_max=1096.3  obj_mean=465.37  qd_score=58637.2  (214.5s, gen_max_obj=1043.2)
gen  15/50  filled= 130/1600  obj_max=1096.3  obj_mean=464.96  qd_score=60445.3  (214.0s, gen_max_obj=755.0)
gen  16/50  filled= 135/1600  obj_max=1096.3  obj_mean=450.51  qd_score=60818.7  (214.8s, gen_max_obj=735.5)
gen  17/50  filled= 140/1600  obj_max=1096.3  obj_mean=442.32  qd_score=61925.1  (213.3s, gen_max_obj=766.6)
gen  18/50  filled= 140/1600  obj_max=1096.3  obj_mean=454.51  qd_score=63631.3  (220.7s, gen_max_obj=789.9)
gen  19/50  filled= 142/1600  obj_max=1096.3  obj_mean=456.88  qd_score=64876.6  (217.8s, gen_max_obj=788.5)
gen  20/50  filled= 142/1600  obj_max=1096.3  obj_mean=463.75  qd_score=65852.5  (213.4s, gen_max_obj=902.4)
gen  21/50  filled= 145/1600  obj_max=1096.3  obj_mean=459.07  qd_score=66564.8  (212.8s, gen_max_obj=682.2)
gen  22/50  filled= 145/1600  obj_max=1096.3  obj_mean=460.45  qd_score=66764.7  (213.5s, gen_max_obj=193.2)
gen  23/50  filled= 150/1600  obj_max=1096.3  obj_mean=451.76  qd_score=67764.0  (213.8s, gen_max_obj=798.9)
gen  24/50  filled= 150/1600  obj_max=1096.3  obj_mean=452.48  qd_score=67872.1  (212.5s, gen_max_obj=549.2)
gen  25/50  filled= 153/1600  obj_max=1096.3  obj_mean=444.93  qd_score=68074.3  (213.6s, gen_max_obj=761.9)
gen  26/50  filled= 156/1600  obj_max=1096.3  obj_mean=444.25  qd_score=69302.8  (216.0s, gen_max_obj=718.8)
gen  27/50  filled= 157/1600  obj_max=1096.3  obj_mean=442.04  qd_score=69400.4  (216.5s, gen_max_obj=679.2)
gen  28/50  filled= 157/1600  obj_max=1096.3  obj_mean=445.34  qd_score=69918.1  (213.1s, gen_max_obj=682.7)
gen  29/50  filled= 160/1600  obj_max=1096.3  obj_mean=439.00  qd_score=70240.6  (213.0s, gen_max_obj=737.5)
gen  30/50  filled= 162/1600  obj_max=1096.3  obj_mean=438.03  qd_score=70960.2  (212.4s, gen_max_obj=682.0)
gen  31/50  filled= 164/1600  obj_max=1096.3  obj_mean=433.80  qd_score=71143.1  (212.3s, gen_max_obj=673.8)
gen  32/50  filled= 164/1600  obj_max=1096.3  obj_mean=434.87  qd_score=71318.9  (213.2s, gen_max_obj=222.4)
gen  33/50  filled= 165/1600  obj_max=1096.3  obj_mean=440.15  qd_score=72625.2  (213.3s, gen_max_obj=809.7)
gen  34/50  filled= 165/1600  obj_max=1096.3  obj_mean=440.74  qd_score=72722.9  (211.5s, gen_max_obj=99.2)
gen  35/50  filled= 166/1600  obj_max=1096.3  obj_mean=439.05  qd_score=72881.7  (222.1s, gen_max_obj=259.3)
gen  36/50  filled= 168/1600  obj_max=1096.3  obj_mean=436.41  qd_score=73317.1  (225.2s, gen_max_obj=269.0)
gen  37/50  filled= 169/1600  obj_max=1096.3  obj_mean=434.07  qd_score=73358.6  (213.5s, gen_max_obj=164.8)
gen  38/50  filled= 170/1600  obj_max=1096.3  obj_mean=435.56  qd_score=74045.9  (212.3s, gen_max_obj=681.4)
gen  39/50  filled= 171/1600  obj_max=1096.3  obj_mean=433.41  qd_score=74112.5  (212.3s, gen_max_obj=164.9)
gen  40/50  filled= 171/1600  obj_max=1096.3  obj_mean=437.49  qd_score=74810.2  (211.3s, gen_max_obj=793.7)
gen  41/50  filled= 172/1600  obj_max=1096.3  obj_mean=435.80  qd_score=74957.1  (211.5s, gen_max_obj=675.5)
gen  42/50  filled= 172/1600  obj_max=1096.3  obj_mean=435.83  qd_score=74962.9  (211.6s, gen_max_obj=115.1)
gen  43/50  filled= 173/1600  obj_max=1096.3  obj_mean=433.63  qd_score=75017.2  (220.5s, gen_max_obj=188.4)
gen  44/50  filled= 173/1600  obj_max=1096.3  obj_mean=434.17  qd_score=75110.8  (225.3s, gen_max_obj=233.4)
gen  45/50  filled= 173/1600  obj_max=1096.3  obj_mean=434.22  qd_score=75120.0  (216.5s, gen_max_obj=144.7)
gen  46/50  filled= 175/1600  obj_max=1096.3  obj_mean=430.76  qd_score=75383.6  (212.2s, gen_max_obj=181.2)
gen  47/50  filled= 175/1600  obj_max=1096.3  obj_mean=431.15  qd_score=75451.0  (212.2s, gen_max_obj=259.5)
gen  48/50  filled= 175/1600  obj_max=1096.3  obj_mean=431.15  qd_score=75451.0  (212.0s, gen_max_obj=89.6)
gen  49/50  filled= 175/1600  obj_max=1096.3  obj_mean=431.15  qd_score=75451.0  (213.1s, gen_max_obj=208.7)
gen  50/50  filled= 175/1600  obj_max=1096.3  obj_mean=431.70  qd_score=75548.2  (213.4s, gen_max_obj=140.8)

total: 10779.5s
saved archive to results/longer_tape_800_resind.npz (175 elites)

==== tape_600_resind :: Mon Jun  1 12:15:31 EDT 2026 ====
args: --policy tape --gens 50 --emitters 5 --batch 20 --n-actions 600 --ticks-per-action 100 --fitness varied --measures res_ind --n-evals 1
policy = tape  params = 1800  sigma0 = 1.0  es = cma_es
fitness = varied
archive = 40x40 = 1600 cells
running with 8 worker processes
running 50 generations, 5 emitters x 20 solutions = 100 evals/gen
/Users/juliantogelius/Library/Python/3.9/lib/python/site-packages/ribs/emitters/opt/_cma_es.py:299: RuntimeWarning: divide by zero encountered in matmul
  z = np.matmul(self.cov.invsqrt, y)
/Users/juliantogelius/Library/Python/3.9/lib/python/site-packages/ribs/emitters/opt/_cma_es.py:299: RuntimeWarning: overflow encountered in matmul
  z = np.matmul(self.cov.invsqrt, y)
/Users/juliantogelius/Library/Python/3.9/lib/python/site-packages/ribs/emitters/opt/_cma_es.py:299: RuntimeWarning: invalid value encountered in matmul
  z = np.matmul(self.cov.invsqrt, y)
/Users/juliantogelius/Library/Python/3.9/lib/python/site-packages/ribs/emitters/opt/_cma_es.py:299: RuntimeWarning: divide by zero encountered in matmul
  z = np.matmul(self.cov.invsqrt, y)
/Users/juliantogelius/Library/Python/3.9/lib/python/site-packages/ribs/emitters/opt/_cma_es.py:299: RuntimeWarning: overflow encountered in matmul
  z = np.matmul(self.cov.invsqrt, y)
/Users/juliantogelius/Library/Python/3.9/lib/python/site-packages/ribs/emitters/opt/_cma_es.py:299: RuntimeWarning: invalid value encountered in matmul
  z = np.matmul(self.cov.invsqrt, y)
gen   1/50  filled=  52/1600  obj_max=777.8  obj_mean=243.19  qd_score=12645.8  (53.4s, gen_max_obj=777.8)
gen   2/50  filled=  70/1600  obj_max=1202.2  obj_mean=291.44  qd_score=20400.9  (51.5s, gen_max_obj=1202.2)
gen   3/50  filled=  82/1600  obj_max=1202.2  obj_mean=297.85  qd_score=24423.9  (51.6s, gen_max_obj=959.7)
gen   4/50  filled=  94/1600  obj_max=1202.2  obj_mean=290.14  qd_score=27273.4  (52.3s, gen_max_obj=870.3)
gen   5/50  filled= 104/1600  obj_max=1202.2  obj_mean=312.02  qd_score=32449.9  (53.7s, gen_max_obj=938.8)
gen   6/50  filled= 112/1600  obj_max=1202.2  obj_mean=314.86  qd_score=35264.1  (51.5s, gen_max_obj=712.6)
gen   7/50  filled= 115/1600  obj_max=1202.2  obj_mean=316.80  qd_score=36432.5  (51.9s, gen_max_obj=1022.2)
gen   8/50  filled= 119/1600  obj_max=1202.2  obj_mean=319.00  qd_score=37961.4  (52.2s, gen_max_obj=717.0)
gen   9/50  filled= 127/1600  obj_max=1202.2  obj_mean=314.45  qd_score=39934.7  (52.1s, gen_max_obj=775.5)
gen  10/50  filled= 132/1600  obj_max=1202.2  obj_mean=310.15  qd_score=40940.5  (51.6s, gen_max_obj=694.9)
gen  11/50  filled= 137/1600  obj_max=1202.2  obj_mean=316.62  qd_score=43376.4  (52.3s, gen_max_obj=796.3)
gen  12/50  filled= 140/1600  obj_max=1202.2  obj_mean=324.64  qd_score=45449.5  (52.3s, gen_max_obj=854.7)
gen  13/50  filled= 144/1600  obj_max=1202.2  obj_mean=328.35  qd_score=47281.8  (51.5s, gen_max_obj=687.2)
gen  14/50  filled= 149/1600  obj_max=1202.2  obj_mean=324.98  qd_score=48422.4  (51.7s, gen_max_obj=690.2)
gen  15/50  filled= 153/1600  obj_max=1202.2  obj_mean=326.53  qd_score=49959.0  (51.5s, gen_max_obj=684.2)
gen  16/50  filled= 156/1600  obj_max=1202.2  obj_mean=325.35  qd_score=50754.7  (51.7s, gen_max_obj=869.7)
gen  17/50  filled= 160/1600  obj_max=1202.2  obj_mean=320.66  qd_score=51305.2  (52.2s, gen_max_obj=681.3)
gen  18/50  filled= 161/1600  obj_max=1202.2  obj_mean=320.57  qd_score=51611.4  (51.8s, gen_max_obj=307.6)
gen  19/50  filled= 162/1600  obj_max=1202.2  obj_mean=319.18  qd_score=51707.9  (51.7s, gen_max_obj=741.0)
gen  20/50  filled= 165/1600  obj_max=1202.2  obj_mean=315.68  qd_score=52087.0  (51.4s, gen_max_obj=681.6)
gen  21/50  filled= 167/1600  obj_max=1202.2  obj_mean=318.16  qd_score=53132.9  (51.6s, gen_max_obj=702.2)
gen  22/50  filled= 169/1600  obj_max=1202.2  obj_mean=318.89  qd_score=53892.4  (51.8s, gen_max_obj=721.9)
gen  23/50  filled= 169/1600  obj_max=1202.2  obj_mean=319.84  qd_score=54052.5  (51.9s, gen_max_obj=204.7)
gen  24/50  filled= 172/1600  obj_max=1202.2  obj_mean=317.22  qd_score=54561.5  (51.7s, gen_max_obj=276.6)
gen  25/50  filled= 174/1600  obj_max=1202.2  obj_mean=318.11  qd_score=55350.4  (51.9s, gen_max_obj=884.7)
gen  26/50  filled= 179/1600  obj_max=1202.2  obj_mean=314.93  qd_score=56372.0  (51.5s, gen_max_obj=759.7)
gen  27/50  filled= 179/1600  obj_max=1202.2  obj_mean=317.93  qd_score=56909.0  (51.4s, gen_max_obj=840.3)
gen  28/50  filled= 179/1600  obj_max=1202.2  obj_mean=317.93  qd_score=56909.0  (51.5s, gen_max_obj=48.9)
gen  29/50  filled= 181/1600  obj_max=1202.2  obj_mean=317.70  qd_score=57502.9  (51.4s, gen_max_obj=667.8)
gen  30/50  filled= 181/1600  obj_max=1202.2  obj_mean=317.72  qd_score=57506.5  (51.5s, gen_max_obj=194.0)
gen  31/50  filled= 184/1600  obj_max=1202.2  obj_mean=320.71  qd_score=59010.2  (51.6s, gen_max_obj=784.5)
gen  32/50  filled= 186/1600  obj_max=1202.2  obj_mean=319.20  qd_score=59370.5  (51.3s, gen_max_obj=671.3)
gen  33/50  filled= 187/1600  obj_max=1202.2  obj_mean=323.26  qd_score=60449.2  (51.5s, gen_max_obj=668.4)
gen  34/50  filled= 188/1600  obj_max=1202.2  obj_mean=324.27  qd_score=60963.6  (51.6s, gen_max_obj=683.2)
gen  35/50  filled= 188/1600  obj_max=1202.2  obj_mean=324.31  qd_score=60969.9  (52.0s, gen_max_obj=41.0)
gen  36/50  filled= 189/1600  obj_max=1202.2  obj_mean=322.77  qd_score=61003.9  (51.9s, gen_max_obj=188.0)
gen  37/50  filled= 190/1600  obj_max=1202.2  obj_mean=321.34  qd_score=61054.0  (51.7s, gen_max_obj=677.0)
gen  38/50  filled= 191/1600  obj_max=1202.2  obj_mean=319.79  qd_score=61080.8  (51.8s, gen_max_obj=194.2)
gen  39/50  filled= 191/1600  obj_max=1202.2  obj_mean=320.60  qd_score=61235.5  (53.1s, gen_max_obj=214.4)
gen  40/50  filled= 191/1600  obj_max=1202.2  obj_mean=324.36  qd_score=61952.7  (52.7s, gen_max_obj=670.2)
gen  41/50  filled= 192/1600  obj_max=1202.2  obj_mean=322.95  qd_score=62005.9  (51.4s, gen_max_obj=213.2)
gen  42/50  filled= 193/1600  obj_max=1202.2  obj_mean=323.63  qd_score=62460.4  (51.8s, gen_max_obj=276.8)
gen  43/50  filled= 194/1600  obj_max=1202.2  obj_mean=322.11  qd_score=62489.5  (51.2s, gen_max_obj=207.5)
gen  44/50  filled= 194/1600  obj_max=1202.2  obj_mean=323.99  qd_score=62854.9  (51.5s, gen_max_obj=672.9)
gen  45/50  filled= 195/1600  obj_max=1202.2  obj_mean=322.50  qd_score=62886.9  (51.4s, gen_max_obj=195.1)
gen  46/50  filled= 195/1600  obj_max=1202.2  obj_mean=322.50  qd_score=62887.1  (51.3s, gen_max_obj=186.8)
gen  47/50  filled= 195/1600  obj_max=1202.2  obj_mean=322.55  qd_score=62897.2  (51.9s, gen_max_obj=41.0)
gen  48/50  filled= 196/1600  obj_max=1202.2  obj_mean=324.51  qd_score=63604.9  (51.3s, gen_max_obj=552.0)
gen  49/50  filled= 196/1600  obj_max=1202.2  obj_mean=324.51  qd_score=63604.9  (51.6s, gen_max_obj=189.1)
gen  50/50  filled= 196/1600  obj_max=1202.2  obj_mean=324.51  qd_score=63604.9  (51.4s, gen_max_obj=193.5)

total: 2590.4s
saved archive to results/longer_tape_600_resind.npz (196 elites)

==== hybrid_long_resind :: Mon Jun  1 12:58:43 EDT 2026 ====
args: --policy hybrid --policy-tape-len 80 --policy-channels 16,32 --gens 40 --emitters 5 --batch 20 --n-actions 250 --ticks-per-action 100 --fitness growth --measures res_ind --n-evals 3
policy = hybrid  params = 11252  sigma0 = 0.3  es = sep_cma_es
fitness = growth
archive = 40x40 = 1600 cells
running with 8 worker processes
running 40 generations, 5 emitters x 20 solutions = 100 evals/gen
gen   1/40  filled=   5/1600  obj_max=31.5  obj_mean=24.44  qd_score=122.2  (234.6s, gen_max_obj=31.5)
gen   2/40  filled=   9/1600  obj_max=31.5  obj_mean=25.90  qd_score=233.1  (229.2s, gen_max_obj=29.4)
gen   3/40  filled=   9/1600  obj_max=37.4  obj_mean=29.26  qd_score=263.4  (228.3s, gen_max_obj=37.4)
gen   4/40  filled=  10/1600  obj_max=132.8  obj_mean=46.04  qd_score=460.4  (229.5s, gen_max_obj=132.8)
gen   5/40  filled=  12/1600  obj_max=132.8  obj_mean=42.70  qd_score=512.4  (228.8s, gen_max_obj=35.0)
gen   6/40  filled=  17/1600  obj_max=680.7  obj_mean=77.77  qd_score=1322.1  (239.6s, gen_max_obj=680.7)
gen   7/40  filled=  21/1600  obj_max=680.7  obj_mean=99.21  qd_score=2083.4  (232.1s, gen_max_obj=669.4)
gen   8/40  filled=  26/1600  obj_max=680.7  obj_mean=85.77  qd_score=2230.1  (228.9s, gen_max_obj=76.7)
gen   9/40  filled=  34/1600  obj_max=680.7  obj_mean=72.34  qd_score=2459.6  (228.3s, gen_max_obj=35.4)
gen  10/40  filled=  47/1600  obj_max=680.7  obj_mean=63.28  qd_score=2974.0  (228.6s, gen_max_obj=104.2)
gen  11/40  filled=  60/1600  obj_max=680.7  obj_mean=55.70  qd_score=3342.0  (228.3s, gen_max_obj=36.6)
gen  12/40  filled=  77/1600  obj_max=680.7  obj_mean=59.92  qd_score=4613.7  (228.5s, gen_max_obj=672.9)
gen  13/40  filled=  92/1600  obj_max=733.2  obj_mean=62.19  qd_score=5721.2  (228.6s, gen_max_obj=733.2)
gen  14/40  filled= 107/1600  obj_max=733.2  obj_mean=59.07  qd_score=6320.1  (234.2s, gen_max_obj=85.2)
gen  15/40  filled= 126/1600  obj_max=733.2  obj_mean=56.19  qd_score=7079.9  (228.9s, gen_max_obj=136.3)
gen  16/40  filled= 149/1600  obj_max=733.2  obj_mean=52.47  qd_score=7818.4  (228.6s, gen_max_obj=79.8)
gen  17/40  filled= 167/1600  obj_max=733.2  obj_mean=51.01  qd_score=8518.1  (228.5s, gen_max_obj=87.3)
gen  18/40  filled= 187/1600  obj_max=733.2  obj_mean=50.15  qd_score=9378.5  (229.0s, gen_max_obj=181.0)
gen  19/40  filled= 202/1600  obj_max=733.2  obj_mean=49.29  qd_score=9957.6  (229.4s, gen_max_obj=124.1)
gen  20/40  filled= 215/1600  obj_max=733.2  obj_mean=49.17  qd_score=10571.8  (229.2s, gen_max_obj=144.1)
gen  21/40  filled= 231/1600  obj_max=733.2  obj_mean=48.58  qd_score=11221.9  (230.9s, gen_max_obj=85.5)
gen  22/40  filled= 248/1600  obj_max=733.2  obj_mean=47.67  qd_score=11823.3  (236.1s, gen_max_obj=135.8)
gen  23/40  filled= 264/1600  obj_max=733.2  obj_mean=47.51  qd_score=12542.2  (228.7s, gen_max_obj=85.5)
gen  24/40  filled= 277/1600  obj_max=733.2  obj_mean=49.72  qd_score=13773.6  (228.2s, gen_max_obj=672.0)
gen  25/40  filled= 296/1600  obj_max=733.2  obj_mean=49.36  qd_score=14611.5  (228.9s, gen_max_obj=185.1)
gen  26/40  filled= 316/1600  obj_max=733.2  obj_mean=48.97  qd_score=15474.1  (228.9s, gen_max_obj=136.0)
gen  27/40  filled= 331/1600  obj_max=733.2  obj_mean=48.66  qd_score=16106.0  (228.7s, gen_max_obj=86.3)
gen  28/40  filled= 353/1600  obj_max=733.2  obj_mean=47.61  qd_score=16804.6  (230.9s, gen_max_obj=78.1)
gen  29/40  filled= 367/1600  obj_max=733.2  obj_mean=47.23  qd_score=17332.5  (233.2s, gen_max_obj=91.7)
gen  30/40  filled= 378/1600  obj_max=733.2  obj_mean=47.55  qd_score=17974.2  (235.9s, gen_max_obj=90.5)
gen  31/40  filled= 394/1600  obj_max=733.2  obj_mean=47.04  qd_score=18533.9  (229.2s, gen_max_obj=80.3)
gen  32/40  filled= 406/1600  obj_max=733.2  obj_mean=46.77  qd_score=18988.7  (229.1s, gen_max_obj=89.0)
gen  33/40  filled= 418/1600  obj_max=733.2  obj_mean=46.51  qd_score=19440.7  (230.5s, gen_max_obj=101.4)
gen  34/40  filled= 432/1600  obj_max=733.2  obj_mean=46.29  qd_score=19997.0  (230.0s, gen_max_obj=87.4)
gen  35/40  filled= 439/1600  obj_max=733.2  obj_mean=46.02  qd_score=20203.2  (230.2s, gen_max_obj=78.9)
gen  36/40  filled= 445/1600  obj_max=733.2  obj_mean=45.99  qd_score=20466.7  (230.8s, gen_max_obj=88.6)
gen  37/40  filled= 453/1600  obj_max=733.2  obj_mean=45.99  qd_score=20835.4  (236.7s, gen_max_obj=138.4)
gen  38/40  filled= 466/1600  obj_max=733.2  obj_mean=45.45  qd_score=21179.9  (234.1s, gen_max_obj=31.8)
gen  39/40  filled= 476/1600  obj_max=733.2  obj_mean=45.19  qd_score=21509.3  (229.8s, gen_max_obj=85.7)
gen  40/40  filled= 483/1600  obj_max=733.2  obj_mean=45.51  qd_score=21982.8  (228.8s, gen_max_obj=171.2)

total: 9220.9s
saved archive to results/longer_hybrid_long_resind.npz (483 elites)

==== randprefix_5x_40g :: Mon Jun  1 15:32:26 EDT 2026 ====
args: --policy randprefix --policy-random-len 50 --policy-channels 16,32 --gens 40 --emitters 5 --batch 20 --n-actions 200 --ticks-per-action 100 --fitness growth --measures density --n-evals 5
policy = randprefix  params = 11012  sigma0 = 0.2  es = sep_cma_es
fitness = growth
archive = 40x40 = 1600 cells
running with 8 worker processes
running 40 generations, 5 emitters x 20 solutions = 100 evals/gen
gen   1/40  filled=   1/1600  obj_max=85.8  obj_mean=85.82  qd_score=85.8  (332.3s, gen_max_obj=85.8)
gen   2/40  filled=   1/1600  obj_max=85.8  obj_mean=85.82  qd_score=85.8  (326.3s, gen_max_obj=51.6)
gen   3/40  filled=   1/1600  obj_max=85.8  obj_mean=85.82  qd_score=85.8  (326.8s, gen_max_obj=82.3)
gen   4/40  filled=   1/1600  obj_max=85.8  obj_mean=85.82  qd_score=85.8  (331.0s, gen_max_obj=82.3)
gen   5/40  filled=   1/1600  obj_max=85.8  obj_mean=85.82  qd_score=85.8  (326.8s, gen_max_obj=51.5)
gen   6/40  filled=   1/1600  obj_max=85.8  obj_mean=85.82  qd_score=85.8  (326.2s, gen_max_obj=82.3)
gen   7/40  filled=   1/1600  obj_max=85.8  obj_mean=85.82  qd_score=85.8  (325.6s, gen_max_obj=51.6)
gen   8/40  filled=   1/1600  obj_max=85.8  obj_mean=85.82  qd_score=85.8  (327.1s, gen_max_obj=82.3)
gen   9/40  filled=   1/1600  obj_max=85.8  obj_mean=85.82  qd_score=85.8  (336.5s, gen_max_obj=51.3)
gen  10/40  filled=   1/1600  obj_max=85.8  obj_mean=85.82  qd_score=85.8  (330.9s, gen_max_obj=52.1)
gen  11/40  filled=   1/1600  obj_max=85.8  obj_mean=85.82  qd_score=85.8  (326.0s, gen_max_obj=54.0)
gen  12/40  filled=   1/1600  obj_max=85.8  obj_mean=85.82  qd_score=85.8  (326.6s, gen_max_obj=52.7)
gen  13/40  filled=   1/1600  obj_max=85.8  obj_mean=85.82  qd_score=85.8  (325.6s, gen_max_obj=68.6)
gen  14/40  filled=   1/1600  obj_max=85.8  obj_mean=85.82  qd_score=85.8  (328.5s, gen_max_obj=52.7)
gen  15/40  filled=   1/1600  obj_max=85.8  obj_mean=85.82  qd_score=85.8  (335.2s, gen_max_obj=52.3)
gen  16/40  filled=   1/1600  obj_max=85.8  obj_mean=85.82  qd_score=85.8  (326.8s, gen_max_obj=54.1)
gen  17/40  filled=   1/1600  obj_max=85.8  obj_mean=85.82  qd_score=85.8  (326.7s, gen_max_obj=53.4)
gen  18/40  filled=   1/1600  obj_max=85.8  obj_mean=85.82  qd_score=85.8  (327.3s, gen_max_obj=53.3)
gen  19/40  filled=   1/1600  obj_max=85.8  obj_mean=85.82  qd_score=85.8  (326.9s, gen_max_obj=55.8)
gen  20/40  filled=   1/1600  obj_max=85.8  obj_mean=85.82  qd_score=85.8  (338.4s, gen_max_obj=81.1)
gen  21/40  filled=   1/1600  obj_max=85.8  obj_mean=85.82  qd_score=85.8  (340.0s, gen_max_obj=81.3)
gen  22/40  filled=   1/1600  obj_max=89.6  obj_mean=89.60  qd_score=89.6  (326.9s, gen_max_obj=89.6)
gen  23/40  filled=   1/1600  obj_max=89.6  obj_mean=89.60  qd_score=89.6  (326.5s, gen_max_obj=88.7)
gen  24/40  filled=   1/1600  obj_max=90.1  obj_mean=90.07  qd_score=90.1  (326.8s, gen_max_obj=90.1)
gen  25/40  filled=   1/1600  obj_max=90.1  obj_mean=90.07  qd_score=90.1  (328.3s, gen_max_obj=85.9)
gen  26/40  filled=   1/1600  obj_max=147.8  obj_mean=147.85  qd_score=147.8  (328.9s, gen_max_obj=147.8)
gen  27/40  filled=   1/1600  obj_max=147.8  obj_mean=147.85  qd_score=147.8  (326.1s, gen_max_obj=118.6)
gen  28/40  filled=   1/1600  obj_max=147.8  obj_mean=147.85  qd_score=147.8  (326.8s, gen_max_obj=102.8)
gen  29/40  filled=   1/1600  obj_max=147.8  obj_mean=147.85  qd_score=147.8  (326.3s, gen_max_obj=89.3)
gen  30/40  filled=   1/1600  obj_max=147.8  obj_mean=147.85  qd_score=147.8  (326.8s, gen_max_obj=108.1)
gen  31/40  filled=   1/1600  obj_max=147.8  obj_mean=147.85  qd_score=147.8  (339.3s, gen_max_obj=97.7)
gen  32/40  filled=   1/1600  obj_max=147.8  obj_mean=147.85  qd_score=147.8  (345.4s, gen_max_obj=94.2)
gen  33/40  filled=   1/1600  obj_max=152.8  obj_mean=152.82  qd_score=152.8  (326.7s, gen_max_obj=152.8)
gen  34/40  filled=   1/1600  obj_max=152.8  obj_mean=152.82  qd_score=152.8  (326.4s, gen_max_obj=110.7)
gen  35/40  filled=   1/1600  obj_max=152.8  obj_mean=152.82  qd_score=152.8  (326.1s, gen_max_obj=140.3)
gen  36/40  filled=   1/1600  obj_max=152.8  obj_mean=152.82  qd_score=152.8  (329.4s, gen_max_obj=108.1)
gen  37/40  filled=   1/1600  obj_max=152.8  obj_mean=152.82  qd_score=152.8  (336.2s, gen_max_obj=125.1)
gen  38/40  filled=   1/1600  obj_max=152.8  obj_mean=152.82  qd_score=152.8  (325.6s, gen_max_obj=110.2)
gen  39/40  filled=   1/1600  obj_max=152.8  obj_mean=152.82  qd_score=152.8  (326.8s, gen_max_obj=111.7)
gen  40/40  filled=   1/1600  obj_max=152.8  obj_mean=152.82  qd_score=152.8  (326.1s, gen_max_obj=116.0)

total: 13168.7s
saved archive to results/longer_randprefix_5x_40g.npz (1 elites)

==== deepconv_200g_density :: Mon Jun  1 19:11:56 EDT 2026 ====
args: --policy deepconv --policy-channels 16,32 --gens 200 --emitters 5 --batch 20 --n-actions 100 --ticks-per-action 100 --fitness growth --measures density --n-evals 3
policy = deepconv  params = 11012  sigma0 = 0.2  es = sep_cma_es
fitness = growth
archive = 40x40 = 1600 cells
running with 8 worker processes
running 200 generations, 5 emitters x 20 solutions = 100 evals/gen
gen   1/200  filled=   1/1600  obj_max=19.4  obj_mean=19.40  qd_score=19.4  (123.1s, gen_max_obj=19.4)
gen   2/200  filled=   1/1600  obj_max=19.4  obj_mean=19.40  qd_score=19.4  (121.8s, gen_max_obj=13.6)
gen   3/200  filled=   1/1600  obj_max=48.4  obj_mean=48.40  qd_score=48.4  (122.4s, gen_max_obj=48.4)
gen   4/200  filled=   1/1600  obj_max=48.4  obj_mean=48.40  qd_score=48.4  (126.7s, gen_max_obj=6.9)
gen   5/200  filled=   1/1600  obj_max=48.4  obj_mean=48.40  qd_score=48.4  (128.8s, gen_max_obj=8.7)
gen   6/200  filled=   1/1600  obj_max=48.4  obj_mean=48.40  qd_score=48.4  (124.1s, gen_max_obj=9.0)
gen   7/200  filled=   1/1600  obj_max=48.4  obj_mean=48.40  qd_score=48.4  (122.4s, gen_max_obj=21.7)
gen   8/200  filled=   1/1600  obj_max=48.4  obj_mean=48.40  qd_score=48.4  (121.8s, gen_max_obj=40.3)
gen   9/200  filled=   1/1600  obj_max=48.4  obj_mean=48.40  qd_score=48.4  (121.1s, gen_max_obj=40.3)
gen  10/200  filled=   1/1600  obj_max=48.4  obj_mean=48.40  qd_score=48.4  (121.8s, gen_max_obj=39.1)
gen  11/200  filled=   1/1600  obj_max=53.0  obj_mean=53.04  qd_score=53.0  (122.3s, gen_max_obj=53.0)
gen  12/200  filled=   1/1600  obj_max=53.0  obj_mean=53.04  qd_score=53.0  (121.5s, gen_max_obj=42.7)
gen  13/200  filled=   2/1600  obj_max=53.0  obj_mean=32.00  qd_score=64.0  (122.0s, gen_max_obj=44.9)
gen  14/200  filled=   2/1600  obj_max=118.0  obj_mean=64.47  qd_score=128.9  (121.7s, gen_max_obj=118.0)
gen  15/200  filled=   2/1600  obj_max=118.0  obj_mean=64.47  qd_score=128.9  (122.3s, gen_max_obj=118.0)
gen  16/200  filled=   2/1600  obj_max=118.0  obj_mean=64.47  qd_score=128.9  (138.1s, gen_max_obj=118.0)
gen  17/200  filled=   2/1600  obj_max=118.0  obj_mean=64.47  qd_score=128.9  (126.4s, gen_max_obj=118.0)
gen  18/200  filled=   2/1600  obj_max=118.0  obj_mean=64.47  qd_score=128.9  (125.6s, gen_max_obj=118.0)
gen  19/200  filled=   2/1600  obj_max=118.0  obj_mean=64.47  qd_score=128.9  (133.4s, gen_max_obj=118.0)
gen  20/200  filled=   2/1600  obj_max=118.0  obj_mean=64.47  qd_score=128.9  (133.9s, gen_max_obj=118.0)
gen  21/200  filled=   2/1600  obj_max=118.0  obj_mean=64.47  qd_score=128.9  (135.2s, gen_max_obj=118.0)
gen  22/200  filled=   2/1600  obj_max=118.0  obj_mean=64.47  qd_score=128.9  (133.4s, gen_max_obj=118.0)
gen  23/200  filled=   2/1600  obj_max=118.0  obj_mean=64.47  qd_score=128.9  (132.3s, gen_max_obj=118.0)
gen  24/200  filled=   2/1600  obj_max=118.0  obj_mean=64.47  qd_score=128.9  (126.9s, gen_max_obj=118.0)
gen  25/200  filled=   2/1600  obj_max=118.0  obj_mean=64.47  qd_score=128.9  (123.7s, gen_max_obj=118.0)
gen  26/200  filled=   2/1600  obj_max=118.0  obj_mean=64.47  qd_score=128.9  (123.9s, gen_max_obj=118.0)
gen  27/200  filled=   2/1600  obj_max=118.9  obj_mean=64.94  qd_score=129.9  (123.4s, gen_max_obj=118.9)
gen  28/200  filled=   2/1600  obj_max=118.9  obj_mean=64.94  qd_score=129.9  (124.0s, gen_max_obj=118.0)
gen  29/200  filled=   2/1600  obj_max=118.9  obj_mean=64.94  qd_score=129.9  (123.8s, gen_max_obj=118.0)
gen  30/200  filled=   2/1600  obj_max=118.9  obj_mean=64.94  qd_score=129.9  (123.2s, gen_max_obj=118.0)
gen  31/200  filled=   2/1600  obj_max=118.9  obj_mean=64.94  qd_score=129.9  (124.9s, gen_max_obj=118.0)
gen  32/200  filled=   2/1600  obj_max=118.9  obj_mean=64.94  qd_score=129.9  (122.6s, gen_max_obj=118.0)
gen  33/200  filled=   2/1600  obj_max=118.9  obj_mean=64.94  qd_score=129.9  (129.8s, gen_max_obj=118.0)
gen  34/200  filled=   2/1600  obj_max=118.9  obj_mean=64.94  qd_score=129.9  (123.9s, gen_max_obj=118.0)
gen  35/200  filled=   2/1600  obj_max=118.9  obj_mean=64.94  qd_score=129.9  (122.2s, gen_max_obj=118.0)
gen  36/200  filled=   2/1600  obj_max=118.9  obj_mean=64.94  qd_score=129.9  (123.1s, gen_max_obj=118.0)
gen  37/200  filled=   2/1600  obj_max=118.9  obj_mean=64.94  qd_score=129.9  (122.4s, gen_max_obj=118.0)
gen  38/200  filled=   2/1600  obj_max=118.9  obj_mean=64.94  qd_score=129.9  (122.4s, gen_max_obj=118.0)
gen  39/200  filled=   2/1600  obj_max=118.9  obj_mean=64.94  qd_score=129.9  (122.1s, gen_max_obj=118.9)
gen  40/200  filled=   2/1600  obj_max=118.9  obj_mean=64.94  qd_score=129.9  (123.5s, gen_max_obj=118.9)
gen  41/200  filled=   2/1600  obj_max=118.9  obj_mean=64.94  qd_score=129.9  (124.6s, gen_max_obj=118.0)
gen  42/200  filled=   2/1600  obj_max=118.9  obj_mean=64.94  qd_score=129.9  (122.6s, gen_max_obj=118.0)
gen  43/200  filled=   2/1600  obj_max=118.9  obj_mean=64.94  qd_score=129.9  (123.3s, gen_max_obj=118.0)
gen  44/200  filled=   2/1600  obj_max=118.9  obj_mean=64.94  qd_score=129.9  (124.0s, gen_max_obj=118.9)
gen  45/200  filled=   2/1600  obj_max=118.9  obj_mean=64.94  qd_score=129.9  (122.7s, gen_max_obj=118.9)
gen  46/200  filled=   2/1600  obj_max=118.9  obj_mean=64.94  qd_score=129.9  (122.6s, gen_max_obj=118.0)
gen  47/200  filled=   2/1600  obj_max=118.9  obj_mean=64.94  qd_score=129.9  (126.3s, gen_max_obj=118.0)
gen  48/200  filled=   2/1600  obj_max=118.9  obj_mean=64.94  qd_score=129.9  (130.6s, gen_max_obj=118.9)
gen  49/200  filled=   2/1600  obj_max=118.9  obj_mean=64.94  qd_score=129.9  (123.3s, gen_max_obj=118.0)
gen  50/200  filled=   2/1600  obj_max=118.9  obj_mean=64.94  qd_score=129.9  (123.3s, gen_max_obj=118.0)
gen  51/200  filled=   2/1600  obj_max=118.9  obj_mean=104.49  qd_score=209.0  (123.8s, gen_max_obj=118.0)
gen  52/200  filled=   2/1600  obj_max=118.9  obj_mean=104.49  qd_score=209.0  (122.7s, gen_max_obj=118.0)
gen  53/200  filled=   2/1600  obj_max=118.9  obj_mean=104.49  qd_score=209.0  (122.7s, gen_max_obj=118.0)
gen  54/200  filled=   2/1600  obj_max=118.9  obj_mean=104.49  qd_score=209.0  (122.5s, gen_max_obj=118.0)
gen  55/200  filled=   2/1600  obj_max=118.9  obj_mean=104.49  qd_score=209.0  (123.7s, gen_max_obj=118.0)
gen  56/200  filled=   2/1600  obj_max=118.9  obj_mean=104.49  qd_score=209.0  (123.1s, gen_max_obj=118.0)
gen  57/200  filled=   2/1600  obj_max=118.9  obj_mean=104.49  qd_score=209.0  (123.7s, gen_max_obj=118.0)
gen  58/200  filled=   2/1600  obj_max=118.9  obj_mean=104.49  qd_score=209.0  (123.1s, gen_max_obj=118.0)
gen  59/200  filled=   2/1600  obj_max=118.9  obj_mean=104.49  qd_score=209.0  (122.2s, gen_max_obj=118.0)
gen  60/200  filled=   2/1600  obj_max=118.9  obj_mean=104.49  qd_score=209.0  (124.5s, gen_max_obj=118.9)
gen  61/200  filled=   2/1600  obj_max=118.9  obj_mean=104.49  qd_score=209.0  (123.2s, gen_max_obj=118.9)
gen  62/200  filled=   2/1600  obj_max=118.9  obj_mean=104.49  qd_score=209.0  (129.6s, gen_max_obj=118.0)
gen  63/200  filled=   2/1600  obj_max=118.9  obj_mean=104.49  qd_score=209.0  (127.0s, gen_max_obj=118.0)
gen  64/200  filled=   2/1600  obj_max=118.9  obj_mean=104.49  qd_score=209.0  (123.3s, gen_max_obj=118.0)
gen  65/200  filled=   2/1600  obj_max=118.9  obj_mean=104.49  qd_score=209.0  (123.0s, gen_max_obj=118.9)
gen  66/200  filled=   2/1600  obj_max=118.9  obj_mean=104.49  qd_score=209.0  (123.0s, gen_max_obj=118.0)
gen  67/200  filled=   2/1600  obj_max=118.9  obj_mean=104.49  qd_score=209.0  (123.2s, gen_max_obj=118.0)
gen  68/200  filled=   2/1600  obj_max=118.9  obj_mean=104.49  qd_score=209.0  (123.2s, gen_max_obj=118.9)
gen  69/200  filled=   2/1600  obj_max=118.9  obj_mean=104.49  qd_score=209.0  (122.6s, gen_max_obj=118.9)
gen  70/200  filled=   2/1600  obj_max=118.9  obj_mean=104.49  qd_score=209.0  (123.5s, gen_max_obj=118.0)
gen  71/200  filled=   2/1600  obj_max=118.9  obj_mean=104.49  qd_score=209.0  (122.3s, gen_max_obj=118.9)
gen  72/200  filled=   2/1600  obj_max=118.9  obj_mean=104.49  qd_score=209.0  (123.0s, gen_max_obj=118.9)
gen  73/200  filled=   2/1600  obj_max=118.9  obj_mean=104.49  qd_score=209.0  (123.2s, gen_max_obj=118.0)
gen  74/200  filled=   2/1600  obj_max=118.9  obj_mean=104.49  qd_score=209.0  (122.6s, gen_max_obj=118.0)
gen  75/200  filled=   2/1600  obj_max=118.9  obj_mean=104.49  qd_score=209.0  (123.1s, gen_max_obj=118.9)
gen  76/200  filled=   2/1600  obj_max=118.9  obj_mean=104.49  qd_score=209.0  (126.4s, gen_max_obj=118.0)
gen  77/200  filled=   2/1600  obj_max=118.9  obj_mean=104.49  qd_score=209.0  (130.6s, gen_max_obj=118.0)
gen  78/200  filled=   2/1600  obj_max=118.9  obj_mean=104.49  qd_score=209.0  (125.3s, gen_max_obj=118.0)
gen  79/200  filled=   2/1600  obj_max=118.9  obj_mean=104.49  qd_score=209.0  (123.1s, gen_max_obj=118.9)
gen  80/200  filled=   2/1600  obj_max=118.9  obj_mean=104.49  qd_score=209.0  (123.5s, gen_max_obj=118.0)
gen  81/200  filled=   2/1600  obj_max=118.9  obj_mean=104.49  qd_score=209.0  (122.8s, gen_max_obj=118.0)
gen  82/200  filled=   2/1600  obj_max=118.9  obj_mean=104.49  qd_score=209.0  (123.6s, gen_max_obj=118.9)
gen  83/200  filled=   2/1600  obj_max=118.9  obj_mean=104.49  qd_score=209.0  (123.3s, gen_max_obj=118.8)
gen  84/200  filled=   2/1600  obj_max=118.9  obj_mean=104.49  qd_score=209.0  (123.5s, gen_max_obj=118.0)
gen  85/200  filled=   2/1600  obj_max=118.9  obj_mean=104.49  qd_score=209.0  (123.0s, gen_max_obj=118.0)
gen  86/200  filled=   2/1600  obj_max=118.9  obj_mean=104.49  qd_score=209.0  (123.7s, gen_max_obj=118.9)
gen  87/200  filled=   2/1600  obj_max=118.9  obj_mean=104.49  qd_score=209.0  (123.0s, gen_max_obj=118.0)
gen  88/200  filled=   2/1600  obj_max=118.9  obj_mean=104.49  qd_score=209.0  (123.7s, gen_max_obj=118.0)
gen  89/200  filled=   2/1600  obj_max=118.9  obj_mean=104.49  qd_score=209.0  (123.2s, gen_max_obj=118.0)
gen  90/200  filled=   2/1600  obj_max=118.9  obj_mean=104.49  qd_score=209.0  (124.1s, gen_max_obj=118.9)
gen  91/200  filled=   2/1600  obj_max=118.9  obj_mean=104.49  qd_score=209.0  (129.5s, gen_max_obj=118.0)
gen  92/200  filled=   2/1600  obj_max=118.9  obj_mean=104.49  qd_score=209.0  (130.5s, gen_max_obj=118.0)
gen  93/200  filled=   2/1600  obj_max=118.9  obj_mean=104.49  qd_score=209.0  (130.9s, gen_max_obj=118.0)
gen  94/200  filled=   2/1600  obj_max=118.9  obj_mean=104.49  qd_score=209.0  (131.0s, gen_max_obj=118.0)
gen  95/200  filled=   2/1600  obj_max=118.9  obj_mean=104.49  qd_score=209.0  (125.5s, gen_max_obj=118.0)
gen  96/200  filled=   2/1600  obj_max=118.9  obj_mean=104.49  qd_score=209.0  (123.2s, gen_max_obj=118.0)
gen  97/200  filled=   2/1600  obj_max=118.9  obj_mean=104.49  qd_score=209.0  (123.7s, gen_max_obj=118.0)
gen  98/200  filled=   2/1600  obj_max=118.9  obj_mean=104.49  qd_score=209.0  (122.7s, gen_max_obj=118.0)
gen  99/200  filled=   2/1600  obj_max=118.9  obj_mean=104.49  qd_score=209.0  (123.0s, gen_max_obj=118.9)
gen 100/200  filled=   2/1600  obj_max=118.9  obj_mean=104.49  qd_score=209.0  (122.8s, gen_max_obj=118.8)
gen 101/200  filled=   2/1600  obj_max=118.9  obj_mean=104.49  qd_score=209.0  (122.8s, gen_max_obj=118.8)
gen 102/200  filled=   2/1600  obj_max=119.8  obj_mean=104.91  qd_score=209.8  (123.0s, gen_max_obj=119.8)
gen 103/200  filled=   2/1600  obj_max=119.8  obj_mean=104.91  qd_score=209.8  (123.3s, gen_max_obj=118.0)
gen 104/200  filled=   2/1600  obj_max=119.8  obj_mean=104.91  qd_score=209.8  (123.9s, gen_max_obj=118.9)
gen 105/200  filled=   2/1600  obj_max=119.8  obj_mean=104.91  qd_score=209.8  (124.0s, gen_max_obj=118.0)
gen 106/200  filled=   2/1600  obj_max=119.8  obj_mean=104.91  qd_score=209.8  (123.1s, gen_max_obj=118.8)
gen 107/200  filled=   2/1600  obj_max=119.8  obj_mean=104.91  qd_score=209.8  (123.1s, gen_max_obj=118.8)
gen 108/200  filled=   2/1600  obj_max=119.8  obj_mean=104.91  qd_score=209.8  (123.0s, gen_max_obj=118.9)
gen 109/200  filled=   2/1600  obj_max=119.8  obj_mean=104.91  qd_score=209.8  (122.6s, gen_max_obj=118.0)
gen 110/200  filled=   2/1600  obj_max=119.8  obj_mean=104.91  qd_score=209.8  (122.9s, gen_max_obj=118.8)
gen 111/200  filled=   2/1600  obj_max=119.8  obj_mean=104.91  qd_score=209.8  (122.6s, gen_max_obj=118.8)
gen 112/200  filled=   2/1600  obj_max=119.8  obj_mean=104.91  qd_score=209.8  (123.7s, gen_max_obj=118.8)
gen 113/200  filled=   2/1600  obj_max=119.8  obj_mean=104.91  qd_score=209.8  (123.2s, gen_max_obj=118.8)
gen 114/200  filled=   2/1600  obj_max=119.8  obj_mean=104.91  qd_score=209.8  (122.8s, gen_max_obj=118.9)
gen 115/200  filled=   2/1600  obj_max=119.8  obj_mean=104.91  qd_score=209.8  (123.9s, gen_max_obj=118.8)
gen 116/200  filled=   2/1600  obj_max=119.8  obj_mean=104.91  qd_score=209.8  (122.3s, gen_max_obj=118.8)
gen 117/200  filled=   2/1600  obj_max=119.8  obj_mean=104.91  qd_score=209.8  (123.4s, gen_max_obj=118.8)
gen 118/200  filled=   2/1600  obj_max=119.8  obj_mean=104.91  qd_score=209.8  (122.9s, gen_max_obj=118.8)
gen 119/200  filled=   2/1600  obj_max=119.8  obj_mean=104.91  qd_score=209.8  (124.1s, gen_max_obj=118.9)
gen 120/200  filled=   2/1600  obj_max=119.8  obj_mean=104.91  qd_score=209.8  (129.5s, gen_max_obj=118.0)
gen 121/200  filled=   2/1600  obj_max=119.8  obj_mean=104.91  qd_score=209.8  (130.8s, gen_max_obj=118.8)
gen 122/200  filled=   2/1600  obj_max=119.8  obj_mean=104.91  qd_score=209.8  (125.3s, gen_max_obj=118.8)
gen 123/200  filled=   2/1600  obj_max=119.8  obj_mean=104.91  qd_score=209.8  (123.1s, gen_max_obj=118.8)
gen 124/200  filled=   2/1600  obj_max=119.8  obj_mean=104.91  qd_score=209.8  (123.2s, gen_max_obj=118.8)
gen 125/200  filled=   2/1600  obj_max=119.8  obj_mean=104.91  qd_score=209.8  (122.8s, gen_max_obj=118.8)
gen 126/200  filled=   2/1600  obj_max=119.8  obj_mean=104.91  qd_score=209.8  (122.2s, gen_max_obj=118.0)
gen 127/200  filled=   2/1600  obj_max=119.8  obj_mean=104.91  qd_score=209.8  (123.1s, gen_max_obj=118.8)
gen 128/200  filled=   2/1600  obj_max=119.8  obj_mean=104.91  qd_score=209.8  (122.7s, gen_max_obj=118.8)
gen 129/200  filled=   2/1600  obj_max=119.8  obj_mean=104.91  qd_score=209.8  (122.8s, gen_max_obj=118.0)
gen 130/200  filled=   2/1600  obj_max=119.8  obj_mean=104.91  qd_score=209.8  (123.3s, gen_max_obj=118.8)
gen 131/200  filled=   2/1600  obj_max=119.8  obj_mean=104.91  qd_score=209.8  (122.9s, gen_max_obj=118.0)
gen 132/200  filled=   2/1600  obj_max=119.8  obj_mean=104.91  qd_score=209.8  (123.4s, gen_max_obj=118.0)
gen 133/200  filled=   2/1600  obj_max=119.8  obj_mean=104.91  qd_score=209.8  (123.0s, gen_max_obj=118.9)
gen 134/200  filled=   2/1600  obj_max=119.8  obj_mean=104.91  qd_score=209.8  (125.8s, gen_max_obj=118.9)
gen 135/200  filled=   2/1600  obj_max=119.8  obj_mean=104.91  qd_score=209.8  (125.1s, gen_max_obj=118.8)
gen 136/200  filled=   2/1600  obj_max=119.8  obj_mean=104.91  qd_score=209.8  (123.3s, gen_max_obj=118.9)
gen 137/200  filled=   2/1600  obj_max=119.8  obj_mean=104.91  qd_score=209.8  (123.6s, gen_max_obj=118.8)
gen 138/200  filled=   2/1600  obj_max=119.8  obj_mean=104.91  qd_score=209.8  (122.9s, gen_max_obj=118.8)
gen 139/200  filled=   2/1600  obj_max=119.8  obj_mean=104.91  qd_score=209.8  (122.8s, gen_max_obj=118.8)
gen 140/200  filled=   2/1600  obj_max=119.8  obj_mean=104.91  qd_score=209.8  (123.5s, gen_max_obj=118.8)
gen 141/200  filled=   2/1600  obj_max=119.8  obj_mean=104.91  qd_score=209.8  (122.3s, gen_max_obj=119.8)
gen 142/200  filled=   2/1600  obj_max=119.8  obj_mean=104.91  qd_score=209.8  (123.8s, gen_max_obj=118.8)
gen 143/200  filled=   2/1600  obj_max=119.8  obj_mean=104.91  qd_score=209.8  (123.1s, gen_max_obj=118.8)
gen 144/200  filled=   2/1600  obj_max=119.8  obj_mean=104.91  qd_score=209.8  (124.1s, gen_max_obj=118.8)
gen 145/200  filled=   2/1600  obj_max=119.8  obj_mean=104.91  qd_score=209.8  (122.8s, gen_max_obj=118.0)
gen 146/200  filled=   2/1600  obj_max=119.8  obj_mean=104.91  qd_score=209.8  (122.9s, gen_max_obj=118.0)
gen 147/200  filled=   2/1600  obj_max=119.8  obj_mean=104.91  qd_score=209.8  (123.1s, gen_max_obj=118.8)
gen 148/200  filled=   2/1600  obj_max=119.8  obj_mean=104.91  qd_score=209.8  (124.3s, gen_max_obj=118.8)
gen 149/200  filled=   2/1600  obj_max=119.8  obj_mean=104.91  qd_score=209.8  (123.7s, gen_max_obj=118.8)
gen 150/200  filled=   2/1600  obj_max=119.8  obj_mean=104.91  qd_score=209.8  (123.1s, gen_max_obj=118.9)
gen 151/200  filled=   2/1600  obj_max=119.8  obj_mean=104.91  qd_score=209.8  (123.3s, gen_max_obj=118.8)
gen 152/200  filled=   2/1600  obj_max=119.8  obj_mean=104.91  qd_score=209.8  (123.2s, gen_max_obj=118.0)
gen 153/200  filled=   2/1600  obj_max=119.8  obj_mean=104.91  qd_score=209.8  (122.8s, gen_max_obj=118.8)
gen 154/200  filled=   2/1600  obj_max=119.8  obj_mean=104.91  qd_score=209.8  (123.3s, gen_max_obj=118.9)
gen 155/200  filled=   2/1600  obj_max=119.8  obj_mean=104.91  qd_score=209.8  (122.6s, gen_max_obj=118.9)
gen 156/200  filled=   2/1600  obj_max=119.8  obj_mean=104.91  qd_score=209.8  (123.7s, gen_max_obj=118.0)
gen 157/200  filled=   2/1600  obj_max=119.8  obj_mean=104.91  qd_score=209.8  (123.2s, gen_max_obj=119.8)
gen 158/200  filled=   2/1600  obj_max=119.8  obj_mean=104.91  qd_score=209.8  (122.5s, gen_max_obj=118.0)
gen 159/200  filled=   2/1600  obj_max=119.8  obj_mean=104.91  qd_score=209.8  (122.8s, gen_max_obj=118.6)
gen 160/200  filled=   2/1600  obj_max=119.8  obj_mean=104.91  qd_score=209.8  (122.9s, gen_max_obj=118.9)
gen 161/200  filled=   2/1600  obj_max=119.8  obj_mean=104.91  qd_score=209.8  (122.6s, gen_max_obj=118.9)
gen 162/200  filled=   2/1600  obj_max=119.8  obj_mean=104.91  qd_score=209.8  (123.9s, gen_max_obj=118.0)
gen 163/200  filled=   2/1600  obj_max=119.8  obj_mean=104.91  qd_score=209.8  (124.4s, gen_max_obj=118.9)
gen 164/200  filled=   2/1600  obj_max=119.8  obj_mean=104.91  qd_score=209.8  (126.5s, gen_max_obj=119.8)
gen 165/200  filled=   2/1600  obj_max=119.8  obj_mean=104.91  qd_score=209.8  (123.0s, gen_max_obj=118.0)
gen 166/200  filled=   2/1600  obj_max=119.8  obj_mean=104.91  qd_score=209.8  (122.7s, gen_max_obj=118.0)
gen 167/200  filled=   2/1600  obj_max=119.8  obj_mean=104.91  qd_score=209.8  (123.0s, gen_max_obj=118.8)
gen 168/200  filled=   2/1600  obj_max=119.8  obj_mean=104.91  qd_score=209.8  (122.3s, gen_max_obj=118.8)
gen 169/200  filled=   2/1600  obj_max=119.8  obj_mean=104.91  qd_score=209.8  (123.0s, gen_max_obj=118.0)
gen 170/200  filled=   2/1600  obj_max=119.8  obj_mean=104.91  qd_score=209.8  (122.8s, gen_max_obj=118.8)
gen 171/200  filled=   2/1600  obj_max=119.8  obj_mean=104.91  qd_score=209.8  (122.4s, gen_max_obj=118.0)
gen 172/200  filled=   2/1600  obj_max=119.8  obj_mean=104.91  qd_score=209.8  (122.7s, gen_max_obj=118.8)
gen 173/200  filled=   2/1600  obj_max=119.8  obj_mean=104.91  qd_score=209.8  (122.4s, gen_max_obj=118.8)
gen 174/200  filled=   2/1600  obj_max=119.8  obj_mean=104.91  qd_score=209.8  (123.4s, gen_max_obj=118.0)
gen 175/200  filled=   2/1600  obj_max=119.8  obj_mean=104.91  qd_score=209.8  (122.1s, gen_max_obj=118.8)
gen 176/200  filled=   2/1600  obj_max=119.8  obj_mean=104.91  qd_score=209.8  (122.9s, gen_max_obj=118.0)
gen 177/200  filled=   2/1600  obj_max=119.8  obj_mean=104.91  qd_score=209.8  (123.8s, gen_max_obj=118.8)
gen 178/200  filled=   2/1600  obj_max=119.8  obj_mean=104.91  qd_score=209.8  (126.9s, gen_max_obj=118.8)
gen 179/200  filled=   2/1600  obj_max=119.8  obj_mean=104.91  qd_score=209.8  (130.0s, gen_max_obj=118.0)
gen 180/200  filled=   2/1600  obj_max=119.8  obj_mean=104.91  qd_score=209.8  (130.7s, gen_max_obj=118.9)
gen 181/200  filled=   2/1600  obj_max=119.8  obj_mean=104.91  qd_score=209.8  (130.7s, gen_max_obj=118.8)
gen 182/200  filled=   2/1600  obj_max=119.8  obj_mean=104.91  qd_score=209.8  (130.5s, gen_max_obj=118.0)
gen 183/200  filled=   3/1600  obj_max=119.8  obj_mean=76.41  qd_score=229.2  (125.9s, gen_max_obj=118.9)
gen 184/200  filled=   4/1600  obj_max=119.8  obj_mean=60.06  qd_score=240.2  (122.9s, gen_max_obj=118.9)
gen 185/200  filled=   4/1600  obj_max=119.8  obj_mean=60.06  qd_score=240.2  (122.8s, gen_max_obj=118.8)
gen 186/200  filled=   4/1600  obj_max=119.8  obj_mean=60.06  qd_score=240.2  (122.6s, gen_max_obj=118.9)
gen 187/200  filled=   4/1600  obj_max=119.8  obj_mean=60.06  qd_score=240.2  (122.1s, gen_max_obj=118.9)
gen 188/200  filled=   4/1600  obj_max=119.8  obj_mean=60.06  qd_score=240.2  (122.2s, gen_max_obj=118.9)
gen 189/200  filled=   4/1600  obj_max=119.8  obj_mean=60.06  qd_score=240.2  (122.9s, gen_max_obj=118.9)
gen 190/200  filled=   4/1600  obj_max=119.8  obj_mean=60.06  qd_score=240.2  (122.0s, gen_max_obj=118.9)
gen 191/200  filled=   4/1600  obj_max=119.8  obj_mean=60.06  qd_score=240.2  (122.5s, gen_max_obj=118.0)
gen 192/200  filled=   4/1600  obj_max=119.8  obj_mean=60.06  qd_score=240.2  (125.1s, gen_max_obj=118.9)
gen 193/200  filled=   4/1600  obj_max=119.8  obj_mean=60.06  qd_score=240.2  (128.4s, gen_max_obj=118.8)
gen 194/200  filled=   4/1600  obj_max=119.8  obj_mean=60.06  qd_score=240.2  (123.1s, gen_max_obj=118.0)
gen 195/200  filled=   4/1600  obj_max=119.8  obj_mean=60.06  qd_score=240.2  (122.5s, gen_max_obj=118.0)
gen 196/200  filled=   4/1600  obj_max=119.8  obj_mean=60.06  qd_score=240.2  (122.3s, gen_max_obj=118.8)
gen 197/200  filled=   4/1600  obj_max=119.8  obj_mean=60.06  qd_score=240.2  (123.3s, gen_max_obj=118.8)
gen 198/200  filled=   4/1600  obj_max=119.8  obj_mean=60.06  qd_score=240.2  (122.6s, gen_max_obj=118.0)
gen 199/200  filled=   4/1600  obj_max=119.8  obj_mean=60.06  qd_score=240.2  (122.6s, gen_max_obj=118.9)
gen 200/200  filled=   4/1600  obj_max=119.8  obj_mean=60.06  qd_score=240.2  (122.9s, gen_max_obj=118.9)

total: 24834.8s
saved archive to results/longer_deepconv_200g_density.npz (4 elites)

=== longer experiments end: Tue Jun  2 02:05:53 EDT 2026 ===
