=== overnight start: Mon Jun  1 00:16:44 EDT 2026 ===

==== tape_600_varied :: Mon Jun  1 00:16:44 EDT 2026 ====
args: --policy tape --gens 50 --emitters 5 --batch 20 --n-actions 600 --ticks-per-action 100 --fitness varied
policy = tape  params = 1800  sigma0 = 1.0  es = cma_es
fitness = varied
archive = 40x40 = 1600 cells
running with 8 worker processes
running 50 generations, 5 emitters x 20 solutions = 100 evals/gen
/Users/juliantogelius/Library/Python/3.9/lib/python/site-packages/ribs/emitters/opt/_cma_es.py:299: RuntimeWarning: divide by zero encountered in matmul
  z = np.matmul(self.cov.invsqrt, y)
/Users/juliantogelius/Library/Python/3.9/lib/python/site-packages/ribs/emitters/opt/_cma_es.py:299: RuntimeWarning: overflow encountered in matmul
  z = np.matmul(self.cov.invsqrt, y)
/Users/juliantogelius/Library/Python/3.9/lib/python/site-packages/ribs/emitters/opt/_cma_es.py:299: RuntimeWarning: invalid value encountered in matmul
  z = np.matmul(self.cov.invsqrt, y)
/Users/juliantogelius/Library/Python/3.9/lib/python/site-packages/ribs/emitters/opt/_cma_es.py:299: RuntimeWarning: divide by zero encountered in matmul
  z = np.matmul(self.cov.invsqrt, y)
/Users/juliantogelius/Library/Python/3.9/lib/python/site-packages/ribs/emitters/opt/_cma_es.py:299: RuntimeWarning: overflow encountered in matmul
  z = np.matmul(self.cov.invsqrt, y)
/Users/juliantogelius/Library/Python/3.9/lib/python/site-packages/ribs/emitters/opt/_cma_es.py:299: RuntimeWarning: invalid value encountered in matmul
  z = np.matmul(self.cov.invsqrt, y)
gen   1/50  filled=  20/1600  obj_max=777.8  obj_mean=405.74  qd_score=8114.9  (50.7s, gen_max_obj=777.8)
gen   2/50  filled=  25/1600  obj_max=1202.2  obj_mean=471.05  qd_score=11776.4  (54.3s, gen_max_obj=1202.2)
gen   3/50  filled=  25/1600  obj_max=1202.2  obj_mean=473.35  qd_score=11833.8  (53.2s, gen_max_obj=850.3)
gen   4/50  filled=  26/1600  obj_max=1202.2  obj_mean=504.84  qd_score=13125.7  (53.3s, gen_max_obj=923.6)
gen   5/50  filled=  26/1600  obj_max=1202.2  obj_mean=513.26  qd_score=13344.9  (53.5s, gen_max_obj=816.2)
gen   6/50  filled=  28/1600  obj_max=1202.2  obj_mean=489.12  qd_score=13695.4  (52.9s, gen_max_obj=806.2)
gen   7/50  filled=  28/1600  obj_max=1202.2  obj_mean=505.15  qd_score=14144.3  (51.2s, gen_max_obj=778.5)
gen   8/50  filled=  28/1600  obj_max=1202.2  obj_mean=521.97  qd_score=14615.2  (51.5s, gen_max_obj=748.8)
gen   9/50  filled=  29/1600  obj_max=1202.2  obj_mean=533.25  qd_score=15464.2  (51.3s, gen_max_obj=858.6)
gen  10/50  filled=  29/1600  obj_max=1202.2  obj_mean=533.25  qd_score=15464.2  (51.4s, gen_max_obj=704.6)
gen  11/50  filled=  29/1600  obj_max=1202.2  obj_mean=533.25  qd_score=15464.2  (51.7s, gen_max_obj=693.5)
gen  12/50  filled=  29/1600  obj_max=1202.2  obj_mean=533.25  qd_score=15464.2  (51.9s, gen_max_obj=688.2)
gen  13/50  filled=  30/1600  obj_max=1202.2  obj_mean=532.33  qd_score=15970.0  (51.7s, gen_max_obj=761.6)
gen  14/50  filled=  31/1600  obj_max=1202.2  obj_mean=516.53  qd_score=16012.5  (51.7s, gen_max_obj=686.1)
gen  15/50  filled=  32/1600  obj_max=1202.2  obj_mean=501.72  qd_score=16055.1  (52.0s, gen_max_obj=290.8)
gen  16/50  filled=  32/1600  obj_max=1202.2  obj_mean=501.87  qd_score=16059.8  (51.7s, gen_max_obj=251.3)
gen  17/50  filled=  33/1600  obj_max=1202.2  obj_mean=488.34  qd_score=16115.2  (51.4s, gen_max_obj=762.3)
gen  18/50  filled=  33/1600  obj_max=1202.2  obj_mean=488.38  qd_score=16116.6  (52.5s, gen_max_obj=766.8)
gen  19/50  filled=  33/1600  obj_max=1202.2  obj_mean=491.55  qd_score=16221.1  (51.6s, gen_max_obj=712.6)
gen  20/50  filled=  33/1600  obj_max=1202.2  obj_mean=496.04  qd_score=16369.3  (51.4s, gen_max_obj=910.5)
gen  21/50  filled=  33/1600  obj_max=1202.2  obj_mean=496.04  qd_score=16369.3  (51.8s, gen_max_obj=681.7)
gen  22/50  filled=  33/1600  obj_max=1202.2  obj_mean=496.04  qd_score=16369.3  (51.6s, gen_max_obj=812.0)
gen  23/50  filled=  33/1600  obj_max=1202.2  obj_mean=496.04  qd_score=16369.3  (51.9s, gen_max_obj=196.8)
gen  24/50  filled=  33/1600  obj_max=1202.2  obj_mean=500.29  qd_score=16509.7  (51.8s, gen_max_obj=360.6)
gen  25/50  filled=  33/1600  obj_max=1202.2  obj_mean=500.29  qd_score=16509.7  (52.0s, gen_max_obj=200.2)
gen  26/50  filled=  33/1600  obj_max=1202.2  obj_mean=504.19  qd_score=16638.3  (51.3s, gen_max_obj=683.0)
gen  27/50  filled=  33/1600  obj_max=1202.2  obj_mean=504.19  qd_score=16638.3  (51.6s, gen_max_obj=842.4)
gen  28/50  filled=  33/1600  obj_max=1202.2  obj_mean=508.54  qd_score=16781.9  (51.8s, gen_max_obj=681.1)
gen  29/50  filled=  33/1600  obj_max=1202.2  obj_mean=514.57  qd_score=16980.7  (51.6s, gen_max_obj=399.8)
gen  30/50  filled=  33/1600  obj_max=1202.2  obj_mean=514.57  qd_score=16980.7  (52.3s, gen_max_obj=198.2)
gen  31/50  filled=  33/1600  obj_max=1202.2  obj_mean=514.57  qd_score=16980.7  (51.4s, gen_max_obj=672.1)
gen  32/50  filled=  33/1600  obj_max=1202.2  obj_mean=514.57  qd_score=16980.7  (51.5s, gen_max_obj=198.3)
gen  33/50  filled=  33/1600  obj_max=1202.2  obj_mean=514.57  qd_score=16980.7  (51.5s, gen_max_obj=672.8)
gen  34/50  filled=  33/1600  obj_max=1202.2  obj_mean=514.57  qd_score=16980.7  (51.9s, gen_max_obj=668.7)
gen  35/50  filled=  33/1600  obj_max=1202.2  obj_mean=514.57  qd_score=16980.7  (51.8s, gen_max_obj=674.5)
gen  36/50  filled=  33/1600  obj_max=1202.2  obj_mean=514.57  qd_score=16980.7  (54.8s, gen_max_obj=198.1)
gen  37/50  filled=  33/1600  obj_max=1202.2  obj_mean=514.57  qd_score=16980.7  (54.8s, gen_max_obj=198.1)
gen  38/50  filled=  33/1600  obj_max=1202.2  obj_mean=514.57  qd_score=16980.7  (54.6s, gen_max_obj=672.1)
gen  39/50  filled=  33/1600  obj_max=1202.2  obj_mean=514.57  qd_score=16980.7  (53.7s, gen_max_obj=40.7)
gen  40/50  filled=  33/1600  obj_max=1202.2  obj_mean=514.57  qd_score=16980.7  (51.3s, gen_max_obj=193.1)
gen  41/50  filled=  33/1600  obj_max=1202.2  obj_mean=514.57  qd_score=16980.7  (51.4s, gen_max_obj=186.4)
gen  42/50  filled=  33/1600  obj_max=1202.2  obj_mean=514.57  qd_score=16980.7  (52.0s, gen_max_obj=37.4)
gen  43/50  filled=  33/1600  obj_max=1202.2  obj_mean=514.57  qd_score=16980.7  (51.5s, gen_max_obj=353.0)
gen  44/50  filled=  33/1600  obj_max=1202.2  obj_mean=514.57  qd_score=16980.7  (51.7s, gen_max_obj=194.5)
gen  45/50  filled=  33/1600  obj_max=1202.2  obj_mean=522.67  qd_score=17248.0  (51.8s, gen_max_obj=667.2)
gen  46/50  filled=  33/1600  obj_max=1202.2  obj_mean=522.67  qd_score=17248.0  (51.3s, gen_max_obj=36.9)
gen  47/50  filled=  33/1600  obj_max=1202.2  obj_mean=522.67  qd_score=17248.0  (51.7s, gen_max_obj=186.9)
gen  48/50  filled=  33/1600  obj_max=1202.2  obj_mean=535.25  qd_score=17663.2  (51.6s, gen_max_obj=734.6)
gen  49/50  filled=  33/1600  obj_max=1202.2  obj_mean=535.25  qd_score=17663.2  (51.9s, gen_max_obj=35.8)
gen  50/50  filled=  33/1600  obj_max=1202.2  obj_mean=535.25  qd_score=17663.2  (51.7s, gen_max_obj=189.7)

total: 2602.5s
saved archive to results/overnight_tape_600_varied.npz (33 elites)

==== tape_1000_varied :: Mon Jun  1 01:00:08 EDT 2026 ====
args: --policy tape --gens 30 --emitters 5 --batch 20 --n-actions 1000 --ticks-per-action 100 --fitness varied
policy = tape  params = 3000  sigma0 = 1.0  es = cma_es
fitness = varied
archive = 40x40 = 1600 cells
running with 8 worker processes
running 30 generations, 5 emitters x 20 solutions = 100 evals/gen
/Users/juliantogelius/Library/Python/3.9/lib/python/site-packages/ribs/emitters/opt/_cma_es.py:299: RuntimeWarning: divide by zero encountered in matmul
  z = np.matmul(self.cov.invsqrt, y)
/Users/juliantogelius/Library/Python/3.9/lib/python/site-packages/ribs/emitters/opt/_cma_es.py:299: RuntimeWarning: overflow encountered in matmul
  z = np.matmul(self.cov.invsqrt, y)
/Users/juliantogelius/Library/Python/3.9/lib/python/site-packages/ribs/emitters/opt/_cma_es.py:299: RuntimeWarning: invalid value encountered in matmul
  z = np.matmul(self.cov.invsqrt, y)
/Users/juliantogelius/Library/Python/3.9/lib/python/site-packages/ribs/emitters/opt/_cma_es.py:299: RuntimeWarning: divide by zero encountered in matmul
  z = np.matmul(self.cov.invsqrt, y)
/Users/juliantogelius/Library/Python/3.9/lib/python/site-packages/ribs/emitters/opt/_cma_es.py:299: RuntimeWarning: overflow encountered in matmul
  z = np.matmul(self.cov.invsqrt, y)
/Users/juliantogelius/Library/Python/3.9/lib/python/site-packages/ribs/emitters/opt/_cma_es.py:299: RuntimeWarning: invalid value encountered in matmul
  z = np.matmul(self.cov.invsqrt, y)
gen   1/30  filled=  17/1600  obj_max=1248.6  obj_mean=787.83  qd_score=13393.2  (91.4s, gen_max_obj=1248.6)
gen   2/30  filled=  19/1600  obj_max=1248.6  obj_mean=834.12  qd_score=15848.3  (90.1s, gen_max_obj=1062.8)
gen   3/30  filled=  21/1600  obj_max=1248.6  obj_mean=827.26  qd_score=17372.4  (89.5s, gen_max_obj=1051.6)
gen   4/30  filled=  22/1600  obj_max=1248.6  obj_mean=802.10  qd_score=17646.1  (90.2s, gen_max_obj=1051.2)
gen   5/30  filled=  23/1600  obj_max=1248.6  obj_mean=859.84  qd_score=19776.3  (89.4s, gen_max_obj=1044.1)
gen   6/30  filled=  23/1600  obj_max=1248.6  obj_mean=891.86  qd_score=20512.7  (89.8s, gen_max_obj=1054.7)
gen   7/30  filled=  23/1600  obj_max=1248.6  obj_mean=898.22  qd_score=20659.1  (90.6s, gen_max_obj=1048.6)
gen   8/30  filled=  25/1600  obj_max=1248.6  obj_mean=850.46  qd_score=21261.4  (90.1s, gen_max_obj=937.6)
gen   9/30  filled=  25/1600  obj_max=1248.6  obj_mean=850.46  qd_score=21261.4  (89.7s, gen_max_obj=1041.9)
gen  10/30  filled=  25/1600  obj_max=1248.6  obj_mean=862.69  qd_score=21567.2  (89.3s, gen_max_obj=1193.7)
gen  11/30  filled=  26/1600  obj_max=1248.6  obj_mean=857.38  qd_score=22291.9  (89.4s, gen_max_obj=896.1)
gen  12/30  filled=  26/1600  obj_max=1248.6  obj_mean=857.38  qd_score=22291.9  (93.2s, gen_max_obj=1026.9)
gen  13/30  filled=  26/1600  obj_max=1248.6  obj_mean=863.86  qd_score=22460.3  (94.5s, gen_max_obj=947.7)
gen  14/30  filled=  26/1600  obj_max=1248.6  obj_mean=869.60  qd_score=22609.7  (94.3s, gen_max_obj=1154.9)
gen  15/30  filled=  27/1600  obj_max=1248.6  obj_mean=839.60  qd_score=22669.2  (90.5s, gen_max_obj=263.3)
gen  16/30  filled=  27/1600  obj_max=1248.6  obj_mean=839.60  qd_score=22669.2  (89.2s, gen_max_obj=901.5)
gen  17/30  filled=  27/1600  obj_max=1248.6  obj_mean=839.60  qd_score=22669.2  (88.9s, gen_max_obj=787.1)
gen  18/30  filled=  27/1600  obj_max=1248.6  obj_mean=840.02  qd_score=22680.6  (88.9s, gen_max_obj=806.6)
gen  19/30  filled=  27/1600  obj_max=1248.6  obj_mean=840.02  qd_score=22680.6  (89.2s, gen_max_obj=693.8)
gen  20/30  filled=  28/1600  obj_max=1248.6  obj_mean=811.93  qd_score=22734.0  (88.9s, gen_max_obj=867.0)
gen  21/30  filled=  28/1600  obj_max=1248.6  obj_mean=811.93  qd_score=22734.0  (88.2s, gen_max_obj=789.5)
gen  22/30  filled=  28/1600  obj_max=1248.6  obj_mean=832.46  qd_score=23308.8  (88.5s, gen_max_obj=820.8)
gen  23/30  filled=  28/1600  obj_max=1248.6  obj_mean=837.21  qd_score=23442.0  (89.0s, gen_max_obj=678.0)
gen  24/30  filled=  28/1600  obj_max=1248.6  obj_mean=837.21  qd_score=23442.0  (88.6s, gen_max_obj=610.3)
gen  25/30  filled=  28/1600  obj_max=1248.6  obj_mean=839.74  qd_score=23512.7  (88.7s, gen_max_obj=940.1)
gen  26/30  filled=  28/1600  obj_max=1248.6  obj_mean=839.74  qd_score=23512.7  (88.5s, gen_max_obj=284.3)
gen  27/30  filled=  28/1600  obj_max=1248.6  obj_mean=839.74  qd_score=23512.7  (88.6s, gen_max_obj=695.7)
gen  28/30  filled=  28/1600  obj_max=1248.6  obj_mean=839.99  qd_score=23519.8  (88.2s, gen_max_obj=790.7)
gen  29/30  filled=  28/1600  obj_max=1248.6  obj_mean=839.99  qd_score=23519.8  (89.1s, gen_max_obj=687.7)
gen  30/30  filled=  29/1600  obj_max=1248.6  obj_mean=812.80  qd_score=23571.1  (88.9s, gen_max_obj=767.6)

total: 2693.6s
saved archive to results/overnight_tape_1000_varied.npz (29 elites)

==== deepconv_growth_long :: Mon Jun  1 01:45:03 EDT 2026 ====
args: --policy deepconv --policy-channels 16,32 --gens 150 --emitters 5 --batch 20 --n-actions 100 --ticks-per-action 100 --fitness growth
policy = deepconv  params = 11012  sigma0 = 0.2  es = sep_cma_es
fitness = growth
archive = 40x40 = 1600 cells
running with 8 worker processes
running 150 generations, 5 emitters x 20 solutions = 100 evals/gen
gen   1/150  filled=   5/1600  obj_max=19.4  obj_mean=7.26  qd_score=36.3  (42.8s, gen_max_obj=19.4)
gen   2/150  filled=   9/1600  obj_max=19.4  obj_mean=6.17  qd_score=55.6  (39.9s, gen_max_obj=13.6)
gen   3/150  filled=  11/1600  obj_max=50.7  obj_mean=9.36  qd_score=103.0  (40.0s, gen_max_obj=50.7)
gen   4/150  filled=  13/1600  obj_max=50.7  obj_mean=8.68  qd_score=112.8  (42.4s, gen_max_obj=10.1)
gen   5/150  filled=  15/1600  obj_max=50.7  obj_mean=8.29  qd_score=124.3  (40.7s, gen_max_obj=26.4)
gen   6/150  filled=  16/1600  obj_max=50.7  obj_mean=8.04  qd_score=128.7  (40.1s, gen_max_obj=7.8)
gen   7/150  filled=  18/1600  obj_max=50.7  obj_mean=7.74  qd_score=139.3  (40.1s, gen_max_obj=7.5)
gen   8/150  filled=  20/1600  obj_max=50.7  obj_mean=7.39  qd_score=147.9  (40.3s, gen_max_obj=7.5)
gen   9/150  filled=  23/1600  obj_max=50.7  obj_mean=7.01  qd_score=161.3  (40.3s, gen_max_obj=5.6)
gen  10/150  filled=  25/1600  obj_max=50.7  obj_mean=6.79  qd_score=169.7  (40.3s, gen_max_obj=9.0)
gen  11/150  filled=  28/1600  obj_max=50.7  obj_mean=6.75  qd_score=188.9  (40.6s, gen_max_obj=7.5)
gen  12/150  filled=  34/1600  obj_max=50.7  obj_mean=6.98  qd_score=237.3  (40.1s, gen_max_obj=24.1)
gen  13/150  filled=  41/1600  obj_max=76.2  obj_mean=7.48  qd_score=306.7  (40.1s, gen_max_obj=76.2)
gen  14/150  filled=  43/1600  obj_max=76.2  obj_mean=7.67  qd_score=329.6  (40.2s, gen_max_obj=10.0)
gen  15/150  filled=  46/1600  obj_max=76.2  obj_mean=8.40  qd_score=386.4  (40.2s, gen_max_obj=38.8)
gen  16/150  filled=  52/1600  obj_max=76.2  obj_mean=8.20  qd_score=426.4  (40.6s, gen_max_obj=14.8)
gen  17/150  filled=  55/1600  obj_max=76.2  obj_mean=8.11  qd_score=446.0  (40.5s, gen_max_obj=20.6)
gen  18/150  filled=  55/1600  obj_max=76.2  obj_mean=9.22  qd_score=506.8  (40.4s, gen_max_obj=57.5)
gen  19/150  filled=  57/1600  obj_max=76.2  obj_mean=9.58  qd_score=546.1  (40.2s, gen_max_obj=24.9)
gen  20/150  filled=  59/1600  obj_max=76.2  obj_mean=9.79  qd_score=577.6  (40.4s, gen_max_obj=32.2)
gen  21/150  filled=  60/1600  obj_max=76.2  obj_mean=10.34  qd_score=620.3  (40.0s, gen_max_obj=22.9)
gen  22/150  filled=  61/1600  obj_max=76.2  obj_mean=10.98  qd_score=670.1  (40.3s, gen_max_obj=28.5)
gen  23/150  filled=  64/1600  obj_max=118.0  obj_mean=12.09  qd_score=773.7  (40.1s, gen_max_obj=118.0)
gen  24/150  filled=  65/1600  obj_max=118.0  obj_mean=12.41  qd_score=806.5  (40.2s, gen_max_obj=37.4)
gen  25/150  filled=  67/1600  obj_max=118.0  obj_mean=12.65  qd_score=847.6  (40.3s, gen_max_obj=28.5)
gen  26/150  filled=  68/1600  obj_max=118.0  obj_mean=14.20  qd_score=965.6  (40.5s, gen_max_obj=113.1)
gen  27/150  filled=  69/1600  obj_max=118.0  obj_mean=14.30  qd_score=986.4  (40.4s, gen_max_obj=118.0)
gen  28/150  filled=  72/1600  obj_max=118.0  obj_mean=14.87  qd_score=1070.9  (40.3s, gen_max_obj=52.2)
gen  29/150  filled=  72/1600  obj_max=118.0  obj_mean=14.95  qd_score=1076.1  (40.1s, gen_max_obj=18.0)
gen  30/150  filled=  76/1600  obj_max=118.0  obj_mean=14.69  qd_score=1116.3  (40.3s, gen_max_obj=75.1)
gen  31/150  filled=  78/1600  obj_max=118.0  obj_mean=16.02  qd_score=1249.4  (40.6s, gen_max_obj=115.7)
gen  32/150  filled=  83/1600  obj_max=118.0  obj_mean=15.84  qd_score=1314.8  (40.2s, gen_max_obj=118.0)
gen  33/150  filled=  84/1600  obj_max=118.0  obj_mean=16.27  qd_score=1366.8  (40.3s, gen_max_obj=118.0)
gen  34/150  filled=  85/1600  obj_max=118.8  obj_mean=16.97  qd_score=1442.7  (40.5s, gen_max_obj=118.8)
gen  35/150  filled=  89/1600  obj_max=118.8  obj_mean=16.62  qd_score=1479.2  (40.5s, gen_max_obj=63.0)
gen  36/150  filled=  95/1600  obj_max=118.8  obj_mean=17.72  qd_score=1683.8  (40.0s, gen_max_obj=111.8)
gen  37/150  filled= 100/1600  obj_max=118.8  obj_mean=17.75  qd_score=1775.1  (41.0s, gen_max_obj=118.0)
gen  38/150  filled= 105/1600  obj_max=118.8  obj_mean=17.74  qd_score=1862.7  (41.1s, gen_max_obj=59.8)
gen  39/150  filled= 109/1600  obj_max=118.8  obj_mean=18.40  qd_score=2005.4  (41.1s, gen_max_obj=76.1)
gen  40/150  filled= 113/1600  obj_max=118.8  obj_mean=18.46  qd_score=2085.8  (40.2s, gen_max_obj=115.7)
gen  41/150  filled= 115/1600  obj_max=118.8  obj_mean=18.54  qd_score=2132.1  (40.4s, gen_max_obj=118.0)
gen  42/150  filled= 119/1600  obj_max=118.8  obj_mean=18.69  qd_score=2224.0  (40.4s, gen_max_obj=76.0)
gen  43/150  filled= 121/1600  obj_max=118.8  obj_mean=19.56  qd_score=2366.7  (40.1s, gen_max_obj=92.5)
gen  44/150  filled= 122/1600  obj_max=118.8  obj_mean=19.52  qd_score=2381.2  (40.2s, gen_max_obj=99.4)
gen  45/150  filled= 125/1600  obj_max=118.8  obj_mean=19.35  qd_score=2419.0  (40.6s, gen_max_obj=27.0)
gen  46/150  filled= 126/1600  obj_max=118.8  obj_mean=20.34  qd_score=2563.1  (40.5s, gen_max_obj=94.3)
gen  47/150  filled= 130/1600  obj_max=118.8  obj_mean=20.94  qd_score=2721.8  (40.9s, gen_max_obj=99.2)
gen  48/150  filled= 131/1600  obj_max=118.8  obj_mean=21.73  qd_score=2846.0  (41.5s, gen_max_obj=90.2)
gen  49/150  filled= 133/1600  obj_max=118.8  obj_mean=23.19  qd_score=3083.9  (43.1s, gen_max_obj=109.7)
gen  50/150  filled= 135/1600  obj_max=118.8  obj_mean=23.91  qd_score=3227.9  (42.8s, gen_max_obj=118.8)
gen  51/150  filled= 139/1600  obj_max=118.8  obj_mean=23.85  qd_score=3315.2  (42.7s, gen_max_obj=118.8)
gen  52/150  filled= 144/1600  obj_max=118.8  obj_mean=23.64  qd_score=3404.2  (42.7s, gen_max_obj=105.0)
gen  53/150  filled= 149/1600  obj_max=118.8  obj_mean=23.23  qd_score=3462.0  (42.8s, gen_max_obj=118.0)
gen  54/150  filled= 152/1600  obj_max=118.8  obj_mean=23.50  qd_score=3571.7  (42.8s, gen_max_obj=87.6)
gen  55/150  filled= 156/1600  obj_max=118.8  obj_mean=23.79  qd_score=3711.7  (42.8s, gen_max_obj=82.1)
gen  56/150  filled= 159/1600  obj_max=118.8  obj_mean=24.32  qd_score=3866.4  (42.0s, gen_max_obj=100.4)
gen  57/150  filled= 160/1600  obj_max=118.8  obj_mean=25.63  qd_score=4101.3  (40.2s, gen_max_obj=106.2)
gen  58/150  filled= 160/1600  obj_max=118.8  obj_mean=26.45  qd_score=4232.3  (40.2s, gen_max_obj=118.0)
gen  59/150  filled= 161/1600  obj_max=118.8  obj_mean=26.74  qd_score=4304.8  (40.5s, gen_max_obj=118.0)
gen  60/150  filled= 164/1600  obj_max=118.8  obj_mean=26.79  qd_score=4394.2  (40.6s, gen_max_obj=118.0)
gen  61/150  filled= 167/1600  obj_max=118.8  obj_mean=27.16  qd_score=4535.2  (40.5s, gen_max_obj=118.6)
gen  62/150  filled= 168/1600  obj_max=118.8  obj_mean=27.06  qd_score=4546.9  (40.5s, gen_max_obj=113.1)
gen  63/150  filled= 170/1600  obj_max=118.8  obj_mean=27.20  qd_score=4624.4  (40.4s, gen_max_obj=117.9)
gen  64/150  filled= 174/1600  obj_max=118.8  obj_mean=27.50  qd_score=4785.3  (40.8s, gen_max_obj=118.8)
gen  65/150  filled= 178/1600  obj_max=118.8  obj_mean=27.16  qd_score=4834.0  (40.3s, gen_max_obj=118.0)
gen  66/150  filled= 179/1600  obj_max=118.9  obj_mean=27.73  qd_score=4963.4  (40.1s, gen_max_obj=118.9)
gen  67/150  filled= 181/1600  obj_max=119.8  obj_mean=27.92  qd_score=5053.4  (40.4s, gen_max_obj=119.8)
gen  68/150  filled= 182/1600  obj_max=119.8  obj_mean=28.03  qd_score=5101.2  (40.5s, gen_max_obj=118.8)
gen  69/150  filled= 184/1600  obj_max=119.8  obj_mean=27.93  qd_score=5138.3  (40.4s, gen_max_obj=116.6)
gen  70/150  filled= 184/1600  obj_max=119.8  obj_mean=28.02  qd_score=5155.9  (40.3s, gen_max_obj=118.0)
gen  71/150  filled= 185/1600  obj_max=119.8  obj_mean=28.06  qd_score=5190.6  (41.0s, gen_max_obj=118.6)
gen  72/150  filled= 185/1600  obj_max=119.8  obj_mean=28.19  qd_score=5215.4  (40.4s, gen_max_obj=100.4)
gen  73/150  filled= 186/1600  obj_max=119.8  obj_mean=28.25  qd_score=5254.1  (40.5s, gen_max_obj=118.0)
gen  74/150  filled= 186/1600  obj_max=119.8  obj_mean=28.46  qd_score=5294.4  (40.3s, gen_max_obj=100.9)
gen  75/150  filled= 187/1600  obj_max=119.8  obj_mean=28.38  qd_score=5306.7  (40.9s, gen_max_obj=106.1)
gen  76/150  filled= 187/1600  obj_max=119.8  obj_mean=28.39  qd_score=5309.9  (40.3s, gen_max_obj=118.6)
gen  77/150  filled= 187/1600  obj_max=119.8  obj_mean=28.39  qd_score=5309.9  (40.3s, gen_max_obj=118.0)
gen  78/150  filled= 187/1600  obj_max=119.8  obj_mean=28.52  qd_score=5332.3  (40.4s, gen_max_obj=118.0)
gen  79/150  filled= 187/1600  obj_max=119.8  obj_mean=28.54  qd_score=5336.9  (40.5s, gen_max_obj=115.4)
gen  80/150  filled= 188/1600  obj_max=119.8  obj_mean=28.50  qd_score=5358.6  (40.3s, gen_max_obj=118.8)
gen  81/150  filled= 188/1600  obj_max=119.8  obj_mean=28.56  qd_score=5369.3  (40.0s, gen_max_obj=118.0)
gen  82/150  filled= 188/1600  obj_max=119.8  obj_mean=28.72  qd_score=5399.2  (40.2s, gen_max_obj=118.0)
gen  83/150  filled= 188/1600  obj_max=119.8  obj_mean=28.84  qd_score=5421.3  (40.3s, gen_max_obj=118.8)
gen  84/150  filled= 188/1600  obj_max=119.8  obj_mean=28.87  qd_score=5427.5  (40.4s, gen_max_obj=118.8)
gen  85/150  filled= 188/1600  obj_max=119.8  obj_mean=28.97  qd_score=5447.1  (40.3s, gen_max_obj=118.0)
gen  86/150  filled= 188/1600  obj_max=119.8  obj_mean=29.21  qd_score=5491.2  (40.8s, gen_max_obj=118.8)
gen  87/150  filled= 188/1600  obj_max=119.8  obj_mean=29.28  qd_score=5505.4  (40.1s, gen_max_obj=118.0)
gen  88/150  filled= 188/1600  obj_max=119.8  obj_mean=29.30  qd_score=5507.7  (40.3s, gen_max_obj=118.8)
gen  89/150  filled= 188/1600  obj_max=119.8  obj_mean=29.40  qd_score=5526.6  (40.3s, gen_max_obj=118.8)
gen  90/150  filled= 188/1600  obj_max=119.8  obj_mean=29.40  qd_score=5526.6  (40.6s, gen_max_obj=118.0)
gen  91/150  filled= 189/1600  obj_max=119.8  obj_mean=29.46  qd_score=5567.4  (41.3s, gen_max_obj=118.8)
gen  92/150  filled= 189/1600  obj_max=119.8  obj_mean=29.46  qd_score=5567.4  (41.6s, gen_max_obj=118.0)
gen  93/150  filled= 190/1600  obj_max=119.8  obj_mean=29.36  qd_score=5577.7  (42.9s, gen_max_obj=118.8)
gen  94/150  filled= 190/1600  obj_max=119.8  obj_mean=29.66  qd_score=5634.8  (43.1s, gen_max_obj=118.0)
gen  95/150  filled= 190/1600  obj_max=119.8  obj_mean=29.77  qd_score=5655.5  (42.7s, gen_max_obj=118.0)
gen  96/150  filled= 190/1600  obj_max=119.8  obj_mean=30.24  qd_score=5746.0  (43.1s, gen_max_obj=118.8)
gen  97/150  filled= 192/1600  obj_max=119.8  obj_mean=30.00  qd_score=5759.9  (42.9s, gen_max_obj=118.8)
gen  98/150  filled= 194/1600  obj_max=119.8  obj_mean=29.82  qd_score=5784.5  (42.9s, gen_max_obj=118.8)
gen  99/150  filled= 196/1600  obj_max=119.8  obj_mean=29.60  qd_score=5802.3  (42.7s, gen_max_obj=118.0)
gen 100/150  filled= 198/1600  obj_max=119.8  obj_mean=29.40  qd_score=5820.2  (43.0s, gen_max_obj=118.8)
gen 101/150  filled= 200/1600  obj_max=119.8  obj_mean=29.18  qd_score=5835.7  (41.1s, gen_max_obj=118.0)
gen 102/150  filled= 203/1600  obj_max=119.8  obj_mean=28.86  qd_score=5857.8  (40.4s, gen_max_obj=118.8)
gen 103/150  filled= 205/1600  obj_max=119.8  obj_mean=28.64  qd_score=5871.8  (40.7s, gen_max_obj=118.8)
gen 104/150  filled= 207/1600  obj_max=119.8  obj_mean=28.45  qd_score=5888.6  (40.4s, gen_max_obj=118.0)
gen 105/150  filled= 214/1600  obj_max=119.8  obj_mean=27.77  qd_score=5943.4  (40.6s, gen_max_obj=118.8)
gen 106/150  filled= 217/1600  obj_max=119.8  obj_mean=27.49  qd_score=5966.2  (40.5s, gen_max_obj=118.0)
gen 107/150  filled= 219/1600  obj_max=119.8  obj_mean=27.33  qd_score=5984.9  (40.6s, gen_max_obj=118.8)
gen 108/150  filled= 223/1600  obj_max=119.8  obj_mean=26.96  qd_score=6012.3  (40.8s, gen_max_obj=118.8)
gen 109/150  filled= 224/1600  obj_max=119.8  obj_mean=26.87  qd_score=6019.3  (40.7s, gen_max_obj=118.8)
gen 110/150  filled= 228/1600  obj_max=119.8  obj_mean=26.53  qd_score=6049.2  (40.2s, gen_max_obj=118.8)
gen 111/150  filled= 232/1600  obj_max=119.8  obj_mean=26.65  qd_score=6182.9  (40.6s, gen_max_obj=118.8)
gen 112/150  filled= 233/1600  obj_max=119.8  obj_mean=27.01  qd_score=6293.4  (40.5s, gen_max_obj=118.9)
gen 113/150  filled= 235/1600  obj_max=119.8  obj_mean=26.84  qd_score=6307.1  (40.4s, gen_max_obj=118.8)
gen 114/150  filled= 238/1600  obj_max=119.8  obj_mean=26.62  qd_score=6335.5  (40.4s, gen_max_obj=118.8)
gen 115/150  filled= 239/1600  obj_max=119.8  obj_mean=26.56  qd_score=6349.0  (40.3s, gen_max_obj=118.8)
gen 116/150  filled= 240/1600  obj_max=119.8  obj_mean=26.58  qd_score=6379.3  (41.2s, gen_max_obj=118.8)
gen 117/150  filled= 244/1600  obj_max=119.8  obj_mean=26.27  qd_score=6410.9  (40.6s, gen_max_obj=118.8)
gen 118/150  filled= 246/1600  obj_max=119.8  obj_mean=26.13  qd_score=6428.8  (40.4s, gen_max_obj=118.8)
gen 119/150  filled= 250/1600  obj_max=119.8  obj_mean=26.13  qd_score=6531.4  (40.9s, gen_max_obj=119.8)
gen 120/150  filled= 251/1600  obj_max=119.8  obj_mean=26.39  qd_score=6623.2  (40.4s, gen_max_obj=118.8)
gen 121/150  filled= 253/1600  obj_max=119.8  obj_mean=26.23  qd_score=6637.2  (40.3s, gen_max_obj=118.8)
gen 122/150  filled= 257/1600  obj_max=119.8  obj_mean=26.34  qd_score=6768.4  (40.3s, gen_max_obj=118.8)
gen 123/150  filled= 260/1600  obj_max=119.8  obj_mean=26.12  qd_score=6791.7  (40.8s, gen_max_obj=118.8)
gen 124/150  filled= 266/1600  obj_max=119.8  obj_mean=25.70  qd_score=6836.9  (40.6s, gen_max_obj=118.9)
gen 125/150  filled= 268/1600  obj_max=119.8  obj_mean=25.59  qd_score=6857.8  (40.8s, gen_max_obj=118.8)
gen 126/150  filled= 273/1600  obj_max=119.8  obj_mean=25.28  qd_score=6900.2  (41.3s, gen_max_obj=119.8)
gen 127/150  filled= 277/1600  obj_max=119.8  obj_mean=25.01  qd_score=6928.1  (41.3s, gen_max_obj=118.8)
gen 128/150  filled= 281/1600  obj_max=119.8  obj_mean=24.76  qd_score=6956.7  (40.4s, gen_max_obj=118.8)
gen 129/150  filled= 287/1600  obj_max=119.8  obj_mean=24.40  qd_score=7003.5  (40.6s, gen_max_obj=118.8)
gen 130/150  filled= 290/1600  obj_max=119.8  obj_mean=24.23  qd_score=7028.1  (40.5s, gen_max_obj=118.8)
gen 131/150  filled= 294/1600  obj_max=119.8  obj_mean=24.01  qd_score=7057.8  (40.8s, gen_max_obj=118.8)
gen 132/150  filled= 296/1600  obj_max=119.8  obj_mean=23.91  qd_score=7077.9  (40.2s, gen_max_obj=118.8)
gen 133/150  filled= 301/1600  obj_max=119.8  obj_mean=23.66  qd_score=7122.9  (40.7s, gen_max_obj=119.8)
gen 134/150  filled= 304/1600  obj_max=119.8  obj_mean=23.53  qd_score=7151.9  (40.7s, gen_max_obj=118.9)
gen 135/150  filled= 307/1600  obj_max=119.8  obj_mean=23.39  qd_score=7181.9  (41.6s, gen_max_obj=118.8)
gen 136/150  filled= 311/1600  obj_max=119.8  obj_mean=23.21  qd_score=7219.1  (42.5s, gen_max_obj=118.8)
gen 137/150  filled= 316/1600  obj_max=119.8  obj_mean=22.97  qd_score=7258.5  (42.8s, gen_max_obj=118.8)
gen 138/150  filled= 319/1600  obj_max=119.8  obj_mean=22.82  qd_score=7280.9  (43.2s, gen_max_obj=118.9)
gen 139/150  filled= 324/1600  obj_max=119.8  obj_mean=22.59  qd_score=7320.5  (42.9s, gen_max_obj=118.8)
gen 140/150  filled= 330/1600  obj_max=119.8  obj_mean=22.33  qd_score=7369.1  (42.8s, gen_max_obj=118.8)
gen 141/150  filled= 332/1600  obj_max=119.8  obj_mean=22.26  qd_score=7389.5  (43.1s, gen_max_obj=118.8)
gen 142/150  filled= 334/1600  obj_max=119.8  obj_mean=22.21  qd_score=7417.6  (42.9s, gen_max_obj=118.8)
gen 143/150  filled= 340/1600  obj_max=119.8  obj_mean=21.96  qd_score=7467.1  (43.0s, gen_max_obj=118.8)
gen 144/150  filled= 343/1600  obj_max=119.8  obj_mean=21.84  qd_score=7491.0  (42.9s, gen_max_obj=118.0)
gen 145/150  filled= 345/1600  obj_max=119.8  obj_mean=21.78  qd_score=7514.5  (42.2s, gen_max_obj=118.8)
gen 146/150  filled= 349/1600  obj_max=119.8  obj_mean=21.64  qd_score=7553.3  (40.5s, gen_max_obj=118.8)
gen 147/150  filled= 353/1600  obj_max=119.8  obj_mean=21.52  qd_score=7597.8  (40.4s, gen_max_obj=118.8)
gen 148/150  filled= 354/1600  obj_max=119.8  obj_mean=21.50  qd_score=7609.3  (40.9s, gen_max_obj=118.0)
gen 149/150  filled= 355/1600  obj_max=119.8  obj_mean=21.47  qd_score=7622.8  (40.7s, gen_max_obj=118.8)
gen 150/150  filled= 358/1600  obj_max=119.8  obj_mean=21.38  qd_score=7655.7  (40.5s, gen_max_obj=118.8)

total: 6138.1s
saved archive to results/overnight_deepconv_growth_long.npz (358 elites)

==== randprefix_5x_long :: Mon Jun  1 03:27:23 EDT 2026 ====
args: --policy randprefix --policy-random-len 50 --policy-channels 16,32 --gens 25 --emitters 5 --batch 20 --n-actions 200 --ticks-per-action 100 --fitness growth --n-evals 5
policy = randprefix  params = 11012  sigma0 = 0.2  es = sep_cma_es
fitness = growth
archive = 40x40 = 1600 cells
running with 8 worker processes
running 25 generations, 5 emitters x 20 solutions = 100 evals/gen
gen   1/25  filled=   4/1600  obj_max=85.8  obj_mean=50.99  qd_score=204.0  (332.8s, gen_max_obj=85.8)
gen   2/25  filled=   4/1600  obj_max=85.8  obj_mean=59.20  qd_score=236.8  (326.8s, gen_max_obj=51.6)
gen   3/25  filled=   5/1600  obj_max=85.8  obj_mean=50.91  qd_score=254.5  (326.5s, gen_max_obj=51.3)
gen   4/25  filled=   6/1600  obj_max=85.8  obj_mean=45.36  qd_score=272.1  (326.8s, gen_max_obj=51.1)
gen   5/25  filled=   7/1600  obj_max=85.8  obj_mean=41.40  qd_score=289.8  (326.6s, gen_max_obj=51.3)
gen   6/25  filled=   8/1600  obj_max=85.8  obj_mean=38.51  qd_score=308.1  (326.5s, gen_max_obj=51.3)
gen   7/25  filled=   8/1600  obj_max=85.8  obj_mean=42.51  qd_score=340.1  (324.7s, gen_max_obj=51.4)
gen   8/25  filled=   8/1600  obj_max=85.8  obj_mean=42.56  qd_score=340.4  (326.1s, gen_max_obj=50.4)
gen   9/25  filled=   8/1600  obj_max=85.8  obj_mean=42.66  qd_score=341.2  (326.4s, gen_max_obj=82.3)
gen  10/25  filled=   8/1600  obj_max=85.8  obj_mean=46.78  qd_score=374.3  (324.2s, gen_max_obj=50.6)
gen  11/25  filled=  10/1600  obj_max=85.8  obj_mean=41.02  qd_score=410.2  (325.2s, gen_max_obj=50.4)
gen  12/25  filled=  10/1600  obj_max=85.8  obj_mean=41.02  qd_score=410.2  (325.2s, gen_max_obj=50.6)
gen  13/25  filled=  11/1600  obj_max=85.8  obj_mean=39.03  qd_score=429.4  (324.5s, gen_max_obj=51.3)
gen  14/25  filled=  12/1600  obj_max=85.8  obj_mean=37.32  qd_score=447.9  (324.3s, gen_max_obj=52.2)
gen  15/25  filled=  12/1600  obj_max=85.8  obj_mean=37.33  qd_score=448.0  (325.6s, gen_max_obj=50.5)
gen  16/25  filled=  12/1600  obj_max=85.8  obj_mean=47.97  qd_score=575.7  (325.4s, gen_max_obj=84.0)
gen  17/25  filled=  12/1600  obj_max=85.8  obj_mean=47.97  qd_score=575.7  (325.9s, gen_max_obj=50.5)
gen  18/25  filled=  12/1600  obj_max=85.8  obj_mean=50.68  qd_score=608.2  (325.2s, gen_max_obj=51.0)
gen  19/25  filled=  12/1600  obj_max=85.8  obj_mean=50.72  qd_score=608.6  (325.5s, gen_max_obj=82.4)
gen  20/25  filled=  13/1600  obj_max=85.8  obj_mean=48.36  qd_score=628.6  (327.0s, gen_max_obj=50.9)
gen  21/25  filled=  14/1600  obj_max=85.8  obj_mean=53.11  qd_score=743.5  (324.6s, gen_max_obj=82.7)
gen  22/25  filled=  16/1600  obj_max=85.8  obj_mean=52.80  qd_score=844.7  (325.2s, gen_max_obj=51.6)
gen  23/25  filled=  16/1600  obj_max=85.8  obj_mean=52.80  qd_score=844.8  (324.6s, gen_max_obj=82.3)
gen  24/25  filled=  17/1600  obj_max=85.8  obj_mean=52.64  qd_score=894.9  (325.4s, gen_max_obj=82.3)
gen  25/25  filled=  18/1600  obj_max=85.8  obj_mean=50.76  qd_score=913.6  (324.4s, gen_max_obj=50.7)

total: 8145.5s
saved archive to results/overnight_randprefix_5x_long.npz (18 elites)

==== randprefix_10x_long :: Mon Jun  1 05:43:10 EDT 2026 ====
args: --policy randprefix --policy-random-len 50 --policy-channels 16,32 --gens 12 --emitters 5 --batch 20 --n-actions 200 --ticks-per-action 100 --fitness growth --n-evals 10
policy = randprefix  params = 11012  sigma0 = 0.2  es = sep_cma_es
fitness = growth
archive = 40x40 = 1600 cells
running with 8 worker processes
running 12 generations, 5 emitters x 20 solutions = 100 evals/gen
gen   1/12  filled=   4/1600  obj_max=52.4  obj_mean=34.77  qd_score=139.1  (663.8s, gen_max_obj=52.4)
gen   2/12  filled=   4/1600  obj_max=52.4  obj_mean=38.77  qd_score=155.1  (653.7s, gen_max_obj=35.1)
gen   3/12  filled=   4/1600  obj_max=96.6  obj_mean=61.80  qd_score=247.2  (657.4s, gen_max_obj=96.6)
gen   4/12  filled=   4/1600  obj_max=96.6  obj_mean=61.80  qd_score=247.2  (655.6s, gen_max_obj=34.5)
gen   5/12  filled=   4/1600  obj_max=96.6  obj_mean=61.80  qd_score=247.2  (654.4s, gen_max_obj=82.2)
gen   6/12  filled=   5/1600  obj_max=98.6  obj_mean=53.40  qd_score=267.0  (656.0s, gen_max_obj=98.6)
gen   7/12  filled=   5/1600  obj_max=99.2  obj_mean=53.52  qd_score=267.6  (654.6s, gen_max_obj=99.2)
gen   8/12  filled=   6/1600  obj_max=99.2  obj_mean=55.91  qd_score=335.5  (655.9s, gen_max_obj=66.1)
gen   9/12  filled=   6/1600  obj_max=99.2  obj_mean=59.07  qd_score=354.4  (657.7s, gen_max_obj=53.6)
gen  10/12  filled=   7/1600  obj_max=99.2  obj_mean=57.82  qd_score=404.7  (654.9s, gen_max_obj=50.3)
gen  11/12  filled=   8/1600  obj_max=99.2  obj_mean=54.67  qd_score=437.3  (658.6s, gen_max_obj=50.1)
gen  12/12  filled=   9/1600  obj_max=99.2  obj_mean=50.60  qd_score=455.4  (699.3s, gen_max_obj=52.8)

total: 7921.8s
saved archive to results/overnight_randprefix_10x_long.npz (9 elites)

=== overnight end: Mon Jun  1 07:55:14 EDT 2026 ===
