=== randprefix long start: Tue Jun  2 08:36:22 EDT 2026 ===

==== rp50_200_n10_25g :: Tue Jun  2 08:36:22 EDT 2026 ====
args: --policy randprefix --policy-random-len 50 --policy-channels 16,32 --gens 25 --emitters 5 --batch 20 --n-actions 200 --ticks-per-action 100 --fitness growth --measures res_ind --n-evals 10
policy = randprefix  params = 11012  sigma0 = 0.2  es = sep_cma_es
fitness = growth
archive = 40x40 = 1600 cells
running with 8 worker processes
running 25 generations, 5 emitters x 20 solutions = 100 evals/gen
gen   1/25  filled=   7/1600  obj_max=52.4  obj_mean=29.72  qd_score=208.0  (680.9s, gen_max_obj=52.4)
gen   2/25  filled=   8/1600  obj_max=52.4  obj_mean=30.26  qd_score=242.1  (697.2s, gen_max_obj=35.1)
gen   3/25  filled=   8/1600  obj_max=82.5  obj_mean=36.07  qd_score=288.6  (690.8s, gen_max_obj=82.5)
gen   4/25  filled=   9/1600  obj_max=82.5  obj_mean=34.08  qd_score=306.7  (690.9s, gen_max_obj=34.8)
gen   5/25  filled=  11/1600  obj_max=82.5  obj_mean=31.13  qd_score=342.4  (699.7s, gen_max_obj=35.5)
gen   6/25  filled=  14/1600  obj_max=82.5  obj_mean=33.05  qd_score=462.7  (679.8s, gen_max_obj=50.2)
gen   7/25  filled=  16/1600  obj_max=82.5  obj_mean=33.09  qd_score=529.5  (679.8s, gen_max_obj=47.1)
gen   8/25  filled=  17/1600  obj_max=82.5  obj_mean=33.18  qd_score=564.0  (681.0s, gen_max_obj=50.1)
gen   9/25  filled=  19/1600  obj_max=82.5  obj_mean=31.56  qd_score=599.7  (679.3s, gen_max_obj=35.4)
gen  10/25  filled=  19/1600  obj_max=82.5  obj_mean=33.30  qd_score=632.7  (672.8s, gen_max_obj=50.8)
gen  11/25  filled=  22/1600  obj_max=82.5  obj_mean=34.50  qd_score=758.9  (662.4s, gen_max_obj=50.0)
gen  12/25  filled=  22/1600  obj_max=82.5  obj_mean=35.23  qd_score=775.0  (677.8s, gen_max_obj=34.9)
gen  13/25  filled=  23/1600  obj_max=82.9  obj_mean=35.27  qd_score=811.3  (686.8s, gen_max_obj=82.9)
gen  14/25  filled=  24/1600  obj_max=82.9  obj_mean=35.33  qd_score=848.0  (663.8s, gen_max_obj=49.8)
gen  15/25  filled=  29/1600  obj_max=82.9  obj_mean=34.06  qd_score=987.6  (666.8s, gen_max_obj=50.7)
gen  16/25  filled=  29/1600  obj_max=82.9  obj_mean=34.66  qd_score=1005.3  (662.9s, gen_max_obj=34.9)
gen  17/25  filled=  33/1600  obj_max=82.9  obj_mean=33.82  qd_score=1116.1  (662.9s, gen_max_obj=35.6)
gen  18/25  filled=  34/1600  obj_max=82.9  obj_mean=33.49  qd_score=1138.5  (679.6s, gen_max_obj=50.1)
gen  19/25  filled=  35/1600  obj_max=82.9  obj_mean=33.55  qd_score=1174.4  (665.2s, gen_max_obj=50.3)
gen  20/25  filled=  37/1600  obj_max=82.9  obj_mean=34.11  qd_score=1261.9  (678.6s, gen_max_obj=50.1)
gen  21/25  filled=  38/1600  obj_max=82.9  obj_mean=35.68  qd_score=1355.7  (671.2s, gen_max_obj=63.0)
gen  22/25  filled=  39/1600  obj_max=82.9  obj_mean=36.94  qd_score=1440.8  (666.5s, gen_max_obj=51.3)
gen  23/25  filled=  41/1600  obj_max=82.9  obj_mean=38.39  qd_score=1574.0  (685.3s, gen_max_obj=66.9)
gen  24/25  filled=  42/1600  obj_max=82.9  obj_mean=37.95  qd_score=1594.0  (665.9s, gen_max_obj=50.6)
gen  25/25  filled=  44/1600  obj_max=82.9  obj_mean=37.42  qd_score=1646.4  (668.7s, gen_max_obj=35.7)

total: 16916.4s
saved archive to results/rplong_rp50_200_n10_25g.npz (44 elites)

==== rp30_300_n10_25g :: Tue Jun  2 13:18:21 EDT 2026 ====
args: --policy randprefix --policy-random-len 30 --policy-channels 8,16 --gens 25 --emitters 5 --batch 20 --n-actions 300 --ticks-per-action 100 --fitness growth --measures res_ind --n-evals 10
policy = randprefix  params = 4364  sigma0 = 0.2  es = sep_cma_es
fitness = growth
archive = 40x40 = 1600 cells
running with 8 worker processes
running 25 generations, 5 emitters x 20 solutions = 100 evals/gen
gen   1/25  filled=  11/1600  obj_max=80.2  obj_mean=27.12  qd_score=298.3  (642.4s, gen_max_obj=80.2)
gen   2/25  filled=  14/1600  obj_max=80.2  obj_mean=26.01  qd_score=364.1  (618.8s, gen_max_obj=31.3)
gen   3/25  filled=  14/1600  obj_max=80.3  obj_mean=27.31  qd_score=382.4  (622.5s, gen_max_obj=80.3)
gen   4/25  filled=  18/1600  obj_max=80.5  obj_mean=28.14  qd_score=506.6  (639.1s, gen_max_obj=80.5)
gen   5/25  filled=  23/1600  obj_max=80.5  obj_mean=25.38  qd_score=583.7  (620.4s, gen_max_obj=31.3)
gen   6/25  filled=  25/1600  obj_max=80.5  obj_mean=24.59  qd_score=614.7  (628.2s, gen_max_obj=31.1)
gen   7/25  filled=  28/1600  obj_max=80.5  obj_mean=23.61  qd_score=661.1  (625.2s, gen_max_obj=31.3)
gen   8/25  filled=  29/1600  obj_max=80.5  obj_mean=23.85  qd_score=691.7  (620.9s, gen_max_obj=31.1)
gen   9/25  filled=  34/1600  obj_max=80.5  obj_mean=24.51  qd_score=833.2  (631.2s, gen_max_obj=79.7)
gen  10/25  filled=  36/1600  obj_max=80.5  obj_mean=24.03  qd_score=865.2  (624.2s, gen_max_obj=17.0)
gen  11/25  filled=  40/1600  obj_max=80.5  obj_mean=23.22  qd_score=929.0  (625.2s, gen_max_obj=32.3)
gen  12/25  filled=  43/1600  obj_max=80.5  obj_mean=23.03  qd_score=990.4  (635.8s, gen_max_obj=79.4)
gen  13/25  filled=  47/1600  obj_max=80.5  obj_mean=24.44  qd_score=1148.6  (624.5s, gen_max_obj=47.7)
gen  14/25  filled=  52/1600  obj_max=80.5  obj_mean=24.89  qd_score=1294.3  (628.2s, gen_max_obj=79.5)
gen  15/25  filled=  56/1600  obj_max=80.5  obj_mean=25.72  qd_score=1440.5  (637.0s, gen_max_obj=47.9)
gen  16/25  filled=  61/1600  obj_max=80.5  obj_mean=26.04  qd_score=1588.6  (625.2s, gen_max_obj=47.8)
gen  17/25  filled=  64/1600  obj_max=80.5  obj_mean=26.10  qd_score=1670.7  (625.4s, gen_max_obj=32.5)
gen  18/25  filled=  68/1600  obj_max=80.5  obj_mean=25.80  qd_score=1754.4  (659.4s, gen_max_obj=32.6)
gen  19/25  filled=  73/1600  obj_max=80.5  obj_mean=25.86  qd_score=1887.6  (630.6s, gen_max_obj=34.0)
gen  20/25  filled=  82/1600  obj_max=80.5  obj_mean=25.57  qd_score=2096.9  (627.9s, gen_max_obj=36.5)
gen  21/25  filled=  90/1600  obj_max=80.5  obj_mean=25.17  qd_score=2265.3  (670.0s, gen_max_obj=32.8)
gen  22/25  filled=  94/1600  obj_max=80.5  obj_mean=25.40  qd_score=2387.7  (627.0s, gen_max_obj=33.8)
gen  23/25  filled= 101/1600  obj_max=80.5  obj_mean=25.75  qd_score=2600.5  (629.1s, gen_max_obj=51.5)
gen  24/25  filled= 105/1600  obj_max=80.5  obj_mean=26.21  qd_score=2751.8  (640.0s, gen_max_obj=50.9)
gen  25/25  filled= 110/1600  obj_max=80.5  obj_mean=26.38  qd_score=2902.3  (625.6s, gen_max_obj=35.0)

total: 15783.9s
saved archive to results/rplong_rp30_300_n10_25g.npz (110 elites)

==== rp100_400_n10_15g :: Tue Jun  2 17:41:26 EDT 2026 ====
args: --policy randprefix --policy-random-len 100 --policy-channels 16,32 --gens 15 --emitters 5 --batch 20 --n-actions 400 --ticks-per-action 100 --fitness growth --measures res_ind --n-evals 10
policy = randprefix  params = 11012  sigma0 = 0.2  es = sep_cma_es
fitness = growth
archive = 40x40 = 1600 cells
running with 8 worker processes
running 15 generations, 5 emitters x 20 solutions = 100 evals/gen
gen   1/15  filled=   3/1600  obj_max=77.7  obj_mean=53.83  qd_score=161.5  (1365.2s, gen_max_obj=77.7)
gen   2/15  filled=   4/1600  obj_max=103.9  obj_mean=64.84  qd_score=259.4  (1367.4s, gen_max_obj=103.9)
gen   3/15  filled=   4/1600  obj_max=103.9  obj_mean=64.84  qd_score=259.4  (1359.4s, gen_max_obj=56.6)
gen   4/15  filled=   5/1600  obj_max=103.9  obj_mean=56.61  qd_score=283.1  (1353.7s, gen_max_obj=56.1)
gen   5/15  filled=   5/1600  obj_max=105.9  obj_mean=57.02  qd_score=285.1  (1360.6s, gen_max_obj=105.9)
gen   6/15  filled=   5/1600  obj_max=105.9  obj_mean=61.07  qd_score=305.4  (1399.1s, gen_max_obj=105.9)
gen   7/15  filled=   5/1600  obj_max=105.9  obj_mean=61.07  qd_score=305.4  (1739.1s, gen_max_obj=72.6)
gen   8/15  filled=   5/1600  obj_max=105.9  obj_mean=61.07  qd_score=305.4  (1900.6s, gen_max_obj=56.5)
gen   9/15  filled=   5/1600  obj_max=105.9  obj_mean=61.88  qd_score=309.4  (1852.9s, gen_max_obj=73.3)
gen  10/15  filled=   5/1600  obj_max=105.9  obj_mean=61.88  qd_score=309.4  (1880.5s, gen_max_obj=57.3)
gen  11/15  filled=   6/1600  obj_max=105.9  obj_mean=57.88  qd_score=347.3  (1765.3s, gen_max_obj=72.4)
gen  12/15  filled=   6/1600  obj_max=106.0  obj_mean=59.94  qd_score=359.6  (1750.0s, gen_max_obj=106.0)
gen  13/15  filled=   7/1600  obj_max=106.0  obj_mean=59.37  qd_score=415.6  (1748.9s, gen_max_obj=90.4)
gen  14/15  filled=   7/1600  obj_max=106.0  obj_mean=62.38  qd_score=436.7  (1745.5s, gen_max_obj=79.0)
gen  15/15  filled=   7/1600  obj_max=106.0  obj_mean=64.72  qd_score=453.0  (1789.5s, gen_max_obj=73.6)

total: 24377.8s
saved archive to results/rplong_rp100_400_n10_15g.npz (7 elites)

=== randprefix long end: Wed Jun  3 00:27:46 EDT 2026 ===
