=== rich_obs start: Tue Jun  2 19:58:37 EDT 2026 ===

==== rich_deepconv_growth_60g :: Tue Jun  2 19:58:37 EDT 2026 ====
args: --policy rich_deepconv --policy-channels 16,32 --gens 60 --emitters 5 --batch 20 --n-actions 100 --ticks-per-action 100 --fitness growth --measures res_ind
policy = rich_deepconv  params = 12452  sigma0 = 0.2  es = sep_cma_es
fitness = growth
archive = 40x40 = 1600 cells
running with 4 worker processes
running 60 generations, 5 emitters x 20 solutions = 100 evals/gen
gen   1/60  filled=   3/1600  obj_max=27.5  obj_mean=16.54  qd_score=49.6  (139.0s, gen_max_obj=27.5)
gen   2/60  filled=   5/1600  obj_max=31.2  obj_mean=18.34  qd_score=91.7  (134.8s, gen_max_obj=31.2)
gen   3/60  filled=   7/1600  obj_max=44.3  obj_mean=16.57  qd_score=116.0  (134.7s, gen_max_obj=44.3)
gen   4/60  filled=  11/1600  obj_max=44.3  obj_mean=12.78  qd_score=140.6  (135.4s, gen_max_obj=42.6)
gen   5/60  filled=  15/1600  obj_max=44.3  obj_mean=11.19  qd_score=167.9  (136.9s, gen_max_obj=22.6)
gen   6/60  filled=  18/1600  obj_max=44.3  obj_mean=10.16  qd_score=182.9  (137.9s, gen_max_obj=20.6)
gen   7/60  filled=  25/1600  obj_max=44.3  obj_mean=8.90  qd_score=222.4  (136.0s, gen_max_obj=32.2)
gen   8/60  filled=  27/1600  obj_max=44.3  obj_mean=8.76  qd_score=236.4  (137.0s, gen_max_obj=39.1)
gen   9/60  filled=  29/1600  obj_max=44.3  obj_mean=8.56  qd_score=248.4  (138.1s, gen_max_obj=39.1)
gen  10/60  filled=  32/1600  obj_max=85.5  obj_mean=9.49  qd_score=303.8  (136.5s, gen_max_obj=85.5)
gen  11/60  filled=  34/1600  obj_max=85.5  obj_mean=10.00  qd_score=340.1  (111.1s, gen_max_obj=61.2)
gen  12/60  filled=  38/1600  obj_max=85.5  obj_mean=9.46  qd_score=359.6  (84.2s, gen_max_obj=39.7)
gen  13/60  filled=  41/1600  obj_max=85.5  obj_mean=9.65  qd_score=395.7  (83.8s, gen_max_obj=63.6)
gen  14/60  filled=  44/1600  obj_max=85.5  obj_mean=9.51  qd_score=418.5  (95.8s, gen_max_obj=46.1)
gen  15/60  filled=  49/1600  obj_max=85.5  obj_mean=9.12  qd_score=446.7  (138.3s, gen_max_obj=21.6)
gen  16/60  filled=  54/1600  obj_max=85.5  obj_mean=8.88  qd_score=479.5  (137.8s, gen_max_obj=22.9)
gen  17/60  filled=  58/1600  obj_max=85.5  obj_mean=8.87  qd_score=514.2  (136.5s, gen_max_obj=38.0)
gen  18/60  filled=  63/1600  obj_max=85.5  obj_mean=9.45  qd_score=595.3  (137.2s, gen_max_obj=46.8)
gen  19/60  filled=  73/1600  obj_max=85.5  obj_mean=9.06  qd_score=661.1  (137.3s, gen_max_obj=54.0)
gen  20/60  filled=  80/1600  obj_max=85.5  obj_mean=8.90  qd_score=712.3  (162.5s, gen_max_obj=27.5)
gen  21/60  filled=  86/1600  obj_max=85.5  obj_mean=8.71  qd_score=749.4  (161.0s, gen_max_obj=20.5)
gen  22/60  filled=  92/1600  obj_max=85.5  obj_mean=8.73  qd_score=803.2  (184.9s, gen_max_obj=15.5)
gen  23/60  filled= 100/1600  obj_max=85.5  obj_mean=8.84  qd_score=884.0  (156.6s, gen_max_obj=12.2)
gen  24/60  filled= 110/1600  obj_max=85.5  obj_mean=8.80  qd_score=968.0  (148.6s, gen_max_obj=44.5)
gen  25/60  filled= 117/1600  obj_max=85.5  obj_mean=9.09  qd_score=1063.0  (112.3s, gen_max_obj=48.3)
gen  26/60  filled= 119/1600  obj_max=92.5  obj_mean=9.21  qd_score=1096.4  (94.1s, gen_max_obj=92.5)
gen  27/60  filled= 125/1600  obj_max=92.5  obj_mean=9.54  qd_score=1193.0  (92.4s, gen_max_obj=50.5)
gen  28/60  filled= 128/1600  obj_max=92.5  obj_mean=9.55  qd_score=1222.2  (97.1s, gen_max_obj=25.2)
gen  29/60  filled= 135/1600  obj_max=92.5  obj_mean=9.64  qd_score=1301.2  (145.2s, gen_max_obj=56.3)
gen  30/60  filled= 139/1600  obj_max=92.5  obj_mean=9.76  qd_score=1357.2  (146.3s, gen_max_obj=28.6)
gen  31/60  filled= 141/1600  obj_max=92.5  obj_mean=9.75  qd_score=1374.1  (144.7s, gen_max_obj=21.3)
gen  32/60  filled= 143/1600  obj_max=92.5  obj_mean=10.03  qd_score=1433.7  (151.6s, gen_max_obj=37.5)
gen  33/60  filled= 146/1600  obj_max=92.5  obj_mean=10.13  qd_score=1479.5  (198.2s, gen_max_obj=24.8)
gen  34/60  filled= 149/1600  obj_max=92.5  obj_mean=10.17  qd_score=1515.8  (136.8s, gen_max_obj=35.5)
gen  35/60  filled= 151/1600  obj_max=92.5  obj_mean=10.19  qd_score=1538.2  (136.1s, gen_max_obj=69.9)
gen  36/60  filled= 157/1600  obj_max=104.2  obj_mean=10.38  qd_score=1630.3  (135.6s, gen_max_obj=104.2)
gen  37/60  filled= 167/1600  obj_max=104.2  obj_mean=10.52  qd_score=1757.4  (133.5s, gen_max_obj=44.8)
gen  38/60  filled= 169/1600  obj_max=104.2  obj_mean=10.67  qd_score=1802.9  (134.4s, gen_max_obj=74.8)
gen  39/60  filled= 175/1600  obj_max=104.2  obj_mean=11.03  qd_score=1930.6  (116.1s, gen_max_obj=68.9)
gen  40/60  filled= 181/1600  obj_max=104.2  obj_mean=11.61  qd_score=2100.8  (86.1s, gen_max_obj=93.8)
gen  41/60  filled= 189/1600  obj_max=105.0  obj_mean=11.83  qd_score=2235.6  (85.6s, gen_max_obj=105.0)
gen  42/60  filled= 195/1600  obj_max=118.7  obj_mean=12.36  qd_score=2409.8  (88.4s, gen_max_obj=118.7)
gen  43/60  filled= 197/1600  obj_max=118.7  obj_mean=12.44  qd_score=2451.2  (139.9s, gen_max_obj=48.5)
gen  44/60  filled= 202/1600  obj_max=118.9  obj_mean=13.17  qd_score=2659.7  (137.1s, gen_max_obj=118.9)
gen  45/60  filled= 209/1600  obj_max=118.9  obj_mean=13.87  qd_score=2898.5  (137.5s, gen_max_obj=85.2)
gen  46/60  filled= 213/1600  obj_max=118.9  obj_mean=14.52  qd_score=3092.4  (147.1s, gen_max_obj=68.7)
gen  47/60  filled= 218/1600  obj_max=118.9  obj_mean=14.74  qd_score=3213.2  (149.4s, gen_max_obj=65.1)
gen  48/60  filled= 231/1600  obj_max=118.9  obj_mean=14.61  qd_score=3375.0  (146.9s, gen_max_obj=41.0)
gen  49/60  filled= 241/1600  obj_max=118.9  obj_mean=14.75  qd_score=3554.6  (181.8s, gen_max_obj=65.4)
gen  50/60  filled= 258/1600  obj_max=118.9  obj_mean=14.56  qd_score=3757.0  (161.6s, gen_max_obj=30.3)
gen  51/60  filled= 266/1600  obj_max=118.9  obj_mean=14.67  qd_score=3901.5  (142.1s, gen_max_obj=30.8)
gen  52/60  filled= 273/1600  obj_max=118.9  obj_mean=14.61  qd_score=3988.4  (141.4s, gen_max_obj=72.5)
gen  53/60  filled= 284/1600  obj_max=118.9  obj_mean=14.57  qd_score=4138.3  (124.3s, gen_max_obj=39.7)
gen  54/60  filled= 296/1600  obj_max=118.9  obj_mean=14.47  qd_score=4283.6  (84.6s, gen_max_obj=40.3)
gen  55/60  filled= 304/1600  obj_max=118.9  obj_mean=14.56  qd_score=4425.0  (86.2s, gen_max_obj=44.6)
gen  56/60  filled= 314/1600  obj_max=118.9  obj_mean=14.49  qd_score=4550.9  (87.0s, gen_max_obj=25.6)
gen  57/60  filled= 321/1600  obj_max=118.9  obj_mean=14.61  qd_score=4691.0  (140.9s, gen_max_obj=53.2)
gen  58/60  filled= 334/1600  obj_max=118.9  obj_mean=14.63  qd_score=4885.3  (138.5s, gen_max_obj=38.2)
gen  59/60  filled= 344/1600  obj_max=118.9  obj_mean=14.64  qd_score=5037.6  (138.5s, gen_max_obj=30.0)
gen  60/60  filled= 353/1600  obj_max=118.9  obj_mean=14.83  qd_score=5235.6  (137.4s, gen_max_obj=56.6)

total: 7898.5s
saved archive to results/rich_rich_deepconv_growth_60g.npz (353 elites)

==== rich_deepconv_varied_40g :: Tue Jun  2 22:10:18 EDT 2026 ====
args: --policy rich_deepconv --policy-channels 16,32 --gens 40 --emitters 5 --batch 20 --n-actions 100 --ticks-per-action 100 --fitness varied --measures res_ind
policy = rich_deepconv  params = 12452  sigma0 = 0.2  es = sep_cma_es
fitness = varied
archive = 40x40 = 1600 cells
running with 4 worker processes
running 40 generations, 5 emitters x 20 solutions = 100 evals/gen
gen   1/40  filled=   3/1600  obj_max=27.5  obj_mean=16.54  qd_score=49.6  (142.1s, gen_max_obj=27.5)
gen   2/40  filled=   5/1600  obj_max=31.2  obj_mean=18.34  qd_score=91.7  (137.8s, gen_max_obj=31.2)
gen   3/40  filled=   7/1600  obj_max=44.3  obj_mean=16.57  qd_score=116.0  (138.6s, gen_max_obj=44.3)
gen   4/40  filled=  11/1600  obj_max=44.3  obj_mean=12.78  qd_score=140.6  (137.0s, gen_max_obj=42.6)
gen   5/40  filled=  15/1600  obj_max=44.3  obj_mean=11.19  qd_score=167.9  (137.8s, gen_max_obj=22.6)
gen   6/40  filled=  18/1600  obj_max=44.3  obj_mean=10.16  qd_score=182.9  (137.0s, gen_max_obj=20.6)
gen   7/40  filled=  25/1600  obj_max=44.3  obj_mean=8.90  qd_score=222.4  (124.5s, gen_max_obj=32.2)
gen   8/40  filled=  27/1600  obj_max=44.3  obj_mean=8.76  qd_score=236.4  (84.4s, gen_max_obj=39.1)
gen   9/40  filled=  29/1600  obj_max=44.3  obj_mean=8.56  qd_score=248.4  (82.9s, gen_max_obj=39.1)
gen  10/40  filled=  32/1600  obj_max=85.5  obj_mean=9.49  qd_score=303.8  (83.5s, gen_max_obj=85.5)
gen  11/40  filled=  34/1600  obj_max=85.5  obj_mean=10.00  qd_score=340.1  (135.9s, gen_max_obj=61.2)
gen  12/40  filled=  38/1600  obj_max=85.5  obj_mean=9.46  qd_score=359.6  (136.9s, gen_max_obj=39.7)
gen  13/40  filled=  41/1600  obj_max=85.5  obj_mean=9.65  qd_score=395.7  (137.3s, gen_max_obj=63.6)
gen  14/40  filled=  44/1600  obj_max=85.5  obj_mean=9.51  qd_score=418.5  (136.5s, gen_max_obj=46.1)
gen  15/40  filled=  49/1600  obj_max=85.5  obj_mean=9.12  qd_score=446.7  (136.5s, gen_max_obj=21.6)
gen  16/40  filled=  54/1600  obj_max=85.5  obj_mean=8.88  qd_score=479.5  (136.9s, gen_max_obj=22.9)
gen  17/40  filled=  58/1600  obj_max=85.5  obj_mean=8.87  qd_score=514.2  (137.9s, gen_max_obj=38.0)
gen  18/40  filled=  63/1600  obj_max=85.5  obj_mean=9.45  qd_score=595.3  (137.0s, gen_max_obj=46.8)
gen  19/40  filled=  73/1600  obj_max=85.5  obj_mean=9.06  qd_score=661.1  (137.9s, gen_max_obj=54.0)
gen  20/40  filled=  80/1600  obj_max=85.5  obj_mean=8.90  qd_score=712.3  (136.9s, gen_max_obj=27.5)
gen  21/40  filled=  86/1600  obj_max=85.5  obj_mean=8.71  qd_score=749.4  (125.7s, gen_max_obj=20.5)
gen  22/40  filled=  92/1600  obj_max=85.5  obj_mean=8.73  qd_score=803.2  (83.6s, gen_max_obj=15.5)
gen  23/40  filled= 100/1600  obj_max=85.5  obj_mean=8.84  qd_score=884.0  (83.5s, gen_max_obj=12.2)
gen  24/40  filled= 110/1600  obj_max=85.5  obj_mean=8.80  qd_score=968.0  (83.6s, gen_max_obj=44.5)
gen  25/40  filled= 117/1600  obj_max=85.5  obj_mean=9.09  qd_score=1063.0  (133.1s, gen_max_obj=48.3)
gen  26/40  filled= 119/1600  obj_max=92.5  obj_mean=9.21  qd_score=1096.4  (137.6s, gen_max_obj=92.5)
gen  27/40  filled= 125/1600  obj_max=92.5  obj_mean=9.54  qd_score=1193.0  (137.6s, gen_max_obj=50.5)
gen  28/40  filled= 128/1600  obj_max=92.5  obj_mean=9.55  qd_score=1222.2  (136.7s, gen_max_obj=25.2)
gen  29/40  filled= 135/1600  obj_max=92.5  obj_mean=9.64  qd_score=1301.2  (137.6s, gen_max_obj=56.3)
gen  30/40  filled= 139/1600  obj_max=92.5  obj_mean=9.76  qd_score=1357.2  (136.7s, gen_max_obj=28.6)
gen  31/40  filled= 141/1600  obj_max=92.5  obj_mean=9.75  qd_score=1374.1  (137.2s, gen_max_obj=21.3)
gen  32/40  filled= 143/1600  obj_max=92.5  obj_mean=10.03  qd_score=1433.7  (137.6s, gen_max_obj=37.5)
gen  33/40  filled= 146/1600  obj_max=92.5  obj_mean=10.13  qd_score=1479.5  (137.0s, gen_max_obj=24.8)
gen  34/40  filled= 149/1600  obj_max=92.5  obj_mean=10.17  qd_score=1515.8  (137.7s, gen_max_obj=35.5)
gen  35/40  filled= 151/1600  obj_max=92.5  obj_mean=10.19  qd_score=1538.2  (127.8s, gen_max_obj=69.9)
gen  36/40  filled= 157/1600  obj_max=104.2  obj_mean=10.38  qd_score=1630.3  (84.1s, gen_max_obj=104.2)
gen  37/40  filled= 167/1600  obj_max=104.2  obj_mean=10.52  qd_score=1757.4  (83.2s, gen_max_obj=44.8)
gen  38/40  filled= 169/1600  obj_max=104.2  obj_mean=10.67  qd_score=1802.9  (83.4s, gen_max_obj=74.8)
gen  39/40  filled= 175/1600  obj_max=104.2  obj_mean=11.03  qd_score=1930.6  (132.0s, gen_max_obj=68.9)
gen  40/40  filled= 181/1600  obj_max=104.2  obj_mean=11.61  qd_score=2100.8  (137.1s, gen_max_obj=93.8)

total: 4968.3s
saved archive to results/rich_rich_deepconv_varied_40g.npz (181 elites)

==== rich_deepconv_small_growth_80g :: Tue Jun  2 23:33:09 EDT 2026 ====
args: --policy rich_deepconv --policy-channels 8,16 --gens 80 --emitters 5 --batch 20 --n-actions 100 --ticks-per-action 100 --fitness growth --measures res_ind
policy = rich_deepconv  params = 5084  sigma0 = 0.2  es = sep_cma_es
fitness = growth
archive = 40x40 = 1600 cells
running with 4 worker processes
running 80 generations, 5 emitters x 20 solutions = 100 evals/gen
gen   1/80  filled=   3/1600  obj_max=13.6  obj_mean=10.74  qd_score=32.2  (85.9s, gen_max_obj=13.6)
gen   2/80  filled=   3/1600  obj_max=24.1  obj_mean=14.25  qd_score=42.7  (83.3s, gen_max_obj=24.1)
gen   3/80  filled=   4/1600  obj_max=118.0  obj_mean=37.87  qd_score=151.5  (82.9s, gen_max_obj=118.0)
gen   4/80  filled=   6/1600  obj_max=118.0  obj_mean=28.28  qd_score=169.7  (82.3s, gen_max_obj=50.7)
gen   5/80  filled=   6/1600  obj_max=118.0  obj_mean=28.28  qd_score=169.7  (82.5s, gen_max_obj=96.0)
gen   6/80  filled=  10/1600  obj_max=118.0  obj_mean=20.73  qd_score=207.3  (83.6s, gen_max_obj=79.7)
gen   7/80  filled=  12/1600  obj_max=118.0  obj_mean=18.49  qd_score=221.8  (82.8s, gen_max_obj=85.5)
gen   8/80  filled=  13/1600  obj_max=118.0  obj_mean=20.11  qd_score=261.4  (82.7s, gen_max_obj=65.9)
gen   9/80  filled=  14/1600  obj_max=118.0  obj_mean=19.67  qd_score=275.4  (83.0s, gen_max_obj=67.2)
gen  10/80  filled=  17/1600  obj_max=118.0  obj_mean=19.36  qd_score=329.1  (82.9s, gen_max_obj=94.6)
gen  11/80  filled=  18/1600  obj_max=118.0  obj_mean=18.53  qd_score=333.6  (82.5s, gen_max_obj=91.2)
gen  12/80  filled=  20/1600  obj_max=118.0  obj_mean=17.26  qd_score=345.2  (82.4s, gen_max_obj=118.0)
gen  13/80  filled=  23/1600  obj_max=118.0  obj_mean=15.73  qd_score=361.9  (82.7s, gen_max_obj=118.0)
gen  14/80  filled=  28/1600  obj_max=118.0  obj_mean=14.23  qd_score=398.5  (82.9s, gen_max_obj=118.0)
gen  15/80  filled=  34/1600  obj_max=118.9  obj_mean=13.82  qd_score=470.0  (67.9s, gen_max_obj=118.9)
gen  16/80  filled=  42/1600  obj_max=118.9  obj_mean=12.52  qd_score=526.0  (50.7s, gen_max_obj=118.0)
gen  17/80  filled=  45/1600  obj_max=118.9  obj_mean=12.09  qd_score=544.2  (51.2s, gen_max_obj=118.9)
gen  18/80  filled=  48/1600  obj_max=118.9  obj_mean=12.45  qd_score=597.6  (51.3s, gen_max_obj=118.0)
gen  19/80  filled=  56/1600  obj_max=118.9  obj_mean=12.11  qd_score=678.2  (51.1s, gen_max_obj=118.0)
gen  20/80  filled=  62/1600  obj_max=118.9  obj_mean=11.72  qd_score=726.5  (51.6s, gen_max_obj=118.0)
gen  21/80  filled=  66/1600  obj_max=118.9  obj_mean=11.97  qd_score=789.9  (84.4s, gen_max_obj=118.0)
gen  22/80  filled=  71/1600  obj_max=118.9  obj_mean=11.69  qd_score=830.1  (84.3s, gen_max_obj=118.0)
gen  23/80  filled=  73/1600  obj_max=118.9  obj_mean=11.65  qd_score=850.2  (83.4s, gen_max_obj=118.0)
gen  24/80  filled=  76/1600  obj_max=118.9  obj_mean=11.58  qd_score=880.0  (87.4s, gen_max_obj=118.0)
gen  25/80  filled=  78/1600  obj_max=118.9  obj_mean=11.76  qd_score=917.0  (93.4s, gen_max_obj=118.0)
gen  26/80  filled=  81/1600  obj_max=118.9  obj_mean=11.91  qd_score=964.3  (96.8s, gen_max_obj=118.0)
gen  27/80  filled=  86/1600  obj_max=118.9  obj_mean=11.60  qd_score=997.8  (90.9s, gen_max_obj=118.0)
gen  28/80  filled=  93/1600  obj_max=118.9  obj_mean=11.19  qd_score=1040.9  (85.2s, gen_max_obj=118.0)
gen  29/80  filled=  97/1600  obj_max=118.9  obj_mean=11.17  qd_score=1083.8  (83.6s, gen_max_obj=118.0)
gen  30/80  filled= 103/1600  obj_max=118.9  obj_mean=11.13  qd_score=1146.2  (83.5s, gen_max_obj=118.0)
gen  31/80  filled= 106/1600  obj_max=118.9  obj_mean=11.12  qd_score=1179.0  (84.1s, gen_max_obj=118.0)
gen  32/80  filled= 110/1600  obj_max=118.9  obj_mean=11.10  qd_score=1221.1  (83.5s, gen_max_obj=118.0)
gen  33/80  filled= 114/1600  obj_max=118.9  obj_mean=11.04  qd_score=1258.5  (83.4s, gen_max_obj=118.0)
gen  34/80  filled= 115/1600  obj_max=118.9  obj_mean=11.16  qd_score=1283.0  (83.2s, gen_max_obj=118.0)
gen  35/80  filled= 118/1600  obj_max=118.9  obj_mean=11.15  qd_score=1316.2  (84.4s, gen_max_obj=118.0)
gen  36/80  filled= 120/1600  obj_max=118.9  obj_mean=11.25  qd_score=1350.4  (83.1s, gen_max_obj=118.0)
gen  37/80  filled= 122/1600  obj_max=118.9  obj_mean=11.26  qd_score=1373.6  (83.3s, gen_max_obj=118.0)
gen  38/80  filled= 126/1600  obj_max=118.9  obj_mean=11.22  qd_score=1413.9  (70.7s, gen_max_obj=118.0)
gen  39/80  filled= 127/1600  obj_max=118.9  obj_mean=11.38  qd_score=1445.9  (51.1s, gen_max_obj=118.0)
gen  40/80  filled= 129/1600  obj_max=118.9  obj_mean=11.61  qd_score=1497.3  (51.4s, gen_max_obj=118.0)
gen  41/80  filled= 135/1600  obj_max=118.9  obj_mean=11.56  qd_score=1560.1  (51.0s, gen_max_obj=118.0)
gen  42/80  filled= 136/1600  obj_max=118.9  obj_mean=11.78  qd_score=1602.3  (51.2s, gen_max_obj=118.0)
gen  43/80  filled= 140/1600  obj_max=118.9  obj_mean=11.87  qd_score=1661.9  (51.1s, gen_max_obj=118.0)
gen  44/80  filled= 142/1600  obj_max=118.9  obj_mean=12.07  qd_score=1714.4  (47.0s, gen_max_obj=118.0)
gen  45/80  filled= 145/1600  obj_max=118.9  obj_mean=12.12  qd_score=1758.1  (45.3s, gen_max_obj=118.0)
gen  46/80  filled= 149/1600  obj_max=118.9  obj_mean=12.21  qd_score=1819.9  (45.2s, gen_max_obj=118.0)
gen  47/80  filled= 156/1600  obj_max=118.9  obj_mean=12.31  qd_score=1919.7  (45.0s, gen_max_obj=118.0)
gen  48/80  filled= 158/1600  obj_max=118.9  obj_mean=12.65  qd_score=1998.6  (44.8s, gen_max_obj=118.0)
gen  49/80  filled= 164/1600  obj_max=118.9  obj_mean=12.86  qd_score=2108.4  (44.8s, gen_max_obj=118.0)
gen  50/80  filled= 167/1600  obj_max=118.9  obj_mean=13.26  qd_score=2213.8  (45.0s, gen_max_obj=118.0)
gen  51/80  filled= 168/1600  obj_max=118.9  obj_mean=13.94  qd_score=2342.0  (44.9s, gen_max_obj=118.0)
gen  52/80  filled= 174/1600  obj_max=118.9  obj_mean=14.69  qd_score=2556.0  (44.9s, gen_max_obj=118.0)
gen  53/80  filled= 181/1600  obj_max=118.9  obj_mean=14.71  qd_score=2662.4  (44.9s, gen_max_obj=118.9)
gen  54/80  filled= 188/1600  obj_max=118.9  obj_mean=15.22  qd_score=2860.4  (47.0s, gen_max_obj=118.0)
gen  55/80  filled= 194/1600  obj_max=118.9  obj_mean=15.15  qd_score=2938.4  (48.1s, gen_max_obj=118.0)
gen  56/80  filled= 198/1600  obj_max=118.9  obj_mean=15.14  qd_score=2997.7  (45.0s, gen_max_obj=118.0)
gen  57/80  filled= 206/1600  obj_max=118.9  obj_mean=15.04  qd_score=3098.4  (44.8s, gen_max_obj=118.0)
gen  58/80  filled= 215/1600  obj_max=118.9  obj_mean=14.82  qd_score=3186.9  (45.2s, gen_max_obj=118.0)
gen  59/80  filled= 223/1600  obj_max=118.9  obj_mean=14.66  qd_score=3269.5  (46.0s, gen_max_obj=118.0)
gen  60/80  filled= 232/1600  obj_max=118.9  obj_mean=14.58  qd_score=3382.5  (47.8s, gen_max_obj=118.0)
gen  61/80  filled= 238/1600  obj_max=118.9  obj_mean=14.85  qd_score=3534.2  (44.6s, gen_max_obj=57.0)
gen  62/80  filled= 250/1600  obj_max=118.9  obj_mean=14.69  qd_score=3672.0  (44.7s, gen_max_obj=65.5)
gen  63/80  filled= 261/1600  obj_max=118.9  obj_mean=14.85  qd_score=3876.0  (44.9s, gen_max_obj=67.7)
gen  64/80  filled= 270/1600  obj_max=118.9  obj_mean=15.06  qd_score=4065.9  (45.0s, gen_max_obj=67.8)
gen  65/80  filled= 277/1600  obj_max=118.9  obj_mean=15.20  qd_score=4211.5  (45.4s, gen_max_obj=72.5)
gen  66/80  filled= 290/1600  obj_max=118.9  obj_mean=15.20  qd_score=4407.1  (44.7s, gen_max_obj=76.0)
gen  67/80  filled= 300/1600  obj_max=118.9  obj_mean=15.08  qd_score=4522.9  (45.7s, gen_max_obj=90.1)
gen  68/80  filled= 306/1600  obj_max=118.9  obj_mean=15.14  qd_score=4632.4  (44.8s, gen_max_obj=80.4)
gen  69/80  filled= 316/1600  obj_max=118.9  obj_mean=15.48  qd_score=4891.9  (45.1s, gen_max_obj=97.2)
gen  70/80  filled= 328/1600  obj_max=118.9  obj_mean=15.56  qd_score=5102.4  (45.1s, gen_max_obj=86.7)
gen  71/80  filled= 337/1600  obj_max=118.9  obj_mean=15.62  qd_score=5263.5  (44.9s, gen_max_obj=80.7)
gen  72/80  filled= 348/1600  obj_max=118.9  obj_mean=15.83  qd_score=5510.0  (45.0s, gen_max_obj=96.0)
gen  73/80  filled= 360/1600  obj_max=118.9  obj_mean=15.92  qd_score=5730.3  (44.6s, gen_max_obj=85.8)
gen  74/80  filled= 367/1600  obj_max=118.9  obj_mean=16.16  qd_score=5929.7  (44.7s, gen_max_obj=101.8)
gen  75/80  filled= 378/1600  obj_max=118.9  obj_mean=16.35  qd_score=6178.6  (44.8s, gen_max_obj=86.8)
gen  76/80  filled= 387/1600  obj_max=118.9  obj_mean=16.38  qd_score=6339.9  (44.4s, gen_max_obj=93.4)
gen  77/80  filled= 399/1600  obj_max=118.9  obj_mean=16.33  qd_score=6516.2  (44.8s, gen_max_obj=100.6)
gen  78/80  filled= 411/1600  obj_max=118.9  obj_mean=16.51  qd_score=6783.7  (45.1s, gen_max_obj=104.9)
gen  79/80  filled= 421/1600  obj_max=118.9  obj_mean=16.71  qd_score=7034.6  (44.5s, gen_max_obj=88.9)
gen  80/80  filled= 428/1600  obj_max=118.9  obj_mean=16.82  qd_score=7199.2  (44.8s, gen_max_obj=92.1)

total: 4943.4s
saved archive to results/rich_rich_deepconv_small_growth_80g.npz (428 elites)

=== rich_obs end: Wed Jun  3 00:55:34 EDT 2026 ===
