=== Wed Jun  3 14:33:28 EDT 2026 layout 200k ticks, 200 gens ===
policy = layout  params = 3751  sigma0 = 0.5  es = sep_cma_es
fitness = dense
archive = 20x20 = 400 cells
logging generations to results/exp_2026-06-03_layout_ticks200k.log
running with 8 worker processes
running 200 generations, 5 emitters x 20 solutions = 100 evals/gen
=== Wed Jun  3 16:32:05 EDT 2026 layout 200k ticks, 200 gens ===
policy = layout  params = 3751  sigma0 = 0.5  es = sep_cma_es
fitness = dense
archive = 20x20 = 400 cells
logging generations to results/exp_2026-06-03_layout_ticks200k.log
running with 8 worker processes
running 200 generations, 5 emitters x 20 solutions = 100 evals/gen
(eval):1: command not found: setsid
=== Wed Jun  3 16:37:01 EDT 2026 layout 200k ticks, 200 gens ===
policy = layout  params = 3751  sigma0 = 0.5  es = sep_cma_es
fitness = dense
archive = 20x20 = 400 cells
logging generations to results/exp_2026-06-03_layout_ticks200k.log
running with 8 worker processes
running 200 generations, 5 emitters x 20 solutions = 100 evals/gen
gen   1/200  filled=   8/400  obj_max=822.0  obj_mean=545.96  qd_score=4367.6  (10.5s, gen_max_obj=822.0)
gen   2/200  filled=   8/400  obj_max=945.8  obj_mean=662.02  qd_score=5296.1  (8.8s, gen_max_obj=945.8)
gen   3/200  filled=   8/400  obj_max=1324.6  obj_mean=765.42  qd_score=6123.4  (9.0s, gen_max_obj=1324.6)
gen   4/200  filled=   8/400  obj_max=1324.6  obj_mean=774.65  qd_score=6197.2  (9.3s, gen_max_obj=1268.3)
gen   5/200  filled=   9/400  obj_max=1324.6  obj_mean=806.77  qd_score=7260.9  (9.2s, gen_max_obj=1086.8)
gen   6/200  filled=  10/400  obj_max=1324.6  obj_mean=834.37  qd_score=8343.7  (9.3s, gen_max_obj=1082.8)
gen   7/200  filled=  10/400  obj_max=1324.6  obj_mean=875.13  qd_score=8751.3  (9.3s, gen_max_obj=1089.6)
gen   8/200  filled=  10/400  obj_max=1627.8  obj_mean=973.05  qd_score=9730.5  (9.2s, gen_max_obj=1627.8)
gen   9/200  filled=  11/400  obj_max=1627.8  obj_mean=1004.67  qd_score=11051.4  (9.2s, gen_max_obj=1325.9)
gen  10/200  filled=  12/400  obj_max=1627.8  obj_mean=944.81  qd_score=11337.7  (9.2s, gen_max_obj=1144.5)
gen  11/200  filled=  12/400  obj_max=1627.8  obj_mean=951.52  qd_score=11418.2  (9.2s, gen_max_obj=1207.6)
gen  12/200  filled=  12/400  obj_max=1627.8  obj_mean=985.08  qd_score=11820.9  (9.2s, gen_max_obj=1329.6)
gen  13/200  filled=  12/400  obj_max=1627.8  obj_mean=985.08  qd_score=11820.9  (9.2s, gen_max_obj=1287.0)
gen  14/200  filled=  12/400  obj_max=1627.8  obj_mean=1067.53  qd_score=12810.3  (9.4s, gen_max_obj=1449.2)
gen  15/200  filled=  12/400  obj_max=1627.8  obj_mean=1079.38  qd_score=12952.6  (9.3s, gen_max_obj=1389.1)
gen  16/200  filled=  12/400  obj_max=1627.8  obj_mean=1087.47  qd_score=13049.6  (9.3s, gen_max_obj=1208.9)
gen  17/200  filled=  12/400  obj_max=1627.8  obj_mean=1087.47  qd_score=13049.6  (9.3s, gen_max_obj=1125.8)
gen  18/200  filled=  12/400  obj_max=1627.8  obj_mean=1096.77  qd_score=13161.2  (9.1s, gen_max_obj=1328.0)
gen  19/200  filled=  12/400  obj_max=1627.8  obj_mean=1096.98  qd_score=13163.8  (9.2s, gen_max_obj=1147.1)
gen  20/200  filled=  12/400  obj_max=1627.8  obj_mean=1108.31  qd_score=13299.8  (9.1s, gen_max_obj=1169.4)
gen  21/200  filled=  12/400  obj_max=1627.8  obj_mean=1146.53  qd_score=13758.4  (9.3s, gen_max_obj=1446.7)
gen  22/200  filled=  12/400  obj_max=1627.8  obj_mean=1161.69  qd_score=13940.3  (9.1s, gen_max_obj=1405.9)
gen  23/200  filled=  12/400  obj_max=1627.8  obj_mean=1162.84  qd_score=13954.1  (9.1s, gen_max_obj=1323.5)
gen  24/200  filled=  12/400  obj_max=1627.8  obj_mean=1200.27  qd_score=14403.2  (9.1s, gen_max_obj=1472.4)
gen  25/200  filled=  13/400  obj_max=1627.8  obj_mean=1125.12  qd_score=14626.6  (9.1s, gen_max_obj=1183.4)
gen  26/200  filled=  13/400  obj_max=1627.8  obj_mean=1142.58  qd_score=14853.6  (9.7s, gen_max_obj=1445.7)
gen  27/200  filled=  14/400  obj_max=1627.8  obj_mean=1144.67  qd_score=16025.4  (9.3s, gen_max_obj=1326.1)
gen  28/200  filled=  14/400  obj_max=1627.8  obj_mean=1161.62  qd_score=16262.7  (9.8s, gen_max_obj=1525.7)
gen  29/200  filled=  14/400  obj_max=1627.8  obj_mean=1161.64  qd_score=16263.0  (9.7s, gen_max_obj=1325.1)
gen  30/200  filled=  14/400  obj_max=1627.8  obj_mean=1161.64  qd_score=16263.0  (9.8s, gen_max_obj=1304.1)
gen  31/200  filled=  14/400  obj_max=1848.6  obj_mean=1190.76  qd_score=16670.6  (9.6s, gen_max_obj=1848.6)
gen  32/200  filled=  14/400  obj_max=1848.6  obj_mean=1200.83  qd_score=16811.7  (9.7s, gen_max_obj=1547.0)
gen  33/200  filled=  14/400  obj_max=1848.6  obj_mean=1224.34  qd_score=17140.8  (10.1s, gen_max_obj=1589.1)
gen  34/200  filled=  15/400  obj_max=1848.6  obj_mean=1173.02  qd_score=17595.3  (10.0s, gen_max_obj=1367.4)
gen  35/200  filled=  15/400  obj_max=1848.6  obj_mean=1176.85  qd_score=17652.8  (10.2s, gen_max_obj=1507.4)
gen  36/200  filled=  15/400  obj_max=1848.6  obj_mean=1227.19  qd_score=18407.9  (10.2s, gen_max_obj=1446.0)
gen  37/200  filled=  16/400  obj_max=1848.6  obj_mean=1204.34  qd_score=19269.4  (10.2s, gen_max_obj=1386.5)
gen  38/200  filled=  16/400  obj_max=1848.6  obj_mean=1267.15  qd_score=20274.5  (10.2s, gen_max_obj=1648.7)
gen  39/200  filled=  16/400  obj_max=1848.6  obj_mean=1286.01  qd_score=20576.1  (9.8s, gen_max_obj=1449.1)
gen  40/200  filled=  17/400  obj_max=1848.6  obj_mean=1261.00  qd_score=21436.9  (10.1s, gen_max_obj=1524.1)
gen  41/200  filled=  17/400  obj_max=1848.6  obj_mean=1278.76  qd_score=21738.9  (10.1s, gen_max_obj=1529.3)
gen  42/200  filled=  18/400  obj_max=1848.6  obj_mean=1247.97  qd_score=22463.4  (10.2s, gen_max_obj=1632.3)
gen  43/200  filled=  18/400  obj_max=1848.6  obj_mean=1248.20  qd_score=22467.6  (10.6s, gen_max_obj=1652.9)
gen  44/200  filled=  18/400  obj_max=1848.6  obj_mean=1253.66  qd_score=22565.9  (10.8s, gen_max_obj=1590.5)
gen  45/200  filled=  18/400  obj_max=1848.6  obj_mean=1253.66  qd_score=22565.9  (10.9s, gen_max_obj=1426.4)
gen  46/200  filled=  18/400  obj_max=1848.6  obj_mean=1260.20  qd_score=22683.5  (10.9s, gen_max_obj=1567.5)
gen  47/200  filled=  18/400  obj_max=1848.6  obj_mean=1271.38  qd_score=22884.8  (10.4s, gen_max_obj=1748.2)
gen  48/200  filled=  18/400  obj_max=1848.6  obj_mean=1271.38  qd_score=22884.8  (10.5s, gen_max_obj=1586.7)
gen  49/200  filled=  18/400  obj_max=2187.9  obj_mean=1311.64  qd_score=23609.5  (10.6s, gen_max_obj=2187.9)
gen  50/200  filled=  18/400  obj_max=2187.9  obj_mean=1312.85  qd_score=23631.4  (10.7s, gen_max_obj=1406.4)
gen  51/200  filled=  18/400  obj_max=2187.9  obj_mean=1317.13  qd_score=23708.4  (10.5s, gen_max_obj=1729.9)
gen  52/200  filled=  18/400  obj_max=2187.9  obj_mean=1319.38  qd_score=23748.8  (10.4s, gen_max_obj=1510.6)
gen  53/200  filled=  18/400  obj_max=2187.9  obj_mean=1331.57  qd_score=23968.3  (10.1s, gen_max_obj=1506.0)
gen  54/200  filled=  18/400  obj_max=2187.9  obj_mean=1331.57  qd_score=23968.3  (10.5s, gen_max_obj=1410.3)
gen  55/200  filled=  18/400  obj_max=2187.9  obj_mean=1342.51  qd_score=24165.2  (10.7s, gen_max_obj=1786.0)
gen  56/200  filled=  18/400  obj_max=2187.9  obj_mean=1342.51  qd_score=24165.2  (10.4s, gen_max_obj=1712.0)
gen  57/200  filled=  18/400  obj_max=2187.9  obj_mean=1342.51  qd_score=24165.2  (10.5s, gen_max_obj=1710.1)
gen  58/200  filled=  18/400  obj_max=2187.9  obj_mean=1342.51  qd_score=24165.2  (10.0s, gen_max_obj=1407.5)
gen  59/200  filled=  18/400  obj_max=2187.9  obj_mean=1358.14  qd_score=24446.6  (10.5s, gen_max_obj=1911.2)
gen  60/200  filled=  18/400  obj_max=2187.9  obj_mean=1358.14  qd_score=24446.6  (10.7s, gen_max_obj=1649.9)
gen  61/200  filled=  18/400  obj_max=2187.9  obj_mean=1358.50  qd_score=24453.0  (10.5s, gen_max_obj=1553.3)
gen  62/200  filled=  18/400  obj_max=2187.9  obj_mean=1358.50  qd_score=24453.0  (10.6s, gen_max_obj=1828.7)
gen  63/200  filled=  18/400  obj_max=2187.9  obj_mean=1382.99  qd_score=24893.8  (10.5s, gen_max_obj=1568.8)
gen  64/200  filled=  18/400  obj_max=2187.9  obj_mean=1388.51  qd_score=24993.2  (10.5s, gen_max_obj=1908.8)
gen  65/200  filled=  18/400  obj_max=2187.9  obj_mean=1396.25  qd_score=25132.5  (10.5s, gen_max_obj=1749.7)
gen  66/200  filled=  18/400  obj_max=2187.9  obj_mean=1396.28  qd_score=25133.0  (10.3s, gen_max_obj=1729.9)
gen  67/200  filled=  18/400  obj_max=2187.9  obj_mean=1407.44  qd_score=25333.9  (10.8s, gen_max_obj=1770.5)
gen  68/200  filled=  18/400  obj_max=2187.9  obj_mean=1416.31  qd_score=25493.6  (10.7s, gen_max_obj=1509.6)
gen  69/200  filled=  18/400  obj_max=2187.9  obj_mean=1416.31  qd_score=25493.6  (10.9s, gen_max_obj=1448.3)
gen  70/200  filled=  18/400  obj_max=2187.9  obj_mean=1429.73  qd_score=25735.1  (10.9s, gen_max_obj=1768.7)
gen  71/200  filled=  18/400  obj_max=2187.9  obj_mean=1430.97  qd_score=25757.5  (11.2s, gen_max_obj=1665.8)
gen  72/200  filled=  18/400  obj_max=2187.9  obj_mean=1441.81  qd_score=25952.5  (10.8s, gen_max_obj=2043.6)
gen  73/200  filled=  19/400  obj_max=2187.9  obj_mean=1401.01  qd_score=26619.2  (11.2s, gen_max_obj=2027.9)
gen  74/200  filled=  19/400  obj_max=2187.9  obj_mean=1404.72  qd_score=26689.7  (10.9s, gen_max_obj=2107.5)
gen  75/200  filled=  19/400  obj_max=2187.9  obj_mean=1404.72  qd_score=26689.7  (11.1s, gen_max_obj=1810.2)
gen  76/200  filled=  19/400  obj_max=2190.8  obj_mean=1427.87  qd_score=27129.5  (11.1s, gen_max_obj=2190.8)
gen  77/200  filled=  19/400  obj_max=2190.8  obj_mean=1427.87  qd_score=27129.5  (11.0s, gen_max_obj=1988.2)
gen  78/200  filled=  20/400  obj_max=2190.8  obj_mean=1380.97  qd_score=27619.4  (10.9s, gen_max_obj=1747.1)
gen  79/200  filled=  20/400  obj_max=2190.8  obj_mean=1380.97  qd_score=27619.4  (11.1s, gen_max_obj=1787.7)
gen  80/200  filled=  20/400  obj_max=2190.8  obj_mean=1380.97  qd_score=27619.4  (10.7s, gen_max_obj=2048.8)
gen  81/200  filled=  20/400  obj_max=2190.8  obj_mean=1389.97  qd_score=27799.4  (11.0s, gen_max_obj=1968.9)
gen  82/200  filled=  20/400  obj_max=2190.8  obj_mean=1389.97  qd_score=27799.4  (10.6s, gen_max_obj=2109.4)
gen  83/200  filled=  20/400  obj_max=2190.8  obj_mean=1389.97  qd_score=27799.4  (11.4s, gen_max_obj=1748.3)
gen  84/200  filled=  21/400  obj_max=2190.8  obj_mean=1383.15  qd_score=29046.2  (11.0s, gen_max_obj=1870.2)
gen  85/200  filled=  21/400  obj_max=2190.8  obj_mean=1383.70  qd_score=29057.7  (11.1s, gen_max_obj=1866.2)
gen  86/200  filled=  21/400  obj_max=2190.8  obj_mean=1383.70  qd_score=29057.7  (10.9s, gen_max_obj=1589.8)
gen  87/200  filled=  21/400  obj_max=2190.8  obj_mean=1383.90  qd_score=29061.9  (11.4s, gen_max_obj=1684.9)
gen  88/200  filled=  21/400  obj_max=2190.8  obj_mean=1396.26  qd_score=29321.5  (10.5s, gen_max_obj=2005.3)
gen  89/200  filled=  21/400  obj_max=2190.8  obj_mean=1399.32  qd_score=29385.8  (10.8s, gen_max_obj=2069.6)
gen  90/200  filled=  21/400  obj_max=2190.8  obj_mean=1404.13  qd_score=29486.7  (10.9s, gen_max_obj=2005.3)
gen  91/200  filled=  21/400  obj_max=2190.8  obj_mean=1460.17  qd_score=30663.6  (11.0s, gen_max_obj=1868.6)
gen  92/200  filled=  21/400  obj_max=2190.8  obj_mean=1468.70  qd_score=30842.6  (11.1s, gen_max_obj=1948.6)
gen  93/200  filled=  21/400  obj_max=2190.8  obj_mean=1476.05  qd_score=30997.1  (10.9s, gen_max_obj=2186.0)
gen  94/200  filled=  21/400  obj_max=2190.8  obj_mean=1476.05  qd_score=30997.1  (11.1s, gen_max_obj=1883.9)
gen  95/200  filled=  21/400  obj_max=2190.8  obj_mean=1476.05  qd_score=30997.1  (11.2s, gen_max_obj=1727.8)
gen  96/200  filled=  21/400  obj_max=2190.8  obj_mean=1476.05  qd_score=30997.1  (10.6s, gen_max_obj=1747.3)
gen  97/200  filled=  21/400  obj_max=2190.8  obj_mean=1476.05  qd_score=30997.1  (10.8s, gen_max_obj=1947.0)
gen  98/200  filled=  21/400  obj_max=2190.8  obj_mean=1476.05  qd_score=30997.1  (11.1s, gen_max_obj=1927.8)
gen  99/200  filled=  21/400  obj_max=2190.8  obj_mean=1476.05  qd_score=30997.1  (11.4s, gen_max_obj=1785.7)
gen 100/200  filled=  21/400  obj_max=2190.8  obj_mean=1476.05  qd_score=30997.1  (10.8s, gen_max_obj=2067.4)
gen 101/200  filled=  21/400  obj_max=2190.8  obj_mean=1476.05  qd_score=30997.1  (10.9s, gen_max_obj=1828.0)
gen 102/200  filled=  21/400  obj_max=2190.8  obj_mean=1477.95  qd_score=31037.0  (10.8s, gen_max_obj=1908.9)
gen 103/200  filled=  21/400  obj_max=2190.8  obj_mean=1477.95  qd_score=31037.0  (10.9s, gen_max_obj=1987.3)
gen 104/200  filled=  21/400  obj_max=2190.8  obj_mean=1480.73  qd_score=31095.3  (11.3s, gen_max_obj=2169.3)
gen 105/200  filled=  21/400  obj_max=2190.8  obj_mean=1480.73  qd_score=31095.3  (11.0s, gen_max_obj=2087.4)
gen 106/200  filled=  21/400  obj_max=2190.8  obj_mean=1480.73  qd_score=31095.3  (11.0s, gen_max_obj=1929.6)
gen 107/200  filled=  21/400  obj_max=2190.8  obj_mean=1488.48  qd_score=31258.2  (10.8s, gen_max_obj=1930.7)
gen 108/200  filled=  21/400  obj_max=2190.8  obj_mean=1492.34  qd_score=31339.1  (11.0s, gen_max_obj=2009.1)
gen 109/200  filled=  21/400  obj_max=2190.8  obj_mean=1492.34  qd_score=31339.1  (11.2s, gen_max_obj=2006.6)
gen 110/200  filled=  21/400  obj_max=2190.8  obj_mean=1492.34  qd_score=31339.1  (11.4s, gen_max_obj=1848.6)
gen 111/200  filled=  21/400  obj_max=2190.8  obj_mean=1492.34  qd_score=31339.1  (11.1s, gen_max_obj=2088.0)
gen 112/200  filled=  21/400  obj_max=2190.8  obj_mean=1492.34  qd_score=31339.1  (11.1s, gen_max_obj=2067.0)
gen 113/200  filled=  21/400  obj_max=2190.8  obj_mean=1498.15  qd_score=31461.2  (11.3s, gen_max_obj=2069.0)
gen 114/200  filled=  21/400  obj_max=2190.8  obj_mean=1509.40  qd_score=31697.4  (11.0s, gen_max_obj=1950.6)
gen 115/200  filled=  21/400  obj_max=2190.8  obj_mean=1527.68  qd_score=32081.2  (11.4s, gen_max_obj=1925.3)
gen 116/200  filled=  21/400  obj_max=2190.8  obj_mean=1536.25  qd_score=32261.4  (11.2s, gen_max_obj=1970.4)
gen 117/200  filled=  21/400  obj_max=2190.8  obj_mean=1536.25  qd_score=32261.4  (11.1s, gen_max_obj=2027.2)
gen 118/200  filled=  21/400  obj_max=2190.8  obj_mean=1536.51  qd_score=32266.7  (10.8s, gen_max_obj=1829.9)
gen 119/200  filled=  21/400  obj_max=2190.8  obj_mean=1536.55  qd_score=32267.6  (11.4s, gen_max_obj=1831.3)
gen 120/200  filled=  21/400  obj_max=2190.8  obj_mean=1536.55  qd_score=32267.6  (11.1s, gen_max_obj=1786.8)
gen 121/200  filled=  21/400  obj_max=2190.8  obj_mean=1536.55  qd_score=32267.6  (11.4s, gen_max_obj=1890.0)
gen 122/200  filled=  21/400  obj_max=2190.8  obj_mean=1536.82  qd_score=32273.1  (11.4s, gen_max_obj=2171.4)
gen 123/200  filled=  21/400  obj_max=2190.8  obj_mean=1536.82  qd_score=32273.1  (11.6s, gen_max_obj=1887.5)
gen 124/200  filled=  21/400  obj_max=2190.8  obj_mean=1536.82  qd_score=32273.1  (11.3s, gen_max_obj=1850.2)
gen 125/200  filled=  21/400  obj_max=2190.8  obj_mean=1536.82  qd_score=32273.1  (11.4s, gen_max_obj=1771.0)
gen 126/200  filled=  21/400  obj_max=2211.3  obj_mean=1538.72  qd_score=32313.1  (11.3s, gen_max_obj=2211.3)
gen 127/200  filled=  21/400  obj_max=2211.3  obj_mean=1538.72  qd_score=32313.1  (11.3s, gen_max_obj=1789.6)
gen 128/200  filled=  21/400  obj_max=2211.3  obj_mean=1546.10  qd_score=32468.2  (11.0s, gen_max_obj=1887.8)
gen 129/200  filled=  21/400  obj_max=2430.4  obj_mean=1556.54  qd_score=32687.2  (11.4s, gen_max_obj=2430.4)
gen 130/200  filled=  21/400  obj_max=2430.4  obj_mean=1556.54  qd_score=32687.2  (10.8s, gen_max_obj=1967.8)
gen 131/200  filled=  21/400  obj_max=2430.4  obj_mean=1556.54  qd_score=32687.2  (10.7s, gen_max_obj=1949.0)
gen 132/200  filled=  21/400  obj_max=2430.4  obj_mean=1569.95  qd_score=32969.0  (10.6s, gen_max_obj=2107.9)
gen 133/200  filled=  21/400  obj_max=2430.4  obj_mean=1569.95  qd_score=32969.0  (10.1s, gen_max_obj=1989.7)
gen 134/200  filled=  21/400  obj_max=2430.4  obj_mean=1569.95  qd_score=32969.0  (10.0s, gen_max_obj=1909.7)
gen 135/200  filled=  21/400  obj_max=2430.4  obj_mean=1569.95  qd_score=32969.0  (10.3s, gen_max_obj=2049.7)
gen 136/200  filled=  21/400  obj_max=2430.4  obj_mean=1571.76  qd_score=33007.0  (10.4s, gen_max_obj=1851.1)
gen 137/200  filled=  21/400  obj_max=2430.4  obj_mean=1571.76  qd_score=33007.0  (10.3s, gen_max_obj=1748.3)
gen 138/200  filled=  21/400  obj_max=2430.4  obj_mean=1571.76  qd_score=33007.0  (10.4s, gen_max_obj=1810.7)
gen 139/200  filled=  21/400  obj_max=2430.4  obj_mean=1571.76  qd_score=33007.0  (10.3s, gen_max_obj=1688.6)
gen 140/200  filled=  21/400  obj_max=2430.4  obj_mean=1571.76  qd_score=33007.0  (10.1s, gen_max_obj=1911.0)
gen 141/200  filled=  21/400  obj_max=2430.4  obj_mean=1571.76  qd_score=33007.0  (10.3s, gen_max_obj=2031.1)
gen 142/200  filled=  21/400  obj_max=2430.4  obj_mean=1571.76  qd_score=33007.0  (10.3s, gen_max_obj=2010.1)
gen 143/200  filled=  21/400  obj_max=2430.4  obj_mean=1571.76  qd_score=33007.0  (10.5s, gen_max_obj=2009.1)
gen 144/200  filled=  21/400  obj_max=2430.4  obj_mean=1571.76  qd_score=33007.0  (10.3s, gen_max_obj=1910.9)
gen 145/200  filled=  21/400  obj_max=2430.4  obj_mean=1573.56  qd_score=33044.8  (10.3s, gen_max_obj=1889.0)
gen 146/200  filled=  21/400  obj_max=2430.4  obj_mean=1582.25  qd_score=33227.3  (11.2s, gen_max_obj=2368.4)
gen 147/200  filled=  21/400  obj_max=2430.4  obj_mean=1582.25  qd_score=33227.3  (11.2s, gen_max_obj=2130.8)
gen 148/200  filled=  21/400  obj_max=2430.4  obj_mean=1582.25  qd_score=33227.3  (10.6s, gen_max_obj=2031.0)
gen 149/200  filled=  21/400  obj_max=2430.4  obj_mean=1582.25  qd_score=33227.3  (10.4s, gen_max_obj=1951.0)
gen 150/200  filled=  21/400  obj_max=2430.4  obj_mean=1582.25  qd_score=33227.3  (10.2s, gen_max_obj=2369.7)
gen 151/200  filled=  21/400  obj_max=2430.4  obj_mean=1582.25  qd_score=33227.3  (10.1s, gen_max_obj=1891.4)
gen 152/200  filled=  21/400  obj_max=2430.4  obj_mean=1582.25  qd_score=33227.3  (10.3s, gen_max_obj=2091.6)
gen 153/200  filled=  21/400  obj_max=2430.4  obj_mean=1582.25  qd_score=33227.3  (10.8s, gen_max_obj=1772.0)
gen 154/200  filled=  21/400  obj_max=2430.4  obj_mean=1599.46  qd_score=33588.8  (10.4s, gen_max_obj=1871.2)
gen 155/200  filled=  21/400  obj_max=2430.4  obj_mean=1599.62  qd_score=33591.9  (10.8s, gen_max_obj=1869.2)
gen 156/200  filled=  21/400  obj_max=2430.4  obj_mean=1612.93  qd_score=33871.4  (10.5s, gen_max_obj=2208.2)
gen 157/200  filled=  21/400  obj_max=2430.4  obj_mean=1612.93  qd_score=33871.4  (10.6s, gen_max_obj=2350.4)
gen 158/200  filled=  21/400  obj_max=2430.4  obj_mean=1612.93  qd_score=33871.4  (10.1s, gen_max_obj=1913.7)
gen 159/200  filled=  21/400  obj_max=2430.4  obj_mean=1612.93  qd_score=33871.4  (10.3s, gen_max_obj=1750.9)
gen 160/200  filled=  21/400  obj_max=2430.4  obj_mean=1612.93  qd_score=33871.4  (10.2s, gen_max_obj=1869.8)
gen 161/200  filled=  21/400  obj_max=2430.4  obj_mean=1616.75  qd_score=33951.8  (10.0s, gen_max_obj=1949.6)
gen 162/200  filled=  21/400  obj_max=2430.4  obj_mean=1620.62  qd_score=34032.9  (10.8s, gen_max_obj=1970.2)
gen 163/200  filled=  21/400  obj_max=2430.4  obj_mean=1634.00  qd_score=34314.0  (10.1s, gen_max_obj=1950.2)
gen 164/200  filled=  21/400  obj_max=2430.4  obj_mean=1634.00  qd_score=34314.0  (10.8s, gen_max_obj=1947.2)
gen 165/200  filled=  21/400  obj_max=2430.4  obj_mean=1634.00  qd_score=34314.0  (10.3s, gen_max_obj=2171.4)
gen 166/200  filled=  21/400  obj_max=2430.4  obj_mean=1645.33  qd_score=34551.9  (10.3s, gen_max_obj=2027.0)
gen 167/200  filled=  21/400  obj_max=2430.4  obj_mean=1652.03  qd_score=34692.7  (10.2s, gen_max_obj=2331.6)
gen 168/200  filled=  21/400  obj_max=2430.4  obj_mean=1652.03  qd_score=34692.7  (10.4s, gen_max_obj=1989.9)
gen 169/200  filled=  21/400  obj_max=2431.4  obj_mean=1655.04  qd_score=34755.7  (10.3s, gen_max_obj=2431.4)
gen 170/200  filled=  21/400  obj_max=2431.4  obj_mean=1655.04  qd_score=34755.7  (10.4s, gen_max_obj=1869.5)
gen 171/200  filled=  21/400  obj_max=2431.4  obj_mean=1664.80  qd_score=34960.9  (10.2s, gen_max_obj=2090.9)
gen 172/200  filled=  22/400  obj_max=2431.4  obj_mean=1643.05  qd_score=36147.0  (10.2s, gen_max_obj=2189.3)
gen 173/200  filled=  22/400  obj_max=2529.5  obj_mean=1664.90  qd_score=36627.8  (10.3s, gen_max_obj=2529.5)
gen 174/200  filled=  22/400  obj_max=2529.5  obj_mean=1664.90  qd_score=36627.8  (10.4s, gen_max_obj=1987.9)
gen 175/200  filled=  22/400  obj_max=2529.5  obj_mean=1664.90  qd_score=36627.8  (10.0s, gen_max_obj=1909.3)
gen 176/200  filled=  22/400  obj_max=2529.5  obj_mean=1671.15  qd_score=36765.4  (10.1s, gen_max_obj=1990.2)
gen 177/200  filled=  22/400  obj_max=2529.5  obj_mean=1671.15  qd_score=36765.4  (10.4s, gen_max_obj=1830.2)
gen 178/200  filled=  22/400  obj_max=2529.5  obj_mean=1674.15  qd_score=36831.2  (10.0s, gen_max_obj=2149.8)
gen 179/200  filled=  22/400  obj_max=2529.5  obj_mean=1674.15  qd_score=36831.2  (10.1s, gen_max_obj=2049.1)
gen 180/200  filled=  22/400  obj_max=2529.5  obj_mean=1674.15  qd_score=36831.2  (10.3s, gen_max_obj=2270.0)
gen 181/200  filled=  22/400  obj_max=2529.5  obj_mean=1674.15  qd_score=36831.2  (10.1s, gen_max_obj=2133.0)
gen 182/200  filled=  22/400  obj_max=2529.5  obj_mean=1674.15  qd_score=36831.2  (10.3s, gen_max_obj=1965.8)
gen 183/200  filled=  22/400  obj_max=2529.5  obj_mean=1684.12  qd_score=37050.7  (10.4s, gen_max_obj=2189.6)
gen 184/200  filled=  22/400  obj_max=2529.5  obj_mean=1684.12  qd_score=37050.7  (10.3s, gen_max_obj=2174.4)
gen 185/200  filled=  22/400  obj_max=2529.5  obj_mean=1684.12  qd_score=37050.7  (10.1s, gen_max_obj=2193.7)
gen 186/200  filled=  22/400  obj_max=2529.5  obj_mean=1686.60  qd_score=37105.2  (10.3s, gen_max_obj=2484.9)
gen 187/200  filled=  22/400  obj_max=2529.5  obj_mean=1686.60  qd_score=37105.2  (10.2s, gen_max_obj=1984.6)
gen 188/200  filled=  22/400  obj_max=2529.5  obj_mean=1689.45  qd_score=37167.8  (9.9s, gen_max_obj=2089.9)
gen 189/200  filled=  22/400  obj_max=2529.5  obj_mean=1689.45  qd_score=37167.8  (10.0s, gen_max_obj=2226.6)
gen 190/200  filled=  22/400  obj_max=2529.5  obj_mean=1689.45  qd_score=37167.8  (10.0s, gen_max_obj=2009.8)
gen 191/200  filled=  22/400  obj_max=2529.5  obj_mean=1689.45  qd_score=37167.8  (10.1s, gen_max_obj=2129.2)
gen 192/200  filled=  22/400  obj_max=2529.5  obj_mean=1690.33  qd_score=37187.2  (10.1s, gen_max_obj=1888.2)
gen 193/200  filled=  22/400  obj_max=2529.5  obj_mean=1695.74  qd_score=37306.4  (10.2s, gen_max_obj=1945.8)
gen 194/200  filled=  22/400  obj_max=2529.5  obj_mean=1695.74  qd_score=37306.4  (10.1s, gen_max_obj=2229.3)
gen 195/200  filled=  22/400  obj_max=2529.5  obj_mean=1695.77  qd_score=37306.9  (10.2s, gen_max_obj=1988.0)
gen 196/200  filled=  22/400  obj_max=2529.5  obj_mean=1695.77  qd_score=37306.9  (10.2s, gen_max_obj=2030.0)
gen 197/200  filled=  22/400  obj_max=2529.5  obj_mean=1695.77  qd_score=37306.9  (10.0s, gen_max_obj=1851.4)
gen 198/200  filled=  22/400  obj_max=2529.5  obj_mean=1697.52  qd_score=37345.4  (10.2s, gen_max_obj=2109.2)
gen 199/200  filled=  22/400  obj_max=2529.5  obj_mean=1699.39  qd_score=37386.6  (9.8s, gen_max_obj=2210.3)
gen 200/200  filled=  22/400  obj_max=2529.5  obj_mean=1705.86  qd_score=37528.9  (10.1s, gen_max_obj=2131.6)

total: 2080.8s
saved archive to results/exp_2026-06-03_layout_ticks200k.npz (22 elites)
=== Wed Jun  3 17:11:43 EDT 2026 layout continue 500g from 50k archive ===
policy = layout  params = 3751  sigma0 = 0.5  es = sep_cma_es
fitness = dense
init-archive = results/exp_2026-06-03_layout_resind_50k.npz  best stored obj = 2526.9
archive = 40x40 = 1600 cells
logging generations to results/exp_2026-06-03_layout_resind_50k_cont500.log
running with 8 worker processes
running 500 generations, 5 emitters x 20 solutions = 100 evals/gen
gen   1/500  filled=   5/1600  obj_max=1805.2  obj_mean=1533.87  qd_score=7669.3  (7.2s, gen_max_obj=1805.2)
gen   2/500  filled=   8/1600  obj_max=2167.0  obj_mean=1677.13  qd_score=13417.1  (4.9s, gen_max_obj=2167.0)
gen   3/500  filled=   9/1600  obj_max=2167.0  obj_mean=1647.07  qd_score=14823.6  (5.0s, gen_max_obj=1825.9)
gen   4/500  filled=   9/1600  obj_max=2167.0  obj_mean=1695.90  qd_score=15263.1  (4.9s, gen_max_obj=1845.9)
gen   5/500  filled=   9/1600  obj_max=2167.0  obj_mean=1740.20  qd_score=15661.8  (5.3s, gen_max_obj=1906.8)
gen   6/500  filled=  10/1600  obj_max=2167.0  obj_mean=1674.47  qd_score=16744.7  (5.1s, gen_max_obj=1788.0)
gen   7/500  filled=  10/1600  obj_max=2167.0  obj_mean=1790.32  qd_score=17903.2  (5.2s, gen_max_obj=2088.1)
gen   8/500  filled=  11/1600  obj_max=2167.0  obj_mean=1745.87  qd_score=19204.6  (5.0s, gen_max_obj=1926.8)
gen   9/500  filled=  11/1600  obj_max=2167.0  obj_mean=1746.03  qd_score=19206.3  (5.3s, gen_max_obj=2025.1)
gen  10/500  filled=  11/1600  obj_max=2167.0  obj_mean=1746.03  qd_score=19206.3  (5.1s, gen_max_obj=1865.0)
gen  11/500  filled=  11/1600  obj_max=2167.0  obj_mean=1746.03  qd_score=19206.3  (5.1s, gen_max_obj=2087.1)
gen  12/500  filled=  11/1600  obj_max=2167.0  obj_mean=1801.19  qd_score=19813.1  (5.1s, gen_max_obj=1987.0)
gen  13/500  filled=  12/1600  obj_max=2167.0  obj_mean=1744.86  qd_score=20938.3  (5.1s, gen_max_obj=2126.2)
gen  14/500  filled=  12/1600  obj_max=2167.0  obj_mean=1744.86  qd_score=20938.3  (5.2s, gen_max_obj=1884.5)
gen  15/500  filled=  13/1600  obj_max=2167.0  obj_mean=1710.95  qd_score=22242.3  (5.1s, gen_max_obj=1848.4)
gen  16/500  filled=  13/1600  obj_max=2167.0  obj_mean=1710.95  qd_score=22242.3  (5.1s, gen_max_obj=1924.8)
gen  17/500  filled=  13/1600  obj_max=2167.0  obj_mean=1754.64  qd_score=22810.4  (5.2s, gen_max_obj=1967.0)
gen  18/500  filled=  13/1600  obj_max=2167.0  obj_mean=1769.98  qd_score=23009.7  (5.2s, gen_max_obj=1907.9)
gen  19/500  filled=  13/1600  obj_max=2167.0  obj_mean=1823.84  qd_score=23710.0  (5.1s, gen_max_obj=1965.3)
gen  20/500  filled=  14/1600  obj_max=2167.0  obj_mean=1838.46  qd_score=25738.4  (5.1s, gen_max_obj=2124.4)
gen  21/500  filled=  15/1600  obj_max=2167.0  obj_mean=1798.87  qd_score=26983.1  (5.1s, gen_max_obj=1907.2)
gen  22/500  filled=  15/1600  obj_max=2167.0  obj_mean=1829.60  qd_score=27444.0  (5.1s, gen_max_obj=2146.3)
gen  23/500  filled=  16/1600  obj_max=2167.0  obj_mean=1825.97  qd_score=29215.5  (5.4s, gen_max_obj=1928.4)
gen  24/500  filled=  16/1600  obj_max=2167.0  obj_mean=1825.97  qd_score=29215.5  (5.0s, gen_max_obj=1827.5)
gen  25/500  filled=  16/1600  obj_max=2167.0  obj_mean=1825.97  qd_score=29215.5  (5.2s, gen_max_obj=1845.2)
gen  26/500  filled=  16/1600  obj_max=2167.0  obj_mean=1868.43  qd_score=29894.9  (5.1s, gen_max_obj=2007.8)
gen  27/500  filled=  16/1600  obj_max=2167.0  obj_mean=1890.90  qd_score=30254.4  (5.3s, gen_max_obj=1867.8)
gen  28/500  filled=  16/1600  obj_max=2167.0  obj_mean=1890.90  qd_score=30254.4  (5.0s, gen_max_obj=1907.3)
gen  29/500  filled=  16/1600  obj_max=2167.0  obj_mean=1890.90  qd_score=30254.4  (5.0s, gen_max_obj=1888.2)
gen  30/500  filled=  16/1600  obj_max=2167.0  obj_mean=1890.90  qd_score=30254.4  (5.0s, gen_max_obj=2067.1)
gen  31/500  filled=  16/1600  obj_max=2167.0  obj_mean=1890.90  qd_score=30254.4  (5.4s, gen_max_obj=1942.9)
gen  32/500  filled=  16/1600  obj_max=2167.0  obj_mean=1890.90  qd_score=30254.4  (5.2s, gen_max_obj=1706.0)
gen  33/500  filled=  17/1600  obj_max=2167.0  obj_mean=1830.78  qd_score=31123.2  (5.1s, gen_max_obj=2006.7)
gen  34/500  filled=  18/1600  obj_max=2167.0  obj_mean=1790.39  qd_score=32227.1  (5.3s, gen_max_obj=1867.7)
gen  35/500  filled=  18/1600  obj_max=2167.0  obj_mean=1800.49  qd_score=32408.8  (5.4s, gen_max_obj=1908.8)
gen  36/500  filled=  19/1600  obj_max=2167.0  obj_mean=1799.70  qd_score=34194.4  (5.5s, gen_max_obj=1829.8)
gen  37/500  filled=  19/1600  obj_max=2167.0  obj_mean=1818.57  qd_score=34552.8  (5.2s, gen_max_obj=1848.2)
gen  38/500  filled=  20/1600  obj_max=2167.0  obj_mean=1828.07  qd_score=36561.5  (5.0s, gen_max_obj=2065.1)
gen  39/500  filled=  20/1600  obj_max=2167.0  obj_mean=1830.98  qd_score=36619.6  (5.1s, gen_max_obj=1907.2)
gen  40/500  filled=  20/1600  obj_max=2167.0  obj_mean=1850.15  qd_score=37003.1  (5.1s, gen_max_obj=2048.1)
gen  41/500  filled=  20/1600  obj_max=2205.4  obj_mean=1892.32  qd_score=37846.3  (5.3s, gen_max_obj=2205.4)
gen  42/500  filled=  20/1600  obj_max=2205.4  obj_mean=1892.32  qd_score=37846.3  (5.0s, gen_max_obj=1863.3)
gen  43/500  filled=  20/1600  obj_max=2205.4  obj_mean=1908.29  qd_score=38165.8  (5.2s, gen_max_obj=1886.2)
gen  44/500  filled=  20/1600  obj_max=2205.4  obj_mean=1908.29  qd_score=38165.8  (5.1s, gen_max_obj=1827.3)
gen  45/500  filled=  20/1600  obj_max=2205.4  obj_mean=1908.29  qd_score=38165.8  (5.2s, gen_max_obj=1905.9)
gen  46/500  filled=  20/1600  obj_max=2205.4  obj_mean=1911.20  qd_score=38223.9  (5.0s, gen_max_obj=1885.7)
gen  47/500  filled=  20/1600  obj_max=2205.4  obj_mean=1911.20  qd_score=38223.9  (5.1s, gen_max_obj=1926.6)
gen  48/500  filled=  20/1600  obj_max=2205.4  obj_mean=1917.27  qd_score=38345.3  (5.3s, gen_max_obj=2108.4)
gen  49/500  filled=  20/1600  obj_max=2205.4  obj_mean=1917.27  qd_score=38345.3  (5.2s, gen_max_obj=1868.4)
gen  50/500  filled=  20/1600  obj_max=2205.4  obj_mean=1917.27  qd_score=38345.3  (5.1s, gen_max_obj=1988.4)
gen  51/500  filled=  21/1600  obj_max=2205.4  obj_mean=1899.76  qd_score=39894.9  (5.0s, gen_max_obj=2108.8)
gen  52/500  filled=  22/1600  obj_max=2228.4  obj_mean=1869.30  qd_score=41124.7  (5.3s, gen_max_obj=2228.4)
gen  53/500  filled=  22/1600  obj_max=2228.4  obj_mean=1869.30  qd_score=41124.7  (5.1s, gen_max_obj=1801.3)
gen  54/500  filled=  22/1600  obj_max=2228.4  obj_mean=1869.30  qd_score=41124.7  (4.9s, gen_max_obj=1808.5)
gen  55/500  filled=  22/1600  obj_max=2228.4  obj_mean=1869.43  qd_score=41127.4  (5.0s, gen_max_obj=1904.2)
gen  56/500  filled=  23/1600  obj_max=2228.4  obj_mean=1843.10  qd_score=42391.3  (5.1s, gen_max_obj=1784.9)
gen  57/500  filled=  24/1600  obj_max=2228.4  obj_mean=1829.13  qd_score=43899.1  (5.1s, gen_max_obj=2127.1)
gen  58/500  filled=  24/1600  obj_max=2267.2  obj_mean=1864.82  qd_score=44755.7  (4.8s, gen_max_obj=2267.2)
gen  59/500  filled=  24/1600  obj_max=2267.2  obj_mean=1864.82  qd_score=44755.7  (5.0s, gen_max_obj=1787.0)
gen  60/500  filled=  26/1600  obj_max=2267.2  obj_mean=1844.91  qd_score=47967.6  (4.9s, gen_max_obj=1728.0)
gen  61/500  filled=  26/1600  obj_max=2267.2  obj_mean=1844.91  qd_score=47967.6  (5.0s, gen_max_obj=1944.0)
gen  62/500  filled=  27/1600  obj_max=2267.2  obj_mean=1836.87  qd_score=49595.4  (5.3s, gen_max_obj=1886.5)
gen  63/500  filled=  27/1600  obj_max=2267.2  obj_mean=1847.35  qd_score=49878.3  (5.2s, gen_max_obj=2044.1)
gen  64/500  filled=  27/1600  obj_max=2267.2  obj_mean=1865.04  qd_score=50356.0  (5.1s, gen_max_obj=2148.5)
gen  65/500  filled=  27/1600  obj_max=2267.2  obj_mean=1865.04  qd_score=50356.0  (4.9s, gen_max_obj=1926.6)
gen  66/500  filled=  27/1600  obj_max=2267.2  obj_mean=1875.45  qd_score=50637.0  (5.2s, gen_max_obj=1888.3)
gen  67/500  filled=  29/1600  obj_max=2267.2  obj_mean=1822.42  qd_score=52850.1  (5.0s, gen_max_obj=1868.3)
gen  68/500  filled=  29/1600  obj_max=2267.2  obj_mean=1823.18  qd_score=52872.1  (5.1s, gen_max_obj=1948.3)
gen  69/500  filled=  29/1600  obj_max=2267.2  obj_mean=1851.56  qd_score=53695.3  (5.3s, gen_max_obj=1966.7)
gen  70/500  filled=  30/1600  obj_max=2267.2  obj_mean=1828.05  qd_score=54841.4  (5.4s, gen_max_obj=1947.6)
gen  71/500  filled=  30/1600  obj_max=2267.2  obj_mean=1829.97  qd_score=54899.1  (5.2s, gen_max_obj=1826.3)
gen  72/500  filled=  30/1600  obj_max=2267.2  obj_mean=1838.60  qd_score=55158.1  (5.1s, gen_max_obj=1846.1)
gen  73/500  filled=  30/1600  obj_max=2267.2  obj_mean=1845.22  qd_score=55356.7  (5.1s, gen_max_obj=2007.0)
gen  74/500  filled=  30/1600  obj_max=2267.2  obj_mean=1846.67  qd_score=55400.1  (5.2s, gen_max_obj=2048.4)
gen  75/500  filled=  30/1600  obj_max=2287.2  obj_mean=1855.40  qd_score=55662.0  (5.4s, gen_max_obj=2287.2)
gen  76/500  filled=  30/1600  obj_max=2287.2  obj_mean=1855.40  qd_score=55662.0  (5.3s, gen_max_obj=2007.8)
gen  77/500  filled=  30/1600  obj_max=2287.2  obj_mean=1855.40  qd_score=55662.0  (5.2s, gen_max_obj=1842.9)
gen  78/500  filled=  30/1600  obj_max=2287.2  obj_mean=1855.40  qd_score=55662.0  (5.1s, gen_max_obj=1984.9)
gen  79/500  filled=  30/1600  obj_max=2287.2  obj_mean=1855.40  qd_score=55662.0  (5.4s, gen_max_obj=1864.9)
gen  80/500  filled=  30/1600  obj_max=2287.2  obj_mean=1888.12  qd_score=56643.7  (5.2s, gen_max_obj=1968.4)
gen  81/500  filled=  30/1600  obj_max=2287.2  obj_mean=1888.12  qd_score=56643.7  (5.2s, gen_max_obj=1926.6)
gen  82/500  filled=  30/1600  obj_max=2287.2  obj_mean=1888.12  qd_score=56643.7  (5.4s, gen_max_obj=1803.5)
gen  83/500  filled=  30/1600  obj_max=2287.2  obj_mean=1899.52  qd_score=56985.7  (5.1s, gen_max_obj=2187.9)
gen  84/500  filled=  30/1600  obj_max=2287.2  obj_mean=1899.52  qd_score=56985.7  (5.3s, gen_max_obj=1785.1)
gen  85/500  filled=  30/1600  obj_max=2287.2  obj_mean=1899.52  qd_score=56985.7  (5.2s, gen_max_obj=1908.4)
gen  86/500  filled=  30/1600  obj_max=2287.2  obj_mean=1899.52  qd_score=56985.7  (5.2s, gen_max_obj=1868.6)
gen  87/500  filled=  30/1600  obj_max=2287.2  obj_mean=1899.52  qd_score=56985.7  (5.4s, gen_max_obj=1885.2)
gen  88/500  filled=  30/1600  obj_max=2287.2  obj_mean=1902.07  qd_score=57062.2  (5.4s, gen_max_obj=1986.3)
gen  89/500  filled=  30/1600  obj_max=2287.2  obj_mean=1902.07  qd_score=57062.2  (5.3s, gen_max_obj=1947.6)
gen  90/500  filled=  30/1600  obj_max=2287.2  obj_mean=1902.07  qd_score=57062.2  (5.1s, gen_max_obj=2125.6)
gen  91/500  filled=  30/1600  obj_max=2287.2  obj_mean=1902.07  qd_score=57062.2  (5.1s, gen_max_obj=1808.2)
gen  92/500  filled=  30/1600  obj_max=2287.2  obj_mean=1902.07  qd_score=57062.2  (5.4s, gen_max_obj=1948.9)
gen  93/500  filled=  30/1600  obj_max=2287.2  obj_mean=1906.75  qd_score=57202.6  (5.3s, gen_max_obj=2107.7)
gen  94/500  filled=  30/1600  obj_max=2287.2  obj_mean=1906.75  qd_score=57202.6  (5.2s, gen_max_obj=1909.1)
gen  95/500  filled=  30/1600  obj_max=2287.2  obj_mean=1916.79  qd_score=57503.6  (5.1s, gen_max_obj=2049.8)
gen  96/500  filled=  30/1600  obj_max=2287.2  obj_mean=1916.79  qd_score=57503.6  (5.1s, gen_max_obj=1927.6)
gen  97/500  filled=  30/1600  obj_max=2287.2  obj_mean=1916.79  qd_score=57503.6  (5.1s, gen_max_obj=1808.9)
gen  98/500  filled=  30/1600  obj_max=2287.2  obj_mean=1919.35  qd_score=57580.6  (5.7s, gen_max_obj=2126.7)
gen  99/500  filled=  30/1600  obj_max=2287.2  obj_mean=1919.35  qd_score=57580.6  (5.5s, gen_max_obj=1827.3)
gen 100/500  filled=  30/1600  obj_max=2287.2  obj_mean=1919.35  qd_score=57580.6  (5.4s, gen_max_obj=1828.4)
gen 101/500  filled=  30/1600  obj_max=2287.2  obj_mean=1919.35  qd_score=57580.6  (5.5s, gen_max_obj=1907.6)
gen 102/500  filled=  30/1600  obj_max=2287.2  obj_mean=1919.35  qd_score=57580.6  (5.4s, gen_max_obj=1945.8)
gen 103/500  filled=  30/1600  obj_max=2287.2  obj_mean=1919.35  qd_score=57580.6  (5.6s, gen_max_obj=1849.6)
gen 104/500  filled=  31/1600  obj_max=2287.2  obj_mean=1901.52  qd_score=58947.2  (5.0s, gen_max_obj=1965.8)
gen 105/500  filled=  31/1600  obj_max=2287.2  obj_mean=1914.45  qd_score=59347.9  (5.3s, gen_max_obj=1768.6)
gen 106/500  filled=  31/1600  obj_max=2287.2  obj_mean=1914.45  qd_score=59347.9  (5.2s, gen_max_obj=1828.2)
gen 107/500  filled=  32/1600  obj_max=2287.2  obj_mean=1898.63  qd_score=60756.0  (4.9s, gen_max_obj=1748.6)
gen 108/500  filled=  33/1600  obj_max=2287.2  obj_mean=1869.13  qd_score=61681.2  (5.1s, gen_max_obj=1927.1)
gen 109/500  filled=  33/1600  obj_max=2287.2  obj_mean=1890.41  qd_score=62383.4  (5.0s, gen_max_obj=1928.3)
gen 110/500  filled=  33/1600  obj_max=2287.2  obj_mean=1890.41  qd_score=62383.4  (5.2s, gen_max_obj=1947.8)
gen 111/500  filled=  33/1600  obj_max=2287.2  obj_mean=1890.41  qd_score=62383.4  (5.3s, gen_max_obj=1808.1)
gen 112/500  filled=  33/1600  obj_max=2287.2  obj_mean=1890.41  qd_score=62383.4  (5.1s, gen_max_obj=1948.2)
gen 113/500  filled=  33/1600  obj_max=2287.2  obj_mean=1897.18  qd_score=62606.8  (5.1s, gen_max_obj=1968.8)
gen 114/500  filled=  33/1600  obj_max=2287.2  obj_mean=1897.24  qd_score=62609.0  (5.2s, gen_max_obj=1769.5)
gen 115/500  filled=  33/1600  obj_max=2287.2  obj_mean=1902.68  qd_score=62788.5  (5.1s, gen_max_obj=1907.8)
gen 116/500  filled=  33/1600  obj_max=2287.2  obj_mean=1902.68  qd_score=62788.5  (5.1s, gen_max_obj=1826.3)
gen 117/500  filled=  33/1600  obj_max=2287.2  obj_mean=1902.68  qd_score=62788.5  (5.3s, gen_max_obj=1848.3)
gen 118/500  filled=  34/1600  obj_max=2287.2  obj_mean=1887.39  qd_score=64171.1  (5.3s, gen_max_obj=2069.0)
gen 119/500  filled=  35/1600  obj_max=2287.2  obj_mean=1859.98  qd_score=65099.3  (5.1s, gen_max_obj=1830.2)
gen 120/500  filled=  35/1600  obj_max=2287.2  obj_mean=1859.98  qd_score=65099.3  (5.1s, gen_max_obj=1869.9)
gen 121/500  filled=  35/1600  obj_max=2287.2  obj_mean=1865.57  qd_score=65295.0  (5.1s, gen_max_obj=2228.3)
gen 122/500  filled=  35/1600  obj_max=2287.2  obj_mean=1867.83  qd_score=65374.0  (5.0s, gen_max_obj=2225.4)
gen 123/500  filled=  35/1600  obj_max=2287.2  obj_mean=1878.60  qd_score=65751.1  (5.2s, gen_max_obj=2189.1)
gen 124/500  filled=  35/1600  obj_max=2287.2  obj_mean=1880.40  qd_score=65814.0  (5.4s, gen_max_obj=2011.9)
gen 125/500  filled=  35/1600  obj_max=2287.2  obj_mean=1888.42  qd_score=66094.5  (5.1s, gen_max_obj=1888.8)
gen 126/500  filled=  35/1600  obj_max=2287.2  obj_mean=1888.42  qd_score=66094.5  (5.0s, gen_max_obj=1908.3)
gen 127/500  filled=  35/1600  obj_max=2287.2  obj_mean=1888.42  qd_score=66094.5  (5.2s, gen_max_obj=1787.5)
gen 128/500  filled=  35/1600  obj_max=2287.2  obj_mean=1898.22  qd_score=66437.7  (5.3s, gen_max_obj=2049.8)
gen 129/500  filled=  35/1600  obj_max=2287.2  obj_mean=1920.46  qd_score=67216.0  (5.7s, gen_max_obj=2048.1)
gen 130/500  filled=  35/1600  obj_max=2287.2  obj_mean=1920.46  qd_score=67216.0  (5.0s, gen_max_obj=2005.4)
gen 131/500  filled=  35/1600  obj_max=2287.2  obj_mean=1933.78  qd_score=67682.2  (5.0s, gen_max_obj=2091.1)
gen 132/500  filled=  35/1600  obj_max=2287.2  obj_mean=1949.24  qd_score=68223.4  (5.0s, gen_max_obj=2267.0)
gen 133/500  filled=  35/1600  obj_max=2287.2  obj_mean=1952.71  qd_score=68344.7  (5.3s, gen_max_obj=1987.2)
gen 134/500  filled=  35/1600  obj_max=2287.2  obj_mean=1952.71  qd_score=68344.7  (5.1s, gen_max_obj=1869.7)
gen 135/500  filled=  35/1600  obj_max=2287.2  obj_mean=1962.40  qd_score=68684.0  (5.2s, gen_max_obj=2130.1)
gen 136/500  filled=  35/1600  obj_max=2287.2  obj_mean=1962.40  qd_score=68684.0  (5.0s, gen_max_obj=1990.0)
gen 137/500  filled=  35/1600  obj_max=2287.2  obj_mean=1962.40  qd_score=68684.0  (5.2s, gen_max_obj=1908.9)
gen 138/500  filled=  35/1600  obj_max=2287.2  obj_mean=1964.27  qd_score=68749.3  (5.1s, gen_max_obj=1909.9)
gen 139/500  filled=  35/1600  obj_max=2287.2  obj_mean=1978.00  qd_score=69229.9  (5.0s, gen_max_obj=2228.0)
gen 140/500  filled=  35/1600  obj_max=2308.0  obj_mean=1980.27  qd_score=69309.6  (5.0s, gen_max_obj=2308.0)
gen 141/500  filled=  35/1600  obj_max=2308.0  obj_mean=1980.27  qd_score=69309.6  (4.9s, gen_max_obj=2249.5)
gen 142/500  filled=  35/1600  obj_max=2308.0  obj_mean=1980.27  qd_score=69309.6  (5.2s, gen_max_obj=2168.1)
gen 143/500  filled=  35/1600  obj_max=2308.0  obj_mean=1980.27  qd_score=69309.6  (5.0s, gen_max_obj=1847.9)
gen 144/500  filled=  35/1600  obj_max=2308.0  obj_mean=1980.27  qd_score=69309.6  (5.2s, gen_max_obj=2248.8)
gen 145/500  filled=  35/1600  obj_max=2308.0  obj_mean=1980.27  qd_score=69309.6  (4.9s, gen_max_obj=1910.9)
gen 146/500  filled=  36/1600  obj_max=2308.0  obj_mean=1975.43  qd_score=71115.6  (5.0s, gen_max_obj=2148.0)
gen 147/500  filled=  36/1600  obj_max=2308.0  obj_mean=1976.57  qd_score=71156.4  (5.0s, gen_max_obj=2128.2)
gen 148/500  filled=  36/1600  obj_max=2308.0  obj_mean=1976.57  qd_score=71156.4  (5.2s, gen_max_obj=1830.1)
gen 149/500  filled=  36/1600  obj_max=2308.0  obj_mean=1976.57  qd_score=71156.4  (5.7s, gen_max_obj=1828.2)
gen 150/500  filled=  36/1600  obj_max=2308.0  obj_mean=1976.57  qd_score=71156.4  (5.3s, gen_max_obj=1948.4)
gen 151/500  filled=  36/1600  obj_max=2308.0  obj_mean=1976.57  qd_score=71156.4  (5.4s, gen_max_obj=1906.7)
gen 152/500  filled=  36/1600  obj_max=2308.0  obj_mean=1976.60  qd_score=71157.7  (5.4s, gen_max_obj=2109.6)
gen 153/500  filled=  36/1600  obj_max=2308.0  obj_mean=1977.75  qd_score=71199.1  (5.1s, gen_max_obj=2027.7)
gen 154/500  filled=  36/1600  obj_max=2308.0  obj_mean=1978.30  qd_score=71218.8  (5.0s, gen_max_obj=2248.2)
gen 155/500  filled=  36/1600  obj_max=2308.0  obj_mean=1978.30  qd_score=71218.8  (5.3s, gen_max_obj=2089.0)
gen 156/500  filled=  36/1600  obj_max=2308.0  obj_mean=1978.30  qd_score=71218.8  (5.5s, gen_max_obj=2209.1)
gen 157/500  filled=  36/1600  obj_max=2308.0  obj_mean=1978.30  qd_score=71218.8  (5.6s, gen_max_obj=1908.8)
gen 158/500  filled=  36/1600  obj_max=2308.0  obj_mean=1978.30  qd_score=71218.8  (5.1s, gen_max_obj=1906.1)
gen 159/500  filled=  36/1600  obj_max=2308.0  obj_mean=1986.72  qd_score=71521.9  (5.4s, gen_max_obj=2268.9)
gen 160/500  filled=  36/1600  obj_max=2308.0  obj_mean=1986.72  qd_score=71521.9  (5.9s, gen_max_obj=2069.3)
gen 161/500  filled=  36/1600  obj_max=2308.0  obj_mean=1986.72  qd_score=71521.9  (5.7s, gen_max_obj=2188.6)
gen 162/500  filled=  36/1600  obj_max=2308.0  obj_mean=1986.72  qd_score=71521.9  (5.5s, gen_max_obj=2028.8)
gen 163/500  filled=  36/1600  obj_max=2308.0  obj_mean=1988.88  qd_score=71599.5  (5.5s, gen_max_obj=2265.6)
gen 164/500  filled=  36/1600  obj_max=2308.0  obj_mean=1988.88  qd_score=71599.5  (5.2s, gen_max_obj=2089.1)
gen 165/500  filled=  36/1600  obj_max=2308.0  obj_mean=1988.88  qd_score=71599.5  (5.3s, gen_max_obj=2048.9)
gen 166/500  filled=  36/1600  obj_max=2308.0  obj_mean=1991.04  qd_score=71677.4  (5.2s, gen_max_obj=2088.9)
gen 167/500  filled=  36/1600  obj_max=2308.0  obj_mean=1991.04  qd_score=71677.4  (5.5s, gen_max_obj=2049.7)
gen 168/500  filled=  36/1600  obj_max=2308.0  obj_mean=1992.24  qd_score=71720.7  (5.5s, gen_max_obj=2109.3)
gen 169/500  filled=  36/1600  obj_max=2308.0  obj_mean=1992.24  qd_score=71720.7  (5.3s, gen_max_obj=1889.5)
gen 170/500  filled=  36/1600  obj_max=2308.0  obj_mean=1992.24  qd_score=71720.7  (5.2s, gen_max_obj=1926.6)
gen 171/500  filled=  36/1600  obj_max=2308.0  obj_mean=1992.26  qd_score=71721.4  (5.2s, gen_max_obj=2089.5)
gen 172/500  filled=  36/1600  obj_max=2308.0  obj_mean=1992.26  qd_score=71721.4  (5.7s, gen_max_obj=1988.1)
gen 173/500  filled=  37/1600  obj_max=2308.0  obj_mean=1966.73  qd_score=72768.9  (5.1s, gen_max_obj=1907.7)
gen 174/500  filled=  37/1600  obj_max=2308.0  obj_mean=1966.73  qd_score=72768.9  (5.3s, gen_max_obj=1928.5)
gen 175/500  filled=  37/1600  obj_max=2308.0  obj_mean=1966.73  qd_score=72768.9  (5.1s, gen_max_obj=2167.2)
gen 176/500  filled=  37/1600  obj_max=2308.0  obj_mean=1966.73  qd_score=72768.9  (5.4s, gen_max_obj=2007.1)
gen 177/500  filled=  37/1600  obj_max=2308.0  obj_mean=1967.83  qd_score=72809.5  (5.3s, gen_max_obj=2149.9)
gen 178/500  filled=  37/1600  obj_max=2308.0  obj_mean=1967.83  qd_score=72809.5  (5.4s, gen_max_obj=2126.9)
gen 179/500  filled=  37/1600  obj_max=2308.0  obj_mean=1967.83  qd_score=72809.5  (5.1s, gen_max_obj=2188.1)
gen 180/500  filled=  37/1600  obj_max=2308.0  obj_mean=1969.98  qd_score=72889.2  (5.5s, gen_max_obj=2107.4)
gen 181/500  filled=  38/1600  obj_max=2308.0  obj_mean=1947.80  qd_score=74016.6  (5.1s, gen_max_obj=2208.8)
gen 182/500  filled=  38/1600  obj_max=2347.2  obj_mean=1993.11  qd_score=75738.1  (5.2s, gen_max_obj=2347.2)
gen 183/500  filled=  38/1600  obj_max=2347.2  obj_mean=1993.11  qd_score=75738.1  (5.3s, gen_max_obj=2249.7)
gen 184/500  filled=  38/1600  obj_max=2347.2  obj_mean=1993.11  qd_score=75738.1  (5.6s, gen_max_obj=2188.5)
gen 185/500  filled=  38/1600  obj_max=2347.2  obj_mean=1998.41  qd_score=75939.6  (5.2s, gen_max_obj=2208.6)
gen 186/500  filled=  38/1600  obj_max=2347.2  obj_mean=1998.41  qd_score=75939.6  (5.2s, gen_max_obj=1909.0)
gen 187/500  filled=  38/1600  obj_max=2347.2  obj_mean=1998.93  qd_score=75959.2  (5.1s, gen_max_obj=2048.1)
gen 188/500  filled=  38/1600  obj_max=2347.2  obj_mean=1998.93  qd_score=75959.2  (5.1s, gen_max_obj=2088.2)
gen 189/500  filled=  38/1600  obj_max=2347.2  obj_mean=2006.27  qd_score=76238.3  (5.4s, gen_max_obj=2148.7)
gen 190/500  filled=  38/1600  obj_max=2347.2  obj_mean=2018.39  qd_score=76698.7  (5.2s, gen_max_obj=2088.7)
gen 191/500  filled=  38/1600  obj_max=2347.2  obj_mean=2018.39  qd_score=76698.7  (5.2s, gen_max_obj=1987.9)
gen 192/500  filled=  38/1600  obj_max=2347.2  obj_mean=2018.39  qd_score=76698.7  (5.0s, gen_max_obj=2048.9)
gen 193/500  filled=  38/1600  obj_max=2347.2  obj_mean=2026.30  qd_score=76999.3  (5.1s, gen_max_obj=2168.2)
gen 194/500  filled=  38/1600  obj_max=2347.2  obj_mean=2026.30  qd_score=76999.3  (5.3s, gen_max_obj=2107.9)
gen 195/500  filled=  38/1600  obj_max=2347.2  obj_mean=2026.30  qd_score=76999.3  (5.1s, gen_max_obj=2069.6)
gen 196/500  filled=  38/1600  obj_max=2347.2  obj_mean=2028.91  qd_score=77098.5  (5.3s, gen_max_obj=2168.2)
gen 197/500  filled=  38/1600  obj_max=2347.2  obj_mean=2028.91  qd_score=77098.5  (5.1s, gen_max_obj=1986.4)
gen 198/500  filled=  38/1600  obj_max=2347.2  obj_mean=2031.50  qd_score=77197.2  (5.0s, gen_max_obj=2208.6)
gen 199/500  filled=  38/1600  obj_max=2669.9  obj_mean=2043.64  qd_score=77658.4  (5.1s, gen_max_obj=2669.9)
gen 200/500  filled=  38/1600  obj_max=2669.9  obj_mean=2044.18  qd_score=77679.0  (5.3s, gen_max_obj=2069.9)
gen 201/500  filled=  38/1600  obj_max=2669.9  obj_mean=2044.20  qd_score=77679.4  (5.1s, gen_max_obj=2149.8)
gen 202/500  filled=  38/1600  obj_max=2669.9  obj_mean=2044.20  qd_score=77679.4  (5.3s, gen_max_obj=2110.1)
gen 203/500  filled=  38/1600  obj_max=2669.9  obj_mean=2046.30  qd_score=77759.3  (5.1s, gen_max_obj=2449.7)
gen 204/500  filled=  39/1600  obj_max=2669.9  obj_mean=1997.05  qd_score=77885.0  (5.4s, gen_max_obj=2149.6)
gen 205/500  filled=  39/1600  obj_max=2669.9  obj_mean=2006.26  qd_score=78244.1  (5.0s, gen_max_obj=2429.0)
gen 206/500  filled=  39/1600  obj_max=2669.9  obj_mean=2006.26  qd_score=78244.1  (5.0s, gen_max_obj=1928.0)
gen 207/500  filled=  39/1600  obj_max=2669.9  obj_mean=2006.26  qd_score=78244.1  (5.1s, gen_max_obj=2066.7)
gen 208/500  filled=  39/1600  obj_max=2669.9  obj_mean=2009.35  qd_score=78364.8  (5.3s, gen_max_obj=2288.9)
gen 209/500  filled=  39/1600  obj_max=2669.9  obj_mean=2009.35  qd_score=78364.8  (5.1s, gen_max_obj=1949.5)
gen 210/500  filled=  39/1600  obj_max=2669.9  obj_mean=2014.53  qd_score=78566.5  (5.2s, gen_max_obj=2249.7)
gen 211/500  filled=  39/1600  obj_max=2669.9  obj_mean=2021.15  qd_score=78824.7  (5.0s, gen_max_obj=2308.9)
gen 212/500  filled=  40/1600  obj_max=2669.9  obj_mean=2006.88  qd_score=80275.2  (5.1s, gen_max_obj=2448.9)
gen 213/500  filled=  40/1600  obj_max=2669.9  obj_mean=2006.88  qd_score=80275.2  (5.0s, gen_max_obj=2107.8)
gen 214/500  filled=  41/1600  obj_max=2669.9  obj_mean=2002.06  qd_score=82084.6  (5.2s, gen_max_obj=2147.5)
gen 215/500  filled=  41/1600  obj_max=2669.9  obj_mean=2006.91  qd_score=82283.4  (5.1s, gen_max_obj=2006.5)
gen 216/500  filled=  41/1600  obj_max=2669.9  obj_mean=2006.91  qd_score=82283.4  (5.3s, gen_max_obj=2107.9)
gen 217/500  filled=  41/1600  obj_max=2669.9  obj_mean=2006.91  qd_score=82283.4  (5.0s, gen_max_obj=1867.3)
gen 218/500  filled=  41/1600  obj_max=2669.9  obj_mean=2006.91  qd_score=82283.4  (5.1s, gen_max_obj=2189.8)
gen 219/500  filled=  41/1600  obj_max=2669.9  obj_mean=2006.91  qd_score=82283.4  (5.0s, gen_max_obj=2149.9)
gen 220/500  filled=  41/1600  obj_max=2669.9  obj_mean=2006.91  qd_score=82283.4  (5.4s, gen_max_obj=2030.8)
gen 221/500  filled=  41/1600  obj_max=2669.9  obj_mean=2030.33  qd_score=83243.6  (4.9s, gen_max_obj=2230.0)
gen 222/500  filled=  41/1600  obj_max=2669.9  obj_mean=2030.33  qd_score=83243.6  (5.2s, gen_max_obj=2249.9)
gen 223/500  filled=  41/1600  obj_max=2669.9  obj_mean=2030.33  qd_score=83243.6  (5.8s, gen_max_obj=2167.5)
gen 224/500  filled=  41/1600  obj_max=2669.9  obj_mean=2031.31  qd_score=83283.5  (5.4s, gen_max_obj=2269.9)
gen 225/500  filled=  41/1600  obj_max=2669.9  obj_mean=2031.31  qd_score=83283.5  (5.4s, gen_max_obj=2069.9)
gen 226/500  filled=  41/1600  obj_max=2669.9  obj_mean=2031.31  qd_score=83283.5  (5.2s, gen_max_obj=2169.3)
gen 227/500  filled=  41/1600  obj_max=2669.9  obj_mean=2039.65  qd_score=83625.8  (5.2s, gen_max_obj=2027.4)
gen 228/500  filled=  41/1600  obj_max=2669.9  obj_mean=2041.13  qd_score=83686.4  (5.3s, gen_max_obj=2027.6)
gen 229/500  filled=  41/1600  obj_max=2669.9  obj_mean=2041.13  qd_score=83686.4  (5.4s, gen_max_obj=2110.4)
gen 230/500  filled=  41/1600  obj_max=2669.9  obj_mean=2041.13  qd_score=83686.4  (4.9s, gen_max_obj=2070.3)
gen 231/500  filled=  41/1600  obj_max=2669.9  obj_mean=2043.13  qd_score=83768.5  (4.9s, gen_max_obj=2307.5)
gen 232/500  filled=  41/1600  obj_max=2669.9  obj_mean=2051.91  qd_score=84128.1  (5.0s, gen_max_obj=2007.6)
gen 233/500  filled=  42/1600  obj_max=2669.9  obj_mean=2051.30  qd_score=86154.8  (5.3s, gen_max_obj=2648.6)
gen 234/500  filled=  42/1600  obj_max=2669.9  obj_mean=2051.30  qd_score=86154.8  (5.4s, gen_max_obj=2149.6)
gen 235/500  filled=  42/1600  obj_max=2669.9  obj_mean=2051.30  qd_score=86154.8  (5.2s, gen_max_obj=2029.4)
gen 236/500  filled=  42/1600  obj_max=2669.9  obj_mean=2051.77  qd_score=86174.4  (5.2s, gen_max_obj=2306.8)
gen 237/500  filled=  42/1600  obj_max=2669.9  obj_mean=2051.77  qd_score=86174.4  (5.0s, gen_max_obj=2110.0)
gen 238/500  filled=  42/1600  obj_max=2669.9  obj_mean=2051.77  qd_score=86174.4  (4.9s, gen_max_obj=2049.9)
gen 239/500  filled=  42/1600  obj_max=2669.9  obj_mean=2051.77  qd_score=86174.4  (4.9s, gen_max_obj=2109.6)
gen 240/500  filled=  42/1600  obj_max=2669.9  obj_mean=2051.77  qd_score=86174.4  (5.3s, gen_max_obj=1950.1)
gen 241/500  filled=  42/1600  obj_max=2688.6  obj_mean=2061.31  qd_score=86575.0  (5.2s, gen_max_obj=2688.6)
gen 242/500  filled=  42/1600  obj_max=2688.6  obj_mean=2066.51  qd_score=86793.3  (5.1s, gen_max_obj=2327.9)
gen 243/500  filled=  42/1600  obj_max=2688.6  obj_mean=2066.51  qd_score=86793.3  (4.9s, gen_max_obj=2247.8)
gen 244/500  filled=  42/1600  obj_max=2688.6  obj_mean=2066.51  qd_score=86793.3  (5.2s, gen_max_obj=2267.8)
gen 245/500  filled=  42/1600  obj_max=2688.6  obj_mean=2066.51  qd_score=86793.3  (4.9s, gen_max_obj=2209.0)
gen 246/500  filled=  42/1600  obj_max=2688.6  obj_mean=2066.51  qd_score=86793.3  (5.2s, gen_max_obj=1989.8)
gen 247/500  filled=  42/1600  obj_max=2688.6  obj_mean=2066.51  qd_score=86793.3  (5.0s, gen_max_obj=1908.8)
gen 248/500  filled=  42/1600  obj_max=2688.6  obj_mean=2066.51  qd_score=86793.3  (5.0s, gen_max_obj=1971.3)
gen 249/500  filled=  42/1600  obj_max=2688.6  obj_mean=2066.51  qd_score=86793.3  (5.3s, gen_max_obj=2050.4)
gen 250/500  filled=  42/1600  obj_max=2688.6  obj_mean=2066.51  qd_score=86793.3  (5.1s, gen_max_obj=2107.7)
gen 251/500  filled=  42/1600  obj_max=2688.6  obj_mean=2066.51  qd_score=86793.3  (5.4s, gen_max_obj=2110.3)
gen 252/500  filled=  42/1600  obj_max=2688.6  obj_mean=2066.51  qd_score=86793.3  (5.7s, gen_max_obj=2010.2)
gen 253/500  filled=  42/1600  obj_max=2688.6  obj_mean=2066.51  qd_score=86793.3  (5.7s, gen_max_obj=2029.6)
gen 254/500  filled=  42/1600  obj_max=2688.6  obj_mean=2069.90  qd_score=86935.8  (5.4s, gen_max_obj=2249.8)
gen 255/500  filled=  42/1600  obj_max=2688.6  obj_mean=2071.38  qd_score=86997.8  (5.3s, gen_max_obj=2350.9)
gen 256/500  filled=  42/1600  obj_max=2688.6  obj_mean=2071.38  qd_score=86997.8  (5.2s, gen_max_obj=2190.8)
gen 257/500  filled=  42/1600  obj_max=2688.6  obj_mean=2071.38  qd_score=86997.8  (5.2s, gen_max_obj=2027.0)
gen 258/500  filled=  42/1600  obj_max=2688.6  obj_mean=2071.38  qd_score=86997.8  (5.9s, gen_max_obj=2149.8)
gen 259/500  filled=  42/1600  obj_max=2688.6  obj_mean=2071.38  qd_score=86997.8  (6.5s, gen_max_obj=2046.5)
gen 260/500  filled=  42/1600  obj_max=2688.6  obj_mean=2071.38  qd_score=86997.8  (5.4s, gen_max_obj=1989.9)
gen 261/500  filled=  42/1600  obj_max=2688.6  obj_mean=2071.38  qd_score=86997.8  (5.6s, gen_max_obj=2089.8)
gen 262/500  filled=  42/1600  obj_max=2688.6  obj_mean=2080.01  qd_score=87360.3  (5.7s, gen_max_obj=2589.6)
gen 263/500  filled=  42/1600  obj_max=2688.6  obj_mean=2080.01  qd_score=87360.3  (5.7s, gen_max_obj=2349.9)
gen 264/500  filled=  42/1600  obj_max=2688.6  obj_mean=2080.01  qd_score=87360.3  (5.9s, gen_max_obj=2229.2)
gen 265/500  filled=  42/1600  obj_max=2688.6  obj_mean=2080.01  qd_score=87360.3  (5.5s, gen_max_obj=2049.8)
gen 266/500  filled=  42/1600  obj_max=2688.6  obj_mean=2081.40  qd_score=87418.7  (5.4s, gen_max_obj=2010.7)
gen 267/500  filled=  42/1600  obj_max=2688.6  obj_mean=2081.40  qd_score=87418.7  (5.5s, gen_max_obj=2029.5)
gen 268/500  filled=  42/1600  obj_max=2688.6  obj_mean=2081.40  qd_score=87418.7  (5.3s, gen_max_obj=2167.1)
gen 269/500  filled=  42/1600  obj_max=2688.6  obj_mean=2081.40  qd_score=87418.7  (5.8s, gen_max_obj=2066.7)
gen 270/500  filled=  42/1600  obj_max=2688.6  obj_mean=2081.40  qd_score=87418.7  (5.6s, gen_max_obj=1927.2)
gen 271/500  filled=  42/1600  obj_max=2688.6  obj_mean=2081.40  qd_score=87418.7  (5.2s, gen_max_obj=1986.6)
gen 272/500  filled=  43/1600  obj_max=2688.6  obj_mean=2064.79  qd_score=88785.9  (5.2s, gen_max_obj=1987.0)
gen 273/500  filled=  43/1600  obj_max=2688.6  obj_mean=2064.79  qd_score=88785.9  (5.2s, gen_max_obj=2144.6)
gen 274/500  filled=  43/1600  obj_max=2688.6  obj_mean=2064.79  qd_score=88785.9  (5.6s, gen_max_obj=1966.7)
gen 275/500  filled=  43/1600  obj_max=2688.6  obj_mean=2064.79  qd_score=88785.9  (5.6s, gen_max_obj=2089.8)
gen 276/500  filled=  43/1600  obj_max=2688.6  obj_mean=2064.79  qd_score=88785.9  (5.5s, gen_max_obj=2025.1)
gen 277/500  filled=  44/1600  obj_max=2688.6  obj_mean=2041.59  qd_score=89830.1  (5.4s, gen_max_obj=2026.7)
gen 278/500  filled=  44/1600  obj_max=2688.6  obj_mean=2041.59  qd_score=89830.1  (5.3s, gen_max_obj=1990.4)
gen 279/500  filled=  44/1600  obj_max=2688.6  obj_mean=2052.52  qd_score=90311.1  (6.5s, gen_max_obj=2067.1)
gen 280/500  filled=  44/1600  obj_max=2688.6  obj_mean=2065.75  qd_score=90893.0  (5.5s, gen_max_obj=2225.9)
gen 281/500  filled=  44/1600  obj_max=2688.6  obj_mean=2065.75  qd_score=90893.0  (5.4s, gen_max_obj=1946.5)
gen 282/500  filled=  44/1600  obj_max=2688.6  obj_mean=2065.75  qd_score=90893.0  (5.7s, gen_max_obj=2147.4)
gen 283/500  filled=  44/1600  obj_max=2688.6  obj_mean=2065.75  qd_score=90893.0  (5.3s, gen_max_obj=2030.5)
gen 284/500  filled=  44/1600  obj_max=2688.6  obj_mean=2065.75  qd_score=90893.0  (5.5s, gen_max_obj=2230.7)
gen 285/500  filled=  44/1600  obj_max=2688.6  obj_mean=2065.75  qd_score=90893.0  (5.9s, gen_max_obj=2006.7)
gen 286/500  filled=  44/1600  obj_max=2688.6  obj_mean=2068.48  qd_score=91013.0  (5.6s, gen_max_obj=2027.6)
gen 287/500  filled=  44/1600  obj_max=2688.6  obj_mean=2068.48  qd_score=91013.0  (5.7s, gen_max_obj=1909.8)
gen 288/500  filled=  44/1600  obj_max=2688.6  obj_mean=2082.56  qd_score=91632.5  (5.3s, gen_max_obj=1966.7)
gen 289/500  filled=  44/1600  obj_max=2688.6  obj_mean=2082.56  qd_score=91632.5  (5.4s, gen_max_obj=2089.8)
gen 290/500  filled=  45/1600  obj_max=2688.6  obj_mean=2061.77  qd_score=92779.7  (5.5s, gen_max_obj=2027.1)
gen 291/500  filled=  45/1600  obj_max=2688.6  obj_mean=2061.77  qd_score=92779.7  (5.4s, gen_max_obj=2027.7)
gen 292/500  filled=  45/1600  obj_max=2688.6  obj_mean=2063.10  qd_score=92839.3  (5.4s, gen_max_obj=2090.2)
gen 293/500  filled=  45/1600  obj_max=2688.6  obj_mean=2063.10  qd_score=92839.3  (5.6s, gen_max_obj=1947.5)
gen 294/500  filled=  45/1600  obj_max=2688.6  obj_mean=2063.10  qd_score=92839.3  (5.4s, gen_max_obj=1927.2)
gen 295/500  filled=  45/1600  obj_max=2688.6  obj_mean=2066.71  qd_score=93001.8  (5.4s, gen_max_obj=2107.8)
gen 296/500  filled=  45/1600  obj_max=2688.6  obj_mean=2068.07  qd_score=93063.0  (5.5s, gen_max_obj=2089.7)
gen 297/500  filled=  45/1600  obj_max=2688.6  obj_mean=2086.78  qd_score=93904.9  (5.8s, gen_max_obj=2207.5)
gen 298/500  filled=  45/1600  obj_max=2688.6  obj_mean=2086.78  qd_score=93904.9  (6.0s, gen_max_obj=2147.4)
gen 299/500  filled=  45/1600  obj_max=2688.6  obj_mean=2086.78  qd_score=93904.9  (5.9s, gen_max_obj=2167.2)
gen 300/500  filled=  45/1600  obj_max=2688.6  obj_mean=2088.12  qd_score=93965.3  (6.0s, gen_max_obj=2047.3)
gen 301/500  filled=  45/1600  obj_max=2688.6  obj_mean=2088.12  qd_score=93965.3  (5.5s, gen_max_obj=2006.6)
gen 302/500  filled=  45/1600  obj_max=2688.6  obj_mean=2088.12  qd_score=93965.3  (5.9s, gen_max_obj=2326.9)
gen 303/500  filled=  45/1600  obj_max=2688.6  obj_mean=2088.55  qd_score=93984.6  (5.7s, gen_max_obj=2006.0)
gen 304/500  filled=  45/1600  obj_max=2688.6  obj_mean=2088.55  qd_score=93984.6  (5.8s, gen_max_obj=2049.3)
gen 305/500  filled=  45/1600  obj_max=2688.6  obj_mean=2089.88  qd_score=94044.6  (5.7s, gen_max_obj=2146.6)
gen 306/500  filled=  45/1600  obj_max=2688.6  obj_mean=2091.77  qd_score=94129.6  (5.8s, gen_max_obj=2367.1)
gen 307/500  filled=  45/1600  obj_max=2688.6  obj_mean=2091.77  qd_score=94129.6  (6.4s, gen_max_obj=2170.3)
gen 308/500  filled=  45/1600  obj_max=2688.6  obj_mean=2093.55  qd_score=94209.9  (5.9s, gen_max_obj=2166.9)
gen 309/500  filled=  45/1600  obj_max=2688.6  obj_mean=2094.44  qd_score=94250.0  (5.9s, gen_max_obj=2407.1)
gen 310/500  filled=  45/1600  obj_max=2688.6  obj_mean=2094.44  qd_score=94250.0  (5.9s, gen_max_obj=2029.0)
gen 311/500  filled=  45/1600  obj_max=2688.6  obj_mean=2094.44  qd_score=94250.0  (5.6s, gen_max_obj=2088.7)
gen 312/500  filled=  45/1600  obj_max=2688.6  obj_mean=2094.44  qd_score=94250.0  (5.7s, gen_max_obj=2306.5)
gen 313/500  filled=  45/1600  obj_max=2688.6  obj_mean=2094.44  qd_score=94250.0  (5.6s, gen_max_obj=2086.1)
gen 314/500  filled=  45/1600  obj_max=2688.6  obj_mean=2094.44  qd_score=94250.0  (5.2s, gen_max_obj=2186.5)
gen 315/500  filled=  45/1600  obj_max=2688.6  obj_mean=2094.44  qd_score=94250.0  (5.5s, gen_max_obj=1866.8)
gen 316/500  filled=  45/1600  obj_max=2688.6  obj_mean=2094.44  qd_score=94250.0  (5.5s, gen_max_obj=1946.9)
gen 317/500  filled=  45/1600  obj_max=2688.6  obj_mean=2094.44  qd_score=94250.0  (5.5s, gen_max_obj=2188.5)
gen 318/500  filled=  45/1600  obj_max=2688.6  obj_mean=2094.44  qd_score=94250.0  (5.2s, gen_max_obj=1950.0)
gen 319/500  filled=  46/1600  obj_max=2688.6  obj_mean=2072.98  qd_score=95357.1  (5.3s, gen_max_obj=2147.7)
gen 320/500  filled=  46/1600  obj_max=2688.6  obj_mean=2072.98  qd_score=95357.1  (5.6s, gen_max_obj=2070.4)
gen 321/500  filled=  46/1600  obj_max=2688.6  obj_mean=2072.98  qd_score=95357.1  (5.4s, gen_max_obj=1926.6)
gen 322/500  filled=  46/1600  obj_max=2688.6  obj_mean=2079.10  qd_score=95638.7  (5.7s, gen_max_obj=1909.1)
gen 323/500  filled=  47/1600  obj_max=2688.6  obj_mean=2069.11  qd_score=97248.0  (5.4s, gen_max_obj=1891.4)
gen 324/500  filled=  47/1600  obj_max=2688.6  obj_mean=2069.11  qd_score=97248.0  (5.5s, gen_max_obj=1870.1)
gen 325/500  filled=  47/1600  obj_max=2688.6  obj_mean=2069.11  qd_score=97248.0  (5.0s, gen_max_obj=2029.9)
gen 326/500  filled=  47/1600  obj_max=2688.6  obj_mean=2069.11  qd_score=97248.0  (5.3s, gen_max_obj=2209.8)
gen 327/500  filled=  47/1600  obj_max=2688.6  obj_mean=2069.11  qd_score=97248.0  (5.0s, gen_max_obj=1948.8)
gen 328/500  filled=  47/1600  obj_max=2688.6  obj_mean=2069.11  qd_score=97248.0  (5.1s, gen_max_obj=2029.8)
gen 329/500  filled=  47/1600  obj_max=2688.6  obj_mean=2072.96  qd_score=97429.0  (5.1s, gen_max_obj=2270.6)
gen 330/500  filled=  47/1600  obj_max=2688.6  obj_mean=2072.96  qd_score=97429.0  (5.2s, gen_max_obj=1967.4)
gen 331/500  filled=  47/1600  obj_max=2688.6  obj_mean=2072.96  qd_score=97429.0  (5.3s, gen_max_obj=2330.6)
gen 332/500  filled=  47/1600  obj_max=2688.6  obj_mean=2072.96  qd_score=97429.0  (5.0s, gen_max_obj=2047.1)
gen 333/500  filled=  47/1600  obj_max=2688.6  obj_mean=2072.96  qd_score=97429.0  (5.1s, gen_max_obj=2007.8)
gen 334/500  filled=  47/1600  obj_max=2688.6  obj_mean=2076.87  qd_score=97612.9  (5.4s, gen_max_obj=2110.7)
gen 335/500  filled=  47/1600  obj_max=2688.6  obj_mean=2078.55  qd_score=97692.1  (5.4s, gen_max_obj=2327.3)
gen 336/500  filled=  47/1600  obj_max=2688.6  obj_mean=2078.55  qd_score=97692.1  (5.5s, gen_max_obj=2128.0)
gen 337/500  filled=  47/1600  obj_max=2688.6  obj_mean=2078.55  qd_score=97692.1  (5.4s, gen_max_obj=1989.3)
gen 338/500  filled=  47/1600  obj_max=2688.6  obj_mean=2078.55  qd_score=97692.1  (5.2s, gen_max_obj=2247.3)
gen 339/500  filled=  47/1600  obj_max=2688.6  obj_mean=2078.55  qd_score=97692.1  (5.2s, gen_max_obj=2050.4)
gen 340/500  filled=  47/1600  obj_max=2688.6  obj_mean=2078.55  qd_score=97692.1  (5.5s, gen_max_obj=2009.1)
gen 341/500  filled=  47/1600  obj_max=2688.6  obj_mean=2078.55  qd_score=97692.1  (5.1s, gen_max_obj=2007.6)
gen 342/500  filled=  47/1600  obj_max=2688.6  obj_mean=2088.74  qd_score=98170.8  (5.2s, gen_max_obj=2430.1)
gen 343/500  filled=  47/1600  obj_max=2688.6  obj_mean=2093.08  qd_score=98374.7  (5.1s, gen_max_obj=2291.5)
gen 344/500  filled=  47/1600  obj_max=2688.6  obj_mean=2093.08  qd_score=98374.7  (5.1s, gen_max_obj=2007.1)
gen 345/500  filled=  47/1600  obj_max=2688.6  obj_mean=2093.08  qd_score=98374.7  (5.1s, gen_max_obj=2109.8)
gen 346/500  filled=  47/1600  obj_max=2688.6  obj_mean=2093.08  qd_score=98374.7  (5.4s, gen_max_obj=2110.9)
gen 347/500  filled=  47/1600  obj_max=2688.6  obj_mean=2093.08  qd_score=98374.7  (5.0s, gen_max_obj=2227.3)
gen 348/500  filled=  47/1600  obj_max=2688.6  obj_mean=2093.08  qd_score=98374.7  (5.3s, gen_max_obj=1950.0)
gen 349/500  filled=  47/1600  obj_max=2688.6  obj_mean=2093.08  qd_score=98374.7  (5.1s, gen_max_obj=1950.6)
gen 350/500  filled=  47/1600  obj_max=2688.6  obj_mean=2093.08  qd_score=98374.7  (5.1s, gen_max_obj=2048.4)
gen 351/500  filled=  47/1600  obj_max=2688.6  obj_mean=2093.08  qd_score=98374.7  (5.4s, gen_max_obj=2147.2)
gen 352/500  filled=  47/1600  obj_max=2688.6  obj_mean=2093.08  qd_score=98374.7  (5.5s, gen_max_obj=2048.7)
gen 353/500  filled=  47/1600  obj_max=2688.6  obj_mean=2093.08  qd_score=98374.7  (5.8s, gen_max_obj=2107.1)
gen 354/500  filled=  47/1600  obj_max=2688.6  obj_mean=2093.08  qd_score=98374.7  (5.6s, gen_max_obj=2249.6)
gen 355/500  filled=  47/1600  obj_max=2688.6  obj_mean=2093.08  qd_score=98374.7  (5.4s, gen_max_obj=2129.6)
gen 356/500  filled=  47/1600  obj_max=2688.6  obj_mean=2093.53  qd_score=98395.9  (5.2s, gen_max_obj=2291.1)
gen 357/500  filled=  47/1600  obj_max=2688.6  obj_mean=2094.42  qd_score=98437.7  (5.4s, gen_max_obj=2046.1)
gen 358/500  filled=  47/1600  obj_max=2688.6  obj_mean=2095.26  qd_score=98477.2  (5.2s, gen_max_obj=2107.0)
gen 359/500  filled=  47/1600  obj_max=2688.6  obj_mean=2100.36  qd_score=98717.0  (5.2s, gen_max_obj=2072.1)
gen 360/500  filled=  47/1600  obj_max=2688.6  obj_mean=2100.36  qd_score=98717.0  (5.5s, gen_max_obj=2050.3)
gen 361/500  filled=  47/1600  obj_max=2688.6  obj_mean=2103.24  qd_score=98852.1  (5.4s, gen_max_obj=2048.6)
gen 362/500  filled=  47/1600  obj_max=2688.6  obj_mean=2116.93  qd_score=99495.6  (5.6s, gen_max_obj=2429.7)
gen 363/500  filled=  47/1600  obj_max=2688.6  obj_mean=2118.19  qd_score=99555.0  (5.6s, gen_max_obj=2089.6)
gen 364/500  filled=  47/1600  obj_max=2688.6  obj_mean=2118.19  qd_score=99555.0  (5.2s, gen_max_obj=2128.8)
gen 365/500  filled=  47/1600  obj_max=2688.6  obj_mean=2118.19  qd_score=99555.0  (5.2s, gen_max_obj=2072.6)
gen 366/500  filled=  47/1600  obj_max=2688.6  obj_mean=2118.19  qd_score=99555.0  (5.3s, gen_max_obj=2289.1)
gen 367/500  filled=  47/1600  obj_max=2688.6  obj_mean=2119.05  qd_score=99595.3  (5.1s, gen_max_obj=2267.4)
gen 368/500  filled=  47/1600  obj_max=2688.6  obj_mean=2121.12  qd_score=99692.6  (5.1s, gen_max_obj=2207.9)
gen 369/500  filled=  47/1600  obj_max=2688.6  obj_mean=2121.12  qd_score=99692.6  (5.3s, gen_max_obj=2052.1)
gen 370/500  filled=  47/1600  obj_max=2688.6  obj_mean=2126.25  qd_score=99933.6  (5.6s, gen_max_obj=2228.5)
gen 371/500  filled=  47/1600  obj_max=2688.6  obj_mean=2126.25  qd_score=99933.6  (5.2s, gen_max_obj=2209.5)
gen 372/500  filled=  47/1600  obj_max=2688.6  obj_mean=2126.25  qd_score=99933.6  (5.2s, gen_max_obj=2148.4)
gen 373/500  filled=  47/1600  obj_max=2688.6  obj_mean=2127.92  qd_score=100012.4  (5.1s, gen_max_obj=2309.6)
gen 374/500  filled=  47/1600  obj_max=2688.6  obj_mean=2127.92  qd_score=100012.4  (5.3s, gen_max_obj=2127.3)
gen 375/500  filled=  47/1600  obj_max=2688.6  obj_mean=2127.92  qd_score=100012.4  (5.3s, gen_max_obj=2005.8)
gen 376/500  filled=  47/1600  obj_max=2688.6  obj_mean=2127.92  qd_score=100012.4  (5.2s, gen_max_obj=2187.2)
gen 377/500  filled=  47/1600  obj_max=2688.6  obj_mean=2127.92  qd_score=100012.4  (5.2s, gen_max_obj=1927.3)
gen 378/500  filled=  47/1600  obj_max=2688.6  obj_mean=2127.92  qd_score=100012.4  (5.7s, gen_max_obj=2047.1)
gen 379/500  filled=  47/1600  obj_max=2688.6  obj_mean=2129.19  qd_score=100072.0  (5.1s, gen_max_obj=2127.4)
gen 380/500  filled=  47/1600  obj_max=2688.6  obj_mean=2129.19  qd_score=100072.0  (5.2s, gen_max_obj=1987.6)
gen 381/500  filled=  47/1600  obj_max=2688.6  obj_mean=2129.19  qd_score=100072.0  (5.2s, gen_max_obj=2030.2)
gen 382/500  filled=  47/1600  obj_max=2688.6  obj_mean=2129.19  qd_score=100072.0  (5.2s, gen_max_obj=2147.8)
gen 383/500  filled=  47/1600  obj_max=2688.6  obj_mean=2129.19  qd_score=100072.0  (5.2s, gen_max_obj=2106.8)
gen 384/500  filled=  47/1600  obj_max=2688.6  obj_mean=2129.19  qd_score=100072.0  (5.5s, gen_max_obj=2246.6)
gen 385/500  filled=  47/1600  obj_max=2688.6  obj_mean=2129.19  qd_score=100072.0  (5.0s, gen_max_obj=1967.2)
gen 386/500  filled=  47/1600  obj_max=2688.6  obj_mean=2129.19  qd_score=100072.0  (5.0s, gen_max_obj=2145.1)
gen 387/500  filled=  47/1600  obj_max=2688.6  obj_mean=2129.19  qd_score=100072.0  (5.1s, gen_max_obj=1966.7)
gen 388/500  filled=  47/1600  obj_max=2688.6  obj_mean=2129.20  qd_score=100072.4  (5.0s, gen_max_obj=2029.5)
gen 389/500  filled=  47/1600  obj_max=2688.6  obj_mean=2129.20  qd_score=100072.4  (5.4s, gen_max_obj=2107.7)
gen 390/500  filled=  47/1600  obj_max=2688.6  obj_mean=2130.02  qd_score=100110.7  (5.2s, gen_max_obj=2067.8)
gen 391/500  filled=  47/1600  obj_max=2688.6  obj_mean=2130.02  qd_score=100110.7  (5.3s, gen_max_obj=2029.2)
gen 392/500  filled=  48/1600  obj_max=2688.6  obj_mean=2114.89  qd_score=101514.9  (5.2s, gen_max_obj=2191.4)
gen 393/500  filled=  48/1600  obj_max=2688.6  obj_mean=2114.89  qd_score=101514.9  (5.2s, gen_max_obj=2106.4)
gen 394/500  filled=  48/1600  obj_max=2688.6  obj_mean=2114.89  qd_score=101514.9  (5.3s, gen_max_obj=2011.1)
gen 395/500  filled=  48/1600  obj_max=2688.6  obj_mean=2114.89  qd_score=101514.9  (5.5s, gen_max_obj=2130.4)
gen 396/500  filled=  48/1600  obj_max=2688.6  obj_mean=2116.61  qd_score=101597.4  (5.2s, gen_max_obj=1986.3)
gen 397/500  filled=  48/1600  obj_max=2688.6  obj_mean=2116.61  qd_score=101597.4  (5.2s, gen_max_obj=2086.4)
gen 398/500  filled=  48/1600  obj_max=2688.6  obj_mean=2120.04  qd_score=101762.0  (5.1s, gen_max_obj=2371.5)
gen 399/500  filled=  48/1600  obj_max=2688.6  obj_mean=2120.04  qd_score=101762.0  (5.1s, gen_max_obj=2125.7)
gen 400/500  filled=  48/1600  obj_max=2688.6  obj_mean=2120.04  qd_score=101762.0  (5.4s, gen_max_obj=2029.9)
gen 401/500  filled=  48/1600  obj_max=2688.6  obj_mean=2120.04  qd_score=101762.0  (5.1s, gen_max_obj=2051.3)
gen 402/500  filled=  48/1600  obj_max=2688.6  obj_mean=2120.04  qd_score=101762.0  (5.2s, gen_max_obj=2045.7)
gen 403/500  filled=  48/1600  obj_max=2688.6  obj_mean=2120.04  qd_score=101762.0  (5.3s, gen_max_obj=2206.8)
gen 404/500  filled=  48/1600  obj_max=2688.6  obj_mean=2120.04  qd_score=101762.0  (5.3s, gen_max_obj=2205.1)
gen 405/500  filled=  48/1600  obj_max=2688.6  obj_mean=2120.04  qd_score=101762.0  (5.1s, gen_max_obj=2046.1)
gen 406/500  filled=  48/1600  obj_max=2688.6  obj_mean=2120.40  qd_score=101779.2  (5.4s, gen_max_obj=2225.1)
gen 407/500  filled=  48/1600  obj_max=2688.6  obj_mean=2120.40  qd_score=101779.2  (5.4s, gen_max_obj=1946.1)
gen 408/500  filled=  48/1600  obj_max=2688.6  obj_mean=2120.40  qd_score=101779.2  (5.5s, gen_max_obj=2107.3)
gen 409/500  filled=  48/1600  obj_max=2688.6  obj_mean=2120.40  qd_score=101779.2  (5.6s, gen_max_obj=1924.8)
gen 410/500  filled=  48/1600  obj_max=2688.6  obj_mean=2125.77  qd_score=102037.0  (5.2s, gen_max_obj=2387.6)
gen 411/500  filled=  48/1600  obj_max=2688.6  obj_mean=2126.61  qd_score=102077.2  (5.3s, gen_max_obj=2265.3)
gen 412/500  filled=  48/1600  obj_max=2688.6  obj_mean=2126.61  qd_score=102077.2  (5.1s, gen_max_obj=1964.9)
gen 413/500  filled=  48/1600  obj_max=2688.6  obj_mean=2126.61  qd_score=102077.2  (5.3s, gen_max_obj=2147.7)
gen 414/500  filled=  48/1600  obj_max=2688.6  obj_mean=2126.61  qd_score=102077.2  (5.1s, gen_max_obj=2148.1)
gen 415/500  filled=  48/1600  obj_max=2688.6  obj_mean=2126.61  qd_score=102077.2  (5.2s, gen_max_obj=2227.6)
gen 416/500  filled=  48/1600  obj_max=2688.6  obj_mean=2126.61  qd_score=102077.2  (5.1s, gen_max_obj=2107.1)
gen 417/500  filled=  48/1600  obj_max=2688.6  obj_mean=2127.92  qd_score=102140.0  (5.9s, gen_max_obj=2390.1)
gen 418/500  filled=  48/1600  obj_max=2688.6  obj_mean=2127.92  qd_score=102140.0  (6.4s, gen_max_obj=2044.0)
gen 419/500  filled=  48/1600  obj_max=2688.6  obj_mean=2127.92  qd_score=102140.0  (5.7s, gen_max_obj=1931.8)
gen 420/500  filled=  48/1600  obj_max=2688.6  obj_mean=2127.92  qd_score=102140.0  (6.0s, gen_max_obj=2183.6)
gen 421/500  filled=  48/1600  obj_max=2688.6  obj_mean=2128.70  qd_score=102177.4  (5.3s, gen_max_obj=2245.7)
gen 422/500  filled=  48/1600  obj_max=2688.6  obj_mean=2128.70  qd_score=102177.4  (4.9s, gen_max_obj=2068.1)
gen 423/500  filled=  48/1600  obj_max=2688.6  obj_mean=2128.70  qd_score=102177.4  (4.9s, gen_max_obj=2185.6)
gen 424/500  filled=  48/1600  obj_max=2688.6  obj_mean=2128.70  qd_score=102177.4  (5.2s, gen_max_obj=2228.9)
gen 425/500  filled=  48/1600  obj_max=2688.6  obj_mean=2128.70  qd_score=102177.4  (5.9s, gen_max_obj=2025.4)
gen 426/500  filled=  48/1600  obj_max=2688.6  obj_mean=2128.70  qd_score=102177.4  (6.0s, gen_max_obj=2049.9)
gen 427/500  filled=  48/1600  obj_max=2688.6  obj_mean=2132.48  qd_score=102359.1  (5.2s, gen_max_obj=1965.0)
gen 428/500  filled=  48/1600  obj_max=2688.6  obj_mean=2132.48  qd_score=102359.1  (4.9s, gen_max_obj=2267.0)
gen 429/500  filled=  48/1600  obj_max=2688.6  obj_mean=2134.94  qd_score=102477.3  (4.9s, gen_max_obj=2086.6)
gen 430/500  filled=  48/1600  obj_max=2688.6  obj_mean=2136.94  qd_score=102573.1  (5.0s, gen_max_obj=2386.8)
gen 431/500  filled=  48/1600  obj_max=2688.6  obj_mean=2138.67  qd_score=102656.1  (5.5s, gen_max_obj=2325.9)
gen 432/500  filled=  48/1600  obj_max=2688.6  obj_mean=2139.46  qd_score=102694.3  (5.4s, gen_max_obj=2108.6)
gen 433/500  filled=  48/1600  obj_max=2688.6  obj_mean=2142.38  qd_score=102834.3  (5.2s, gen_max_obj=2089.6)
gen 434/500  filled=  48/1600  obj_max=2688.6  obj_mean=2142.38  qd_score=102834.3  (4.9s, gen_max_obj=2029.0)
gen 435/500  filled=  48/1600  obj_max=2688.6  obj_mean=2142.38  qd_score=102834.3  (5.2s, gen_max_obj=2206.2)
gen 436/500  filled=  48/1600  obj_max=2688.6  obj_mean=2142.38  qd_score=102834.3  (4.9s, gen_max_obj=2306.7)
gen 437/500  filled=  48/1600  obj_max=2688.6  obj_mean=2142.38  qd_score=102834.3  (4.9s, gen_max_obj=2209.1)
gen 438/500  filled=  48/1600  obj_max=2688.6  obj_mean=2147.00  qd_score=103056.0  (4.9s, gen_max_obj=2366.8)
gen 439/500  filled=  48/1600  obj_max=2688.6  obj_mean=2147.40  qd_score=103075.1  (5.0s, gen_max_obj=2225.3)
gen 440/500  filled=  48/1600  obj_max=2688.6  obj_mean=2148.66  qd_score=103135.8  (5.1s, gen_max_obj=2245.4)
gen 441/500  filled=  48/1600  obj_max=2688.6  obj_mean=2148.66  qd_score=103135.8  (4.8s, gen_max_obj=2145.0)
gen 442/500  filled=  48/1600  obj_max=2688.6  obj_mean=2153.68  qd_score=103376.5  (4.9s, gen_max_obj=2245.7)
gen 443/500  filled=  48/1600  obj_max=2688.6  obj_mean=2153.68  qd_score=103376.5  (4.9s, gen_max_obj=2085.4)
gen 444/500  filled=  48/1600  obj_max=2688.6  obj_mean=2153.68  qd_score=103376.5  (5.1s, gen_max_obj=2208.8)
gen 445/500  filled=  48/1600  obj_max=2688.6  obj_mean=2153.68  qd_score=103376.5  (5.1s, gen_max_obj=2125.3)
gen 446/500  filled=  48/1600  obj_max=2688.6  obj_mean=2153.68  qd_score=103376.5  (4.8s, gen_max_obj=2127.1)
gen 447/500  filled=  48/1600  obj_max=2688.6  obj_mean=2153.68  qd_score=103376.5  (4.9s, gen_max_obj=2004.7)
gen 448/500  filled=  48/1600  obj_max=2688.6  obj_mean=2156.18  qd_score=103496.6  (4.9s, gen_max_obj=2487.0)
gen 449/500  filled=  48/1600  obj_max=2688.6  obj_mean=2156.18  qd_score=103496.6  (5.1s, gen_max_obj=2065.3)
gen 450/500  filled=  48/1600  obj_max=2688.6  obj_mean=2156.18  qd_score=103496.6  (4.9s, gen_max_obj=2125.2)
gen 451/500  filled=  48/1600  obj_max=2688.6  obj_mean=2156.18  qd_score=103496.6  (5.2s, gen_max_obj=2105.4)
gen 452/500  filled=  48/1600  obj_max=2688.6  obj_mean=2156.18  qd_score=103496.6  (4.9s, gen_max_obj=2205.6)
gen 453/500  filled=  48/1600  obj_max=2688.6  obj_mean=2156.18  qd_score=103496.6  (4.8s, gen_max_obj=2183.4)
gen 454/500  filled=  48/1600  obj_max=2688.6  obj_mean=2156.18  qd_score=103496.6  (5.1s, gen_max_obj=2165.2)
gen 455/500  filled=  48/1600  obj_max=2688.6  obj_mean=2156.18  qd_score=103496.6  (4.9s, gen_max_obj=2125.6)
gen 456/500  filled=  48/1600  obj_max=2688.6  obj_mean=2156.18  qd_score=103496.6  (4.8s, gen_max_obj=2246.1)
gen 457/500  filled=  48/1600  obj_max=2688.6  obj_mean=2156.18  qd_score=103496.6  (4.9s, gen_max_obj=2144.8)
gen 458/500  filled=  49/1600  obj_max=2688.6  obj_mean=2134.32  qd_score=104581.8  (5.0s, gen_max_obj=2389.2)
gen 459/500  filled=  49/1600  obj_max=2688.6  obj_mean=2149.43  qd_score=105322.0  (5.0s, gen_max_obj=2105.1)
gen 460/500  filled=  49/1600  obj_max=2688.6  obj_mean=2149.43  qd_score=105322.0  (4.9s, gen_max_obj=2171.0)
gen 461/500  filled=  49/1600  obj_max=2688.6  obj_mean=2149.43  qd_score=105322.0  (4.9s, gen_max_obj=2004.9)
gen 462/500  filled=  49/1600  obj_max=2688.6  obj_mean=2150.59  qd_score=105379.0  (5.0s, gen_max_obj=2447.1)
gen 463/500  filled=  49/1600  obj_max=2688.6  obj_mean=2150.59  qd_score=105379.0  (4.8s, gen_max_obj=2186.7)
gen 464/500  filled=  49/1600  obj_max=2688.6  obj_mean=2150.59  qd_score=105379.0  (4.9s, gen_max_obj=2049.1)
gen 465/500  filled=  49/1600  obj_max=2688.6  obj_mean=2150.59  qd_score=105379.0  (4.9s, gen_max_obj=2066.3)
gen 466/500  filled=  49/1600  obj_max=2688.6  obj_mean=2150.59  qd_score=105379.0  (4.9s, gen_max_obj=2164.8)
gen 467/500  filled=  49/1600  obj_max=2688.6  obj_mean=2150.59  qd_score=105379.0  (4.9s, gen_max_obj=2244.6)
gen 468/500  filled=  49/1600  obj_max=2688.6  obj_mean=2154.67  qd_score=105579.1  (4.9s, gen_max_obj=2144.9)
gen 469/500  filled=  49/1600  obj_max=2688.6  obj_mean=2164.53  qd_score=106062.0  (4.9s, gen_max_obj=2669.1)
gen 470/500  filled=  49/1600  obj_max=2688.6  obj_mean=2168.63  qd_score=106262.6  (5.1s, gen_max_obj=2305.1)
gen 471/500  filled=  49/1600  obj_max=2688.6  obj_mean=2172.38  qd_score=106446.6  (5.1s, gen_max_obj=2289.2)
gen 472/500  filled=  49/1600  obj_max=2688.6  obj_mean=2172.38  qd_score=106446.6  (5.3s, gen_max_obj=2148.1)
gen 473/500  filled=  49/1600  obj_max=2688.6  obj_mean=2172.38  qd_score=106446.6  (4.9s, gen_max_obj=2144.6)
gen 474/500  filled=  49/1600  obj_max=2688.6  obj_mean=2172.38  qd_score=106446.6  (5.0s, gen_max_obj=2089.5)
gen 475/500  filled=  49/1600  obj_max=2688.6  obj_mean=2177.24  qd_score=106684.7  (4.9s, gen_max_obj=2167.4)
gen 476/500  filled=  49/1600  obj_max=2688.6  obj_mean=2177.24  qd_score=106684.7  (4.9s, gen_max_obj=2308.8)
gen 477/500  filled=  49/1600  obj_max=2688.6  obj_mean=2177.69  qd_score=106706.7  (5.4s, gen_max_obj=2088.8)
gen 478/500  filled=  49/1600  obj_max=2688.6  obj_mean=2177.69  qd_score=106706.7  (5.0s, gen_max_obj=2109.0)
gen 479/500  filled=  49/1600  obj_max=2688.6  obj_mean=2178.04  qd_score=106723.8  (4.9s, gen_max_obj=2327.0)
gen 480/500  filled=  50/1600  obj_max=2688.6  obj_mean=2168.18  qd_score=108409.1  (5.1s, gen_max_obj=2250.3)
gen 481/500  filled=  50/1600  obj_max=2688.6  obj_mean=2168.18  qd_score=108409.1  (4.9s, gen_max_obj=2270.0)
gen 482/500  filled=  50/1600  obj_max=2688.6  obj_mean=2180.58  qd_score=109029.1  (4.9s, gen_max_obj=2305.3)
gen 483/500  filled=  50/1600  obj_max=2688.6  obj_mean=2181.84  qd_score=109091.9  (4.8s, gen_max_obj=2049.1)
gen 484/500  filled=  51/1600  obj_max=2688.6  obj_mean=2169.75  qd_score=110657.0  (5.0s, gen_max_obj=2107.2)
gen 485/500  filled=  51/1600  obj_max=2688.6  obj_mean=2175.23  qd_score=110936.8  (4.9s, gen_max_obj=2186.6)
gen 486/500  filled=  51/1600  obj_max=2949.9  obj_mean=2195.22  qd_score=111956.3  (4.8s, gen_max_obj=2949.9)
gen 487/500  filled=  51/1600  obj_max=2949.9  obj_mean=2200.68  qd_score=112234.7  (5.1s, gen_max_obj=2206.6)
gen 488/500  filled=  51/1600  obj_max=2949.9  obj_mean=2206.29  qd_score=112520.6  (4.9s, gen_max_obj=2469.1)
gen 489/500  filled=  51/1600  obj_max=2949.9  obj_mean=2208.70  qd_score=112643.5  (4.9s, gen_max_obj=2287.9)
gen 490/500  filled=  51/1600  obj_max=2949.9  obj_mean=2212.63  qd_score=112844.3  (5.0s, gen_max_obj=2207.1)
gen 491/500  filled=  51/1600  obj_max=2949.9  obj_mean=2213.04  qd_score=112865.2  (4.9s, gen_max_obj=2308.8)
gen 492/500  filled=  51/1600  obj_max=2949.9  obj_mean=2217.76  qd_score=113105.7  (5.2s, gen_max_obj=2549.2)
gen 493/500  filled=  51/1600  obj_max=2949.9  obj_mean=2217.76  qd_score=113105.7  (5.4s, gen_max_obj=2186.6)
gen 494/500  filled=  52/1600  obj_max=2949.9  obj_mean=2202.94  qd_score=114553.0  (4.9s, gen_max_obj=2148.8)
gen 495/500  filled=  52/1600  obj_max=2949.9  obj_mean=2202.94  qd_score=114553.0  (4.9s, gen_max_obj=2088.8)
gen 496/500  filled=  52/1600  obj_max=2949.9  obj_mean=2202.94  qd_score=114553.0  (5.0s, gen_max_obj=2209.3)
gen 497/500  filled=  52/1600  obj_max=2949.9  obj_mean=2202.94  qd_score=114553.0  (5.2s, gen_max_obj=2148.8)
gen 498/500  filled=  52/1600  obj_max=2949.9  obj_mean=2202.94  qd_score=114553.0  (4.9s, gen_max_obj=2104.5)
gen 499/500  filled=  52/1600  obj_max=2949.9  obj_mean=2207.16  qd_score=114772.3  (4.9s, gen_max_obj=2249.2)
gen 500/500  filled=  52/1600  obj_max=2949.9  obj_mean=2207.16  qd_score=114772.3  (4.9s, gen_max_obj=2250.9)

total: 2621.2s
saved archive to results/exp_2026-06-03_layout_resind_50k_cont500.npz (52 elites)
=== Wed Jun  3 17:55:25 EDT 2026 replay top-5 ===
Traceback (most recent call last):
  File "/Users/juliantogelius/code/slimcity/results/replay_layout_archive.py", line 7, in <module>
    from evaluate import evaluate
ModuleNotFoundError: No module named 'evaluate'
