# started 2026-06-04 18:34:05  policy=layout gens=500000 save=results/weekend_layout_resind.npz
gen   1/500000  filled=  27/2500  obj_max=1207.6  obj_mean=529.11  qd_score=14285.9  (10.7s, gen_max_obj=1207.6)
gen   2/500000  filled=  32/2500  obj_max=1207.6  obj_mean=598.64  qd_score=19156.6  (8.0s, gen_max_obj=969.9)
gen   3/500000  filled=  34/2500  obj_max=1207.6  obj_mean=666.22  qd_score=22651.6  (8.3s, gen_max_obj=1167.6)
gen   4/500000  filled=  38/2500  obj_max=1207.6  obj_mean=656.38  qd_score=24942.4  (8.6s, gen_max_obj=985.0)
gen   5/500000  filled=  42/2500  obj_max=1207.6  obj_mean=677.65  qd_score=28461.3  (8.8s, gen_max_obj=986.6)
gen   6/500000  filled=  44/2500  obj_max=1294.0  obj_mean=711.16  qd_score=31291.1  (9.0s, gen_max_obj=1294.0)
gen   7/500000  filled=  47/2500  obj_max=1622.0  obj_mean=746.33  qd_score=35077.5  (9.1s, gen_max_obj=1622.0)
gen   8/500000  filled=  48/2500  obj_max=1622.0  obj_mean=777.82  qd_score=37335.3  (10.0s, gen_max_obj=1187.9)
gen   9/500000  filled=  50/2500  obj_max=1622.0  obj_mean=796.26  qd_score=39812.9  (9.2s, gen_max_obj=1107.5)
gen  10/500000  filled=  51/2500  obj_max=1622.0  obj_mean=820.69  qd_score=41855.2  (9.1s, gen_max_obj=1165.2)
gen  11/500000  filled=  54/2500  obj_max=1622.0  obj_mean=838.45  qd_score=45276.4  (9.2s, gen_max_obj=1151.4)
gen  12/500000  filled=  59/2500  obj_max=1622.0  obj_mean=856.69  qd_score=50544.7  (9.2s, gen_max_obj=1527.3)
gen  13/500000  filled=  62/2500  obj_max=1622.0  obj_mean=846.58  qd_score=52488.1  (9.2s, gen_max_obj=1046.9)
gen  14/500000  filled=  63/2500  obj_max=1622.0  obj_mean=849.39  qd_score=53511.5  (9.2s, gen_max_obj=1067.3)
gen  15/500000  filled=  64/2500  obj_max=1622.0  obj_mean=893.65  qd_score=57193.4  (9.2s, gen_max_obj=1468.2)
gen  16/500000  filled=  64/2500  obj_max=1622.0  obj_mean=905.65  qd_score=57961.9  (9.2s, gen_max_obj=1072.6)
gen  17/500000  filled=  66/2500  obj_max=1622.0  obj_mean=907.23  qd_score=59877.0  (9.3s, gen_max_obj=1229.2)
gen  18/500000  filled=  70/2500  obj_max=1622.0  obj_mean=900.28  qd_score=63019.7  (9.5s, gen_max_obj=1332.4)
gen  19/500000  filled=  75/2500  obj_max=1622.0  obj_mean=892.48  qd_score=66935.9  (9.4s, gen_max_obj=1430.5)
gen  20/500000  filled=  78/2500  obj_max=1622.0  obj_mean=888.55  qd_score=69307.2  (9.4s, gen_max_obj=1049.9)
gen  21/500000  filled=  80/2500  obj_max=1622.0  obj_mean=891.39  qd_score=71311.0  (9.3s, gen_max_obj=1124.7)
gen  22/500000  filled=  83/2500  obj_max=1622.0  obj_mean=891.05  qd_score=73957.2  (9.3s, gen_max_obj=1410.8)
gen  23/500000  filled=  86/2500  obj_max=1622.0  obj_mean=901.05  qd_score=77490.7  (9.4s, gen_max_obj=1429.3)
gen  24/500000  filled=  88/2500  obj_max=1622.0  obj_mean=907.08  qd_score=79823.1  (9.4s, gen_max_obj=1250.4)
gen  25/500000  filled=  92/2500  obj_max=1622.0  obj_mean=901.76  qd_score=82962.1  (9.5s, gen_max_obj=1388.5)
gen  26/500000  filled=  94/2500  obj_max=1622.0  obj_mean=919.54  qd_score=86436.7  (9.3s, gen_max_obj=1426.5)
gen  27/500000  filled=  96/2500  obj_max=1622.0  obj_mean=925.00  qd_score=88799.6  (9.5s, gen_max_obj=1309.7)
gen  28/500000  filled=  98/2500  obj_max=1622.0  obj_mean=931.38  qd_score=91275.0  (9.4s, gen_max_obj=1152.6)
gen  29/500000  filled=  99/2500  obj_max=1622.0  obj_mean=955.32  qd_score=94576.4  (9.4s, gen_max_obj=1399.4)
gen  30/500000  filled= 100/2500  obj_max=1626.7  obj_mean=962.91  qd_score=96291.2  (9.4s, gen_max_obj=1626.7)
gen  31/500000  filled= 102/2500  obj_max=1626.7  obj_mean=964.72  qd_score=98401.6  (9.4s, gen_max_obj=1403.4)
gen  32/500000  filled= 103/2500  obj_max=1626.7  obj_mean=976.56  qd_score=100586.0  (9.5s, gen_max_obj=1329.7)
gen  33/500000  filled= 104/2500  obj_max=1626.7  obj_mean=1010.37  qd_score=105078.8  (9.5s, gen_max_obj=1491.5)
gen  34/500000  filled= 105/2500  obj_max=1626.7  obj_mean=1027.26  qd_score=107861.9  (9.4s, gen_max_obj=1327.4)
gen  35/500000  filled= 106/2500  obj_max=1626.7  obj_mean=1046.83  qd_score=110964.4  (9.6s, gen_max_obj=1229.5)
gen  36/500000  filled= 109/2500  obj_max=1626.7  obj_mean=1064.11  qd_score=115987.9  (9.5s, gen_max_obj=1596.4)
gen  37/500000  filled= 113/2500  obj_max=1626.7  obj_mean=1056.23  qd_score=119353.4  (9.4s, gen_max_obj=1409.4)
gen  38/500000  filled= 114/2500  obj_max=1626.7  obj_mean=1066.99  qd_score=121637.1  (9.4s, gen_max_obj=1508.5)
gen  39/500000  filled= 115/2500  obj_max=1626.7  obj_mean=1083.22  qd_score=124570.4  (10.3s, gen_max_obj=1364.1)
gen  40/500000  filled= 116/2500  obj_max=1626.7  obj_mean=1092.82  qd_score=126766.9  (9.9s, gen_max_obj=1533.1)
gen  41/500000  filled= 116/2500  obj_max=1626.7  obj_mean=1105.98  qd_score=128293.4  (9.5s, gen_max_obj=1571.2)
gen  42/500000  filled= 121/2500  obj_max=1626.7  obj_mean=1084.03  qd_score=131167.8  (9.5s, gen_max_obj=1530.2)
gen  43/500000  filled= 122/2500  obj_max=1626.7  obj_mean=1089.38  qd_score=132904.3  (9.6s, gen_max_obj=1525.2)
gen  44/500000  filled= 122/2500  obj_max=1626.7  obj_mean=1099.68  qd_score=134161.2  (9.9s, gen_max_obj=1488.0)
gen  45/500000  filled= 123/2500  obj_max=1626.7  obj_mean=1108.03  qd_score=136287.7  (9.4s, gen_max_obj=1527.8)
gen  46/500000  filled= 126/2500  obj_max=1626.7  obj_mean=1100.57  qd_score=138672.2  (9.4s, gen_max_obj=1548.6)
gen  47/500000  filled= 127/2500  obj_max=1626.7  obj_mean=1109.18  qd_score=140866.5  (9.9s, gen_max_obj=1454.3)
gen  48/500000  filled= 127/2500  obj_max=1626.7  obj_mean=1116.18  qd_score=141754.4  (9.4s, gen_max_obj=1511.6)
gen  49/500000  filled= 130/2500  obj_max=1650.6  obj_mean=1115.20  qd_score=144975.4  (9.8s, gen_max_obj=1650.6)
gen  50/500000  filled= 131/2500  obj_max=1689.3  obj_mean=1124.73  qd_score=147339.0  (9.6s, gen_max_obj=1689.3)
# checkpoint gen 50: saved 131 elites to results/weekend_layout_resind.npz
gen  51/500000  filled= 131/2500  obj_max=2148.5  obj_mean=1131.67  qd_score=148248.6  (10.0s, gen_max_obj=2148.5)
gen  52/500000  filled= 131/2500  obj_max=2148.5  obj_mean=1136.75  qd_score=148914.2  (10.1s, gen_max_obj=1611.1)
gen  53/500000  filled= 132/2500  obj_max=2148.5  obj_mean=1141.20  qd_score=150638.0  (9.6s, gen_max_obj=1450.2)
gen  54/500000  filled= 134/2500  obj_max=2148.5  obj_mean=1146.55  qd_score=153637.5  (9.5s, gen_max_obj=1849.6)
gen  55/500000  filled= 136/2500  obj_max=2148.5  obj_mean=1141.08  qd_score=155186.3  (9.8s, gen_max_obj=1550.7)
gen  56/500000  filled= 137/2500  obj_max=2148.5  obj_mean=1142.10  qd_score=156467.4  (9.5s, gen_max_obj=1683.3)
gen  57/500000  filled= 138/2500  obj_max=2148.5  obj_mean=1140.41  qd_score=157376.6  (9.3s, gen_max_obj=1626.1)
gen  58/500000  filled= 138/2500  obj_max=2148.5  obj_mean=1147.49  qd_score=158353.5  (9.3s, gen_max_obj=2071.7)
gen  59/500000  filled= 138/2500  obj_max=2148.5  obj_mean=1160.77  qd_score=160185.7  (9.1s, gen_max_obj=1768.1)
gen  60/500000  filled= 139/2500  obj_max=2148.5  obj_mean=1160.14  qd_score=161260.1  (9.0s, gen_max_obj=1789.3)
gen  61/500000  filled= 139/2500  obj_max=2148.5  obj_mean=1177.59  qd_score=163684.9  (9.0s, gen_max_obj=2008.3)
gen  62/500000  filled= 139/2500  obj_max=2148.5  obj_mean=1185.53  qd_score=164788.2  (9.0s, gen_max_obj=1826.7)
gen  63/500000  filled= 141/2500  obj_max=2148.5  obj_mean=1192.47  qd_score=168138.2  (9.0s, gen_max_obj=1826.7)
gen  64/500000  filled= 143/2500  obj_max=2148.5  obj_mean=1202.50  qd_score=171957.1  (9.0s, gen_max_obj=1830.2)
gen  65/500000  filled= 144/2500  obj_max=2148.5  obj_mean=1207.35  qd_score=173858.2  (9.0s, gen_max_obj=1668.6)
gen  66/500000  filled= 146/2500  obj_max=2148.5  obj_mean=1216.40  qd_score=177594.8  (8.9s, gen_max_obj=2031.8)
gen  67/500000  filled= 146/2500  obj_max=2148.5  obj_mean=1221.68  qd_score=178365.4  (8.9s, gen_max_obj=1610.4)
gen  68/500000  filled= 146/2500  obj_max=2148.5  obj_mean=1226.57  qd_score=179078.6  (8.9s, gen_max_obj=1687.5)
gen  69/500000  filled= 146/2500  obj_max=2148.5  obj_mean=1230.38  qd_score=179635.0  (9.0s, gen_max_obj=1809.5)
gen  70/500000  filled= 146/2500  obj_max=2148.5  obj_mean=1235.49  qd_score=180381.4  (8.9s, gen_max_obj=1687.9)
gen  71/500000  filled= 146/2500  obj_max=2148.5  obj_mean=1242.48  qd_score=181402.2  (9.0s, gen_max_obj=1806.1)
gen  72/500000  filled= 147/2500  obj_max=2148.5  obj_mean=1241.68  qd_score=182527.5  (9.0s, gen_max_obj=1628.7)
gen  73/500000  filled= 148/2500  obj_max=2148.5  obj_mean=1245.71  qd_score=184365.3  (9.0s, gen_max_obj=1965.9)
gen  74/500000  filled= 149/2500  obj_max=2148.5  obj_mean=1253.03  qd_score=186701.3  (9.0s, gen_max_obj=2048.9)
gen  75/500000  filled= 149/2500  obj_max=2148.5  obj_mean=1261.09  qd_score=187902.5  (9.0s, gen_max_obj=1771.6)
gen  76/500000  filled= 150/2500  obj_max=2148.5  obj_mean=1266.27  qd_score=189939.8  (9.0s, gen_max_obj=2029.7)
gen  77/500000  filled= 150/2500  obj_max=2148.5  obj_mean=1276.18  qd_score=191427.4  (9.0s, gen_max_obj=1869.3)
gen  78/500000  filled= 150/2500  obj_max=2148.5  obj_mean=1285.88  qd_score=192881.5  (9.0s, gen_max_obj=1990.5)
gen  79/500000  filled= 151/2500  obj_max=2148.5  obj_mean=1294.05  qd_score=195401.9  (9.0s, gen_max_obj=1850.7)
gen  80/500000  filled= 151/2500  obj_max=2148.5  obj_mean=1299.87  qd_score=196280.8  (9.1s, gen_max_obj=1768.2)
gen  81/500000  filled= 151/2500  obj_max=2148.5  obj_mean=1303.57  qd_score=196839.5  (9.4s, gen_max_obj=1986.8)
gen  82/500000  filled= 151/2500  obj_max=2148.5  obj_mean=1317.31  qd_score=198913.9  (9.1s, gen_max_obj=1687.3)
gen  83/500000  filled= 152/2500  obj_max=2148.5  obj_mean=1316.68  qd_score=200134.8  (9.0s, gen_max_obj=2042.6)
gen  84/500000  filled= 153/2500  obj_max=2148.5  obj_mean=1316.12  qd_score=201366.5  (9.0s, gen_max_obj=1767.5)
gen  85/500000  filled= 154/2500  obj_max=2148.5  obj_mean=1315.48  qd_score=202583.4  (9.2s, gen_max_obj=1969.4)
gen  86/500000  filled= 154/2500  obj_max=2148.5  obj_mean=1324.84  qd_score=204025.6  (9.6s, gen_max_obj=1683.4)
gen  87/500000  filled= 155/2500  obj_max=2148.5  obj_mean=1327.72  qd_score=205795.9  (9.7s, gen_max_obj=2004.3)
gen  88/500000  filled= 155/2500  obj_max=2148.5  obj_mean=1331.33  qd_score=206355.5  (9.2s, gen_max_obj=1768.5)
gen  89/500000  filled= 155/2500  obj_max=2148.5  obj_mean=1333.59  qd_score=206707.1  (9.1s, gen_max_obj=1874.0)
gen  90/500000  filled= 156/2500  obj_max=2148.5  obj_mean=1332.97  qd_score=207943.5  (9.1s, gen_max_obj=1806.6)
gen  91/500000  filled= 156/2500  obj_max=2148.5  obj_mean=1341.52  qd_score=209277.1  (9.0s, gen_max_obj=2049.5)
gen  92/500000  filled= 157/2500  obj_max=2148.5  obj_mean=1340.58  qd_score=210471.8  (9.0s, gen_max_obj=1789.0)
gen  93/500000  filled= 157/2500  obj_max=2148.5  obj_mean=1346.40  qd_score=211384.6  (9.0s, gen_max_obj=2070.1)
gen  94/500000  filled= 157/2500  obj_max=2148.5  obj_mean=1348.59  qd_score=211728.9  (9.3s, gen_max_obj=1850.1)
gen  95/500000  filled= 158/2500  obj_max=2148.5  obj_mean=1353.76  qd_score=213893.8  (9.7s, gen_max_obj=2069.1)
gen  96/500000  filled= 158/2500  obj_max=2148.5  obj_mean=1359.24  qd_score=214760.1  (9.3s, gen_max_obj=2008.7)
gen  97/500000  filled= 158/2500  obj_max=2148.5  obj_mean=1361.58  qd_score=215129.0  (9.4s, gen_max_obj=1849.2)
gen  98/500000  filled= 159/2500  obj_max=2148.5  obj_mean=1368.17  qd_score=217539.3  (9.9s, gen_max_obj=1747.8)
gen  99/500000  filled= 160/2500  obj_max=2148.5  obj_mean=1367.04  qd_score=218725.8  (9.2s, gen_max_obj=1990.2)
gen 100/500000  filled= 160/2500  obj_max=2390.8  obj_mean=1375.84  qd_score=220134.3  (9.1s, gen_max_obj=2390.8)
# checkpoint gen 100: saved 160 elites to results/weekend_layout_resind.npz
gen 101/500000  filled= 160/2500  obj_max=2390.8  obj_mean=1388.54  qd_score=222166.3  (9.1s, gen_max_obj=2329.7)
gen 102/500000  filled= 160/2500  obj_max=2390.8  obj_mean=1394.28  qd_score=223085.5  (9.1s, gen_max_obj=1948.8)
gen 103/500000  filled= 160/2500  obj_max=2390.8  obj_mean=1399.58  qd_score=223933.6  (8.9s, gen_max_obj=1929.4)
gen 104/500000  filled= 160/2500  obj_max=2390.8  obj_mean=1401.87  qd_score=224299.5  (8.9s, gen_max_obj=1828.6)
gen 105/500000  filled= 161/2500  obj_max=2390.8  obj_mean=1405.53  qd_score=226290.4  (8.8s, gen_max_obj=2111.9)
gen 106/500000  filled= 161/2500  obj_max=2390.8  obj_mean=1407.03  qd_score=226532.3  (8.9s, gen_max_obj=1850.6)
gen 107/500000  filled= 161/2500  obj_max=2390.8  obj_mean=1413.33  qd_score=227546.0  (8.8s, gen_max_obj=1735.3)
gen 108/500000  filled= 161/2500  obj_max=2390.8  obj_mean=1418.50  qd_score=228377.9  (8.8s, gen_max_obj=1929.3)
gen 109/500000  filled= 161/2500  obj_max=2390.8  obj_mean=1423.12  qd_score=229121.6  (8.8s, gen_max_obj=1829.0)
gen 110/500000  filled= 161/2500  obj_max=2390.8  obj_mean=1430.06  qd_score=230240.4  (8.8s, gen_max_obj=1768.0)
gen 111/500000  filled= 161/2500  obj_max=2390.8  obj_mean=1431.69  qd_score=230501.3  (8.8s, gen_max_obj=2050.9)
gen 112/500000  filled= 161/2500  obj_max=2390.8  obj_mean=1435.75  qd_score=231155.7  (8.8s, gen_max_obj=1951.6)
gen 113/500000  filled= 162/2500  obj_max=2390.8  obj_mean=1438.31  qd_score=233006.9  (8.8s, gen_max_obj=1729.6)
gen 114/500000  filled= 162/2500  obj_max=2390.8  obj_mean=1441.29  qd_score=233489.3  (8.8s, gen_max_obj=1971.1)
gen 115/500000  filled= 162/2500  obj_max=2390.8  obj_mean=1447.55  qd_score=234503.1  (8.8s, gen_max_obj=2230.7)
gen 116/500000  filled= 162/2500  obj_max=2390.8  obj_mean=1454.51  qd_score=235630.3  (8.8s, gen_max_obj=2171.6)
gen 117/500000  filled= 162/2500  obj_max=2390.8  obj_mean=1462.73  qd_score=236962.7  (8.8s, gen_max_obj=2251.7)
gen 118/500000  filled= 162/2500  obj_max=2390.8  obj_mean=1465.22  qd_score=237366.4  (8.8s, gen_max_obj=2070.5)
gen 119/500000  filled= 162/2500  obj_max=2390.8  obj_mean=1467.69  qd_score=237766.0  (8.8s, gen_max_obj=1950.5)
gen 120/500000  filled= 162/2500  obj_max=2390.8  obj_mean=1476.48  qd_score=239190.2  (8.8s, gen_max_obj=2146.0)
gen 121/500000  filled= 162/2500  obj_max=2390.8  obj_mean=1480.88  qd_score=239902.9  (8.8s, gen_max_obj=1865.6)
gen 122/500000  filled= 162/2500  obj_max=2390.8  obj_mean=1481.36  qd_score=239980.2  (8.8s, gen_max_obj=1932.1)
gen 123/500000  filled= 162/2500  obj_max=2390.8  obj_mean=1487.95  qd_score=241048.2  (8.8s, gen_max_obj=1871.3)
gen 124/500000  filled= 162/2500  obj_max=2390.8  obj_mean=1494.98  qd_score=242186.4  (8.8s, gen_max_obj=2306.0)
gen 125/500000  filled= 162/2500  obj_max=2390.8  obj_mean=1495.60  qd_score=242286.8  (8.9s, gen_max_obj=1830.5)
gen 126/500000  filled= 162/2500  obj_max=2390.8  obj_mean=1497.93  qd_score=242664.6  (8.9s, gen_max_obj=1907.4)
gen 127/500000  filled= 162/2500  obj_max=2390.8  obj_mean=1499.75  qd_score=242959.2  (8.8s, gen_max_obj=1952.8)
gen 128/500000  filled= 162/2500  obj_max=2390.8  obj_mean=1500.15  qd_score=243024.1  (8.8s, gen_max_obj=1888.6)
gen 129/500000  filled= 162/2500  obj_max=2390.8  obj_mean=1501.80  qd_score=243291.9  (8.8s, gen_max_obj=2032.5)
gen 130/500000  filled= 162/2500  obj_max=2390.8  obj_mean=1507.38  qd_score=244195.6  (8.8s, gen_max_obj=1931.1)
gen 131/500000  filled= 162/2500  obj_max=2390.8  obj_mean=1507.38  qd_score=244196.0  (8.8s, gen_max_obj=1832.6)
gen 132/500000  filled= 162/2500  obj_max=2390.8  obj_mean=1508.74  qd_score=244416.0  (8.8s, gen_max_obj=1889.8)
gen 133/500000  filled= 162/2500  obj_max=2390.8  obj_mean=1508.74  qd_score=244416.0  (8.8s, gen_max_obj=2010.0)
gen 134/500000  filled= 162/2500  obj_max=2390.8  obj_mean=1509.11  qd_score=244476.4  (8.8s, gen_max_obj=1909.4)
gen 135/500000  filled= 162/2500  obj_max=2390.8  obj_mean=1511.73  qd_score=244899.6  (8.8s, gen_max_obj=2010.7)
gen 136/500000  filled= 162/2500  obj_max=2390.8  obj_mean=1515.69  qd_score=245541.3  (8.8s, gen_max_obj=2371.9)
gen 137/500000  filled= 162/2500  obj_max=2390.8  obj_mean=1519.88  qd_score=246219.9  (8.9s, gen_max_obj=2209.2)
gen 138/500000  filled= 162/2500  obj_max=2390.8  obj_mean=1522.85  qd_score=246701.8  (8.8s, gen_max_obj=1972.8)
gen 139/500000  filled= 162/2500  obj_max=2390.8  obj_mean=1530.31  qd_score=247910.6  (8.8s, gen_max_obj=2211.4)
gen 140/500000  filled= 162/2500  obj_max=2390.8  obj_mean=1530.91  qd_score=248008.1  (8.8s, gen_max_obj=1912.8)
gen 141/500000  filled= 162/2500  obj_max=2390.8  obj_mean=1534.05  qd_score=248516.0  (8.8s, gen_max_obj=2312.0)
gen 142/500000  filled= 162/2500  obj_max=2390.8  obj_mean=1538.42  qd_score=249224.8  (8.8s, gen_max_obj=2290.8)
gen 143/500000  filled= 162/2500  obj_max=2390.8  obj_mean=1540.65  qd_score=249584.7  (8.8s, gen_max_obj=2090.4)
gen 144/500000  filled= 162/2500  obj_max=2390.8  obj_mean=1547.00  qd_score=250613.4  (8.8s, gen_max_obj=2107.5)
gen 145/500000  filled= 162/2500  obj_max=2390.8  obj_mean=1548.11  qd_score=250793.5  (8.8s, gen_max_obj=2029.9)
gen 146/500000  filled= 162/2500  obj_max=2390.8  obj_mean=1549.84  qd_score=251074.7  (8.7s, gen_max_obj=2209.7)
gen 147/500000  filled= 162/2500  obj_max=2390.8  obj_mean=1551.15  qd_score=251286.7  (8.7s, gen_max_obj=1992.9)
gen 148/500000  filled= 162/2500  obj_max=2390.8  obj_mean=1558.23  qd_score=252432.7  (8.8s, gen_max_obj=2270.3)
gen 149/500000  filled= 162/2500  obj_max=2390.8  obj_mean=1560.68  qd_score=252830.6  (8.7s, gen_max_obj=1968.8)
gen 150/500000  filled= 162/2500  obj_max=2390.8  obj_mean=1566.22  qd_score=253727.6  (8.7s, gen_max_obj=2127.9)
# checkpoint gen 150: saved 162 elites to results/weekend_layout_resind.npz
gen 151/500000  filled= 162/2500  obj_max=2390.8  obj_mean=1567.16  qd_score=253880.2  (8.9s, gen_max_obj=2088.2)
gen 152/500000  filled= 163/2500  obj_max=2390.8  obj_mean=1566.24  qd_score=255296.5  (8.8s, gen_max_obj=2071.8)
gen 153/500000  filled= 163/2500  obj_max=2390.8  obj_mean=1566.24  qd_score=255296.5  (8.8s, gen_max_obj=2192.7)
gen 154/500000  filled= 163/2500  obj_max=2390.8  obj_mean=1567.36  qd_score=255480.0  (8.7s, gen_max_obj=1888.9)
gen 155/500000  filled= 163/2500  obj_max=2390.8  obj_mean=1568.22  qd_score=255619.8  (8.8s, gen_max_obj=2091.1)
gen 156/500000  filled= 163/2500  obj_max=2390.8  obj_mean=1568.48  qd_score=255661.9  (8.8s, gen_max_obj=1933.0)
gen 157/500000  filled= 163/2500  obj_max=2390.8  obj_mean=1572.57  qd_score=256329.3  (8.8s, gen_max_obj=1948.9)
gen 158/500000  filled= 163/2500  obj_max=2390.8  obj_mean=1572.70  qd_score=256349.5  (8.7s, gen_max_obj=2229.9)
gen 159/500000  filled= 163/2500  obj_max=2390.8  obj_mean=1575.85  qd_score=256863.6  (8.8s, gen_max_obj=2150.0)
gen 160/500000  filled= 163/2500  obj_max=2390.8  obj_mean=1575.98  qd_score=256884.4  (8.8s, gen_max_obj=2051.1)
gen 161/500000  filled= 163/2500  obj_max=2390.8  obj_mean=1577.32  qd_score=257103.9  (8.8s, gen_max_obj=2189.7)
gen 162/500000  filled= 163/2500  obj_max=2390.8  obj_mean=1577.85  qd_score=257190.1  (8.7s, gen_max_obj=2133.1)
gen 163/500000  filled= 163/2500  obj_max=2390.8  obj_mean=1578.10  qd_score=257230.7  (8.7s, gen_max_obj=2013.2)
gen 164/500000  filled= 163/2500  obj_max=2390.8  obj_mean=1580.41  qd_score=257607.2  (8.7s, gen_max_obj=2149.6)
gen 165/500000  filled= 163/2500  obj_max=2390.8  obj_mean=1581.91  qd_score=257851.0  (8.7s, gen_max_obj=2113.1)
gen 166/500000  filled= 163/2500  obj_max=2390.8  obj_mean=1583.36  qd_score=258087.7  (8.7s, gen_max_obj=1951.2)
gen 167/500000  filled= 164/2500  obj_max=2390.8  obj_mean=1585.95  qd_score=260095.9  (8.8s, gen_max_obj=2232.0)
gen 168/500000  filled= 164/2500  obj_max=2390.8  obj_mean=1589.02  qd_score=260599.7  (8.7s, gen_max_obj=2150.3)
gen 169/500000  filled= 164/2500  obj_max=2390.8  obj_mean=1600.86  qd_score=262541.7  (8.7s, gen_max_obj=2232.5)
gen 170/500000  filled= 164/2500  obj_max=2390.8  obj_mean=1601.70  qd_score=262679.1  (8.8s, gen_max_obj=2151.5)
gen 171/500000  filled= 165/2500  obj_max=2390.8  obj_mean=1601.74  qd_score=264286.3  (8.7s, gen_max_obj=2132.1)
gen 172/500000  filled= 165/2500  obj_max=2390.8  obj_mean=1604.06  qd_score=264669.6  (8.7s, gen_max_obj=2072.2)
gen 173/500000  filled= 166/2500  obj_max=2390.8  obj_mean=1607.29  qd_score=266810.6  (8.7s, gen_max_obj=2213.9)
gen 174/500000  filled= 166/2500  obj_max=2390.8  obj_mean=1611.44  qd_score=267499.2  (8.7s, gen_max_obj=2111.4)
gen 175/500000  filled= 167/2500  obj_max=2390.8  obj_mean=1617.21  qd_score=270073.2  (8.7s, gen_max_obj=2272.9)
gen 176/500000  filled= 167/2500  obj_max=2390.8  obj_mean=1622.61  qd_score=270976.0  (8.7s, gen_max_obj=2191.3)
gen 177/500000  filled= 167/2500  obj_max=2390.8  obj_mean=1623.80  qd_score=271174.8  (8.7s, gen_max_obj=2191.6)
gen 178/500000  filled= 167/2500  obj_max=2390.8  obj_mean=1624.62  qd_score=271311.9  (8.7s, gen_max_obj=2250.5)
gen 179/500000  filled= 168/2500  obj_max=2390.8  obj_mean=1624.25  qd_score=272873.2  (8.7s, gen_max_obj=2232.6)
gen 180/500000  filled= 168/2500  obj_max=2413.1  obj_mean=1627.95  qd_score=273495.7  (8.7s, gen_max_obj=2413.1)
gen 181/500000  filled= 168/2500  obj_max=2413.1  obj_mean=1631.20  qd_score=274041.4  (8.7s, gen_max_obj=2152.8)
gen 182/500000  filled= 168/2500  obj_max=2413.1  obj_mean=1638.95  qd_score=275343.4  (8.7s, gen_max_obj=2251.3)
gen 183/500000  filled= 168/2500  obj_max=2413.1  obj_mean=1649.14  qd_score=277055.9  (8.7s, gen_max_obj=2271.0)
gen 184/500000  filled= 168/2500  obj_max=2413.1  obj_mean=1654.85  qd_score=278015.5  (8.7s, gen_max_obj=2373.3)
gen 185/500000  filled= 168/2500  obj_max=2432.5  obj_mean=1657.82  qd_score=278513.0  (8.7s, gen_max_obj=2432.5)
gen 186/500000  filled= 168/2500  obj_max=2432.5  obj_mean=1657.93  qd_score=278532.0  (8.7s, gen_max_obj=2009.6)
gen 187/500000  filled= 168/2500  obj_max=2432.5  obj_mean=1658.39  qd_score=278608.9  (8.7s, gen_max_obj=2232.3)
gen 188/500000  filled= 168/2500  obj_max=2432.5  obj_mean=1663.17  qd_score=279411.9  (8.7s, gen_max_obj=2171.1)
gen 189/500000  filled= 168/2500  obj_max=2432.5  obj_mean=1671.08  qd_score=280741.1  (8.7s, gen_max_obj=2350.9)
gen 190/500000  filled= 168/2500  obj_max=2432.5  obj_mean=1675.96  qd_score=281561.7  (8.7s, gen_max_obj=2392.4)
gen 191/500000  filled= 168/2500  obj_max=2432.5  obj_mean=1678.36  qd_score=281964.9  (8.7s, gen_max_obj=1952.3)
gen 192/500000  filled= 168/2500  obj_max=2432.5  obj_mean=1680.73  qd_score=282363.5  (8.7s, gen_max_obj=2070.8)
gen 193/500000  filled= 168/2500  obj_max=2432.5  obj_mean=1686.69  qd_score=283363.1  (8.7s, gen_max_obj=2373.5)
gen 194/500000  filled= 169/2500  obj_max=2432.5  obj_mean=1688.68  qd_score=285386.9  (8.7s, gen_max_obj=2132.0)
gen 195/500000  filled= 169/2500  obj_max=2432.5  obj_mean=1689.15  qd_score=285465.8  (8.7s, gen_max_obj=2045.3)
gen 196/500000  filled= 169/2500  obj_max=2432.5  obj_mean=1693.64  qd_score=286225.0  (8.7s, gen_max_obj=2010.4)
gen 197/500000  filled= 169/2500  obj_max=2432.5  obj_mean=1693.98  qd_score=286282.9  (8.7s, gen_max_obj=2252.2)
gen 198/500000  filled= 169/2500  obj_max=2432.5  obj_mean=1693.98  qd_score=286282.9  (8.7s, gen_max_obj=2027.9)
gen 199/500000  filled= 169/2500  obj_max=2432.5  obj_mean=1699.43  qd_score=287203.6  (8.8s, gen_max_obj=2049.8)
gen 200/500000  filled= 169/2500  obj_max=2432.5  obj_mean=1701.34  qd_score=287525.8  (8.8s, gen_max_obj=2009.4)
# checkpoint gen 200: saved 169 elites to results/weekend_layout_resind.npz
gen 201/500000  filled= 169/2500  obj_max=2432.5  obj_mean=1702.41  qd_score=287707.7  (8.9s, gen_max_obj=1932.6)
gen 202/500000  filled= 169/2500  obj_max=2432.5  obj_mean=1706.47  qd_score=288394.0  (8.8s, gen_max_obj=2053.8)
gen 203/500000  filled= 169/2500  obj_max=2432.5  obj_mean=1711.68  qd_score=289273.7  (8.8s, gen_max_obj=2110.4)
gen 204/500000  filled= 169/2500  obj_max=2432.5  obj_mean=1712.04  qd_score=289335.0  (8.8s, gen_max_obj=2093.8)
gen 205/500000  filled= 169/2500  obj_max=2432.5  obj_mean=1712.41  qd_score=289396.5  (8.7s, gen_max_obj=1990.9)
gen 206/500000  filled= 169/2500  obj_max=2432.5  obj_mean=1714.77  qd_score=289795.6  (8.8s, gen_max_obj=2331.2)
gen 207/500000  filled= 169/2500  obj_max=2432.5  obj_mean=1714.91  qd_score=289820.1  (8.8s, gen_max_obj=2111.7)
gen 208/500000  filled= 170/2500  obj_max=2432.5  obj_mean=1716.77  qd_score=291851.3  (8.8s, gen_max_obj=2033.3)
gen 209/500000  filled= 170/2500  obj_max=2432.5  obj_mean=1717.57  qd_score=291986.1  (8.7s, gen_max_obj=2191.6)
gen 210/500000  filled= 170/2500  obj_max=2432.5  obj_mean=1718.40  qd_score=292127.3  (8.8s, gen_max_obj=2152.4)
gen 211/500000  filled= 170/2500  obj_max=2432.5  obj_mean=1721.24  qd_score=292610.5  (8.8s, gen_max_obj=2011.7)
gen 212/500000  filled= 170/2500  obj_max=2432.5  obj_mean=1721.36  qd_score=292631.1  (8.8s, gen_max_obj=2272.1)
gen 213/500000  filled= 170/2500  obj_max=2511.8  obj_mean=1723.92  qd_score=293067.2  (8.8s, gen_max_obj=2511.8)
gen 214/500000  filled= 170/2500  obj_max=2511.8  obj_mean=1725.47  qd_score=293330.4  (8.8s, gen_max_obj=2189.1)
gen 215/500000  filled= 170/2500  obj_max=2511.8  obj_mean=1725.47  qd_score=293330.4  (8.8s, gen_max_obj=1970.7)
gen 216/500000  filled= 170/2500  obj_max=2511.8  obj_mean=1727.48  qd_score=293671.7  (8.8s, gen_max_obj=2431.8)
gen 217/500000  filled= 170/2500  obj_max=2511.8  obj_mean=1727.59  qd_score=293689.9  (8.8s, gen_max_obj=2010.4)
gen 218/500000  filled= 170/2500  obj_max=2511.8  obj_mean=1728.65  qd_score=293871.1  (8.7s, gen_max_obj=2067.0)
gen 219/500000  filled= 170/2500  obj_max=2511.8  obj_mean=1729.12  qd_score=293949.7  (8.8s, gen_max_obj=2209.5)
gen 220/500000  filled= 170/2500  obj_max=2511.8  obj_mean=1730.19  qd_score=294132.6  (8.8s, gen_max_obj=2330.5)
gen 221/500000  filled= 170/2500  obj_max=2511.8  obj_mean=1731.16  qd_score=294296.5  (8.8s, gen_max_obj=1872.3)
gen 222/500000  filled= 170/2500  obj_max=2511.8  obj_mean=1731.16  qd_score=294296.5  (8.8s, gen_max_obj=1925.7)
gen 223/500000  filled= 170/2500  obj_max=2511.8  obj_mean=1732.36  qd_score=294500.8  (8.8s, gen_max_obj=2111.6)
gen 224/500000  filled= 170/2500  obj_max=2511.8  obj_mean=1734.38  qd_score=294844.8  (8.8s, gen_max_obj=2311.6)
gen 225/500000  filled= 170/2500  obj_max=2511.8  obj_mean=1734.39  qd_score=294846.0  (8.8s, gen_max_obj=1970.6)
gen 226/500000  filled= 170/2500  obj_max=2528.6  obj_mean=1736.26  qd_score=295165.0  (8.8s, gen_max_obj=2528.6)
gen 227/500000  filled= 170/2500  obj_max=2528.6  obj_mean=1736.86  qd_score=295266.1  (8.7s, gen_max_obj=1808.4)
gen 228/500000  filled= 170/2500  obj_max=2528.6  obj_mean=1737.00  qd_score=295289.3  (8.8s, gen_max_obj=2167.2)
gen 229/500000  filled= 170/2500  obj_max=2528.6  obj_mean=1737.36  qd_score=295351.2  (8.8s, gen_max_obj=2091.4)
gen 230/500000  filled= 170/2500  obj_max=2528.6  obj_mean=1741.40  qd_score=296038.0  (8.8s, gen_max_obj=2435.4)
gen 231/500000  filled= 170/2500  obj_max=2528.6  obj_mean=1743.04  qd_score=296316.7  (8.7s, gen_max_obj=2111.7)
gen 232/500000  filled= 170/2500  obj_max=2528.6  obj_mean=1744.33  qd_score=296535.6  (8.8s, gen_max_obj=2275.7)
gen 233/500000  filled= 170/2500  obj_max=2528.6  obj_mean=1744.33  qd_score=296535.6  (8.8s, gen_max_obj=2152.0)
gen 234/500000  filled= 170/2500  obj_max=2528.6  obj_mean=1744.59  qd_score=296580.8  (8.8s, gen_max_obj=2372.9)
gen 235/500000  filled= 170/2500  obj_max=2528.6  obj_mean=1745.32  qd_score=296704.9  (8.8s, gen_max_obj=2052.1)
gen 236/500000  filled= 170/2500  obj_max=2528.6  obj_mean=1745.33  qd_score=296706.2  (8.8s, gen_max_obj=2071.4)
gen 237/500000  filled= 170/2500  obj_max=2528.6  obj_mean=1746.03  qd_score=296824.6  (8.8s, gen_max_obj=2153.2)
gen 238/500000  filled= 170/2500  obj_max=2551.6  obj_mean=1748.50  qd_score=297245.3  (8.7s, gen_max_obj=2551.6)
gen 239/500000  filled= 170/2500  obj_max=2551.6  obj_mean=1757.00  qd_score=298690.5  (8.7s, gen_max_obj=2308.8)
gen 240/500000  filled= 170/2500  obj_max=2551.6  obj_mean=1760.21  qd_score=299236.1  (8.8s, gen_max_obj=2291.0)
gen 241/500000  filled= 170/2500  obj_max=2551.6  obj_mean=1761.39  qd_score=299437.1  (8.8s, gen_max_obj=2268.9)
gen 242/500000  filled= 170/2500  obj_max=2551.6  obj_mean=1763.52  qd_score=299799.2  (8.8s, gen_max_obj=2071.0)
gen 243/500000  filled= 170/2500  obj_max=2551.6  obj_mean=1767.05  qd_score=300398.8  (8.8s, gen_max_obj=2312.6)
gen 244/500000  filled= 170/2500  obj_max=2551.6  obj_mean=1767.17  qd_score=300418.8  (8.8s, gen_max_obj=2012.7)
gen 245/500000  filled= 170/2500  obj_max=2551.6  obj_mean=1768.12  qd_score=300580.4  (8.8s, gen_max_obj=2190.1)
gen 246/500000  filled= 170/2500  obj_max=2551.6  obj_mean=1771.25  qd_score=301113.1  (8.7s, gen_max_obj=2271.2)
gen 247/500000  filled= 170/2500  obj_max=2551.6  obj_mean=1777.06  qd_score=302099.9  (8.8s, gen_max_obj=2271.7)
gen 248/500000  filled= 170/2500  obj_max=2551.6  obj_mean=1779.18  qd_score=302460.3  (8.7s, gen_max_obj=2012.0)
gen 249/500000  filled= 170/2500  obj_max=2588.7  obj_mean=1781.73  qd_score=302894.7  (8.7s, gen_max_obj=2588.7)
gen 250/500000  filled= 170/2500  obj_max=2588.7  obj_mean=1782.80  qd_score=303075.5  (8.8s, gen_max_obj=2493.4)
# checkpoint gen 250: saved 170 elites to results/weekend_layout_resind.npz
gen 251/500000  filled= 170/2500  obj_max=2588.7  obj_mean=1782.80  qd_score=303075.5  (8.9s, gen_max_obj=2089.1)
gen 252/500000  filled= 170/2500  obj_max=2588.7  obj_mean=1783.72  qd_score=303232.3  (8.8s, gen_max_obj=1994.1)
gen 253/500000  filled= 170/2500  obj_max=2588.7  obj_mean=1784.67  qd_score=303393.2  (8.8s, gen_max_obj=2269.1)
gen 254/500000  filled= 170/2500  obj_max=2588.7  obj_mean=1785.27  qd_score=303495.5  (8.7s, gen_max_obj=2171.5)
gen 255/500000  filled= 170/2500  obj_max=2588.7  obj_mean=1787.86  qd_score=303936.8  (8.7s, gen_max_obj=2068.9)
gen 256/500000  filled= 170/2500  obj_max=2588.7  obj_mean=1787.86  qd_score=303936.8  (8.7s, gen_max_obj=2188.7)
gen 257/500000  filled= 170/2500  obj_max=2588.7  obj_mean=1792.84  qd_score=304783.0  (8.7s, gen_max_obj=2032.0)
gen 258/500000  filled= 170/2500  obj_max=2588.7  obj_mean=1794.97  qd_score=305145.7  (8.7s, gen_max_obj=2310.6)
gen 259/500000  filled= 170/2500  obj_max=2588.7  obj_mean=1795.45  qd_score=305226.0  (8.8s, gen_max_obj=2050.0)
gen 260/500000  filled= 170/2500  obj_max=2588.7  obj_mean=1797.44  qd_score=305565.6  (8.8s, gen_max_obj=2292.6)
gen 261/500000  filled= 170/2500  obj_max=2588.7  obj_mean=1798.60  qd_score=305761.4  (8.7s, gen_max_obj=2071.0)
gen 262/500000  filled= 170/2500  obj_max=2588.7  obj_mean=1798.60  qd_score=305761.4  (8.7s, gen_max_obj=2153.0)
gen 263/500000  filled= 170/2500  obj_max=2588.7  obj_mean=1799.57  qd_score=305926.9  (8.7s, gen_max_obj=2152.6)
gen 264/500000  filled= 170/2500  obj_max=2588.7  obj_mean=1801.22  qd_score=306207.8  (8.7s, gen_max_obj=2352.7)
gen 265/500000  filled= 170/2500  obj_max=2588.7  obj_mean=1808.02  qd_score=307362.8  (8.7s, gen_max_obj=2570.8)
gen 266/500000  filled= 170/2500  obj_max=2588.7  obj_mean=1808.02  qd_score=307362.8  (8.7s, gen_max_obj=2093.1)
gen 267/500000  filled= 170/2500  obj_max=2588.7  obj_mean=1808.37  qd_score=307422.9  (8.7s, gen_max_obj=1969.9)
gen 268/500000  filled= 170/2500  obj_max=2588.7  obj_mean=1808.37  qd_score=307422.9  (8.7s, gen_max_obj=1990.7)
gen 269/500000  filled= 170/2500  obj_max=2691.0  obj_mean=1812.87  qd_score=308187.8  (8.7s, gen_max_obj=2691.0)
gen 270/500000  filled= 170/2500  obj_max=2691.0  obj_mean=1817.57  qd_score=308987.3  (8.8s, gen_max_obj=2470.8)
gen 271/500000  filled= 170/2500  obj_max=2691.0  obj_mean=1821.58  qd_score=309668.5  (8.9s, gen_max_obj=2454.0)
gen 272/500000  filled= 170/2500  obj_max=2691.0  obj_mean=1821.58  qd_score=309668.5  (8.8s, gen_max_obj=2111.9)
gen 273/500000  filled= 170/2500  obj_max=2691.0  obj_mean=1822.05  qd_score=309749.2  (8.8s, gen_max_obj=2311.5)
gen 274/500000  filled= 170/2500  obj_max=2691.0  obj_mean=1822.74  qd_score=309865.6  (8.7s, gen_max_obj=2131.4)
gen 275/500000  filled= 170/2500  obj_max=2691.0  obj_mean=1823.06  qd_score=309921.0  (8.8s, gen_max_obj=2246.8)
gen 276/500000  filled= 170/2500  obj_max=2691.0  obj_mean=1823.19  qd_score=309941.5  (8.7s, gen_max_obj=2491.3)
gen 277/500000  filled= 170/2500  obj_max=2691.0  obj_mean=1823.19  qd_score=309941.5  (8.7s, gen_max_obj=2015.0)
gen 278/500000  filled= 170/2500  obj_max=2691.0  obj_mean=1825.09  qd_score=310265.1  (8.8s, gen_max_obj=2191.2)
gen 279/500000  filled= 170/2500  obj_max=2691.0  obj_mean=1828.85  qd_score=310904.9  (8.7s, gen_max_obj=2550.9)
gen 280/500000  filled= 170/2500  obj_max=2691.0  obj_mean=1828.85  qd_score=310904.9  (8.8s, gen_max_obj=2272.1)
gen 281/500000  filled= 171/2500  obj_max=2691.0  obj_mean=1823.25  qd_score=311776.0  (8.8s, gen_max_obj=2153.3)
gen 282/500000  filled= 171/2500  obj_max=2691.0  obj_mean=1824.33  qd_score=311959.9  (8.8s, gen_max_obj=2172.1)
gen 283/500000  filled= 171/2500  obj_max=2691.0  obj_mean=1827.50  qd_score=312502.1  (8.8s, gen_max_obj=2295.0)
gen 284/500000  filled= 172/2500  obj_max=2691.0  obj_mean=1823.45  qd_score=313632.7  (8.7s, gen_max_obj=2151.9)
gen 285/500000  filled= 172/2500  obj_max=2691.0  obj_mean=1827.75  qd_score=314372.5  (8.8s, gen_max_obj=2111.2)
gen 286/500000  filled= 172/2500  obj_max=2691.0  obj_mean=1835.89  qd_score=315772.6  (8.8s, gen_max_obj=2588.5)
gen 287/500000  filled= 172/2500  obj_max=2691.0  obj_mean=1838.30  qd_score=316188.0  (8.8s, gen_max_obj=2371.1)
gen 288/500000  filled= 172/2500  obj_max=2691.0  obj_mean=1838.30  qd_score=316188.0  (8.7s, gen_max_obj=2091.8)
gen 289/500000  filled= 172/2500  obj_max=2691.0  obj_mean=1840.31  qd_score=316533.0  (8.7s, gen_max_obj=2152.9)
gen 290/500000  filled= 172/2500  obj_max=2691.0  obj_mean=1841.58  qd_score=316751.8  (8.7s, gen_max_obj=2251.9)
gen 291/500000  filled= 172/2500  obj_max=2691.0  obj_mean=1848.07  qd_score=317868.4  (8.7s, gen_max_obj=2352.0)
gen 292/500000  filled= 172/2500  obj_max=2691.0  obj_mean=1849.91  qd_score=318184.8  (8.7s, gen_max_obj=2271.3)
gen 293/500000  filled= 172/2500  obj_max=2691.0  obj_mean=1850.52  qd_score=318288.9  (8.7s, gen_max_obj=2451.7)
gen 294/500000  filled= 172/2500  obj_max=2691.0  obj_mean=1854.26  qd_score=318933.5  (8.7s, gen_max_obj=2535.1)
gen 295/500000  filled= 172/2500  obj_max=2691.0  obj_mean=1855.78  qd_score=319194.8  (8.7s, gen_max_obj=2414.2)
gen 296/500000  filled= 172/2500  obj_max=2691.0  obj_mean=1857.64  qd_score=319514.1  (8.8s, gen_max_obj=2171.8)
gen 297/500000  filled= 172/2500  obj_max=2691.0  obj_mean=1857.64  qd_score=319514.1  (8.7s, gen_max_obj=2095.2)
gen 298/500000  filled= 172/2500  obj_max=2691.0  obj_mean=1858.22  qd_score=319614.3  (8.7s, gen_max_obj=2510.8)
gen 299/500000  filled= 172/2500  obj_max=2691.0  obj_mean=1859.63  qd_score=319856.5  (8.7s, gen_max_obj=2214.9)
gen 300/500000  filled= 172/2500  obj_max=2691.0  obj_mean=1860.40  qd_score=319988.1  (8.7s, gen_max_obj=2196.0)
# checkpoint gen 300: saved 172 elites to results/weekend_layout_resind.npz
gen 301/500000  filled= 172/2500  obj_max=2996.6  obj_mean=1869.73  qd_score=321593.0  (8.9s, gen_max_obj=2996.6)
gen 302/500000  filled= 172/2500  obj_max=2996.6  obj_mean=1876.77  qd_score=322804.6  (8.7s, gen_max_obj=2617.3)
gen 303/500000  filled= 172/2500  obj_max=2996.6  obj_mean=1878.05  qd_score=323024.7  (8.7s, gen_max_obj=2215.6)
gen 304/500000  filled= 173/2500  obj_max=2996.6  obj_mean=1875.81  qd_score=324514.3  (8.7s, gen_max_obj=2291.5)
gen 305/500000  filled= 173/2500  obj_max=2996.6  obj_mean=1875.81  qd_score=324514.3  (8.7s, gen_max_obj=2237.2)
gen 306/500000  filled= 173/2500  obj_max=2996.6  obj_mean=1876.03  qd_score=324553.9  (8.7s, gen_max_obj=2271.7)
gen 307/500000  filled= 174/2500  obj_max=2996.6  obj_mean=1870.01  qd_score=325382.4  (8.7s, gen_max_obj=2314.6)
gen 308/500000  filled= 174/2500  obj_max=2996.6  obj_mean=1871.76  qd_score=325686.4  (8.7s, gen_max_obj=2288.2)
gen 309/500000  filled= 174/2500  obj_max=2996.6  obj_mean=1872.22  qd_score=325767.1  (8.7s, gen_max_obj=2312.3)
gen 310/500000  filled= 174/2500  obj_max=2996.6  obj_mean=1872.35  qd_score=325788.9  (8.7s, gen_max_obj=2336.4)
gen 311/500000  filled= 174/2500  obj_max=2996.6  obj_mean=1872.35  qd_score=325788.9  (8.7s, gen_max_obj=2250.8)
gen 312/500000  filled= 175/2500  obj_max=2996.6  obj_mean=1870.52  qd_score=327341.7  (8.7s, gen_max_obj=2251.2)
gen 313/500000  filled= 175/2500  obj_max=2996.6  obj_mean=1872.29  qd_score=327650.9  (8.7s, gen_max_obj=2291.4)
gen 314/500000  filled= 175/2500  obj_max=2996.6  obj_mean=1873.67  qd_score=327893.0  (8.7s, gen_max_obj=2211.5)
gen 315/500000  filled= 175/2500  obj_max=2996.6  obj_mean=1879.42  qd_score=328899.3  (8.7s, gen_max_obj=2110.6)
gen 316/500000  filled= 175/2500  obj_max=2996.6  obj_mean=1880.12  qd_score=329021.3  (8.7s, gen_max_obj=2132.3)
gen 317/500000  filled= 176/2500  obj_max=2996.6  obj_mean=1880.67  qd_score=330997.4  (8.7s, gen_max_obj=2273.2)
gen 318/500000  filled= 176/2500  obj_max=2996.6  obj_mean=1882.04  qd_score=331238.4  (8.7s, gen_max_obj=2175.3)
gen 319/500000  filled= 176/2500  obj_max=2996.6  obj_mean=1885.90  qd_score=331918.5  (8.7s, gen_max_obj=2353.0)
gen 320/500000  filled= 176/2500  obj_max=2996.6  obj_mean=1886.12  qd_score=331958.0  (8.7s, gen_max_obj=2133.4)
gen 321/500000  filled= 176/2500  obj_max=2996.6  obj_mean=1887.27  qd_score=332158.8  (8.7s, gen_max_obj=2287.9)
gen 322/500000  filled= 176/2500  obj_max=2996.6  obj_mean=1890.44  qd_score=332718.0  (8.7s, gen_max_obj=2395.2)
gen 323/500000  filled= 176/2500  obj_max=2996.6  obj_mean=1890.56  qd_score=332738.2  (8.7s, gen_max_obj=2311.2)
gen 324/500000  filled= 176/2500  obj_max=2996.6  obj_mean=1891.02  qd_score=332819.6  (8.7s, gen_max_obj=2251.2)
gen 325/500000  filled= 176/2500  obj_max=2996.6  obj_mean=1891.24  qd_score=332857.9  (8.7s, gen_max_obj=2312.1)
gen 326/500000  filled= 176/2500  obj_max=2996.6  obj_mean=1892.56  qd_score=333091.4  (8.7s, gen_max_obj=2552.3)
gen 327/500000  filled= 176/2500  obj_max=2996.6  obj_mean=1893.16  qd_score=333196.0  (8.7s, gen_max_obj=2295.5)
gen 328/500000  filled= 176/2500  obj_max=2996.6  obj_mean=1896.13  qd_score=333719.3  (8.7s, gen_max_obj=2111.3)
gen 329/500000  filled= 176/2500  obj_max=2996.6  obj_mean=1900.11  qd_score=334420.1  (8.7s, gen_max_obj=2132.7)
gen 330/500000  filled= 177/2500  obj_max=2996.6  obj_mean=1896.77  qd_score=335729.0  (8.7s, gen_max_obj=2231.5)
gen 331/500000  filled= 177/2500  obj_max=2996.6  obj_mean=1897.33  qd_score=335827.5  (8.7s, gen_max_obj=1990.3)
gen 332/500000  filled= 177/2500  obj_max=2996.6  obj_mean=1897.78  qd_score=335906.2  (8.7s, gen_max_obj=2075.0)
gen 333/500000  filled= 177/2500  obj_max=2996.6  obj_mean=1901.66  qd_score=336594.3  (8.7s, gen_max_obj=2106.8)
gen 334/500000  filled= 177/2500  obj_max=2996.6  obj_mean=1902.56  qd_score=336753.9  (8.7s, gen_max_obj=2234.7)
gen 335/500000  filled= 177/2500  obj_max=2996.6  obj_mean=1903.38  qd_score=336898.8  (8.7s, gen_max_obj=2172.5)
gen 336/500000  filled= 177/2500  obj_max=2996.6  obj_mean=1906.98  qd_score=337535.6  (8.7s, gen_max_obj=2747.3)
gen 337/500000  filled= 177/2500  obj_max=2996.6  obj_mean=1906.98  qd_score=337535.6  (8.7s, gen_max_obj=2051.4)
gen 338/500000  filled= 177/2500  obj_max=2996.6  obj_mean=1910.68  qd_score=338190.6  (8.7s, gen_max_obj=2332.6)
gen 339/500000  filled= 177/2500  obj_max=2996.6  obj_mean=1910.68  qd_score=338190.6  (8.7s, gen_max_obj=2253.1)
gen 340/500000  filled= 178/2500  obj_max=2996.6  obj_mean=1907.45  qd_score=339526.7  (8.7s, gen_max_obj=2272.4)
gen 341/500000  filled= 179/2500  obj_max=2996.6  obj_mean=1904.64  qd_score=340931.4  (8.7s, gen_max_obj=2150.7)
gen 342/500000  filled= 179/2500  obj_max=2996.6  obj_mean=1907.30  qd_score=341407.5  (8.7s, gen_max_obj=2130.7)
gen 343/500000  filled= 179/2500  obj_max=2996.6  obj_mean=1909.00  qd_score=341710.3  (8.7s, gen_max_obj=2010.6)
gen 344/500000  filled= 179/2500  obj_max=2996.6  obj_mean=1909.56  qd_score=341810.4  (8.7s, gen_max_obj=2132.3)
gen 345/500000  filled= 179/2500  obj_max=2996.6  obj_mean=1909.91  qd_score=341873.8  (8.7s, gen_max_obj=2209.4)
gen 346/500000  filled= 179/2500  obj_max=2996.6  obj_mean=1911.29  qd_score=342121.6  (8.7s, gen_max_obj=2207.9)
gen 347/500000  filled= 179/2500  obj_max=2996.6  obj_mean=1911.64  qd_score=342183.9  (8.8s, gen_max_obj=2174.7)
gen 348/500000  filled= 179/2500  obj_max=2996.6  obj_mean=1913.58  qd_score=342531.4  (8.7s, gen_max_obj=2212.6)
gen 349/500000  filled= 179/2500  obj_max=2996.6  obj_mean=1916.05  qd_score=342972.3  (8.7s, gen_max_obj=2030.6)
gen 350/500000  filled= 179/2500  obj_max=2996.6  obj_mean=1918.60  qd_score=343429.7  (8.7s, gen_max_obj=2407.8)
# checkpoint gen 350: saved 179 elites to results/weekend_layout_resind.npz
gen 351/500000  filled= 179/2500  obj_max=2996.6  obj_mean=1919.71  qd_score=343628.9  (8.9s, gen_max_obj=2214.4)
gen 352/500000  filled= 179/2500  obj_max=2996.6  obj_mean=1922.28  qd_score=344088.8  (8.7s, gen_max_obj=2112.1)
gen 353/500000  filled= 179/2500  obj_max=2996.6  obj_mean=1923.40  qd_score=344288.9  (8.7s, gen_max_obj=2026.9)
gen 354/500000  filled= 179/2500  obj_max=2996.6  obj_mean=1923.40  qd_score=344288.9  (8.7s, gen_max_obj=2030.0)
gen 355/500000  filled= 180/2500  obj_max=2996.6  obj_mean=1919.33  qd_score=345479.1  (8.7s, gen_max_obj=2153.2)
gen 356/500000  filled= 180/2500  obj_max=2996.6  obj_mean=1919.33  qd_score=345479.1  (8.9s, gen_max_obj=2010.5)
gen 357/500000  filled= 180/2500  obj_max=2996.6  obj_mean=1920.03  qd_score=345605.3  (8.8s, gen_max_obj=2233.4)
gen 358/500000  filled= 180/2500  obj_max=2996.6  obj_mean=1921.91  qd_score=345943.6  (8.8s, gen_max_obj=2413.3)
gen 359/500000  filled= 180/2500  obj_max=2996.6  obj_mean=1922.58  qd_score=346064.6  (8.8s, gen_max_obj=2148.8)
gen 360/500000  filled= 180/2500  obj_max=2996.6  obj_mean=1922.92  qd_score=346125.2  (8.7s, gen_max_obj=2391.1)
gen 361/500000  filled= 180/2500  obj_max=2996.6  obj_mean=1922.92  qd_score=346125.2  (8.7s, gen_max_obj=1970.1)
gen 362/500000  filled= 180/2500  obj_max=2996.6  obj_mean=1926.60  qd_score=346788.2  (8.7s, gen_max_obj=2507.2)
gen 363/500000  filled= 180/2500  obj_max=2996.6  obj_mean=1930.85  qd_score=347553.7  (8.7s, gen_max_obj=2085.7)
gen 364/500000  filled= 180/2500  obj_max=2996.6  obj_mean=1933.35  qd_score=348002.1  (8.7s, gen_max_obj=2209.7)
gen 365/500000  filled= 180/2500  obj_max=2996.6  obj_mean=1933.35  qd_score=348002.1  (8.7s, gen_max_obj=2191.1)
gen 366/500000  filled= 180/2500  obj_max=2996.6  obj_mean=1933.35  qd_score=348002.1  (8.7s, gen_max_obj=2032.5)
gen 367/500000  filled= 180/2500  obj_max=2996.6  obj_mean=1933.35  qd_score=348002.1  (8.7s, gen_max_obj=2076.1)
gen 368/500000  filled= 180/2500  obj_max=2996.6  obj_mean=1935.75  qd_score=348435.3  (8.7s, gen_max_obj=2231.4)
gen 369/500000  filled= 180/2500  obj_max=2996.6  obj_mean=1935.75  qd_score=348435.3  (8.7s, gen_max_obj=2107.5)
gen 370/500000  filled= 180/2500  obj_max=2996.6  obj_mean=1935.75  qd_score=348435.3  (8.7s, gen_max_obj=2092.9)
gen 371/500000  filled= 180/2500  obj_max=2996.6  obj_mean=1935.75  qd_score=348435.3  (8.7s, gen_max_obj=2187.4)
gen 372/500000  filled= 180/2500  obj_max=2996.6  obj_mean=1935.80  qd_score=348444.7  (8.7s, gen_max_obj=2152.6)
gen 373/500000  filled= 180/2500  obj_max=2996.6  obj_mean=1935.80  qd_score=348444.7  (8.7s, gen_max_obj=2074.1)
gen 374/500000  filled= 180/2500  obj_max=2996.6  obj_mean=1936.07  qd_score=348492.2  (8.7s, gen_max_obj=2272.0)
gen 375/500000  filled= 180/2500  obj_max=2996.6  obj_mean=1937.95  qd_score=348831.4  (8.7s, gen_max_obj=2308.4)
gen 376/500000  filled= 180/2500  obj_max=2996.6  obj_mean=1939.05  qd_score=349029.2  (8.7s, gen_max_obj=2207.5)
gen 377/500000  filled= 180/2500  obj_max=2996.6  obj_mean=1939.80  qd_score=349163.4  (8.7s, gen_max_obj=1973.0)
gen 378/500000  filled= 181/2500  obj_max=2996.6  obj_mean=1937.78  qd_score=350737.8  (8.7s, gen_max_obj=2254.1)
gen 379/500000  filled= 181/2500  obj_max=2996.6  obj_mean=1938.80  qd_score=350922.7  (8.7s, gen_max_obj=2193.1)
gen 380/500000  filled= 181/2500  obj_max=2996.6  obj_mean=1942.32  qd_score=351560.2  (8.7s, gen_max_obj=2210.2)
gen 381/500000  filled= 182/2500  obj_max=2996.6  obj_mean=1937.33  qd_score=352593.5  (8.7s, gen_max_obj=2054.2)
gen 382/500000  filled= 182/2500  obj_max=2996.6  obj_mean=1938.77  qd_score=352856.7  (8.7s, gen_max_obj=2154.0)
gen 383/500000  filled= 182/2500  obj_max=2996.6  obj_mean=1941.42  qd_score=353339.2  (8.7s, gen_max_obj=2133.2)
gen 384/500000  filled= 182/2500  obj_max=2996.6  obj_mean=1942.30  qd_score=353498.5  (8.7s, gen_max_obj=2253.1)
gen 385/500000  filled= 182/2500  obj_max=2996.6  obj_mean=1942.41  qd_score=353518.2  (8.7s, gen_max_obj=2288.6)
gen 386/500000  filled= 182/2500  obj_max=2996.6  obj_mean=1942.87  qd_score=353602.0  (8.7s, gen_max_obj=2230.7)
gen 387/500000  filled= 182/2500  obj_max=2996.6  obj_mean=1945.95  qd_score=354163.7  (8.7s, gen_max_obj=2271.1)
gen 388/500000  filled= 182/2500  obj_max=2996.6  obj_mean=1947.72  qd_score=354485.3  (8.7s, gen_max_obj=2374.3)
gen 389/500000  filled= 182/2500  obj_max=2996.6  obj_mean=1948.17  qd_score=354567.1  (8.7s, gen_max_obj=2249.9)
gen 390/500000  filled= 183/2500  obj_max=2996.6  obj_mean=1944.12  qd_score=355774.6  (8.7s, gen_max_obj=2068.9)
gen 391/500000  filled= 183/2500  obj_max=2996.6  obj_mean=1946.77  qd_score=356259.7  (8.7s, gen_max_obj=2114.4)
gen 392/500000  filled= 183/2500  obj_max=2996.6  obj_mean=1946.99  qd_score=356299.0  (8.7s, gen_max_obj=2287.7)
gen 393/500000  filled= 184/2500  obj_max=2996.6  obj_mean=1944.95  qd_score=357871.6  (8.7s, gen_max_obj=2347.9)
gen 394/500000  filled= 184/2500  obj_max=2996.6  obj_mean=1944.96  qd_score=357872.3  (8.7s, gen_max_obj=2051.4)
gen 395/500000  filled= 184/2500  obj_max=2996.6  obj_mean=1947.12  qd_score=358270.4  (8.7s, gen_max_obj=2229.0)
gen 396/500000  filled= 184/2500  obj_max=2996.6  obj_mean=1949.22  qd_score=358656.9  (8.7s, gen_max_obj=2129.7)
gen 397/500000  filled= 184/2500  obj_max=2996.6  obj_mean=1949.66  qd_score=358738.0  (8.7s, gen_max_obj=2309.1)
gen 398/500000  filled= 184/2500  obj_max=2996.6  obj_mean=1952.59  qd_score=359276.5  (8.7s, gen_max_obj=2431.9)
gen 399/500000  filled= 184/2500  obj_max=2996.6  obj_mean=1952.70  qd_score=359296.2  (8.7s, gen_max_obj=2451.6)
gen 400/500000  filled= 184/2500  obj_max=2996.6  obj_mean=1952.92  qd_score=359336.7  (8.7s, gen_max_obj=2229.8)
# checkpoint gen 400: saved 184 elites to results/weekend_layout_resind.npz
gen 401/500000  filled= 184/2500  obj_max=2996.6  obj_mean=1952.92  qd_score=359336.7  (8.8s, gen_max_obj=2206.7)
gen 402/500000  filled= 184/2500  obj_max=2996.6  obj_mean=1953.68  qd_score=359477.7  (8.7s, gen_max_obj=2452.2)
gen 403/500000  filled= 184/2500  obj_max=2996.6  obj_mean=1955.32  qd_score=359778.1  (8.8s, gen_max_obj=2529.1)
gen 404/500000  filled= 184/2500  obj_max=2996.6  obj_mean=1955.43  qd_score=359798.5  (8.7s, gen_max_obj=2130.8)
gen 405/500000  filled= 184/2500  obj_max=2996.6  obj_mean=1955.86  qd_score=359879.0  (8.7s, gen_max_obj=2268.4)
