=== workday start: Wed Jun  3 08:44:54 EDT 2026 ===

==== rich_hybrid_t100_300_growth_80g :: Wed Jun  3 08:44:54 EDT 2026 ====
args: --policy rich_hybrid --policy-tape-len 100 --policy-channels 16,32 --gens 80 --emitters 5 --batch 20 --n-actions 300 --ticks-per-action 100 --fitness growth
policy = rich_hybrid  params = 12752  sigma0 = 0.3  es = sep_cma_es
fitness = growth
archive = 40x40 = 1600 cells
running with 8 worker processes
running 80 generations, 5 emitters x 20 solutions = 100 evals/gen
gen   1/80  filled=  19/1600  obj_max=30.5  obj_mean=24.86  qd_score=472.4  (119.2s, gen_max_obj=30.5)
gen   2/80  filled=  22/1600  obj_max=670.9  obj_mean=55.33  qd_score=1217.2  (121.4s, gen_max_obj=670.9)
gen   3/80  filled=  23/1600  obj_max=670.9  obj_mean=56.86  qd_score=1307.8  (122.9s, gen_max_obj=37.3)
gen   4/80  filled=  25/1600  obj_max=680.0  obj_mean=83.52  qd_score=2088.1  (124.6s, gen_max_obj=680.0)
gen   5/80  filled=  31/1600  obj_max=680.0  obj_mean=90.64  qd_score=2809.8  (123.8s, gen_max_obj=357.0)
gen   6/80  filled=  38/1600  obj_max=680.0  obj_mean=118.18  qd_score=4490.9  (124.2s, gen_max_obj=677.0)
gen   7/80  filled=  41/1600  obj_max=680.3  obj_mean=139.41  qd_score=5715.8  (124.7s, gen_max_obj=680.3)
gen   8/80  filled=  42/1600  obj_max=680.3  obj_mean=137.45  qd_score=5772.9  (124.0s, gen_max_obj=46.1)
gen   9/80  filled=  45/1600  obj_max=680.3  obj_mean=131.20  qd_score=5904.0  (125.0s, gen_max_obj=57.3)
gen  10/80  filled=  45/1600  obj_max=680.3  obj_mean=132.33  qd_score=5954.8  (123.8s, gen_max_obj=200.1)
gen  11/80  filled=  49/1600  obj_max=680.3  obj_mean=124.97  qd_score=6123.7  (126.5s, gen_max_obj=51.5)
gen  12/80  filled=  55/1600  obj_max=680.3  obj_mean=120.50  qd_score=6627.6  (126.6s, gen_max_obj=357.7)
gen  13/80  filled=  61/1600  obj_max=680.3  obj_mean=125.28  qd_score=7642.3  (126.0s, gen_max_obj=358.5)
gen  14/80  filled=  65/1600  obj_max=680.3  obj_mean=122.48  qd_score=7961.0  (123.8s, gen_max_obj=199.0)
gen  15/80  filled=  70/1600  obj_max=680.3  obj_mean=123.41  qd_score=8638.8  (123.6s, gen_max_obj=675.9)
gen  16/80  filled=  75/1600  obj_max=680.3  obj_mean=117.52  qd_score=8814.1  (124.6s, gen_max_obj=44.4)
gen  17/80  filled=  83/1600  obj_max=680.3  obj_mean=109.56  qd_score=9093.1  (123.5s, gen_max_obj=46.1)
gen  18/80  filled=  85/1600  obj_max=680.3  obj_mean=115.48  qd_score=9815.4  (124.1s, gen_max_obj=677.5)
gen  19/80  filled=  89/1600  obj_max=680.3  obj_mean=113.71  qd_score=10120.3  (123.4s, gen_max_obj=200.3)
gen  20/80  filled=  91/1600  obj_max=680.3  obj_mean=115.68  qd_score=10526.9  (123.8s, gen_max_obj=200.1)
gen  21/80  filled=  96/1600  obj_max=680.3  obj_mean=111.79  qd_score=10732.1  (125.6s, gen_max_obj=675.9)
gen  22/80  filled= 101/1600  obj_max=680.3  obj_mean=109.79  qd_score=11089.1  (123.5s, gen_max_obj=194.9)
gen  23/80  filled= 104/1600  obj_max=680.3  obj_mean=109.36  qd_score=11373.1  (124.0s, gen_max_obj=192.1)
gen  24/80  filled= 105/1600  obj_max=680.3  obj_mean=108.86  qd_score=11429.9  (123.9s, gen_max_obj=50.1)
gen  25/80  filled= 107/1600  obj_max=680.3  obj_mean=113.52  qd_score=12146.2  (128.8s, gen_max_obj=675.4)
gen  26/80  filled= 109/1600  obj_max=680.3  obj_mean=112.05  qd_score=12213.5  (124.2s, gen_max_obj=44.4)
gen  27/80  filled= 112/1600  obj_max=680.3  obj_mean=115.56  qd_score=12942.5  (124.0s, gen_max_obj=675.9)
gen  28/80  filled= 114/1600  obj_max=680.3  obj_mean=116.36  qd_score=13265.1  (124.6s, gen_max_obj=288.8)
gen  29/80  filled= 117/1600  obj_max=680.3  obj_mean=115.88  qd_score=13557.5  (123.7s, gen_max_obj=195.6)
gen  30/80  filled= 119/1600  obj_max=680.3  obj_mean=114.57  qd_score=13633.5  (124.2s, gen_max_obj=41.2)
gen  31/80  filled= 121/1600  obj_max=680.3  obj_mean=114.47  qd_score=13851.2  (124.1s, gen_max_obj=186.7)
gen  32/80  filled= 124/1600  obj_max=682.0  obj_mean=117.02  qd_score=14510.8  (123.7s, gen_max_obj=682.0)
gen  33/80  filled= 126/1600  obj_max=682.0  obj_mean=115.78  qd_score=14587.9  (124.3s, gen_max_obj=192.2)
gen  34/80  filled= 128/1600  obj_max=682.0  obj_mean=114.54  qd_score=14661.2  (124.3s, gen_max_obj=198.6)
gen  35/80  filled= 130/1600  obj_max=682.0  obj_mean=117.09  qd_score=15221.2  (124.5s, gen_max_obj=668.3)
gen  36/80  filled= 133/1600  obj_max=682.0  obj_mean=116.31  qd_score=15469.1  (124.2s, gen_max_obj=205.8)
gen  37/80  filled= 134/1600  obj_max=682.0  obj_mean=115.86  qd_score=15525.2  (124.2s, gen_max_obj=64.5)
gen  38/80  filled= 136/1600  obj_max=682.0  obj_mean=114.73  qd_score=15602.6  (124.6s, gen_max_obj=63.5)
gen  39/80  filled= 137/1600  obj_max=682.0  obj_mean=116.49  qd_score=15959.0  (124.5s, gen_max_obj=207.7)
gen  40/80  filled= 138/1600  obj_max=682.0  obj_mean=115.91  qd_score=15995.4  (124.8s, gen_max_obj=51.7)
gen  41/80  filled= 142/1600  obj_max=682.0  obj_mean=114.74  qd_score=16293.2  (123.5s, gen_max_obj=206.1)
gen  42/80  filled= 145/1600  obj_max=682.0  obj_mean=113.14  qd_score=16405.0  (125.3s, gen_max_obj=40.9)
gen  43/80  filled= 149/1600  obj_max=682.0  obj_mean=111.84  qd_score=16663.5  (124.1s, gen_max_obj=199.4)
gen  44/80  filled= 153/1600  obj_max=682.0  obj_mean=110.88  qd_score=16965.3  (124.6s, gen_max_obj=201.5)
gen  45/80  filled= 154/1600  obj_max=682.0  obj_mean=111.54  qd_score=17177.8  (124.2s, gen_max_obj=198.4)
gen  46/80  filled= 155/1600  obj_max=682.0  obj_mean=111.04  qd_score=17211.3  (124.4s, gen_max_obj=40.3)
gen  47/80  filled= 159/1600  obj_max=682.0  obj_mean=110.08  qd_score=17502.7  (123.8s, gen_max_obj=204.9)
gen  48/80  filled= 159/1600  obj_max=682.0  obj_mean=111.04  qd_score=17655.9  (124.3s, gen_max_obj=194.9)
gen  49/80  filled= 160/1600  obj_max=682.0  obj_mean=115.49  qd_score=18478.4  (124.7s, gen_max_obj=680.1)
gen  50/80  filled= 160/1600  obj_max=682.0  obj_mean=116.56  qd_score=18649.4  (125.4s, gen_max_obj=213.7)
gen  51/80  filled= 162/1600  obj_max=682.0  obj_mean=115.55  qd_score=18718.6  (124.4s, gen_max_obj=191.5)
gen  52/80  filled= 164/1600  obj_max=682.0  obj_mean=114.54  qd_score=18784.2  (124.5s, gen_max_obj=199.5)
gen  53/80  filled= 166/1600  obj_max=682.0  obj_mean=113.57  qd_score=18853.2  (124.3s, gen_max_obj=201.4)
gen  54/80  filled= 166/1600  obj_max=682.0  obj_mean=114.48  qd_score=19003.0  (124.3s, gen_max_obj=188.9)
gen  55/80  filled= 168/1600  obj_max=682.0  obj_mean=113.65  qd_score=19093.2  (124.2s, gen_max_obj=677.8)
gen  56/80  filled= 171/1600  obj_max=682.0  obj_mean=115.94  qd_score=19826.0  (123.9s, gen_max_obj=669.8)
gen  57/80  filled= 175/1600  obj_max=682.0  obj_mean=116.81  qd_score=20441.3  (124.5s, gen_max_obj=199.3)
gen  58/80  filled= 178/1600  obj_max=682.0  obj_mean=115.43  qd_score=20545.9  (124.0s, gen_max_obj=40.4)
gen  59/80  filled= 181/1600  obj_max=682.0  obj_mean=114.04  qd_score=20642.1  (124.9s, gen_max_obj=38.5)
gen  60/80  filled= 181/1600  obj_max=682.0  obj_mean=114.05  qd_score=20642.2  (124.5s, gen_max_obj=196.2)
gen  61/80  filled= 184/1600  obj_max=682.0  obj_mean=113.73  qd_score=20926.8  (124.2s, gen_max_obj=221.9)
gen  62/80  filled= 185/1600  obj_max=682.0  obj_mean=114.11  qd_score=21110.7  (124.3s, gen_max_obj=187.8)
gen  63/80  filled= 190/1600  obj_max=682.0  obj_mean=112.83  qd_score=21437.3  (124.2s, gen_max_obj=196.1)
gen  64/80  filled= 192/1600  obj_max=682.0  obj_mean=113.62  qd_score=21814.5  (123.9s, gen_max_obj=192.8)
gen  65/80  filled= 193/1600  obj_max=682.0  obj_mean=113.96  qd_score=21994.1  (124.7s, gen_max_obj=191.2)
gen  66/80  filled= 194/1600  obj_max=682.0  obj_mean=117.62  qd_score=22817.9  (124.5s, gen_max_obj=675.0)
gen  67/80  filled= 196/1600  obj_max=682.0  obj_mean=116.75  qd_score=22884.0  (124.2s, gen_max_obj=185.8)
gen  68/80  filled= 196/1600  obj_max=682.0  obj_mean=116.77  qd_score=22887.8  (124.3s, gen_max_obj=189.4)
gen  69/80  filled= 199/1600  obj_max=682.0  obj_mean=115.43  qd_score=22970.7  (124.2s, gen_max_obj=192.8)
gen  70/80  filled= 200/1600  obj_max=682.0  obj_mean=115.02  qd_score=23003.7  (124.6s, gen_max_obj=189.8)
gen  71/80  filled= 204/1600  obj_max=682.0  obj_mean=114.21  qd_score=23299.7  (125.0s, gen_max_obj=204.9)
gen  72/80  filled= 207/1600  obj_max=682.0  obj_mean=113.81  qd_score=23558.2  (124.7s, gen_max_obj=196.1)
gen  73/80  filled= 212/1600  obj_max=682.0  obj_mean=111.85  qd_score=23711.2  (124.1s, gen_max_obj=47.1)
gen  74/80  filled= 212/1600  obj_max=682.0  obj_mean=112.57  qd_score=23864.2  (123.9s, gen_max_obj=190.0)
gen  75/80  filled= 214/1600  obj_max=682.0  obj_mean=111.77  qd_score=23918.4  (124.2s, gen_max_obj=37.5)
gen  76/80  filled= 218/1600  obj_max=682.0  obj_mean=110.24  qd_score=24031.4  (124.2s, gen_max_obj=36.0)
gen  77/80  filled= 220/1600  obj_max=682.0  obj_mean=109.50  qd_score=24090.4  (124.4s, gen_max_obj=38.4)
gen  78/80  filled= 224/1600  obj_max=682.0  obj_mean=108.71  qd_score=24350.7  (124.6s, gen_max_obj=198.3)
gen  79/80  filled= 226/1600  obj_max=682.0  obj_mean=108.56  qd_score=24535.6  (125.4s, gen_max_obj=192.0)
gen  80/80  filled= 226/1600  obj_max=682.0  obj_mean=108.57  qd_score=24535.9  (124.1s, gen_max_obj=191.5)

total: 9945.1s
saved archive to results/wd_rich_hybrid_t100_300_growth_80g.npz (226 elites)

==== rich_randprefix_50_200_n5_growth_40g :: Wed Jun  3 11:30:41 EDT 2026 ====
args: --policy rich_randprefix --policy-random-len 50 --policy-channels 16,32 --gens 40 --emitters 5 --batch 20 --n-actions 200 --ticks-per-action 100 --fitness growth --n-evals 5
policy = rich_randprefix  params = 12452  sigma0 = 0.2  es = sep_cma_es
fitness = growth
archive = 40x40 = 1600 cells
running with 8 worker processes
running 40 generations, 5 emitters x 20 solutions = 100 evals/gen
gen   1/40  filled=   4/1600  obj_max=50.4  obj_mean=36.01  qd_score=144.1  (455.6s, gen_max_obj=50.4)
gen   2/40  filled=   6/1600  obj_max=51.0  obj_mean=34.12  qd_score=204.7  (449.2s, gen_max_obj=51.0)
gen   3/40  filled=   8/1600  obj_max=125.7  obj_mean=39.70  qd_score=317.6  (447.7s, gen_max_obj=125.7)
gen   4/40  filled=   8/1600  obj_max=125.7  obj_mean=39.81  qd_score=318.5  (448.8s, gen_max_obj=51.9)
gen   5/40  filled=  10/1600  obj_max=125.7  obj_mean=39.88  qd_score=398.8  (450.0s, gen_max_obj=56.2)
gen   6/40  filled=  10/1600  obj_max=125.7  obj_mean=40.00  qd_score=400.0  (454.2s, gen_max_obj=53.1)
gen   7/40  filled=  10/1600  obj_max=125.7  obj_mean=40.01  qd_score=400.1  (450.5s, gen_max_obj=50.5)
gen   8/40  filled=  10/1600  obj_max=125.7  obj_mean=40.01  qd_score=400.1  (452.6s, gen_max_obj=51.6)
gen   9/40  filled=  10/1600  obj_max=125.7  obj_mean=40.39  qd_score=403.9  (451.3s, gen_max_obj=55.8)
gen  10/40  filled=  10/1600  obj_max=125.7  obj_mean=43.52  qd_score=435.2  (452.1s, gen_max_obj=84.4)
gen  11/40  filled=  10/1600  obj_max=125.7  obj_mean=44.21  qd_score=442.1  (451.3s, gen_max_obj=56.5)
gen  12/40  filled=  11/1600  obj_max=125.7  obj_mean=45.06  qd_score=495.7  (453.7s, gen_max_obj=53.4)
gen  13/40  filled=  13/1600  obj_max=125.7  obj_mean=43.53  qd_score=565.8  (452.0s, gen_max_obj=54.3)
gen  14/40  filled=  13/1600  obj_max=125.7  obj_mean=43.66  qd_score=567.6  (451.9s, gen_max_obj=53.4)
gen  15/40  filled=  19/1600  obj_max=125.7  obj_mean=37.85  qd_score=719.1  (450.9s, gen_max_obj=58.1)
gen  16/40  filled=  22/1600  obj_max=125.7  obj_mean=39.87  qd_score=877.1  (451.8s, gen_max_obj=87.1)
gen  17/40  filled=  24/1600  obj_max=125.7  obj_mean=40.82  qd_score=979.6  (453.4s, gen_max_obj=70.4)
gen  18/40  filled=  26/1600  obj_max=125.7  obj_mean=42.86  qd_score=1114.3  (451.1s, gen_max_obj=83.4)
gen  19/40  filled=  33/1600  obj_max=125.7  obj_mean=39.07  qd_score=1289.3  (451.0s, gen_max_obj=70.3)
gen  20/40  filled=  38/1600  obj_max=125.7  obj_mean=36.85  qd_score=1400.3  (452.9s, gen_max_obj=58.4)
gen  21/40  filled=  43/1600  obj_max=125.7  obj_mean=37.79  qd_score=1624.8  (452.2s, gen_max_obj=83.0)
gen  22/40  filled=  48/1600  obj_max=125.7  obj_mean=39.02  qd_score=1873.2  (452.4s, gen_max_obj=91.1)
gen  23/40  filled=  54/1600  obj_max=125.7  obj_mean=38.85  qd_score=2098.1  (450.8s, gen_max_obj=80.7)
gen  24/40  filled=  55/1600  obj_max=125.7  obj_mean=38.54  qd_score=2119.4  (453.0s, gen_max_obj=61.7)
gen  25/40  filled=  58/1600  obj_max=125.7  obj_mean=37.76  qd_score=2189.8  (451.5s, gen_max_obj=70.0)
gen  26/40  filled=  62/1600  obj_max=125.7  obj_mean=37.87  qd_score=2347.7  (452.1s, gen_max_obj=71.4)
gen  27/40  filled=  66/1600  obj_max=125.7  obj_mean=39.71  qd_score=2620.9  (451.5s, gen_max_obj=115.2)
gen  28/40  filled=  69/1600  obj_max=125.7  obj_mean=39.51  qd_score=2726.0  (451.1s, gen_max_obj=60.7)
gen  29/40  filled=  72/1600  obj_max=125.7  obj_mean=40.12  qd_score=2888.4  (454.2s, gen_max_obj=88.6)
gen  30/40  filled=  75/1600  obj_max=125.7  obj_mean=41.42  qd_score=3106.6  (452.7s, gen_max_obj=106.8)
gen  31/40  filled=  78/1600  obj_max=125.7  obj_mean=42.51  qd_score=3315.9  (453.0s, gen_max_obj=87.0)
gen  32/40  filled=  80/1600  obj_max=125.7  obj_mean=43.04  qd_score=3443.2  (452.7s, gen_max_obj=68.4)
gen  33/40  filled=  83/1600  obj_max=125.7  obj_mean=43.08  qd_score=3575.5  (452.9s, gen_max_obj=87.4)
gen  34/40  filled=  83/1600  obj_max=125.7  obj_mean=43.53  qd_score=3612.7  (452.5s, gen_max_obj=82.3)
gen  35/40  filled=  89/1600  obj_max=125.7  obj_mean=43.90  qd_score=3907.5  (451.9s, gen_max_obj=100.6)
gen  36/40  filled=  90/1600  obj_max=129.1  obj_mean=45.59  qd_score=4103.2  (453.5s, gen_max_obj=129.1)
gen  37/40  filled=  94/1600  obj_max=129.1  obj_mean=46.40  qd_score=4361.9  (452.7s, gen_max_obj=102.3)
gen  38/40  filled=  96/1600  obj_max=131.9  obj_mean=47.54  qd_score=4564.1  (452.0s, gen_max_obj=131.9)
gen  39/40  filled=  99/1600  obj_max=131.9  obj_mean=48.13  qd_score=4764.5  (451.9s, gen_max_obj=88.1)
gen  40/40  filled= 102/1600  obj_max=131.9  obj_mean=48.80  qd_score=4977.1  (452.8s, gen_max_obj=92.2)

total: 18079.2s
saved archive to results/wd_rich_randprefix_50_200_n5_growth_40g.npz (102 elites)

==== rich_hybrid_t200_500_growth_50g :: Wed Jun  3 16:32:02 EDT 2026 ====
args: --policy rich_hybrid --policy-tape-len 200 --policy-channels 16,32 --gens 50 --emitters 5 --batch 20 --n-actions 500 --ticks-per-action 100 --fitness growth
policy = rich_hybrid  params = 13052  sigma0 = 0.3  es = sep_cma_es
fitness = growth
archive = 40x40 = 1600 cells
running with 8 worker processes
running 50 generations, 5 emitters x 20 solutions = 100 evals/gen
gen   1/50  filled=  17/1600  obj_max=680.8  obj_mean=113.15  qd_score=1923.5  (197.2s, gen_max_obj=680.8)
gen   2/50  filled=  22/1600  obj_max=682.4  obj_mean=99.37  qd_score=2186.2  (196.4s, gen_max_obj=682.4)
gen   3/50  filled=  26/1600  obj_max=682.4  obj_mean=116.54  qd_score=3030.1  (196.8s, gen_max_obj=675.1)
gen   4/50  filled=  28/1600  obj_max=689.1  obj_mean=208.95  qd_score=5850.5  (197.4s, gen_max_obj=689.1)
gen   5/50  filled=  29/1600  obj_max=689.1  obj_mean=204.11  qd_score=5919.1  (197.7s, gen_max_obj=680.5)
gen   6/50  filled=  31/1600  obj_max=695.9  obj_mean=237.09  qd_score=7349.7  (196.8s, gen_max_obj=695.9)
gen   7/50  filled=  38/1600  obj_max=695.9  obj_mean=236.29  qd_score=8979.1  (197.1s, gen_max_obj=687.2)
gen   8/50  filled=  42/1600  obj_max=695.9  obj_mean=226.28  qd_score=9503.7  (197.7s, gen_max_obj=695.8)
gen   9/50  filled=  43/1600  obj_max=695.9  obj_mean=256.62  qd_score=11034.6  (196.3s, gen_max_obj=695.1)
gen  10/50  filled=  47/1600  obj_max=701.5  obj_mean=240.18  qd_score=11288.5  (197.4s, gen_max_obj=701.5)
gen  11/50  filled=  53/1600  obj_max=701.5  obj_mean=237.07  qd_score=12564.9  (197.5s, gen_max_obj=701.4)
gen  12/50  filled=  56/1600  obj_max=702.0  obj_mean=241.55  qd_score=13526.8  (197.7s, gen_max_obj=702.0)
gen  13/50  filled=  61/1600  obj_max=705.5  obj_mean=236.89  qd_score=14450.2  (197.1s, gen_max_obj=705.5)
gen  14/50  filled=  66/1600  obj_max=705.5  obj_mean=228.09  qd_score=15053.7  (196.8s, gen_max_obj=223.3)
gen  15/50  filled=  70/1600  obj_max=705.5  obj_mean=224.71  qd_score=15729.5  (197.7s, gen_max_obj=702.7)
gen  16/50  filled=  72/1600  obj_max=705.5  obj_mean=233.80  qd_score=16833.7  (196.9s, gen_max_obj=692.5)
gen  17/50  filled=  74/1600  obj_max=705.5  obj_mean=245.04  qd_score=18133.0  (197.3s, gen_max_obj=704.4)
gen  18/50  filled=  77/1600  obj_max=705.5  obj_mean=239.64  qd_score=18452.3  (198.7s, gen_max_obj=378.7)
gen  19/50  filled=  80/1600  obj_max=705.5  obj_mean=236.51  qd_score=18920.5  (196.9s, gen_max_obj=699.1)
gen  20/50  filled=  82/1600  obj_max=705.5  obj_mean=241.74  qd_score=19822.9  (197.9s, gen_max_obj=690.2)
gen  21/50  filled=  84/1600  obj_max=705.5  obj_mean=247.20  qd_score=20764.7  (197.2s, gen_max_obj=701.7)
gen  22/50  filled=  87/1600  obj_max=705.5  obj_mean=243.96  qd_score=21224.7  (197.3s, gen_max_obj=219.6)
gen  23/50  filled=  92/1600  obj_max=705.5  obj_mean=240.58  qd_score=22133.7  (197.6s, gen_max_obj=696.7)
gen  24/50  filled=  94/1600  obj_max=705.5  obj_mean=240.50  qd_score=22607.1  (195.8s, gen_max_obj=694.5)
gen  25/50  filled=  96/1600  obj_max=705.5  obj_mean=243.62  qd_score=23388.0  (197.4s, gen_max_obj=703.3)
gen  26/50  filled=  98/1600  obj_max=705.5  obj_mean=248.06  qd_score=24309.4  (198.4s, gen_max_obj=692.3)
gen  27/50  filled= 101/1600  obj_max=705.5  obj_mean=248.41  qd_score=25089.8  (196.5s, gen_max_obj=700.6)
gen  28/50  filled= 103/1600  obj_max=705.5  obj_mean=252.36  qd_score=25993.5  (196.3s, gen_max_obj=699.1)
gen  29/50  filled= 104/1600  obj_max=760.9  obj_mean=258.79  qd_score=26914.2  (197.2s, gen_max_obj=760.9)
gen  30/50  filled= 105/1600  obj_max=819.6  obj_mean=269.04  qd_score=28249.6  (198.4s, gen_max_obj=819.6)
gen  31/50  filled= 105/1600  obj_max=819.6  obj_mean=269.94  qd_score=28344.0  (196.1s, gen_max_obj=694.7)
gen  32/50  filled= 107/1600  obj_max=819.6  obj_mean=267.41  qd_score=28613.3  (196.9s, gen_max_obj=368.2)
gen  33/50  filled= 108/1600  obj_max=819.6  obj_mean=268.45  qd_score=28993.1  (196.6s, gen_max_obj=694.2)
gen  34/50  filled= 110/1600  obj_max=819.6  obj_mean=267.89  qd_score=29467.8  (196.7s, gen_max_obj=693.3)
gen  35/50  filled= 110/1600  obj_max=819.6  obj_mean=269.26  qd_score=29618.9  (201.5s, gen_max_obj=360.0)
gen  36/50  filled= 110/1600  obj_max=819.6  obj_mean=273.81  qd_score=30118.8  (214.7s, gen_max_obj=702.2)
gen  37/50  filled= 111/1600  obj_max=819.6  obj_mean=274.43  qd_score=30462.2  (203.2s, gen_max_obj=334.0)
gen  38/50  filled= 113/1600  obj_max=819.6  obj_mean=272.25  qd_score=30764.3  (201.7s, gen_max_obj=692.7)
gen  39/50  filled= 114/1600  obj_max=819.6  obj_mean=271.58  qd_score=30959.9  (201.1s, gen_max_obj=377.0)
gen  40/50  filled= 114/1600  obj_max=819.6  obj_mean=271.70  qd_score=30973.3  (199.7s, gen_max_obj=392.8)
gen  41/50  filled= 115/1600  obj_max=819.6  obj_mean=269.84  qd_score=31031.8  (198.8s, gen_max_obj=697.3)
gen  42/50  filled= 117/1600  obj_max=819.6  obj_mean=265.94  qd_score=31114.4  (198.3s, gen_max_obj=214.8)
gen  43/50  filled= 117/1600  obj_max=819.6  obj_mean=270.82  qd_score=31685.6  (197.3s, gen_max_obj=725.3)
gen  44/50  filled= 117/1600  obj_max=819.6  obj_mean=277.46  qd_score=32463.1  (197.5s, gen_max_obj=698.7)
gen  45/50  filled= 118/1600  obj_max=819.6  obj_mean=276.66  qd_score=32645.6  (198.3s, gen_max_obj=205.6)
gen  46/50  filled= 118/1600  obj_max=819.6  obj_mean=279.61  qd_score=32993.8  (197.6s, gen_max_obj=227.9)
gen  47/50  filled= 121/1600  obj_max=819.6  obj_mean=273.63  qd_score=33109.8  (197.0s, gen_max_obj=212.1)
gen  48/50  filled= 122/1600  obj_max=819.6  obj_mean=275.66  qd_score=33630.4  (198.1s, gen_max_obj=679.4)
gen  49/50  filled= 123/1600  obj_max=819.6  obj_mean=278.75  qd_score=34286.4  (197.0s, gen_max_obj=364.3)
gen  50/50  filled= 123/1600  obj_max=819.6  obj_mean=278.78  qd_score=34289.3  (197.7s, gen_max_obj=366.5)

total: 9903.3s
saved archive to results/wd_rich_hybrid_t200_500_growth_50g.npz (123 elites)

=== workday end: Wed Jun  3 19:17:07 EDT 2026 ===
